<?xml version="1.0" encoding="ISO-8859-1" ?>
<link_info>
   <banner>TI ARM Clang Linker PC v4.0.1.LTS</banner>
   <copyright>Copyright (c) 1996-2018 Texas Instruments Incorporated</copyright>
   <command_line>C:\ti\ccs2000\ccs\tools\compiler\ti-cgt-armllvm_4.0.1.LTS\bin\tiarmlnk -IC:\ti\ccs2000\ccs\tools\compiler\ti-cgt-armllvm_4.0.1.LTS\lib -o Pibbox.out -mPibbox.map --heap_size=512 --stack_size=512 -iC:/Users/elsil/OneDrive/Development/ECE 319K/Valvanoware/TheM0trix_Segfaulted/Debug/syscfg -iC:/ti/ccs2000/ccs/tools/compiler/ti-cgt-armllvm_4.0.1.LTS/lib --diag_wrap=off --display_error_number --warn_sections --xml_link_info=Pibbox_linkInfo.xml --rom_model ./ADC.o ./Buffer.o ./Clock.o ./DAC.o ./Graphics.o ./Joy.o ./LaunchPad.o ./SPI.o ./ST7735.o ./Sounds.o ./Timer.o ./UART.o ./UARTbusywait.o ./sprites.o ./ticlang/startup_mspm0g3507_ticlang.o ../mspm0g3507.cmd -lC:/ti/mspm0_sdk_2_03_00_07/source/ti/driverlib/lib/ticlang/m0p/mspm0g1x0x_g3x0x/driverlib.a -llibc.a --start-group -llibc++.a -llibc++abi.a -llibc.a -llibsys.a -llibsysbm.a -llibclang_rt.builtins.a -llibclang_rt.profile.a --end-group --cg_opt_level=0</command_line>
   <link_time>0x67e83925</link_time>
   <link_errors>0x0</link_errors>
   <output_file>C:\Users\elsil\OneDrive\Development\ECE 319K\Valvanoware\TheM0trix_Segfaulted\Debug\Pibbox.out</output_file>
   <entry_point>
      <name>_c_int00_noargs</name>
      <address>0x11699</address>
   </entry_point>
   <input_file_list>
      <input_file id="fl-1">
         <path>C:\Users\elsil\OneDrive\Development\ECE 319K\Valvanoware\TheM0trix_Segfaulted\Debug\.\</path>
         <kind>object</kind>
         <file>ADC.o</file>
         <name>ADC.o</name>
      </input_file>
      <input_file id="fl-2">
         <path>C:\Users\elsil\OneDrive\Development\ECE 319K\Valvanoware\TheM0trix_Segfaulted\Debug\.\</path>
         <kind>object</kind>
         <file>Buffer.o</file>
         <name>Buffer.o</name>
      </input_file>
      <input_file id="fl-3">
         <path>C:\Users\elsil\OneDrive\Development\ECE 319K\Valvanoware\TheM0trix_Segfaulted\Debug\.\</path>
         <kind>object</kind>
         <file>Clock.o</file>
         <name>Clock.o</name>
      </input_file>
      <input_file id="fl-4">
         <path>C:\Users\elsil\OneDrive\Development\ECE 319K\Valvanoware\TheM0trix_Segfaulted\Debug\.\</path>
         <kind>object</kind>
         <file>DAC.o</file>
         <name>DAC.o</name>
      </input_file>
      <input_file id="fl-5">
         <path>C:\Users\elsil\OneDrive\Development\ECE 319K\Valvanoware\TheM0trix_Segfaulted\Debug\.\</path>
         <kind>object</kind>
         <file>Graphics.o</file>
         <name>Graphics.o</name>
      </input_file>
      <input_file id="fl-6">
         <path>C:\Users\elsil\OneDrive\Development\ECE 319K\Valvanoware\TheM0trix_Segfaulted\Debug\.\</path>
         <kind>object</kind>
         <file>Joy.o</file>
         <name>Joy.o</name>
      </input_file>
      <input_file id="fl-7">
         <path>C:\Users\elsil\OneDrive\Development\ECE 319K\Valvanoware\TheM0trix_Segfaulted\Debug\.\</path>
         <kind>object</kind>
         <file>LaunchPad.o</file>
         <name>LaunchPad.o</name>
      </input_file>
      <input_file id="fl-8">
         <path>C:\Users\elsil\OneDrive\Development\ECE 319K\Valvanoware\TheM0trix_Segfaulted\Debug\.\</path>
         <kind>object</kind>
         <file>SPI.o</file>
         <name>SPI.o</name>
      </input_file>
      <input_file id="fl-9">
         <path>C:\Users\elsil\OneDrive\Development\ECE 319K\Valvanoware\TheM0trix_Segfaulted\Debug\.\</path>
         <kind>object</kind>
         <file>ST7735.o</file>
         <name>ST7735.o</name>
      </input_file>
      <input_file id="fl-a">
         <path>C:\Users\elsil\OneDrive\Development\ECE 319K\Valvanoware\TheM0trix_Segfaulted\Debug\.\</path>
         <kind>object</kind>
         <file>Sounds.o</file>
         <name>Sounds.o</name>
      </input_file>
      <input_file id="fl-b">
         <path>C:\Users\elsil\OneDrive\Development\ECE 319K\Valvanoware\TheM0trix_Segfaulted\Debug\.\</path>
         <kind>object</kind>
         <file>Timer.o</file>
         <name>Timer.o</name>
      </input_file>
      <input_file id="fl-c">
         <path>C:\Users\elsil\OneDrive\Development\ECE 319K\Valvanoware\TheM0trix_Segfaulted\Debug\.\</path>
         <kind>object</kind>
         <file>UART.o</file>
         <name>UART.o</name>
      </input_file>
      <input_file id="fl-d">
         <path>C:\Users\elsil\OneDrive\Development\ECE 319K\Valvanoware\TheM0trix_Segfaulted\Debug\.\</path>
         <kind>object</kind>
         <file>UARTbusywait.o</file>
         <name>UARTbusywait.o</name>
      </input_file>
      <input_file id="fl-e">
         <path>C:\Users\elsil\OneDrive\Development\ECE 319K\Valvanoware\TheM0trix_Segfaulted\Debug\.\</path>
         <kind>object</kind>
         <file>sprites.o</file>
         <name>sprites.o</name>
      </input_file>
      <input_file id="fl-f">
         <path>C:\Users\elsil\OneDrive\Development\ECE 319K\Valvanoware\TheM0trix_Segfaulted\Debug\.\ticlang\</path>
         <kind>object</kind>
         <file>startup_mspm0g3507_ticlang.o</file>
         <name>startup_mspm0g3507_ticlang.o</name>
      </input_file>
      <input_file id="fl-1b">
         <path>C:\Users\elsil\OneDrive\Development\ECE 319K\Valvanoware\TheM0trix_Segfaulted\Debug\</path>
         <kind>object</kind>
         <file>&lt;internal&gt;</file>
         <name>&lt;internal&gt;</name>
      </input_file>
      <input_file id="fl-30">
         <path>C:\ti\ccs2000\ccs\tools\compiler\ti-cgt-armllvm_4.0.1.LTS\lib\armv6m-ti-none-eabi\c\</path>
         <kind>archive</kind>
         <file>libc.a</file>
         <name>e_pow.c.obj</name>
      </input_file>
      <input_file id="fl-31">
         <path>C:\ti\ccs2000\ccs\tools\compiler\ti-cgt-armllvm_4.0.1.LTS\lib\armv6m-ti-none-eabi\c\</path>
         <kind>archive</kind>
         <file>libc.a</file>
         <name>e_sqrt.c.obj</name>
      </input_file>
      <input_file id="fl-32">
         <path>C:\ti\ccs2000\ccs\tools\compiler\ti-cgt-armllvm_4.0.1.LTS\lib\armv6m-ti-none-eabi\c\</path>
         <kind>archive</kind>
         <file>libc.a</file>
         <name>s_floor.c.obj</name>
      </input_file>
      <input_file id="fl-33">
         <path>C:\ti\ccs2000\ccs\tools\compiler\ti-cgt-armllvm_4.0.1.LTS\lib\armv6m-ti-none-eabi\c\</path>
         <kind>archive</kind>
         <file>libc.a</file>
         <name>s_scalbn.c.obj</name>
      </input_file>
      <input_file id="fl-34">
         <path>C:\ti\ccs2000\ccs\tools\compiler\ti-cgt-armllvm_4.0.1.LTS\lib\armv6m-ti-none-eabi\c\</path>
         <kind>archive</kind>
         <file>libc.a</file>
         <name>printf.c.obj</name>
      </input_file>
      <input_file id="fl-35">
         <path>C:\ti\ccs2000\ccs\tools\compiler\ti-cgt-armllvm_4.0.1.LTS\lib\armv6m-ti-none-eabi\c\</path>
         <kind>archive</kind>
         <file>libc.a</file>
         <name>_printfi.c.obj</name>
      </input_file>
      <input_file id="fl-36">
         <path>C:\ti\ccs2000\ccs\tools\compiler\ti-cgt-armllvm_4.0.1.LTS\lib\armv6m-ti-none-eabi\c\</path>
         <kind>archive</kind>
         <file>libc.a</file>
         <name>fopen.c.obj</name>
      </input_file>
      <input_file id="fl-37">
         <path>C:\ti\ccs2000\ccs\tools\compiler\ti-cgt-armllvm_4.0.1.LTS\lib\armv6m-ti-none-eabi\c\</path>
         <kind>archive</kind>
         <file>libc.a</file>
         <name>fputc.c.obj</name>
      </input_file>
      <input_file id="fl-38">
         <path>C:\ti\ccs2000\ccs\tools\compiler\ti-cgt-armllvm_4.0.1.LTS\lib\armv6m-ti-none-eabi\c\</path>
         <kind>archive</kind>
         <file>libc.a</file>
         <name>fputs.c.obj</name>
      </input_file>
      <input_file id="fl-39">
         <path>C:\ti\ccs2000\ccs\tools\compiler\ti-cgt-armllvm_4.0.1.LTS\lib\armv6m-ti-none-eabi\c\</path>
         <kind>archive</kind>
         <file>libc.a</file>
         <name>_io_perm.c.obj</name>
      </input_file>
      <input_file id="fl-3a">
         <path>C:\ti\ccs2000\ccs\tools\compiler\ti-cgt-armllvm_4.0.1.LTS\lib\armv6m-ti-none-eabi\c\</path>
         <kind>archive</kind>
         <file>libc.a</file>
         <name>setvbuf.c.obj</name>
      </input_file>
      <input_file id="fl-3b">
         <path>C:\ti\ccs2000\ccs\tools\compiler\ti-cgt-armllvm_4.0.1.LTS\lib\armv6m-ti-none-eabi\c\</path>
         <kind>archive</kind>
         <file>libc.a</file>
         <name>wcslen.c.obj</name>
      </input_file>
      <input_file id="fl-3c">
         <path>C:\ti\ccs2000\ccs\tools\compiler\ti-cgt-armllvm_4.0.1.LTS\lib\armv6m-ti-none-eabi\c\</path>
         <kind>archive</kind>
         <file>libc.a</file>
         <name>aeabi_portable.c.obj</name>
      </input_file>
      <input_file id="fl-3d">
         <path>C:\ti\ccs2000\ccs\tools\compiler\ti-cgt-armllvm_4.0.1.LTS\lib\armv6m-ti-none-eabi\c\</path>
         <kind>archive</kind>
         <file>libc.a</file>
         <name>exit.c.obj</name>
      </input_file>
      <input_file id="fl-3e">
         <path>C:\ti\ccs2000\ccs\tools\compiler\ti-cgt-armllvm_4.0.1.LTS\lib\armv6m-ti-none-eabi\c\</path>
         <kind>archive</kind>
         <file>libc.a</file>
         <name>_lock.c.obj</name>
      </input_file>
      <input_file id="fl-3f">
         <path>C:\ti\ccs2000\ccs\tools\compiler\ti-cgt-armllvm_4.0.1.LTS\lib\armv6m-ti-none-eabi\c\</path>
         <kind>archive</kind>
         <file>libc.a</file>
         <name>_ltoa.c.obj</name>
      </input_file>
      <input_file id="fl-40">
         <path>C:\ti\ccs2000\ccs\tools\compiler\ti-cgt-armllvm_4.0.1.LTS\lib\armv6m-ti-none-eabi\c\</path>
         <kind>archive</kind>
         <file>libc.a</file>
         <name>assert.c.obj</name>
      </input_file>
      <input_file id="fl-41">
         <path>C:\ti\ccs2000\ccs\tools\compiler\ti-cgt-armllvm_4.0.1.LTS\lib\armv6m-ti-none-eabi\c\</path>
         <kind>archive</kind>
         <file>libc.a</file>
         <name>atoi.c.obj</name>
      </input_file>
      <input_file id="fl-42">
         <path>C:\ti\ccs2000\ccs\tools\compiler\ti-cgt-armllvm_4.0.1.LTS\lib\armv6m-ti-none-eabi\c\</path>
         <kind>archive</kind>
         <file>libc.a</file>
         <name>defs.c.obj</name>
      </input_file>
      <input_file id="fl-43">
         <path>C:\ti\ccs2000\ccs\tools\compiler\ti-cgt-armllvm_4.0.1.LTS\lib\armv6m-ti-none-eabi\c\</path>
         <kind>archive</kind>
         <file>libc.a</file>
         <name>memccpy.c.obj</name>
      </input_file>
      <input_file id="fl-44">
         <path>C:\ti\ccs2000\ccs\tools\compiler\ti-cgt-armllvm_4.0.1.LTS\lib\armv6m-ti-none-eabi\c\</path>
         <kind>archive</kind>
         <file>libc.a</file>
         <name>memory.c.obj</name>
      </input_file>
      <input_file id="fl-45">
         <path>C:\ti\ccs2000\ccs\tools\compiler\ti-cgt-armllvm_4.0.1.LTS\lib\armv6m-ti-none-eabi\c\</path>
         <kind>archive</kind>
         <file>libc.a</file>
         <name>qsort.c.obj</name>
      </input_file>
      <input_file id="fl-46">
         <path>C:\ti\ccs2000\ccs\tools\compiler\ti-cgt-armllvm_4.0.1.LTS\lib\armv6m-ti-none-eabi\c\</path>
         <kind>archive</kind>
         <file>libc.a</file>
         <name>rand.c.obj</name>
      </input_file>
      <input_file id="fl-47">
         <path>C:\ti\ccs2000\ccs\tools\compiler\ti-cgt-armllvm_4.0.1.LTS\lib\armv6m-ti-none-eabi\c\</path>
         <kind>archive</kind>
         <file>libc.a</file>
         <name>copy_zero_init.c.obj</name>
      </input_file>
      <input_file id="fl-48">
         <path>C:\ti\ccs2000\ccs\tools\compiler\ti-cgt-armllvm_4.0.1.LTS\lib\armv6m-ti-none-eabi\c\</path>
         <kind>archive</kind>
         <file>libc.a</file>
         <name>copy_decompress_none.c.obj</name>
      </input_file>
      <input_file id="fl-49">
         <path>C:\ti\ccs2000\ccs\tools\compiler\ti-cgt-armllvm_4.0.1.LTS\lib\armv6m-ti-none-eabi\c\</path>
         <kind>archive</kind>
         <file>libc.a</file>
         <name>copy_decompress_lzss.c.obj</name>
      </input_file>
      <input_file id="fl-4a">
         <path>C:\ti\ccs2000\ccs\tools\compiler\ti-cgt-armllvm_4.0.1.LTS\lib\armv6m-ti-none-eabi\c\</path>
         <kind>archive</kind>
         <file>libc.a</file>
         <name>boot_cortex_m.c.obj</name>
      </input_file>
      <input_file id="fl-4b">
         <path>C:\ti\ccs2000\ccs\tools\compiler\ti-cgt-armllvm_4.0.1.LTS\lib\armv6m-ti-none-eabi\c\</path>
         <kind>archive</kind>
         <file>libc.a</file>
         <name>mathacl_init.c.obj</name>
      </input_file>
      <input_file id="fl-4c">
         <path>C:\ti\ccs2000\ccs\tools\compiler\ti-cgt-armllvm_4.0.1.LTS\lib\armv6m-ti-none-eabi\c\</path>
         <kind>archive</kind>
         <file>libc.a</file>
         <name>s_frexp.c.obj</name>
      </input_file>
      <input_file id="fl-4d">
         <path>C:\ti\ccs2000\ccs\tools\compiler\ti-cgt-armllvm_4.0.1.LTS\lib\armv6m-ti-none-eabi\c\</path>
         <kind>archive</kind>
         <file>libc.a</file>
         <name>sprintf.c.obj</name>
      </input_file>
      <input_file id="fl-4e">
         <path>C:\ti\ccs2000\ccs\tools\compiler\ti-cgt-armllvm_4.0.1.LTS\lib\armv6m-ti-none-eabi\c\</path>
         <kind>archive</kind>
         <file>libc.a</file>
         <name>fclose.c.obj</name>
      </input_file>
      <input_file id="fl-4f">
         <path>C:\ti\ccs2000\ccs\tools\compiler\ti-cgt-armllvm_4.0.1.LTS\lib\armv6m-ti-none-eabi\c\</path>
         <kind>archive</kind>
         <file>libc.a</file>
         <name>fflush.c.obj</name>
      </input_file>
      <input_file id="fl-50">
         <path>C:\ti\ccs2000\ccs\tools\compiler\ti-cgt-armllvm_4.0.1.LTS\lib\armv6m-ti-none-eabi\c\</path>
         <kind>archive</kind>
         <file>libc.a</file>
         <name>fseek.c.obj</name>
      </input_file>
      <input_file id="fl-51">
         <path>C:\ti\ccs2000\ccs\tools\compiler\ti-cgt-armllvm_4.0.1.LTS\lib\armv6m-ti-none-eabi\c\</path>
         <kind>archive</kind>
         <file>libc.a</file>
         <name>aeabi_ctype.S.obj</name>
      </input_file>
      <input_file id="fl-52">
         <path>C:\ti\ccs2000\ccs\tools\compiler\ti-cgt-armllvm_4.0.1.LTS\lib\armv6m-ti-none-eabi\c\</path>
         <kind>archive</kind>
         <file>libc.a</file>
         <name>args_main.c.obj</name>
      </input_file>
      <input_file id="fl-53">
         <path>C:\ti\ccs2000\ccs\tools\compiler\ti-cgt-armllvm_4.0.1.LTS\lib\armv6m-ti-none-eabi\c\</path>
         <kind>archive</kind>
         <file>libc.a</file>
         <name>autoinit.c.obj</name>
      </input_file>
      <input_file id="fl-54">
         <path>C:\ti\ccs2000\ccs\tools\compiler\ti-cgt-armllvm_4.0.1.LTS\lib\armv6m-ti-none-eabi\c\</path>
         <kind>archive</kind>
         <file>libc.a</file>
         <name>pre_init.c.obj</name>
      </input_file>
      <input_file id="fl-55">
         <path>C:\ti\ccs2000\ccs\tools\compiler\ti-cgt-armllvm_4.0.1.LTS\lib\armv6m-ti-none-eabi\c\</path>
         <kind>archive</kind>
         <file>libc.a</file>
         <name>cpy_tbl.c.obj</name>
      </input_file>
      <input_file id="fl-eb">
         <path>C:\ti\ccs2000\ccs\tools\compiler\ti-cgt-armllvm_4.0.1.LTS\lib\armv6m-ti-none-eabi\c\</path>
         <kind>archive</kind>
         <file>libsysbm.a</file>
         <name>write.c.obj</name>
      </input_file>
      <input_file id="fl-ec">
         <path>C:\ti\ccs2000\ccs\tools\compiler\ti-cgt-armllvm_4.0.1.LTS\lib\armv6m-ti-none-eabi\c\</path>
         <kind>archive</kind>
         <file>libsysbm.a</file>
         <name>host_device.c.obj</name>
      </input_file>
      <input_file id="fl-ed">
         <path>C:\ti\ccs2000\ccs\tools\compiler\ti-cgt-armllvm_4.0.1.LTS\lib\armv6m-ti-none-eabi\c\</path>
         <kind>archive</kind>
         <file>libsysbm.a</file>
         <name>remove.c.obj</name>
      </input_file>
      <input_file id="fl-ee">
         <path>C:\ti\ccs2000\ccs\tools\compiler\ti-cgt-armllvm_4.0.1.LTS\lib\armv6m-ti-none-eabi\c\</path>
         <kind>archive</kind>
         <file>libsysbm.a</file>
         <name>open.c.obj</name>
      </input_file>
      <input_file id="fl-ef">
         <path>C:\ti\ccs2000\ccs\tools\compiler\ti-cgt-armllvm_4.0.1.LTS\lib\armv6m-ti-none-eabi\c\</path>
         <kind>archive</kind>
         <file>libsysbm.a</file>
         <name>lseek.c.obj</name>
      </input_file>
      <input_file id="fl-f0">
         <path>C:\ti\ccs2000\ccs\tools\compiler\ti-cgt-armllvm_4.0.1.LTS\lib\armv6m-ti-none-eabi\c\</path>
         <kind>archive</kind>
         <file>libsysbm.a</file>
         <name>close.c.obj</name>
      </input_file>
      <input_file id="fl-f1">
         <path>C:\ti\ccs2000\ccs\tools\compiler\ti-cgt-armllvm_4.0.1.LTS\lib\armv6m-ti-none-eabi\c\</path>
         <kind>archive</kind>
         <file>libsysbm.a</file>
         <name>add_device.c.obj</name>
      </input_file>
      <input_file id="fl-f2">
         <path>C:\ti\ccs2000\ccs\tools\compiler\ti-cgt-armllvm_4.0.1.LTS\lib\armv6m-ti-none-eabi\c\</path>
         <kind>archive</kind>
         <file>libsysbm.a</file>
         <name>unlink.c.obj</name>
      </input_file>
      <input_file id="fl-f3">
         <path>C:\ti\ccs2000\ccs\tools\compiler\ti-cgt-armllvm_4.0.1.LTS\lib\armv6m-ti-none-eabi\c\</path>
         <kind>archive</kind>
         <file>libsysbm.a</file>
         <name>hostclose.c.obj</name>
      </input_file>
      <input_file id="fl-f4">
         <path>C:\ti\ccs2000\ccs\tools\compiler\ti-cgt-armllvm_4.0.1.LTS\lib\armv6m-ti-none-eabi\c\</path>
         <kind>archive</kind>
         <file>libsysbm.a</file>
         <name>hostlseek.c.obj</name>
      </input_file>
      <input_file id="fl-f5">
         <path>C:\ti\ccs2000\ccs\tools\compiler\ti-cgt-armllvm_4.0.1.LTS\lib\armv6m-ti-none-eabi\c\</path>
         <kind>archive</kind>
         <file>libsysbm.a</file>
         <name>hostopen.c.obj</name>
      </input_file>
      <input_file id="fl-f6">
         <path>C:\ti\ccs2000\ccs\tools\compiler\ti-cgt-armllvm_4.0.1.LTS\lib\armv6m-ti-none-eabi\c\</path>
         <kind>archive</kind>
         <file>libsysbm.a</file>
         <name>hostread.c.obj</name>
      </input_file>
      <input_file id="fl-f7">
         <path>C:\ti\ccs2000\ccs\tools\compiler\ti-cgt-armllvm_4.0.1.LTS\lib\armv6m-ti-none-eabi\c\</path>
         <kind>archive</kind>
         <file>libsysbm.a</file>
         <name>hostrename.c.obj</name>
      </input_file>
      <input_file id="fl-f8">
         <path>C:\ti\ccs2000\ccs\tools\compiler\ti-cgt-armllvm_4.0.1.LTS\lib\armv6m-ti-none-eabi\c\</path>
         <kind>archive</kind>
         <file>libsysbm.a</file>
         <name>hostunlink.c.obj</name>
      </input_file>
      <input_file id="fl-f9">
         <path>C:\ti\ccs2000\ccs\tools\compiler\ti-cgt-armllvm_4.0.1.LTS\lib\armv6m-ti-none-eabi\c\</path>
         <kind>archive</kind>
         <file>libsysbm.a</file>
         <name>hostwrite.c.obj</name>
      </input_file>
      <input_file id="fl-fa">
         <path>C:\ti\ccs2000\ccs\tools\compiler\ti-cgt-armllvm_4.0.1.LTS\lib\armv6m-ti-none-eabi\c\</path>
         <kind>archive</kind>
         <file>libsysbm.a</file>
         <name>trgmsg.c.obj</name>
      </input_file>
      <input_file id="fl-fb">
         <path>C:\ti\ccs2000\ccs\tools\compiler\ti-cgt-armllvm_4.0.1.LTS\lib\armv6m-ti-none-eabi\</path>
         <kind>archive</kind>
         <file>libclang_rt.builtins.a</file>
         <name>adddf3.S.obj</name>
      </input_file>
      <input_file id="fl-fc">
         <path>C:\ti\ccs2000\ccs\tools\compiler\ti-cgt-armllvm_4.0.1.LTS\lib\armv6m-ti-none-eabi\</path>
         <kind>archive</kind>
         <file>libclang_rt.builtins.a</file>
         <name>muldf3.S.obj</name>
      </input_file>
      <input_file id="fl-fd">
         <path>C:\ti\ccs2000\ccs\tools\compiler\ti-cgt-armllvm_4.0.1.LTS\lib\armv6m-ti-none-eabi\</path>
         <kind>archive</kind>
         <file>libclang_rt.builtins.a</file>
         <name>muldsi3.S.obj</name>
      </input_file>
      <input_file id="fl-fe">
         <path>C:\ti\ccs2000\ccs\tools\compiler\ti-cgt-armllvm_4.0.1.LTS\lib\armv6m-ti-none-eabi\</path>
         <kind>archive</kind>
         <file>libclang_rt.builtins.a</file>
         <name>divdf3.S.obj</name>
      </input_file>
      <input_file id="fl-ff">
         <path>C:\ti\ccs2000\ccs\tools\compiler\ti-cgt-armllvm_4.0.1.LTS\lib\armv6m-ti-none-eabi\</path>
         <kind>archive</kind>
         <file>libclang_rt.builtins.a</file>
         <name>fixdfsi.S.obj</name>
      </input_file>
      <input_file id="fl-100">
         <path>C:\ti\ccs2000\ccs\tools\compiler\ti-cgt-armllvm_4.0.1.LTS\lib\armv6m-ti-none-eabi\</path>
         <kind>archive</kind>
         <file>libclang_rt.builtins.a</file>
         <name>floatsidf.S.obj</name>
      </input_file>
      <input_file id="fl-101">
         <path>C:\ti\ccs2000\ccs\tools\compiler\ti-cgt-armllvm_4.0.1.LTS\lib\armv6m-ti-none-eabi\</path>
         <kind>archive</kind>
         <file>libclang_rt.builtins.a</file>
         <name>muldi3.S.obj</name>
      </input_file>
      <input_file id="fl-102">
         <path>C:\ti\ccs2000\ccs\tools\compiler\ti-cgt-armllvm_4.0.1.LTS\lib\armv6m-ti-none-eabi\</path>
         <kind>archive</kind>
         <file>libclang_rt.builtins.a</file>
         <name>aeabi_dcmp.S.obj</name>
      </input_file>
      <input_file id="fl-103">
         <path>C:\ti\ccs2000\ccs\tools\compiler\ti-cgt-armllvm_4.0.1.LTS\lib\armv6m-ti-none-eabi\</path>
         <kind>archive</kind>
         <file>libclang_rt.builtins.a</file>
         <name>aeabi_idivmod.S.obj</name>
      </input_file>
      <input_file id="fl-104">
         <path>C:\ti\ccs2000\ccs\tools\compiler\ti-cgt-armllvm_4.0.1.LTS\lib\armv6m-ti-none-eabi\</path>
         <kind>archive</kind>
         <file>libclang_rt.builtins.a</file>
         <name>aeabi_memcpy.S.obj</name>
      </input_file>
      <input_file id="fl-105">
         <path>C:\ti\ccs2000\ccs\tools\compiler\ti-cgt-armllvm_4.0.1.LTS\lib\armv6m-ti-none-eabi\</path>
         <kind>archive</kind>
         <file>libclang_rt.builtins.a</file>
         <name>aeabi_memset.S.obj</name>
      </input_file>
      <input_file id="fl-106">
         <path>C:\ti\ccs2000\ccs\tools\compiler\ti-cgt-armllvm_4.0.1.LTS\lib\armv6m-ti-none-eabi\</path>
         <kind>archive</kind>
         <file>libclang_rt.builtins.a</file>
         <name>aeabi_uidivmod.S.obj</name>
      </input_file>
      <input_file id="fl-107">
         <path>C:\ti\ccs2000\ccs\tools\compiler\ti-cgt-armllvm_4.0.1.LTS\lib\armv6m-ti-none-eabi\</path>
         <kind>archive</kind>
         <file>libclang_rt.builtins.a</file>
         <name>aeabi_uldivmod.S.obj</name>
      </input_file>
      <input_file id="fl-108">
         <path>C:\ti\ccs2000\ccs\tools\compiler\ti-cgt-armllvm_4.0.1.LTS\lib\armv6m-ti-none-eabi\</path>
         <kind>archive</kind>
         <file>libclang_rt.builtins.a</file>
         <name>udivmoddi4.S.obj</name>
      </input_file>
      <input_file id="fl-109">
         <path>C:\ti\ccs2000\ccs\tools\compiler\ti-cgt-armllvm_4.0.1.LTS\lib\armv6m-ti-none-eabi\</path>
         <kind>archive</kind>
         <file>libclang_rt.builtins.a</file>
         <name>ashldi3.S.obj</name>
      </input_file>
      <input_file id="fl-10a">
         <path>C:\ti\ccs2000\ccs\tools\compiler\ti-cgt-armllvm_4.0.1.LTS\lib\armv6m-ti-none-eabi\</path>
         <kind>archive</kind>
         <file>libclang_rt.builtins.a</file>
         <name>comparedf2.c.obj</name>
      </input_file>
      <input_file id="fl-10b">
         <path>C:\ti\ccs2000\ccs\tools\compiler\ti-cgt-armllvm_4.0.1.LTS\lib\armv6m-ti-none-eabi\</path>
         <kind>archive</kind>
         <file>libclang_rt.builtins.a</file>
         <name>aeabi_div0.c.obj</name>
      </input_file>
      <input_file id="fl-10c">
         <path>C:\ti\ccs2000\ccs\tools\compiler\ti-cgt-armllvm_4.0.1.LTS\lib\armv6m-ti-none-eabi\c\</path>
         <kind>archive</kind>
         <file>libc.a</file>
         <name>getdevice.c.obj</name>
      </input_file>
      <input_file id="fl-10d">
         <path>C:\ti\ccs2000\ccs\tools\compiler\ti-cgt-armllvm_4.0.1.LTS\lib\armv6m-ti-none-eabi\c\</path>
         <kind>archive</kind>
         <file>libc.a</file>
         <name>memcpy16.S.obj</name>
      </input_file>
      <input_file id="fl-10e">
         <path>C:\ti\ccs2000\ccs\tools\compiler\ti-cgt-armllvm_4.0.1.LTS\lib\armv6m-ti-none-eabi\c\</path>
         <kind>archive</kind>
         <file>libc.a</file>
         <name>memset16.S.obj</name>
      </input_file>
      <input_file id="fl-10f">
         <path>C:\ti\ccs2000\ccs\tools\compiler\ti-cgt-armllvm_4.0.1.LTS\lib\armv6m-ti-none-eabi\c\</path>
         <kind>archive</kind>
         <file>libc.a</file>
         <name>strcmp-armv6m.S.obj</name>
      </input_file>
   </input_file_list>
   <object_component_list>
      <object_component id="oc-18">
         <name>.intvecs</name>
         <load_address>0x0</load_address>
         <readonly>true</readonly>
         <run_address>0x0</run_address>
         <size>0xc0</size>
         <alignment>0x4</alignment>
         <input_file_ref idref="fl-f"/>
      </object_component>
      <object_component id="oc-168">
         <name>.text.pow</name>
         <load_address>0xc310</load_address>
         <readonly>true</readonly>
         <executable>true</executable>
         <run_address>0xc310</run_address>
         <size>0xa48</size>
         <alignment>0x4</alignment>
         <input_file_ref idref="fl-30"/>
      </object_component>
      <object_component id="oc-f5">
         <name>.text.CastRays</name>
         <load_address>0xcd58</load_address>
         <readonly>true</readonly>
         <executable>true</executable>
         <run_address>0xcd58</run_address>
         <size>0x524</size>
         <alignment>0x4</alignment>
         <input_file_ref idref="fl-5"/>
      </object_component>
      <object_component id="oc-b0">
         <name>.text.MovePlayer</name>
         <load_address>0xd27c</load_address>
         <readonly>true</readonly>
         <executable>true</executable>
         <run_address>0xd27c</run_address>
         <size>0x468</size>
         <alignment>0x4</alignment>
         <input_file_ref idref="fl-5"/>
      </object_component>
      <object_component id="oc-172">
         <name>.text.RenderSpriteInternal</name>
         <load_address>0xd6e4</load_address>
         <readonly>true</readonly>
         <executable>true</executable>
         <run_address>0xd6e4</run_address>
         <size>0x460</size>
         <alignment>0x4</alignment>
         <input_file_ref idref="fl-e"/>
      </object_component>
      <object_component id="oc-182">
         <name>.text:__TI_printfi_minimal</name>
         <load_address>0xdb44</load_address>
         <readonly>true</readonly>
         <executable>true</executable>
         <run_address>0xdb44</run_address>
         <size>0x284</size>
         <alignment>0x4</alignment>
         <input_file_ref idref="fl-35"/>
      </object_component>
      <object_component id="oc-177">
         <name>.text.DrawCrosshair</name>
         <load_address>0xddc8</load_address>
         <readonly>true</readonly>
         <executable>true</executable>
         <run_address>0xddc8</run_address>
         <size>0x224</size>
         <alignment>0x2</alignment>
         <input_file_ref idref="fl-5"/>
      </object_component>
      <object_component id="oc-17b">
         <name>.text.ST7735_DrawBitmap</name>
         <load_address>0xdfec</load_address>
         <readonly>true</readonly>
         <executable>true</executable>
         <run_address>0xdfec</run_address>
         <size>0x210</size>
         <alignment>0x4</alignment>
         <input_file_ref idref="fl-9"/>
      </object_component>
      <object_component id="oc-e2">
         <name>.text.Clock_Init80MHz</name>
         <load_address>0xe1fc</load_address>
         <readonly>true</readonly>
         <executable>true</executable>
         <run_address>0xe1fc</run_address>
         <size>0x1b4</size>
         <alignment>0x4</alignment>
         <input_file_ref idref="fl-3"/>
      </object_component>
      <object_component id="oc-2dc">
         <name>.text.ST7735_DrawChar</name>
         <load_address>0xe3b0</load_address>
         <readonly>true</readonly>
         <executable>true</executable>
         <run_address>0xe3b0</run_address>
         <size>0x1a8</size>
         <alignment>0x4</alignment>
         <input_file_ref idref="fl-9"/>
      </object_component>
      <object_component id="oc-106">
         <name>.text.adddf3_subdf3</name>
         <load_address>0xe558</load_address>
         <readonly>true</readonly>
         <executable>true</executable>
         <run_address>0xe558</run_address>
         <size>0x192</size>
         <alignment>0x4</alignment>
         <input_file_ref idref="fl-fb"/>
      </object_component>
      <object_component id="oc-1cd">
         <name>.text.__aeabi_idiv0</name>
         <load_address>0xe6ea</load_address>
         <readonly>true</readonly>
         <executable>true</executable>
         <run_address>0xe6ea</run_address>
         <size>0x2</size>
         <alignment>0x2</alignment>
         <input_file_ref idref="fl-10b"/>
      </object_component>
      <object_component id="oc-1fa">
         <name>.text.sqrt</name>
         <load_address>0xe6ec</load_address>
         <readonly>true</readonly>
         <executable>true</executable>
         <run_address>0xe6ec</run_address>
         <size>0x170</size>
         <alignment>0x4</alignment>
         <input_file_ref idref="fl-31"/>
      </object_component>
      <object_component id="oc-251">
         <name>.text._openfile</name>
         <load_address>0xe85c</load_address>
         <readonly>true</readonly>
         <executable>true</executable>
         <run_address>0xe85c</run_address>
         <size>0x154</size>
         <alignment>0x4</alignment>
         <input_file_ref idref="fl-36"/>
      </object_component>
      <object_component id="oc-162">
         <name>.text.floor</name>
         <load_address>0xe9b0</load_address>
         <readonly>true</readonly>
         <executable>true</executable>
         <run_address>0xe9b0</run_address>
         <size>0x144</size>
         <alignment>0x4</alignment>
         <input_file_ref idref="fl-32"/>
      </object_component>
      <object_component id="oc-16e">
         <name>.text.qsort</name>
         <load_address>0xeaf4</load_address>
         <readonly>true</readonly>
         <executable>true</executable>
         <run_address>0xeaf4</run_address>
         <size>0x134</size>
         <alignment>0x2</alignment>
         <input_file_ref idref="fl-45"/>
      </object_component>
      <object_component id="oc-1a6">
         <name>.text.ADC_InitDual</name>
         <load_address>0xec28</load_address>
         <readonly>true</readonly>
         <executable>true</executable>
         <run_address>0xec28</run_address>
         <size>0x124</size>
         <alignment>0x4</alignment>
         <input_file_ref idref="fl-1"/>
      </object_component>
      <object_component id="oc-117">
         <name>.text.ST7735_FillRect</name>
         <load_address>0xed4c</load_address>
         <readonly>true</readonly>
         <executable>true</executable>
         <run_address>0xed4c</run_address>
         <size>0x118</size>
         <alignment>0x4</alignment>
         <input_file_ref idref="fl-9"/>
      </object_component>
      <object_component id="oc-f6">
         <name>.text.RenderSprites</name>
         <load_address>0xee64</load_address>
         <readonly>true</readonly>
         <executable>true</executable>
         <run_address>0xee64</run_address>
         <size>0x114</size>
         <alignment>0x4</alignment>
         <input_file_ref idref="fl-e"/>
      </object_component>
      <object_component id="oc-2da">
         <name>.text.aligned_alloc</name>
         <load_address>0xef78</load_address>
         <readonly>true</readonly>
         <executable>true</executable>
         <run_address>0xef78</run_address>
         <size>0x114</size>
         <alignment>0x4</alignment>
         <input_file_ref idref="fl-44"/>
      </object_component>
      <object_component id="oc-84">
         <name>.text.main</name>
         <load_address>0xf08c</load_address>
         <readonly>true</readonly>
         <executable>true</executable>
         <run_address>0xf08c</run_address>
         <size>0x110</size>
         <alignment>0x4</alignment>
         <input_file_ref idref="fl-5"/>
      </object_component>
      <object_component id="oc-156">
         <name>.text.__divdf3</name>
         <load_address>0xf19c</load_address>
         <readonly>true</readonly>
         <executable>true</executable>
         <run_address>0xf19c</run_address>
         <size>0x10c</size>
         <alignment>0x4</alignment>
         <input_file_ref idref="fl-fe"/>
      </object_component>
      <object_component id="oc-179">
         <name>.text.DrawHealthBar</name>
         <load_address>0xf2a8</load_address>
         <readonly>true</readonly>
         <executable>true</executable>
         <run_address>0xf2a8</run_address>
         <size>0xf8</size>
         <alignment>0x4</alignment>
         <input_file_ref idref="fl-5"/>
      </object_component>
      <object_component id="oc-13d">
         <name>.text.SPI_Init</name>
         <load_address>0xf3a0</load_address>
         <readonly>true</readonly>
         <executable>true</executable>
         <run_address>0xf3a0</run_address>
         <size>0xf8</size>
         <alignment>0x4</alignment>
         <input_file_ref idref="fl-8"/>
      </object_component>
      <object_component id="oc-193">
         <name>.text.fputs</name>
         <load_address>0xf498</load_address>
         <readonly>true</readonly>
         <executable>true</executable>
         <run_address>0xf498</run_address>
         <size>0xf8</size>
         <alignment>0x4</alignment>
         <input_file_ref idref="fl-38"/>
      </object_component>
      <object_component id="oc-f4">
         <name>.text.RenderSky</name>
         <load_address>0xf590</load_address>
         <readonly>true</readonly>
         <executable>true</executable>
         <run_address>0xf590</run_address>
         <size>0xf4</size>
         <alignment>0x2</alignment>
         <input_file_ref idref="fl-5"/>
      </object_component>
      <object_component id="oc-143">
         <name>.text.ST7735_SetRotation</name>
         <load_address>0xf684</load_address>
         <readonly>true</readonly>
         <executable>true</executable>
         <run_address>0xf684</run_address>
         <size>0xf4</size>
         <alignment>0x4</alignment>
         <input_file_ref idref="fl-9"/>
      </object_component>
      <object_component id="oc-178">
         <name>.text.DrawMinimap</name>
         <load_address>0xf778</load_address>
         <readonly>true</readonly>
         <executable>true</executable>
         <run_address>0xf778</run_address>
         <size>0xec</size>
         <alignment>0x4</alignment>
         <input_file_ref idref="fl-5"/>
      </object_component>
      <object_component id="oc-1ac">
         <name>.text.add_device</name>
         <load_address>0xf864</load_address>
         <readonly>true</readonly>
         <executable>true</executable>
         <run_address>0xf864</run_address>
         <size>0xec</size>
         <alignment>0x4</alignment>
         <input_file_ref idref="fl-f1"/>
      </object_component>
      <object_component id="oc-25a">
         <name>.text.free</name>
         <load_address>0xf950</load_address>
         <readonly>true</readonly>
         <executable>true</executable>
         <run_address>0xf950</run_address>
         <size>0xe8</size>
         <alignment>0x4</alignment>
         <input_file_ref idref="fl-44"/>
      </object_component>
      <object_component id="oc-ab">
         <name>.text.__muldf3</name>
         <load_address>0xfa38</load_address>
         <readonly>true</readonly>
         <executable>true</executable>
         <run_address>0xfa38</run_address>
         <size>0xe4</size>
         <alignment>0x4</alignment>
         <input_file_ref idref="fl-fc"/>
      </object_component>
      <object_component id="oc-1b7">
         <name>.text.setvbuf</name>
         <load_address>0xfb1c</load_address>
         <readonly>true</readonly>
         <executable>true</executable>
         <run_address>0xfb1c</run_address>
         <size>0xe0</size>
         <alignment>0x4</alignment>
         <input_file_ref idref="fl-3a"/>
      </object_component>
      <object_component id="oc-1f5">
         <name>.text.scalbn</name>
         <load_address>0xfbfc</load_address>
         <readonly>true</readonly>
         <executable>true</executable>
         <run_address>0xfbfc</run_address>
         <size>0xd8</size>
         <alignment>0x4</alignment>
         <input_file_ref idref="fl-33"/>
      </object_component>
      <object_component id="oc-261">
         <name>.text.ST7735_OutChar</name>
         <load_address>0xfcd4</load_address>
         <readonly>true</readonly>
         <executable>true</executable>
         <run_address>0xfcd4</run_address>
         <size>0xd0</size>
         <alignment>0x4</alignment>
         <input_file_ref idref="fl-9"/>
      </object_component>
      <object_component id="oc-136">
         <name>.text.DAC_Init</name>
         <load_address>0xfda4</load_address>
         <readonly>true</readonly>
         <executable>true</executable>
         <run_address>0xfda4</run_address>
         <size>0xa8</size>
         <alignment>0x4</alignment>
         <input_file_ref idref="fl-4"/>
      </object_component>
      <object_component id="oc-23d">
         <name>.text.commandList</name>
         <load_address>0xfe4c</load_address>
         <readonly>true</readonly>
         <executable>true</executable>
         <run_address>0xfe4c</run_address>
         <size>0xa2</size>
         <alignment>0x2</alignment>
         <input_file_ref idref="fl-9"/>
      </object_component>
      <object_component id="oc-18a">
         <name>.text._nop</name>
         <load_address>0xfeee</load_address>
         <readonly>true</readonly>
         <executable>true</executable>
         <run_address>0xfeee</run_address>
         <size>0x2</size>
         <alignment>0x2</alignment>
         <input_file_ref idref="fl-3e"/>
      </object_component>
      <object_component id="oc-2c8">
         <name>.text.open</name>
         <load_address>0xfef0</load_address>
         <readonly>true</readonly>
         <executable>true</executable>
         <run_address>0xfef0</run_address>
         <size>0xa0</size>
         <alignment>0x4</alignment>
         <input_file_ref idref="fl-ee"/>
      </object_component>
      <object_component id="oc-142">
         <name>.text.ST7735_InitPrintf</name>
         <load_address>0xff90</load_address>
         <readonly>true</readonly>
         <executable>true</executable>
         <run_address>0xff90</run_address>
         <size>0x9c</size>
         <alignment>0x4</alignment>
         <input_file_ref idref="fl-9"/>
      </object_component>
      <object_component id="oc-199">
         <name>.text.fputc</name>
         <load_address>0x1002c</load_address>
         <readonly>true</readonly>
         <executable>true</executable>
         <run_address>0x1002c</run_address>
         <size>0x9c</size>
         <alignment>0x4</alignment>
         <input_file_ref idref="fl-37"/>
      </object_component>
      <object_component id="oc-1ab">
         <name>.text.ST7735_InitR</name>
         <load_address>0x100c8</load_address>
         <readonly>true</readonly>
         <executable>true</executable>
         <run_address>0x100c8</run_address>
         <size>0x98</size>
         <alignment>0x4</alignment>
         <input_file_ref idref="fl-9"/>
      </object_component>
      <object_component id="oc-137">
         <name>.text.TimerG12_IntArm</name>
         <load_address>0x10160</load_address>
         <readonly>true</readonly>
         <executable>true</executable>
         <run_address>0x10160</run_address>
         <size>0x94</size>
         <alignment>0x4</alignment>
         <input_file_ref idref="fl-b"/>
      </object_component>
      <object_component id="oc-ef">
         <name>.text.clearRenderBuffer</name>
         <load_address>0x101f4</load_address>
         <readonly>true</readonly>
         <executable>true</executable>
         <run_address>0x101f4</run_address>
         <size>0x90</size>
         <alignment>0x4</alignment>
         <input_file_ref idref="fl-2"/>
      </object_component>
      <object_component id="oc-180">
         <name>.text.setAddrWindow</name>
         <load_address>0x10284</load_address>
         <readonly>true</readonly>
         <executable>true</executable>
         <run_address>0x10284</run_address>
         <size>0x88</size>
         <alignment>0x4</alignment>
         <input_file_ref idref="fl-9"/>
      </object_component>
      <object_component id="oc-80">
         <name>.text._system_pre_init</name>
         <load_address>0x1030c</load_address>
         <readonly>true</readonly>
         <executable>true</executable>
         <run_address>0x1030c</run_address>
         <size>0x4</size>
         <alignment>0x2</alignment>
         <input_file_ref idref="fl-54"/>
      </object_component>
      <object_component id="oc-2a0">
         <name>.text:strcmp</name>
         <load_address>0x10310</load_address>
         <readonly>true</readonly>
         <executable>true</executable>
         <run_address>0x10310</run_address>
         <size>0x88</size>
         <alignment>0x10</alignment>
         <input_file_ref idref="fl-10f"/>
      </object_component>
      <object_component id="oc-144">
         <name>.text.FillMap</name>
         <load_address>0x10398</load_address>
         <readonly>true</readonly>
         <executable>true</executable>
         <run_address>0x10398</run_address>
         <size>0x84</size>
         <alignment>0x4</alignment>
         <input_file_ref idref="fl-5"/>
      </object_component>
      <object_component id="oc-145">
         <name>.text.PrecalculateFloorGradient</name>
         <load_address>0x1041c</load_address>
         <readonly>true</readonly>
         <executable>true</executable>
         <run_address>0x1041c</run_address>
         <size>0x84</size>
         <alignment>0x4</alignment>
         <input_file_ref idref="fl-2"/>
      </object_component>
      <object_component id="oc-2db">
         <name>.text.ST7735_DrawString</name>
         <load_address>0x104a0</load_address>
         <readonly>true</readonly>
         <executable>true</executable>
         <run_address>0x104a0</run_address>
         <size>0x84</size>
         <alignment>0x2</alignment>
         <input_file_ref idref="fl-9"/>
      </object_component>
      <object_component id="oc-e7">
         <name>.text.LaunchPad_Init</name>
         <load_address>0x10524</load_address>
         <readonly>true</readonly>
         <executable>true</executable>
         <run_address>0x10524</run_address>
         <size>0x7c</size>
         <alignment>0x4</alignment>
         <input_file_ref idref="fl-7"/>
      </object_component>
      <object_component id="oc-254">
         <name>.text.__TI_closefile</name>
         <load_address>0x105a0</load_address>
         <readonly>true</readonly>
         <executable>true</executable>
         <run_address>0x105a0</run_address>
         <size>0x7c</size>
         <alignment>0x4</alignment>
         <input_file_ref idref="fl-4e"/>
      </object_component>
      <object_component id="oc-1c">
         <name>.text:decompress:lzss</name>
         <load_address>0x1061c</load_address>
         <readonly>true</readonly>
         <executable>true</executable>
         <run_address>0x1061c</run_address>
         <size>0x7c</size>
         <alignment>0x4</alignment>
         <input_file_ref idref="fl-49"/>
      </object_component>
      <object_component id="oc-1da">
         <name>.text.__gedf2</name>
         <load_address>0x10698</load_address>
         <readonly>true</readonly>
         <executable>true</executable>
         <run_address>0x10698</run_address>
         <size>0x74</size>
         <alignment>0x4</alignment>
         <input_file_ref idref="fl-10a"/>
      </object_component>
      <object_component id="oc-2b6">
         <name>.text.HOSTlseek</name>
         <load_address>0x1070c</load_address>
         <readonly>true</readonly>
         <executable>true</executable>
         <run_address>0x1070c</run_address>
         <size>0x6c</size>
         <alignment>0x4</alignment>
         <input_file_ref idref="fl-f4"/>
      </object_component>
      <object_component id="oc-2be">
         <name>.text.HOSTrename</name>
         <load_address>0x10778</load_address>
         <readonly>true</readonly>
         <executable>true</executable>
         <run_address>0x10778</run_address>
         <size>0x6c</size>
         <alignment>0x4</alignment>
         <input_file_ref idref="fl-f7"/>
      </object_component>
      <object_component id="oc-2ea">
         <name>.text.fseeko</name>
         <load_address>0x107e4</load_address>
         <readonly>true</readonly>
         <executable>true</executable>
         <run_address>0x107e4</run_address>
         <size>0x6c</size>
         <alignment>0x4</alignment>
         <input_file_ref idref="fl-50"/>
      </object_component>
      <object_component id="oc-30c">
         <name>.text.getdevice</name>
         <load_address>0x10850</load_address>
         <readonly>true</readonly>
         <executable>true</executable>
         <run_address>0x10850</run_address>
         <size>0x6c</size>
         <alignment>0x4</alignment>
         <input_file_ref idref="fl-10c"/>
      </object_component>
      <object_component id="oc-1d4">
         <name>.text.__ledf2</name>
         <load_address>0x108bc</load_address>
         <readonly>true</readonly>
         <executable>true</executable>
         <run_address>0x108bc</run_address>
         <size>0x68</size>
         <alignment>0x4</alignment>
         <input_file_ref idref="fl-10a"/>
      </object_component>
      <object_component id="oc-94">
         <name>.text.ADC_InDual</name>
         <load_address>0x10924</load_address>
         <readonly>true</readonly>
         <executable>true</executable>
         <run_address>0x10924</run_address>
         <size>0x64</size>
         <alignment>0x4</alignment>
         <input_file_ref idref="fl-1"/>
      </object_component>
      <object_component id="oc-227">
         <name>.text.__TI_wrt_ok</name>
         <load_address>0x10988</load_address>
         <readonly>true</readonly>
         <executable>true</executable>
         <run_address>0x10988</run_address>
         <size>0x64</size>
         <alignment>0x2</alignment>
         <input_file_ref idref="fl-39"/>
      </object_component>
      <object_component id="oc-31c">
         <name>.text.split</name>
         <load_address>0x109ec</load_address>
         <readonly>true</readonly>
         <executable>true</executable>
         <run_address>0x109ec</run_address>
         <size>0x64</size>
         <alignment>0x4</alignment>
         <input_file_ref idref="fl-44"/>
      </object_component>
      <object_component id="oc-15a">
         <name>.text.__aeabi_dcmp</name>
         <load_address>0x10a50</load_address>
         <readonly>true</readonly>
         <executable>true</executable>
         <run_address>0x10a50</run_address>
         <size>0x62</size>
         <alignment>0x4</alignment>
         <input_file_ref idref="fl-102"/>
      </object_component>
      <object_component id="oc-2a6">
         <name>.text.HOSTopen</name>
         <load_address>0x10ab4</load_address>
         <readonly>true</readonly>
         <executable>true</executable>
         <run_address>0x10ab4</run_address>
         <size>0x60</size>
         <alignment>0x4</alignment>
         <input_file_ref idref="fl-f5"/>
      </object_component>
      <object_component id="oc-b6">
         <name>.text.printf</name>
         <load_address>0x10b14</load_address>
         <readonly>true</readonly>
         <executable>true</executable>
         <run_address>0x10b14</run_address>
         <size>0x5c</size>
         <alignment>0x4</alignment>
         <input_file_ref idref="fl-34"/>
      </object_component>
      <object_component id="oc-155">
         <name>.text.setPixelBuffer</name>
         <load_address>0x10b70</load_address>
         <readonly>true</readonly>
         <executable>true</executable>
         <run_address>0x10b70</run_address>
         <size>0x5c</size>
         <alignment>0x4</alignment>
         <input_file_ref idref="fl-2"/>
      </object_component>
      <object_component id="oc-2ae">
         <name>.text.HOSTread</name>
         <load_address>0x10bcc</load_address>
         <readonly>true</readonly>
         <executable>true</executable>
         <run_address>0x10bcc</run_address>
         <size>0x58</size>
         <alignment>0x4</alignment>
         <input_file_ref idref="fl-f6"/>
      </object_component>
      <object_component id="oc-2b2">
         <name>.text.HOSTwrite</name>
         <load_address>0x10c24</load_address>
         <readonly>true</readonly>
         <executable>true</executable>
         <run_address>0x10c24</run_address>
         <size>0x58</size>
         <alignment>0x4</alignment>
         <input_file_ref idref="fl-f9"/>
      </object_component>
      <object_component id="oc-151">
         <name>.text.__aeabi_idivmod</name>
         <load_address>0x10c7c</load_address>
         <readonly>true</readonly>
         <executable>true</executable>
         <run_address>0x10c7c</run_address>
         <size>0x56</size>
         <alignment>0x4</alignment>
         <input_file_ref idref="fl-103"/>
      </object_component>
      <object_component id="oc-173">
         <name>.text.compareSprites</name>
         <load_address>0x10cd2</load_address>
         <readonly>true</readonly>
         <executable>true</executable>
         <run_address>0x10cd2</run_address>
         <size>0x56</size>
         <alignment>0x2</alignment>
         <input_file_ref idref="fl-e"/>
      </object_component>
      <object_component id="oc-231">
         <name>.text.__TI_doflush</name>
         <load_address>0x10d28</load_address>
         <readonly>true</readonly>
         <executable>true</executable>
         <run_address>0x10d28</run_address>
         <size>0x52</size>
         <alignment>0x2</alignment>
         <input_file_ref idref="fl-4f"/>
      </object_component>
      <object_component id="oc-2cc">
         <name>.text.close</name>
         <load_address>0x10d7c</load_address>
         <readonly>true</readonly>
         <executable>true</executable>
         <run_address>0x10d7c</run_address>
         <size>0x50</size>
         <alignment>0x4</alignment>
         <input_file_ref idref="fl-f0"/>
      </object_component>
      <object_component id="oc-fb">
         <name>.text.RenderHUD</name>
         <load_address>0x10dcc</load_address>
         <readonly>true</readonly>
         <executable>true</executable>
         <run_address>0x10dcc</run_address>
         <size>0x4c</size>
         <alignment>0x4</alignment>
         <input_file_ref idref="fl-5"/>
      </object_component>
      <object_component id="oc-10a">
         <name>.text.__fixdfsi</name>
         <load_address>0x10e18</load_address>
         <readonly>true</readonly>
         <executable>true</executable>
         <run_address>0x10e18</run_address>
         <size>0x4a</size>
         <alignment>0x4</alignment>
         <input_file_ref idref="fl-ff"/>
      </object_component>
      <object_component id="oc-2aa">
         <name>.text.HOSTclose</name>
         <load_address>0x10e64</load_address>
         <readonly>true</readonly>
         <executable>true</executable>
         <run_address>0x10e64</run_address>
         <size>0x48</size>
         <alignment>0x4</alignment>
         <input_file_ref idref="fl-f3"/>
      </object_component>
      <object_component id="oc-2ba">
         <name>.text.HOSTunlink</name>
         <load_address>0x10eac</load_address>
         <readonly>true</readonly>
         <executable>true</executable>
         <run_address>0x10eac</run_address>
         <size>0x48</size>
         <alignment>0x4</alignment>
         <input_file_ref idref="fl-f8"/>
      </object_component>
      <object_component id="oc-1c6">
         <name>.text.SPI_OutCommand</name>
         <load_address>0x10ef4</load_address>
         <readonly>true</readonly>
         <executable>true</executable>
         <run_address>0x10ef4</run_address>
         <size>0x48</size>
         <alignment>0x4</alignment>
         <input_file_ref idref="fl-8"/>
      </object_component>
      <object_component id="oc-ec">
         <name>.text.Sound_Init</name>
         <load_address>0x10f3c</load_address>
         <readonly>true</readonly>
         <executable>true</executable>
         <run_address>0x10f3c</run_address>
         <size>0x48</size>
         <alignment>0x4</alignment>
         <input_file_ref idref="fl-a"/>
      </object_component>
      <object_component id="oc-3c">
         <name>.text.TIMG12_IRQHandler</name>
         <load_address>0x10f84</load_address>
         <readonly>true</readonly>
         <executable>true</executable>
         <run_address>0x10f84</run_address>
         <size>0x48</size>
         <alignment>0x4</alignment>
         <input_file_ref idref="fl-6"/>
      </object_component>
      <object_component id="oc-ed">
         <name>.text.Input_Init</name>
         <load_address>0x10fcc</load_address>
         <readonly>true</readonly>
         <executable>true</executable>
         <run_address>0x10fcc</run_address>
         <size>0x44</size>
         <alignment>0x4</alignment>
         <input_file_ref idref="fl-5"/>
      </object_component>
      <object_component id="oc-37">
         <name>.text.SysTick_Handler</name>
         <load_address>0x11010</load_address>
         <readonly>true</readonly>
         <executable>true</executable>
         <run_address>0x11010</run_address>
         <size>0x44</size>
         <alignment>0x4</alignment>
         <input_file_ref idref="fl-a"/>
      </object_component>
      <object_component id="oc-1a8">
         <name>.text.SPI_Reset</name>
         <load_address>0x11054</load_address>
         <readonly>true</readonly>
         <executable>true</executable>
         <run_address>0x11054</run_address>
         <size>0x40</size>
         <alignment>0x4</alignment>
         <input_file_ref idref="fl-8"/>
      </object_component>
      <object_component id="oc-15e">
         <name>.text.__aeabi_uidivmod</name>
         <load_address>0x11094</load_address>
         <readonly>true</readonly>
         <executable>true</executable>
         <run_address>0x11094</run_address>
         <size>0x40</size>
         <alignment>0x4</alignment>
         <input_file_ref idref="fl-106"/>
      </object_component>
      <object_component id="oc-250">
         <name>.text._search_fp</name>
         <load_address>0x110d4</load_address>
         <readonly>true</readonly>
         <executable>true</executable>
         <run_address>0x110d4</run_address>
         <size>0x40</size>
         <alignment>0x4</alignment>
         <input_file_ref idref="fl-36"/>
      </object_component>
      <object_component id="oc-105">
         <name>.text.fastSin</name>
         <load_address>0x11114</load_address>
         <readonly>true</readonly>
         <executable>true</executable>
         <run_address>0x11114</run_address>
         <size>0x3c</size>
         <alignment>0x4</alignment>
         <input_file_ref idref="fl-5"/>
      </object_component>
      <object_component id="oc-c7">
         <name>.text:__TI_auto_init_nobinit_nopinit</name>
         <load_address>0x11150</load_address>
         <readonly>true</readonly>
         <executable>true</executable>
         <run_address>0x11150</run_address>
         <size>0x3c</size>
         <alignment>0x4</alignment>
         <input_file_ref idref="fl-53"/>
      </object_component>
      <object_component id="oc-fe">
         <name>.text.__muldsi3</name>
         <load_address>0x1118c</load_address>
         <readonly>true</readonly>
         <executable>true</executable>
         <run_address>0x1118c</run_address>
         <size>0x3a</size>
         <alignment>0x4</alignment>
         <input_file_ref idref="fl-fd"/>
      </object_component>
      <object_component id="oc-133">
         <name>.text.ActivatePortA_B</name>
         <load_address>0x111c8</load_address>
         <readonly>true</readonly>
         <executable>true</executable>
         <run_address>0x111c8</run_address>
         <size>0x38</size>
         <alignment>0x4</alignment>
         <input_file_ref idref="fl-7"/>
      </object_component>
      <object_component id="oc-fc">
         <name>.text.RenderBuffer</name>
         <load_address>0x11200</load_address>
         <readonly>true</readonly>
         <executable>true</executable>
         <run_address>0x11200</run_address>
         <size>0x38</size>
         <alignment>0x4</alignment>
         <input_file_ref idref="fl-2"/>
      </object_component>
      <object_component id="oc-181">
         <name>.text.SPI_OutData</name>
         <load_address>0x11238</load_address>
         <readonly>true</readonly>
         <executable>true</executable>
         <run_address>0x11238</run_address>
         <size>0x38</size>
         <alignment>0x4</alignment>
         <input_file_ref idref="fl-8"/>
      </object_component>
      <object_component id="oc-103">
         <name>.text.Sound_Start</name>
         <load_address>0x11270</load_address>
         <readonly>true</readonly>
         <executable>true</executable>
         <run_address>0x11270</run_address>
         <size>0x38</size>
         <alignment>0x4</alignment>
         <input_file_ref idref="fl-a"/>
      </object_component>
      <object_component id="oc-14b">
         <name>.text.rand</name>
         <load_address>0x112a8</load_address>
         <readonly>true</readonly>
         <executable>true</executable>
         <run_address>0x112a8</run_address>
         <size>0x38</size>
         <alignment>0x4</alignment>
         <input_file_ref idref="fl-46"/>
      </object_component>
      <object_component id="oc-23b">
         <name>.text.Clock_Delay1ms</name>
         <load_address>0x112e0</load_address>
         <readonly>true</readonly>
         <executable>true</executable>
         <run_address>0x112e0</run_address>
         <size>0x34</size>
         <alignment>0x4</alignment>
         <input_file_ref idref="fl-3"/>
      </object_component>
      <object_component id="oc-23e">
         <name>.text.ST7735_SetCursor</name>
         <load_address>0x11314</load_address>
         <readonly>true</readonly>
         <executable>true</executable>
         <run_address>0x11314</run_address>
         <size>0x34</size>
         <alignment>0x4</alignment>
         <input_file_ref idref="fl-9"/>
      </object_component>
      <object_component id="oc-1be">
         <name>.text.ST7735_write</name>
         <load_address>0x11348</load_address>
         <readonly>true</readonly>
         <executable>true</executable>
         <run_address>0x11348</run_address>
         <size>0x34</size>
         <alignment>0x2</alignment>
         <input_file_ref idref="fl-9"/>
      </object_component>
      <object_component id="oc-25d">
         <name>.text.__TI_cleanup</name>
         <load_address>0x1137c</load_address>
         <readonly>true</readonly>
         <executable>true</executable>
         <run_address>0x1137c</run_address>
         <size>0x34</size>
         <alignment>0x4</alignment>
         <input_file_ref idref="fl-36"/>
      </object_component>
      <object_component id="oc-2f4">
         <name>.text.__TI_readmsg</name>
         <load_address>0x113b0</load_address>
         <readonly>true</readonly>
         <executable>true</executable>
         <run_address>0x113b0</run_address>
         <size>0x34</size>
         <alignment>0x4</alignment>
         <input_file_ref idref="fl-fa"/>
      </object_component>
      <object_component id="oc-2ee">
         <name>.text.__TI_writemsg</name>
         <load_address>0x113e4</load_address>
         <readonly>true</readonly>
         <executable>true</executable>
         <run_address>0x113e4</run_address>
         <size>0x34</size>
         <alignment>0x4</alignment>
         <input_file_ref idref="fl-fa"/>
      </object_component>
      <object_component id="oc-c5">
         <name>.text.exit</name>
         <load_address>0x11418</load_address>
         <readonly>true</readonly>
         <executable>true</executable>
         <run_address>0x11418</run_address>
         <size>0x34</size>
         <alignment>0x4</alignment>
         <input_file_ref idref="fl-3d"/>
      </object_component>
      <object_component id="oc-244">
         <name>.text.finddevice</name>
         <load_address>0x1144c</load_address>
         <readonly>true</readonly>
         <executable>true</executable>
         <run_address>0x1144c</run_address>
         <size>0x34</size>
         <alignment>0x4</alignment>
         <input_file_ref idref="fl-10c"/>
      </object_component>
      <object_component id="oc-1b6">
         <name>.text.freopen</name>
         <load_address>0x11480</load_address>
         <readonly>true</readonly>
         <executable>true</executable>
         <run_address>0x11480</run_address>
         <size>0x34</size>
         <alignment>0x4</alignment>
         <input_file_ref idref="fl-36"/>
      </object_component>
      <object_component id="oc-23c">
         <name>.text.commonInit</name>
         <load_address>0x114b4</load_address>
         <readonly>true</readonly>
         <executable>true</executable>
         <run_address>0x114b4</run_address>
         <size>0x30</size>
         <alignment>0x4</alignment>
         <input_file_ref idref="fl-9"/>
      </object_component>
      <object_component id="oc-104">
         <name>.text.fastCos</name>
         <load_address>0x114e4</load_address>
         <readonly>true</readonly>
         <executable>true</executable>
         <run_address>0x114e4</run_address>
         <size>0x30</size>
         <alignment>0x4</alignment>
         <input_file_ref idref="fl-5"/>
      </object_component>
      <object_component id="oc-1b0">
         <name>.text.fopen</name>
         <load_address>0x11514</load_address>
         <readonly>true</readonly>
         <executable>true</executable>
         <run_address>0x11514</run_address>
         <size>0x30</size>
         <alignment>0x4</alignment>
         <input_file_ref idref="fl-36"/>
      </object_component>
      <object_component id="oc-a6">
         <name>.text.RenderScene</name>
         <load_address>0x11544</load_address>
         <readonly>true</readonly>
         <executable>true</executable>
         <run_address>0x11544</run_address>
         <size>0x2c</size>
         <alignment>0x2</alignment>
         <input_file_ref idref="fl-5"/>
      </object_component>
      <object_component id="oc-b1">
         <name>.text.ST7735_FillScreen</name>
         <load_address>0x11570</load_address>
         <readonly>true</readonly>
         <executable>true</executable>
         <run_address>0x11570</run_address>
         <size>0x2c</size>
         <alignment>0x4</alignment>
         <input_file_ref idref="fl-9"/>
      </object_component>
      <object_component id="oc-a5">
         <name>.text.SystemInit</name>
         <load_address>0x1159c</load_address>
         <readonly>true</readonly>
         <executable>true</executable>
         <run_address>0x1159c</run_address>
         <size>0x2c</size>
         <alignment>0x4</alignment>
         <input_file_ref idref="fl-5"/>
      </object_component>
      <object_component id="oc-a7">
         <name>.text.__floatsidf</name>
         <load_address>0x115c8</load_address>
         <readonly>true</readonly>
         <executable>true</executable>
         <run_address>0x115c8</run_address>
         <size>0x2c</size>
         <alignment>0x4</alignment>
         <input_file_ref idref="fl-100"/>
      </object_component>
      <object_component id="oc-314">
         <name>.text.unlink</name>
         <load_address>0x115f4</load_address>
         <readonly>true</readonly>
         <executable>true</executable>
         <run_address>0x115f4</run_address>
         <size>0x2c</size>
         <alignment>0x4</alignment>
         <input_file_ref idref="fl-f2"/>
      </object_component>
      <object_component id="oc-2d9">
         <name>.text.free_list_insert</name>
         <load_address>0x11620</load_address>
         <readonly>true</readonly>
         <executable>true</executable>
         <run_address>0x11620</run_address>
         <size>0x28</size>
         <alignment>0x4</alignment>
         <input_file_ref idref="fl-44"/>
      </object_component>
      <object_component id="oc-321">
         <name>.text.lseek</name>
         <load_address>0x11648</load_address>
         <readonly>true</readonly>
         <executable>true</executable>
         <run_address>0x11648</run_address>
         <size>0x28</size>
         <alignment>0x4</alignment>
         <input_file_ref idref="fl-ef"/>
      </object_component>
      <object_component id="oc-22d">
         <name>.text.write</name>
         <load_address>0x11670</load_address>
         <readonly>true</readonly>
         <executable>true</executable>
         <run_address>0x11670</run_address>
         <size>0x28</size>
         <alignment>0x4</alignment>
         <input_file_ref idref="fl-eb"/>
      </object_component>
      <object_component id="oc-5c">
         <name>.text:_c_int00_noargs</name>
         <load_address>0x11698</load_address>
         <readonly>true</readonly>
         <executable>true</executable>
         <run_address>0x11698</run_address>
         <size>0x28</size>
         <alignment>0x4</alignment>
         <input_file_ref idref="fl-4a"/>
      </object_component>
      <object_component id="oc-13c">
         <name>.text.Joy_Init</name>
         <load_address>0x116c0</load_address>
         <readonly>true</readonly>
         <executable>true</executable>
         <run_address>0x116c0</run_address>
         <size>0x24</size>
         <alignment>0x4</alignment>
         <input_file_ref idref="fl-6"/>
      </object_component>
      <object_component id="oc-20b">
         <name>.text.memccpy</name>
         <load_address>0x116e4</load_address>
         <readonly>true</readonly>
         <executable>true</executable>
         <run_address>0x116e4</run_address>
         <size>0x22</size>
         <alignment>0x2</alignment>
         <input_file_ref idref="fl-43"/>
      </object_component>
      <object_component id="oc-ee">
         <name>.text.Graphics_Init</name>
         <load_address>0x11708</load_address>
         <readonly>true</readonly>
         <executable>true</executable>
         <run_address>0x11708</run_address>
         <size>0x20</size>
         <alignment>0x4</alignment>
         <input_file_ref idref="fl-5"/>
      </object_component>
      <object_component id="oc-31e">
         <name>.text.pushColor</name>
         <load_address>0x11728</load_address>
         <readonly>true</readonly>
         <executable>true</executable>
         <run_address>0x11728</run_address>
         <size>0x1e</size>
         <alignment>0x2</alignment>
         <input_file_ref idref="fl-9"/>
      </object_component>
      <object_component id="oc-35">
         <name>.text.Default_Handler</name>
         <load_address>0x11748</load_address>
         <readonly>true</readonly>
         <executable>true</executable>
         <run_address>0x11748</run_address>
         <size>0x1c</size>
         <alignment>0x4</alignment>
         <input_file_ref idref="fl-f"/>
      </object_component>
      <object_component id="oc-36">
         <name>.text.HardFault_Handler</name>
         <load_address>0x11764</load_address>
         <readonly>true</readonly>
         <executable>true</executable>
         <run_address>0x11764</run_address>
         <size>0x1c</size>
         <alignment>0x4</alignment>
         <input_file_ref idref="fl-f"/>
      </object_component>
      <object_component id="oc-71">
         <name>.text.Joy_In</name>
         <load_address>0x11780</load_address>
         <readonly>true</readonly>
         <executable>true</executable>
         <run_address>0x11780</run_address>
         <size>0x1c</size>
         <alignment>0x4</alignment>
         <input_file_ref idref="fl-6"/>
      </object_component>
      <object_component id="oc-2d7">
         <name>.text.free_list_remove</name>
         <load_address>0x1179c</load_address>
         <readonly>true</readonly>
         <executable>true</executable>
         <run_address>0x1179c</run_address>
         <size>0x1c</size>
         <alignment>0x4</alignment>
         <input_file_ref idref="fl-44"/>
      </object_component>
      <object_component id="oc-1c1">
         <name>.text.ST7735_open</name>
         <load_address>0x117b8</load_address>
         <readonly>true</readonly>
         <executable>true</executable>
         <run_address>0x117b8</run_address>
         <size>0x16</size>
         <alignment>0x2</alignment>
         <input_file_ref idref="fl-9"/>
      </object_component>
      <object_component id="oc-1bf">
         <name>.text.ST7735_read</name>
         <load_address>0x117ce</load_address>
         <readonly>true</readonly>
         <executable>true</executable>
         <run_address>0x117ce</run_address>
         <size>0x16</size>
         <alignment>0x2</alignment>
         <input_file_ref idref="fl-9"/>
      </object_component>
      <object_component id="oc-68">
         <name>.text.DAC_Out</name>
         <load_address>0x117e4</load_address>
         <readonly>true</readonly>
         <executable>true</executable>
         <run_address>0x117e4</run_address>
         <size>0x14</size>
         <alignment>0x4</alignment>
         <input_file_ref idref="fl-4"/>
      </object_component>
      <object_component id="oc-9b">
         <name>.text:TI_memcpy_small</name>
         <load_address>0x117f8</load_address>
         <readonly>true</readonly>
         <executable>true</executable>
         <run_address>0x117f8</run_address>
         <size>0x12</size>
         <alignment>0x1</alignment>
         <input_file_ref idref="fl-10d"/>
      </object_component>
      <object_component id="oc-20">
         <name>.text:decompress:none</name>
         <load_address>0x1180a</load_address>
         <readonly>true</readonly>
         <executable>true</executable>
         <run_address>0x1180a</run_address>
         <size>0x12</size>
         <alignment>0x2</alignment>
         <input_file_ref idref="fl-48"/>
      </object_component>
      <object_component id="oc-1a3">
         <name>.text.Clock_Delay</name>
         <load_address>0x1181c</load_address>
         <readonly>true</readonly>
         <executable>true</executable>
         <run_address>0x1181c</run_address>
         <size>0x10</size>
         <alignment>0x2</alignment>
         <input_file_ref idref="fl-3"/>
      </object_component>
      <object_component id="oc-1a2">
         <name>.text.Delay</name>
         <load_address>0x1182c</load_address>
         <readonly>true</readonly>
         <executable>true</executable>
         <run_address>0x1182c</run_address>
         <size>0x10</size>
         <alignment>0x2</alignment>
         <input_file_ref idref="fl-7"/>
      </object_component>
      <object_component id="oc-af">
         <name>.text.ReadKeys</name>
         <load_address>0x1183c</load_address>
         <readonly>true</readonly>
         <executable>true</executable>
         <run_address>0x1183c</run_address>
         <size>0x10</size>
         <alignment>0x4</alignment>
         <input_file_ref idref="fl-5"/>
      </object_component>
      <object_component id="oc-59">
         <name>.text:decompress:ZI</name>
         <load_address>0x1184c</load_address>
         <readonly>true</readonly>
         <executable>true</executable>
         <run_address>0x1184c</run_address>
         <size>0x10</size>
         <alignment>0x2</alignment>
         <input_file_ref idref="fl-47"/>
      </object_component>
      <object_component id="oc-2d8">
         <name>.text.OUTLINED_FUNCTION_0</name>
         <load_address>0x1185c</load_address>
         <readonly>true</readonly>
         <executable>true</executable>
         <run_address>0x1185c</run_address>
         <size>0xe</size>
         <alignment>0x2</alignment>
         <input_file_ref idref="fl-44"/>
      </object_component>
      <object_component id="oc-1bd">
         <name>.text.ST7735_lseek</name>
         <load_address>0x1186a</load_address>
         <readonly>true</readonly>
         <executable>true</executable>
         <run_address>0x1186a</run_address>
         <size>0xe</size>
         <alignment>0x2</alignment>
         <input_file_ref idref="fl-9"/>
      </object_component>
      <object_component id="oc-20a">
         <name>.text.__aeabi_memset</name>
         <load_address>0x11878</load_address>
         <readonly>true</readonly>
         <executable>true</executable>
         <run_address>0x11878</run_address>
         <size>0xe</size>
         <alignment>0x4</alignment>
         <input_file_ref idref="fl-105"/>
      </object_component>
      <object_component id="oc-308">
         <name>.text.strcpy</name>
         <load_address>0x11886</load_address>
         <readonly>true</readonly>
         <executable>true</executable>
         <run_address>0x11886</run_address>
         <size>0xe</size>
         <alignment>0x2</alignment>
         <input_file_ref idref="fl-f7"/>
      </object_component>
      <object_component id="oc-209">
         <name>.text.strlen</name>
         <load_address>0x11894</load_address>
         <readonly>true</readonly>
         <executable>true</executable>
         <run_address>0x11894</run_address>
         <size>0xe</size>
         <alignment>0x2</alignment>
         <input_file_ref idref="fl-35"/>
      </object_component>
      <object_component id="oc-309">
         <name>.text.strlen</name>
         <load_address>0x118a2</load_address>
         <readonly>true</readonly>
         <executable>true</executable>
         <run_address>0x118a2</run_address>
         <size>0xe</size>
         <alignment>0x2</alignment>
         <input_file_ref idref="fl-f7"/>
      </object_component>
      <object_component id="oc-dc">
         <name>.text:TI_memset_small</name>
         <load_address>0x118b0</load_address>
         <readonly>true</readonly>
         <executable>true</executable>
         <run_address>0x118b0</run_address>
         <size>0xe</size>
         <alignment>0x1</alignment>
         <input_file_ref idref="fl-10e"/>
      </object_component>
      <object_component id="oc-1a7">
         <name>.text.Clock_Freq</name>
         <load_address>0x118c0</load_address>
         <readonly>true</readonly>
         <executable>true</executable>
         <run_address>0x118c0</run_address>
         <size>0xc</size>
         <alignment>0x4</alignment>
         <input_file_ref idref="fl-3"/>
      </object_component>
      <object_component id="oc-1bb">
         <name>.text.ST7735_rename</name>
         <load_address>0x118cc</load_address>
         <readonly>true</readonly>
         <executable>true</executable>
         <run_address>0x118cc</run_address>
         <size>0xc</size>
         <alignment>0x2</alignment>
         <input_file_ref idref="fl-9"/>
      </object_component>
      <object_component id="oc-7b">
         <name>.text.__aeabi_memclr</name>
         <load_address>0x118d8</load_address>
         <readonly>true</readonly>
         <executable>true</executable>
         <run_address>0x118d8</run_address>
         <size>0xc</size>
         <alignment>0x4</alignment>
         <input_file_ref idref="fl-105"/>
      </object_component>
      <object_component id="oc-25c">
         <name>.text.malloc</name>
         <load_address>0x118e4</load_address>
         <readonly>true</readonly>
         <executable>true</executable>
         <run_address>0x118e4</run_address>
         <size>0xc</size>
         <alignment>0x2</alignment>
         <input_file_ref idref="fl-44"/>
      </object_component>
      <object_component id="oc-1ee">
         <name>.text.OUTLINED_FUNCTION_0</name>
         <load_address>0x118f0</load_address>
         <readonly>true</readonly>
         <executable>true</executable>
         <run_address>0x118f0</run_address>
         <size>0xa</size>
         <alignment>0x2</alignment>
         <input_file_ref idref="fl-30"/>
      </object_component>
      <object_component id="oc-376">
         <name>.tramp.__aeabi_dmul.1</name>
         <load_address>0x118fc</load_address>
         <readonly>true</readonly>
         <executable>true</executable>
         <run_address>0x118fc</run_address>
         <size>0x10</size>
         <alignment>0x4</alignment>
         <input_file_ref idref="fl-fc"/>
      </object_component>
      <object_component id="oc-1f4">
         <name>.text.OUTLINED_FUNCTION_1</name>
         <load_address>0x1190c</load_address>
         <readonly>true</readonly>
         <executable>true</executable>
         <run_address>0x1190c</run_address>
         <size>0xa</size>
         <alignment>0x2</alignment>
         <input_file_ref idref="fl-30"/>
      </object_component>
      <object_component id="oc-1ec">
         <name>.text.OUTLINED_FUNCTION_6</name>
         <load_address>0x11916</load_address>
         <readonly>true</readonly>
         <executable>true</executable>
         <run_address>0x11916</run_address>
         <size>0xa</size>
         <alignment>0x2</alignment>
[...]
         <value>0x0</value>
      </symbol>
      <symbol id="sm-1f1">
         <name>__TI_ATRegion1_src_addr</name>
         <value>0x0</value>
      </symbol>
      <symbol id="sm-1f2">
         <name>__TI_ATRegion1_trg_addr</name>
         <value>0x0</value>
      </symbol>
      <symbol id="sm-1f3">
         <name>__TI_ATRegion1_region_sz</name>
         <value>0x0</value>
      </symbol>
      <symbol id="sm-1f4">
         <name>__TI_ATRegion2_src_addr</name>
         <value>0x0</value>
      </symbol>
      <symbol id="sm-1f5">
         <name>__TI_ATRegion2_trg_addr</name>
         <value>0x0</value>
      </symbol>
      <symbol id="sm-1f6">
         <name>__TI_ATRegion2_region_sz</name>
         <value>0x0</value>
      </symbol>
      <symbol id="sm-22a">
         <name>pow</name>
         <value>0xc311</value>
         <object_component_ref idref="oc-168"/>
      </symbol>
      <symbol id="sm-22b">
         <name>powl</name>
         <value>0xc311</value>
         <object_component_ref idref="oc-168"/>
      </symbol>
      <symbol id="sm-235">
         <name>sqrt</name>
         <value>0xe6ed</value>
         <object_component_ref idref="oc-1fa"/>
      </symbol>
      <symbol id="sm-236">
         <name>sqrtl</name>
         <value>0xe6ed</value>
         <object_component_ref idref="oc-1fa"/>
      </symbol>
      <symbol id="sm-240">
         <name>floor</name>
         <value>0xe9b1</value>
         <object_component_ref idref="oc-162"/>
      </symbol>
      <symbol id="sm-241">
         <name>floorl</name>
         <value>0xe9b1</value>
         <object_component_ref idref="oc-162"/>
      </symbol>
      <symbol id="sm-24b">
         <name>scalbn</name>
         <value>0xfbfd</value>
         <object_component_ref idref="oc-1f5"/>
      </symbol>
      <symbol id="sm-24c">
         <name>ldexp</name>
         <value>0xfbfd</value>
         <object_component_ref idref="oc-1f5"/>
      </symbol>
      <symbol id="sm-24d">
         <name>scalbnl</name>
         <value>0xfbfd</value>
         <object_component_ref idref="oc-1f5"/>
      </symbol>
      <symbol id="sm-24e">
         <name>ldexpl</name>
         <value>0xfbfd</value>
         <object_component_ref idref="oc-1f5"/>
      </symbol>
      <symbol id="sm-25f">
         <name>printf</name>
         <value>0x10b15</value>
         <object_component_ref idref="oc-b6"/>
      </symbol>
      <symbol id="sm-275">
         <name>__TI_printfi_minimal</name>
         <value>0xdb45</value>
         <object_component_ref idref="oc-182"/>
      </symbol>
      <symbol id="sm-28e">
         <name>fopen</name>
         <value>0x11515</value>
         <object_component_ref idref="oc-1b0"/>
      </symbol>
      <symbol id="sm-28f">
         <name>__TI_cleanup</name>
         <value>0x1137d</value>
         <object_component_ref idref="oc-25d"/>
      </symbol>
      <symbol id="sm-290">
         <name>freopen</name>
         <value>0x11481</value>
         <object_component_ref idref="oc-1b6"/>
      </symbol>
      <symbol id="sm-29b">
         <name>fputc</name>
         <value>0x1002d</value>
         <object_component_ref idref="oc-199"/>
      </symbol>
      <symbol id="sm-2a6">
         <name>fputs</name>
         <value>0xf499</value>
         <object_component_ref idref="oc-193"/>
      </symbol>
      <symbol id="sm-2b0">
         <name>__TI_wrt_ok</name>
         <value>0x10989</value>
         <object_component_ref idref="oc-227"/>
      </symbol>
      <symbol id="sm-2ba">
         <name>setvbuf</name>
         <value>0xfb1d</value>
         <object_component_ref idref="oc-1b7"/>
      </symbol>
      <symbol id="sm-2c6">
         <name>__aeabi_errno_addr</name>
         <value>0x1194d</value>
         <object_component_ref idref="oc-1e6"/>
      </symbol>
      <symbol id="sm-2c7">
         <name>__aeabi_errno</name>
         <value>0x2020608c</value>
         <object_component_ref idref="oc-267"/>
      </symbol>
      <symbol id="sm-2d5">
         <name>abort</name>
         <value>0x119b5</value>
         <object_component_ref idref="oc-c0"/>
      </symbol>
      <symbol id="sm-2d6">
         <name>C$$EXIT</name>
         <value>0x119b4</value>
         <object_component_ref idref="oc-c0"/>
      </symbol>
      <symbol id="sm-2d7">
         <name>__TI_cleanup_ptr</name>
         <value>0x2020603c</value>
         <object_component_ref idref="oc-128"/>
      </symbol>
      <symbol id="sm-2d8">
         <name>__TI_dtors_ptr</name>
         <value>0x20206040</value>
         <object_component_ref idref="oc-128"/>
      </symbol>
      <symbol id="sm-2d9">
         <name>exit</name>
         <value>0x11419</value>
         <object_component_ref idref="oc-c5"/>
      </symbol>
      <symbol id="sm-2e2">
         <name>_nop</name>
         <value>0xfeef</value>
         <object_component_ref idref="oc-18a"/>
      </symbol>
      <symbol id="sm-2e3">
         <name>_lock</name>
         <value>0x20206090</value>
         <object_component_ref idref="oc-11d"/>
      </symbol>
      <symbol id="sm-2e4">
         <name>_unlock</name>
         <value>0x20206094</value>
         <object_component_ref idref="oc-123"/>
      </symbol>
      <symbol id="sm-2ec">
         <name>_ftable</name>
         <value>0x20205e20</value>
         <object_component_ref idref="oc-11f"/>
      </symbol>
      <symbol id="sm-2ed">
         <name>__TI_ft_end</name>
         <value>0x20206088</value>
         <object_component_ref idref="oc-2c7"/>
      </symbol>
      <symbol id="sm-2ee">
         <name>__TI_tmpnams</name>
         <value>0x20205860</value>
         <object_component_ref idref="oc-2d4"/>
      </symbol>
      <symbol id="sm-2f7">
         <name>memccpy</name>
         <value>0x116e5</value>
         <object_component_ref idref="oc-20b"/>
      </symbol>
      <symbol id="sm-31a">
         <name>malloc</name>
         <value>0x118e5</value>
         <object_component_ref idref="oc-25c"/>
      </symbol>
      <symbol id="sm-31b">
         <name>aligned_alloc</name>
         <value>0xef79</value>
         <object_component_ref idref="oc-2da"/>
      </symbol>
      <symbol id="sm-31c">
         <name>free</name>
         <value>0xf951</value>
         <object_component_ref idref="oc-25a"/>
      </symbol>
      <symbol id="sm-31d">
         <name>_sys_memory</name>
         <value>0x202060b8</value>
         <object_component_ref idref="oc-2f"/>
      </symbol>
      <symbol id="sm-31e">
         <name>memalign</name>
         <value>0xef79</value>
         <object_component_ref idref="oc-2da"/>
      </symbol>
      <symbol id="sm-327">
         <name>qsort</name>
         <value>0xeaf5</value>
         <object_component_ref idref="oc-16e"/>
      </symbol>
      <symbol id="sm-334">
         <name>rand</name>
         <value>0x112a9</value>
         <object_component_ref idref="oc-14b"/>
      </symbol>
      <symbol id="sm-33e">
         <name>__TI_zero_init</name>
         <value>0x1184d</value>
         <object_component_ref idref="oc-59"/>
      </symbol>
      <symbol id="sm-347">
         <name>__TI_decompress_none</name>
         <value>0x1180b</value>
         <object_component_ref idref="oc-20"/>
      </symbol>
      <symbol id="sm-352">
         <name>__TI_decompress_lzss</name>
         <value>0x1061d</value>
         <object_component_ref idref="oc-1c"/>
      </symbol>
      <symbol id="sm-35d">
         <name>_c_int00_noargs</name>
         <value>0x11699</value>
         <object_component_ref idref="oc-5c"/>
      </symbol>
      <symbol id="sm-35e">
         <name>__stack</name>
         <value>0x20207e00</value>
         <object_component_ref idref="oc-1a"/>
      </symbol>
      <symbol id="sm-36c">
         <name>__TI_closefile</name>
         <value>0x105a1</value>
         <object_component_ref idref="oc-254"/>
      </symbol>
      <symbol id="sm-376">
         <name>__TI_doflush</name>
         <value>0x10d29</value>
         <object_component_ref idref="oc-231"/>
      </symbol>
      <symbol id="sm-383">
         <name>fseek</name>
         <value>0x1196d</value>
         <object_component_ref idref="oc-290"/>
      </symbol>
      <symbol id="sm-384">
         <name>fseeko</name>
         <value>0x107e5</value>
         <object_component_ref idref="oc-2ea"/>
      </symbol>
      <symbol id="sm-390">
         <name>__TI_auto_init_nobinit_nopinit</name>
         <value>0x11151</value>
         <object_component_ref idref="oc-c7"/>
      </symbol>
      <symbol id="sm-398">
         <name>_system_pre_init</name>
         <value>0x1030d</value>
         <object_component_ref idref="oc-80"/>
      </symbol>
      <symbol id="sm-3a3">
         <name>write</name>
         <value>0x11671</value>
         <object_component_ref idref="oc-22d"/>
      </symbol>
      <symbol id="sm-3a8">
         <name>_device</name>
         <value>0x20205f10</value>
         <object_component_ref idref="oc-24b"/>
      </symbol>
      <symbol id="sm-3a9">
         <name>_stream</name>
         <value>0x20205fd8</value>
         <object_component_ref idref="oc-298"/>
      </symbol>
      <symbol id="sm-3b2">
         <name>remove</name>
         <value>0x11975</value>
         <object_component_ref idref="oc-2d0"/>
      </symbol>
      <symbol id="sm-3be">
         <name>open</name>
         <value>0xfef1</value>
         <object_component_ref idref="oc-2c8"/>
      </symbol>
      <symbol id="sm-3c8">
         <name>lseek</name>
         <value>0x11649</value>
         <object_component_ref idref="oc-321"/>
      </symbol>
      <symbol id="sm-3d2">
         <name>close</name>
         <value>0x10d7d</value>
         <object_component_ref idref="oc-2cc"/>
      </symbol>
      <symbol id="sm-3de">
         <name>add_device</name>
         <value>0xf865</value>
         <object_component_ref idref="oc-1ac"/>
      </symbol>
      <symbol id="sm-3e8">
         <name>unlink</name>
         <value>0x115f5</value>
         <object_component_ref idref="oc-314"/>
      </symbol>
      <symbol id="sm-3f2">
         <name>HOSTclose</name>
         <value>0x10e65</value>
         <object_component_ref idref="oc-2aa"/>
      </symbol>
      <symbol id="sm-3fc">
         <name>HOSTlseek</name>
         <value>0x1070d</value>
         <object_component_ref idref="oc-2b6"/>
      </symbol>
      <symbol id="sm-406">
         <name>HOSTopen</name>
         <value>0x10ab5</value>
         <object_component_ref idref="oc-2a6"/>
      </symbol>
      <symbol id="sm-407">
         <name>parmbuf</name>
         <value>0x20205980</value>
         <object_component_ref idref="oc-2f5"/>
      </symbol>
      <symbol id="sm-411">
         <name>HOSTread</name>
         <value>0x10bcd</value>
         <object_component_ref idref="oc-2ae"/>
      </symbol>
      <symbol id="sm-422">
         <name>HOSTrename</name>
         <value>0x10779</value>
         <object_component_ref idref="oc-2be"/>
      </symbol>
      <symbol id="sm-42c">
         <name>HOSTunlink</name>
         <value>0x10ead</value>
         <object_component_ref idref="oc-2ba"/>
      </symbol>
      <symbol id="sm-436">
         <name>HOSTwrite</name>
         <value>0x10c25</value>
         <object_component_ref idref="oc-2b2"/>
      </symbol>
      <symbol id="sm-444">
         <name>C$$IO$$</name>
         <value>0x11411</value>
         <object_component_ref idref="oc-2ee"/>
      </symbol>
      <symbol id="sm-445">
         <name>__TI_writemsg</name>
         <value>0x113e5</value>
         <object_component_ref idref="oc-2ee"/>
      </symbol>
      <symbol id="sm-446">
         <name>__CIOBUF_</name>
         <value>0x20205740</value>
         <object_component_ref idref="oc-325"/>
      </symbol>
      <symbol id="sm-447">
         <name>__TI_readmsg</name>
         <value>0x113b1</value>
         <object_component_ref idref="oc-2f4"/>
      </symbol>
      <symbol id="sm-448">
         <name>_CIOBUF_</name>
         <value>0x20205740</value>
         <object_component_ref idref="oc-325"/>
      </symbol>
      <symbol id="sm-44e">
         <name>__aeabi_dadd</name>
         <value>0xe563</value>
         <object_component_ref idref="oc-106"/>
      </symbol>
      <symbol id="sm-44f">
         <name>__adddf3</name>
         <value>0xe563</value>
         <object_component_ref idref="oc-106"/>
      </symbol>
      <symbol id="sm-450">
         <name>__aeabi_dsub</name>
         <value>0xe559</value>
         <object_component_ref idref="oc-106"/>
      </symbol>
      <symbol id="sm-451">
         <name>__subdf3</name>
         <value>0xe559</value>
         <object_component_ref idref="oc-106"/>
      </symbol>
      <symbol id="sm-45d">
         <name>__aeabi_dmul</name>
         <value>0xfa39</value>
         <object_component_ref idref="oc-ab"/>
      </symbol>
      <symbol id="sm-45e">
         <name>__muldf3</name>
         <value>0xfa39</value>
         <object_component_ref idref="oc-ab"/>
      </symbol>
      <symbol id="sm-467">
         <name>__muldsi3</name>
         <value>0x1118d</value>
         <object_component_ref idref="oc-fe"/>
      </symbol>
      <symbol id="sm-46d">
         <name>__aeabi_ddiv</name>
         <value>0xf19d</value>
         <object_component_ref idref="oc-156"/>
      </symbol>
      <symbol id="sm-46e">
         <name>__divdf3</name>
         <value>0xf19d</value>
         <object_component_ref idref="oc-156"/>
      </symbol>
      <symbol id="sm-474">
         <name>__aeabi_d2iz</name>
         <value>0x10e19</value>
         <object_component_ref idref="oc-10a"/>
      </symbol>
      <symbol id="sm-475">
         <name>__fixdfsi</name>
         <value>0x10e19</value>
         <object_component_ref idref="oc-10a"/>
      </symbol>
      <symbol id="sm-47b">
         <name>__aeabi_i2d</name>
         <value>0x115c9</value>
         <object_component_ref idref="oc-a7"/>
      </symbol>
      <symbol id="sm-47c">
         <name>__floatsidf</name>
         <value>0x115c9</value>
         <object_component_ref idref="oc-a7"/>
      </symbol>
      <symbol id="sm-482">
         <name>__aeabi_dcmpeq</name>
         <value>0x10a51</value>
         <object_component_ref idref="oc-15a"/>
      </symbol>
      <symbol id="sm-483">
         <name>__aeabi_dcmplt</name>
         <value>0x10a65</value>
         <object_component_ref idref="oc-15a"/>
      </symbol>
      <symbol id="sm-484">
         <name>__aeabi_dcmple</name>
         <value>0x10a79</value>
         <object_component_ref idref="oc-15a"/>
      </symbol>
      <symbol id="sm-485">
         <name>__aeabi_dcmpge</name>
         <value>0x10a8d</value>
         <object_component_ref idref="oc-15a"/>
      </symbol>
      <symbol id="sm-486">
         <name>__aeabi_dcmpgt</name>
         <value>0x10aa1</value>
         <object_component_ref idref="oc-15a"/>
      </symbol>
      <symbol id="sm-48c">
         <name>__aeabi_idiv</name>
         <value>0x10c7d</value>
         <object_component_ref idref="oc-151"/>
      </symbol>
      <symbol id="sm-48d">
         <name>__aeabi_idivmod</name>
         <value>0x10c7d</value>
         <object_component_ref idref="oc-151"/>
      </symbol>
      <symbol id="sm-493">
         <name>__aeabi_memcpy</name>
         <value>0x11955</value>
         <object_component_ref idref="oc-4c"/>
      </symbol>
      <symbol id="sm-494">
         <name>__aeabi_memcpy4</name>
         <value>0x11955</value>
         <object_component_ref idref="oc-4c"/>
      </symbol>
      <symbol id="sm-495">
         <name>__aeabi_memcpy8</name>
         <value>0x11955</value>
         <object_component_ref idref="oc-4c"/>
      </symbol>
      <symbol id="sm-49e">
         <name>__aeabi_memset</name>
         <value>0x11879</value>
         <object_component_ref idref="oc-20a"/>
      </symbol>
      <symbol id="sm-49f">
         <name>__aeabi_memset4</name>
         <value>0x11879</value>
         <object_component_ref idref="oc-20a"/>
      </symbol>
      <symbol id="sm-4a0">
         <name>__aeabi_memset8</name>
         <value>0x11879</value>
         <object_component_ref idref="oc-20a"/>
      </symbol>
      <symbol id="sm-4a1">
         <name>__aeabi_memclr</name>
         <value>0x118d9</value>
         <object_component_ref idref="oc-7b"/>
      </symbol>
      <symbol id="sm-4a2">
         <name>__aeabi_memclr4</name>
         <value>0x118d9</value>
         <object_component_ref idref="oc-7b"/>
      </symbol>
      <symbol id="sm-4a3">
         <name>__aeabi_memclr8</name>
         <value>0x118d9</value>
         <object_component_ref idref="oc-7b"/>
      </symbol>
      <symbol id="sm-4a9">
         <name>__aeabi_uidiv</name>
         <value>0x11095</value>
         <object_component_ref idref="oc-15e"/>
      </symbol>
      <symbol id="sm-4aa">
         <name>__aeabi_uidivmod</name>
         <value>0x11095</value>
         <object_component_ref idref="oc-15e"/>
      </symbol>
      <symbol id="sm-4b8">
         <name>__ledf2</name>
         <value>0x108bd</value>
         <object_component_ref idref="oc-1d4"/>
      </symbol>
      <symbol id="sm-4b9">
         <name>__gedf2</name>
         <value>0x10699</value>
         <object_component_ref idref="oc-1da"/>
      </symbol>
      <symbol id="sm-4ba">
         <name>__cmpdf2</name>
         <value>0x108bd</value>
         <object_component_ref idref="oc-1d4"/>
      </symbol>
      <symbol id="sm-4bb">
         <name>__eqdf2</name>
         <value>0x108bd</value>
         <object_component_ref idref="oc-1d4"/>
      </symbol>
      <symbol id="sm-4bc">
         <name>__ltdf2</name>
         <value>0x108bd</value>
         <object_component_ref idref="oc-1d4"/>
      </symbol>
      <symbol id="sm-4bd">
         <name>__nedf2</name>
         <value>0x108bd</value>
         <object_component_ref idref="oc-1d4"/>
      </symbol>
      <symbol id="sm-4be">
         <name>__gtdf2</name>
         <value>0x10699</value>
         <object_component_ref idref="oc-1da"/>
      </symbol>
      <symbol id="sm-4c8">
         <name>__aeabi_idiv0</name>
         <value>0xe6eb</value>
         <object_component_ref idref="oc-1cd"/>
      </symbol>
      <symbol id="sm-4d6">
         <name>finddevice</name>
         <value>0x1144d</value>
         <object_component_ref idref="oc-244"/>
      </symbol>
      <symbol id="sm-4d7">
         <name>getdevice</name>
         <value>0x10851</value>
         <object_component_ref idref="oc-30c"/>
      </symbol>
      <symbol id="sm-4e0">
         <name>TI_memcpy_small</name>
         <value>0x117f9</value>
         <object_component_ref idref="oc-9b"/>
      </symbol>
      <symbol id="sm-4e9">
         <name>TI_memset_small</name>
         <value>0x118b1</value>
         <object_component_ref idref="oc-dc"/>
      </symbol>
      <symbol id="sm-4f1">
         <name>strcmp</name>
         <value>0x10311</value>
         <object_component_ref idref="oc-2a0"/>
      </symbol>
      <symbol id="sm-4f2">
         <name>__TI_static_base__</name>
         <value>0x0</value>
      </symbol>
      <symbol id="sm-4f6">
         <name>__mpu_init</name>
         <value>0x0</value>
      </symbol>
      <symbol id="sm-4f7">
         <name>_system_post_cinit</name>
         <value>0x0</value>
      </symbol>
   </symbol_table>
   <title>Link successful</title>
</link_info>
