******************************************************************************
            TI ARM Clang Linker PC v4.0.1                      
******************************************************************************
>> Linked Sun Apr  6 22:24:55 2025

OUTPUT FILE NAME:   <TheM0+rix_Segfaulted.out>
ENTRY POINT SYMBOL: "_c_int00_noargs"  address: 0001c0c9


MEMORY CONFIGURATION

         name            origin    length      used     unused   attr    fill
----------------------  --------  ---------  --------  --------  ----  --------
  FLASH                 00000000   00020000  0001c6a8  00003958  R  X
  SRAM                  20200000   00008000  0000685f  000017a1  RW X
  BCR_CONFIG            41c00000   00000080  00000000  00000080  R   
  BSL_CONFIG            41c00100   00000080  00000000  00000080  R   


SEGMENT ALLOCATION MAP

run origin  load origin   length   init length attrs members
----------  ----------- ---------- ----------- ----- -------
00000000    00000000    00015b18   00015b18    r--
  00000000    00000000    000000c0   000000c0    r-- .intvecs
  000000c0    000000c0    00015a58   00015a58    r-- .rodata
00015b20    00015b20    00006b90   00006b90    r-x
  00015b20    00015b20    000069d0   000069d0    r-x .text
  0001c4f0    0001c4f0    000001c0   000001c0    r-- .cinit
20200000    20200000    00006668   00000000    rw-
  20200000    20200000    00005e7a   00000000    rw- .bss
  20205e80    20205e80    000005e5   00000000    rw- .data
  20206468    20206468    00000200   00000000    rw- .sysmem
20207e00    20207e00    00000200   00000000    rw-
  20207e00    20207e00    00000200   00000000    rw- .stack


SECTION ALLOCATION MAP

 output                                  attributes/
section   page    origin      length       input sections
--------  ----  ----------  ----------   ----------------
.intvecs   0    00000000    000000c0     
                  00000000    000000c0     startup_mspm0g3507_ticlang.o (.intvecs)

.text      0    00015b20    000069d0     
                  00015b20    00000a48     libc.a : e_pow.c.obj (.text.pow)
                  00016568    00000654     Input.o (.text.MovePlayer)
                  00016bbc    0000057c     sprites.o (.text.RenderSprite)
                  00017138    00000524     Graphics.o (.text.CastRays)
                  0001765c    00000284     libc.a : _printfi.c.obj (.text:__TI_printfi_minimal)
                  000178e0    00000238     Graphics.o (.text.DrawCrosshair)
                  00017b18    00000218     Buffer.o (.text.drawForegroundSpriteToBuffer)
                  00017d30    00000210     ST7735.o (.text.ST7735_DrawBitmap)
                  00017f40    000001f4     Graphics.o (.text.DrawHealthBar)
                  00018134    000001b4     Clock.o (.text.Clock_Init80MHz)
                  000182e8    000001a8     ST7735.o (.text.ST7735_DrawChar)
                  00018490    00000192     libclang_rt.builtins.a : adddf3.S.obj (.text.adddf3_subdf3)
                  00018622    00000002                            : aeabi_div0.c.obj (.text.__aeabi_idiv0)
                  00018624    0000018c     sprites.o (.text.RenderSprites)
                  000187b0    00000170     libc.a : e_sqrt.c.obj (.text.sqrt)
                  00018920    00000154            : fopen.c.obj (.text._openfile)
                  00018a74    00000144            : s_floor.c.obj (.text.floor)
                  00018bb8    00000134            : qsort.c.obj (.text.qsort)
                  00018cec    00000124     ADC.o (.text.ADC_InitDual)
                  00018e10    00000118     ST7735.o (.text.ST7735_FillRect)
                  00018f28    00000114     libc.a : memory.c.obj (.text.aligned_alloc)
                  0001903c    0000010c     libclang_rt.builtins.a : divdf3.S.obj (.text.__divdf3)
                  00019148    00000100     Buffer.o (.text.drawCharToBuffer)
                  00019248    000000f8     SPI.o (.text.SPI_Init)
                  00019340    000000f8     libc.a : fputs.c.obj (.text.fputs)
                  00019438    000000f4     sprites.o (.text.RenderForegroundSprites)
                  0001952c    000000f4     Graphics.o (.text.RenderSky)
                  00019620    000000f4     ST7735.o (.text.ST7735_SetRotation)
                  00019714    000000ec     libsysbm.a : add_device.c.obj (.text.add_device)
                  00019800    000000e8     libc.a : memory.c.obj (.text.free)
                  000198e8    000000e4     libclang_rt.builtins.a : muldf3.S.obj (.text.__muldf3)
                  000199cc    000000e0     libc.a : setvbuf.c.obj (.text.setvbuf)
                  00019aac    000000d8            : s_scalbn.c.obj (.text.scalbn)
                  00019b84    000000d4     UART2.o (.text.UART2_Init)
                  00019c58    000000d0     Inventory.o (.text.Inventory_add)
                  00019d28    000000d0     ST7735.o (.text.ST7735_OutChar)
                  00019df8    000000cc     Input.o (.text.TIMG12_IRQHandler)
                  00019ec4    000000b4     Buffer.o (.text.printToBuffer)
                  00019f78    000000a8     DAC.o (.text.DAC_Init)
                  0001a020    000000a8     sprites.o (.text.RenderInventory)
                  0001a0c8    000000a8     Timer.o (.text.TimerG8_IntArm)
                  0001a170    000000a4     Timer.o (.text.TimerG0_IntArm)
                  0001a214    000000a2     ST7735.o (.text.commandList)
                  0001a2b6    00000002     libc.a : _lock.c.obj (.text._nop)
                  0001a2b8    000000a0     Buffer.o (.text.blitBufferToRenderBuffer)
                  0001a358    000000a0     libsysbm.a : open.c.obj (.text.open)
                  0001a3f8    000000a0     main.o (.text.sendUARTPacket)
                  0001a498    0000009c     ST7735.o (.text.ST7735_InitPrintf)
                  0001a534    0000009c     libc.a : fputc.c.obj (.text.fputc)
                  0001a5d0    00000098     ST7735.o (.text.ST7735_InitR)
                  0001a668    00000094     Timer.o (.text.TimerG12_IntArm)
                  0001a6fc    00000090     Graphics.o (.text.FillMap)
                  0001a78c    0000008c     Buffer.o (.text.clearRenderBuffer)
                  0001a818    00000088     ST7735.o (.text.setAddrWindow)
                  0001a8a0    00000088     libc.a : strcmp-armv6m.S.obj (.text:strcmp)
                  0001a928    00000084     Buffer.o (.text.PrecalculateFloorGradient)
                  0001a9ac    00000084     ST7735.o (.text.ST7735_DrawString)
                  0001aa30    00000080     UART1.o (.text.UART1_Init)
                  0001aab0    00000080     main.o (.text.getUARTPacket)
                  0001ab30    0000007c     LaunchPad.o (.text.LaunchPad_Init)
                  0001abac    0000007c     libc.a : fclose.c.obj (.text.__TI_closefile)
                  0001ac28    0000007c     main.o (.text.main)
                  0001aca4    0000007c     libc.a : copy_decompress_lzss.c.obj (.text:decompress:lzss)
                  0001ad20    00000078     Graphics.o (.text.DrawMinimap)
                  0001ad98    00000074     Inventory.o (.text.Inventory_removeCurrent)
                  0001ae0c    00000074     libclang_rt.builtins.a : comparedf2.c.obj (.text.__gedf2)
                  0001ae80    00000070     Graphics.o (.text.RenderHUD)
                  0001aef0    0000006c     libsysbm.a : hostlseek.c.obj (.text.HOSTlseek)
                  0001af5c    0000006c                : hostrename.c.obj (.text.HOSTrename)
                  0001afc8    0000006c     UART2.o (.text.UART2_IRQHandler)
                  0001b034    0000006c     libc.a : fseek.c.obj (.text.fseeko)
                  0001b0a0    0000006c            : getdevice.c.obj (.text.getdevice)
                  0001b10c    00000068     libclang_rt.builtins.a : comparedf2.c.obj (.text.__ledf2)
                  0001b174    00000064     ADC.o (.text.ADC_InDual)
                  0001b1d8    00000064     libc.a : _io_perm.c.obj (.text.__TI_wrt_ok)
                  0001b23c    00000064            : memory.c.obj (.text.split)
                  0001b2a0    00000062     libclang_rt.builtins.a : aeabi_dcmp.S.obj (.text.__aeabi_dcmp)
                  0001b302    00000002     --HOLE-- [fill = 0]
                  0001b304    00000060     libsysbm.a : hostopen.c.obj (.text.HOSTopen)
                  0001b364    0000005c     libc.a : printf.c.obj (.text.printf)
                  0001b3c0    0000005c     Buffer.o (.text.setPixelBuffer)
                  0001b41c    00000058     libsysbm.a : hostread.c.obj (.text.HOSTread)
                  0001b474    00000058                : hostwrite.c.obj (.text.HOSTwrite)
                  0001b4cc    00000056     libclang_rt.builtins.a : aeabi_idivmod.S.obj (.text.__aeabi_idivmod)
                  0001b522    00000056     sprites.o (.text.compareSprites)
                  0001b578    00000052     libc.a : fflush.c.obj (.text.__TI_doflush)
                  0001b5ca    00000002     --HOLE-- [fill = 0]
                  0001b5cc    00000050     libsysbm.a : close.c.obj (.text.close)
                  0001b61c    0000004c     FIFO.o (.text.RxFifo_Get)
                  0001b668    0000004c     FIFO.o (.text.RxFifo_Put)
                  0001b6b4    0000004c     Inventory.o (.text.inInventory)
                  0001b700    0000004c     Graphics.o (.text.printAmmo)
                  0001b74c    0000004a     libclang_rt.builtins.a : fixdfsi.S.obj (.text.__fixdfsi)
                  0001b796    00000002     --HOLE-- [fill = 0]
                  0001b798    00000048     libsysbm.a : hostclose.c.obj (.text.HOSTclose)
                  0001b7e0    00000048                : hostunlink.c.obj (.text.HOSTunlink)
                  0001b828    00000048     SPI.o (.text.SPI_OutCommand)
                  0001b870    00000048     Sounds.o (.text.Sound_Init)
                  0001b8b8    00000048     Async_Delay.o (.text.TIMG0_IRQHandler)
                  0001b900    00000044     Input.o (.text.Input_Init)
                  0001b944    00000044     Sounds.o (.text.SysTick_Handler)
                  0001b988    00000044     main.o (.text.SystemInit)
                  0001b9cc    00000040     Graphics.o (.text.RenderScene)
                  0001ba0c    00000040     SPI.o (.text.SPI_Reset)
                  0001ba4c    00000040     libclang_rt.builtins.a : aeabi_uidivmod.S.obj (.text.__aeabi_uidivmod)
                  0001ba8c    00000040     libc.a : fopen.c.obj (.text._search_fp)
                  0001bacc    0000003c     Input.o (.text.fastSin)
                  0001bb08    0000003c     libc.a : autoinit.c.obj (.text:__TI_auto_init_nobinit_nopinit)
                  0001bb44    0000003a     libclang_rt.builtins.a : muldsi3.S.obj (.text.__muldsi3)
                  0001bb7e    00000002     --HOLE-- [fill = 0]
                  0001bb80    00000038     LaunchPad.o (.text.ActivatePortA_B)
                  0001bbb8    00000038     Buffer.o (.text.RenderBuffer)
                  0001bbf0    00000038     SPI.o (.text.SPI_OutData)
                  0001bc28    00000038     Sounds.o (.text.Sound_Start)
                  0001bc60    00000038     libc.a : rand.c.obj (.text.rand)
                  0001bc98    00000038            : sprintf.c.obj (.text.sprintf)
                  0001bcd0    00000038     Async_Delay.o (.text.start_delay)
                  0001bd08    00000034     Clock.o (.text.Clock_Delay1ms)
                  0001bd3c    00000034     ST7735.o (.text.ST7735_SetCursor)
                  0001bd70    00000034     ST7735.o (.text.ST7735_write)
                  0001bda4    00000034     libc.a : fopen.c.obj (.text.__TI_cleanup)
                  0001bdd8    00000034     libsysbm.a : trgmsg.c.obj (.text.__TI_readmsg)
                  0001be0c    00000034                : trgmsg.c.obj (.text.__TI_writemsg)
                  0001be40    00000034     libc.a : exit.c.obj (.text.exit)
                  0001be74    00000034            : getdevice.c.obj (.text.finddevice)
                  0001bea8    00000034            : fopen.c.obj (.text.freopen)
                  0001bedc    00000034     Graphics.o (.text.printItem)
                  0001bf10    00000030     ST7735.o (.text.commonInit)
                  0001bf40    00000030     Input.o (.text.fastCos)
                  0001bf70    00000030     libc.a : fopen.c.obj (.text.fopen)
                  0001bfa0    0000002c     ST7735.o (.text.ST7735_FillScreen)
                  0001bfcc    0000002c     libclang_rt.builtins.a : floatsidf.S.obj (.text.__floatsidf)
                  0001bff8    0000002c     libsysbm.a : unlink.c.obj (.text.unlink)
                  0001c024    0000002a     UART2.o (.text.UART2_InChar)
                  0001c04e    00000002     --HOLE-- [fill = 0]
                  0001c050    00000028     libc.a : memory.c.obj (.text.free_list_insert)
                  0001c078    00000028     libsysbm.a : lseek.c.obj (.text.lseek)
                  0001c0a0    00000028                : write.c.obj (.text.write)
                  0001c0c8    00000028     libc.a : boot_cortex_m.c.obj (.text:_c_int00_noargs)
                  0001c0f0    00000024     Inventory.o (.text.Inventory_next)
                  0001c114    00000024     Joy.o (.text.Joy_Init)
                  0001c138    00000024     libclang_rt.builtins.a : floatunsidf.S.obj (.text.__floatunsidf)
                  0001c15c    00000022     libc.a : memccpy.c.obj (.text.memccpy)
                  0001c17e    00000002     --HOLE-- [fill = 0]
                  0001c180    00000020     Graphics.o (.text.Graphics_Init)
                  0001c1a0    00000020     Inventory.o (.text.Item_isWeapon)
                  0001c1c0    0000001e     ST7735.o (.text.pushColor)
                  0001c1de    00000002     --HOLE-- [fill = 0]
                  0001c1e0    0000001c     startup_mspm0g3507_ticlang.o (.text.Default_Handler)
                  0001c1fc    0000001c     startup_mspm0g3507_ticlang.o (.text.HardFault_Handler)
                  0001c218    0000001c     Joy.o (.text.Joy_In)
                  0001c234    0000001c     libc.a : memory.c.obj (.text.free_list_remove)
                  0001c250    00000018     main.o (.text.TIMG8_IRQHandler)
                  0001c268    00000018     UART1.o (.text.UART1_OutChar)
                  0001c280    00000018     libc.a : sprintf.c.obj (.text._outs)
                  0001c298    00000016     ST7735.o (.text.ST7735_open)
                  0001c2ae    00000016     ST7735.o (.text.ST7735_read)
                  0001c2c4    00000014     DAC.o (.text.DAC_Out)
                  0001c2d8    00000014     FIFO.o (.text.RxFifo_Init)
                  0001c2ec    00000012     Inventory.o (.text.Inventory_currentItem)
                  0001c2fe    00000012     Inventory.o (.text.Item_isSpent)
                  0001c310    00000012     libc.a : memcpy16.S.obj (.text:TI_memcpy_small)
                  0001c322    00000012            : copy_decompress_none.c.obj (.text:decompress:none)
                  0001c334    00000010     Clock.o (.text.Clock_Delay)
                  0001c344    00000010     LaunchPad.o (.text.Delay)
                  0001c354    00000010     Joy.o (.text.Joy_InButton)
                  0001c364    00000010     Input.o (.text.ReadKeys)
                  0001c374    00000010     libc.a : copy_zero_init.c.obj (.text:decompress:ZI)
                  0001c384    0000000e            : memory.c.obj (.text.OUTLINED_FUNCTION_0)
                  0001c392    0000000e     ST7735.o (.text.ST7735_lseek)
                  0001c3a0    0000000e     libclang_rt.builtins.a : aeabi_memset.S.obj (.text.__aeabi_memset)
                  0001c3ae    0000000e     libsysbm.a : hostrename.c.obj (.text.strcpy)
                  0001c3bc    0000000e     libc.a : _printfi.c.obj (.text.strlen)
                  0001c3ca    0000000e     libsysbm.a : hostrename.c.obj (.text.strlen)
                  0001c3d8    0000000e     libc.a : memset16.S.obj (.text:TI_memset_small)
                  0001c3e6    00000002     --HOLE-- [fill = 0]
                  0001c3e8    0000000c     Clock.o (.text.Clock_Freq)
                  0001c3f4    0000000c     ST7735.o (.text.ST7735_rename)
                  0001c400    0000000c     libclang_rt.builtins.a : aeabi_memset.S.obj (.text.__aeabi_memclr)
                  0001c40c    0000000c     libc.a : memory.c.obj (.text.malloc)
                  0001c418    0000000a            : e_pow.c.obj (.text.OUTLINED_FUNCTION_0)
                  0001c422    00000002     --HOLE-- [fill = 0]
                  0001c424    00000010     libclang_rt.builtins.a : muldf3.S.obj (.tramp.__aeabi_dmul.1)
                  0001c434    0000000a     libc.a : e_pow.c.obj (.text.OUTLINED_FUNCTION_1)
                  0001c43e    0000000a            : e_pow.c.obj (.text.OUTLINED_FUNCTION_6)
                  0001c448    0000000a     ST7735.o (.text.ST7735_close)
                  0001c452    0000000a     ST7735.o (.text.ST7735_unlink)
                  0001c45c    0000000a     libc.a : sprintf.c.obj (.text._outc)
                  0001c466    00000008            : e_pow.c.obj (.text.OUTLINED_FUNCTION_2)
                  0001c46e    00000002     --HOLE-- [fill = 0]
                  0001c470    00000010     libclang_rt.builtins.a : adddf3.S.obj (.tramp.__aeabi_dsub.1)
                  0001c480    00000008     libc.a : aeabi_portable.c.obj (.text.__aeabi_errno_addr)
                  0001c488    00000008     libclang_rt.builtins.a : aeabi_memcpy.S.obj (.text.__aeabi_memcpy)
                  0001c490    00000008     libc.a : printf.c.obj (.text._outc)
                  0001c498    00000008            : printf.c.obj (.text._outs)
                  0001c4a0    00000008            : fseek.c.obj (.text.fseek)
                  0001c4a8    00000008     libsysbm.a : remove.c.obj (.text.remove)
                  0001c4b0    00000006     libc.a : e_pow.c.obj (.text.OUTLINED_FUNCTION_3)
                  0001c4b6    00000002     --HOLE-- [fill = 0]
                  0001c4b8    00000010     libclang_rt.builtins.a : adddf3.S.obj (.tramp.__aeabi_dadd.1)
                  0001c4c8    00000006     libc.a : e_pow.c.obj (.text.OUTLINED_FUNCTION_4)
                  0001c4ce    00000006            : e_pow.c.obj (.text.OUTLINED_FUNCTION_5)
                  0001c4d4    00000004            : e_pow.c.obj (.text.OUTLINED_FUNCTION_10)
                  0001c4d8    00000004            : e_pow.c.obj (.text.OUTLINED_FUNCTION_7)
                  0001c4dc    00000004            : e_pow.c.obj (.text.OUTLINED_FUNCTION_8)
                  0001c4e0    00000004            : e_pow.c.obj (.text.OUTLINED_FUNCTION_9)
                  0001c4e4    00000004     startup_mspm0g3507_ticlang.o (.text.Reset_Handler)
                  0001c4e8    00000004     libc.a : pre_init.c.obj (.text._system_pre_init)
                  0001c4ec    00000004            : exit.c.obj (.text:abort)

.cinit     0    0001c4f0    000001c0     
                  0001c4f0    00000199     (.cinit..data.load) [load image, compression = lzss]
                  0001c689    00000003     --HOLE-- [fill = 0]
                  0001c68c    0000000c     (__TI_handler_table)
                  0001c698    00000008     (.cinit..bss.load) [load image, compression = zero_init]
                  0001c6a0    00000010     (__TI_cinit_table)

.rodata    0    000000c0    00015a58     
                  000000c0    00004900     Sounds.o (.rodata.reloadSound)
                  000049c0    00002ab4     Sounds.o (.rodata.pistolSound)
                  00007474    00002000     Graphics.o (.rodata.SCBarkley)
                  00009474    00002000     Graphics.o (.rodata.circuitBoardTex2)
                  0000b474    00002000     Graphics.o (.rodata.circuitBoardTex)
                  0000d474    00002000     Graphics.o (.rodata.matrix2)
                  0000f474    00001e78     Sounds.o (.rodata.shotgunSound)
                  000112ec    0000095a     Sounds.o (.rodata.weaploadSound)
                  00011c46    0000094f     Sounds.o (.rodata.outofammoSound)
                  00012595    00000001     main.o (.rodata.str1.164552152177587026401)
                  00012596    00000800     main.o (.rodata.ExplosionImage)
                  00012d96    00000800     main.o (.rodata.PistolImage)
                  00013596    00000800     main.o (.rodata.ShotgunImage)
                  00013d96    00000800     main.o (.rodata.target)
                  00014596    000004fb     Buffer.o (.rodata.Font)
                  00014a91    000004fb     ST7735.o (.rodata.Font)
                  00014f8c    00000240     Graphics.o (.rodata.OGMap)
                  000151cc    00000200     main.o (.rodata.Ammosprite)
                  000153cc    00000200     main.o (.rodata.Medkitsprite)
                  000155cc    00000200     main.o (.rodata.Shotgunsprite)
                  000157cc    00000200     main.o (.rodata.pistolsprite)
                  000159cc    0000003b     ST7735.o (.rodata.Rcmd1)
                  00015a07    00000001     --HOLE-- [fill = 0]
                  00015a08    00000030     libc.a : e_pow.c.obj (.rodata.cst16)
                  00015a38    0000002b     ST7735.o (.rodata.Rcmd3)
                  00015a63    00000016     ST7735.o (.rodata.str1.180840905664508391481)
                  00015a79    00000014     main.o (.rodata.str1.157592557656998809351)
                  00015a8d    00000011     libc.a : _printfi.c.obj (.rodata.str1.153638888446227384661)
                  00015a9e    00000010     main.o (.rodata.str1.182731374899196392841)
                  00015aae    0000000d     ST7735.o (.rodata.Rcmd2green)
                  00015abb    0000000d     ST7735.o (.rodata.Rcmd2red)
                  00015ac8    0000000c     main.o (.rodata.str1.30235616187663446621)
                  00015ad4    0000000c     Graphics.o (.rodata.str1.37161536259113115651)
                  00015ae0    00000008     main.o (.rodata.str1.128962870563899395191)
                  00015ae8    00000008     ST7735.o (.rodata.str1.42106280550816602831)
                  00015af0    00000007     ST7735.o (.rodata.str1.124659516132232304751)
                  00015af7    00000007     main.o (.rodata.str1.181369900268917052751)
                  00015afe    00000007     main.o (.rodata.str1.58265674741439123291)
                  00015b05    00000007     ST7735.o (.rodata.str1.97082724960320730491)
                  00015b0c    00000006     Graphics.o (.rodata.str1.2002389610935928081)
                  00015b12    00000004     Graphics.o (.rodata.str1.25158831670344200691)
                  00015b16    00000002     ST7735.o (.rodata.str1.147171064836689809571)

.init_array 
*          0    00000000    00000000     UNINITIALIZED

.binit     0    00000000    00000000     

.bss       0    20200000    00005e7a     UNINITIALIZED
                  20200000    00005000     (.common:renderBuffer)
                  20205000    00000500     (.common:ZBuffer)
                  20205500    00000480     (.common:miniMap)
                  20205980    00000240     (.common:worldMap)
                  20205bc0    00000120     libsysbm.a : trgmsg.c.obj (.bss:_CIOBUF_)
                  20205ce0    000000a0     libc.a : defs.c.obj (.bss.__TI_tmpnams)
                  20205d80    00000080     (.common:floorGradient)
                  20205e00    00000040     FIFO.o (.bss.RxFifo)
                  20205e40    00000008     libsysbm.a : hostopen.c.obj (.bss.parmbuf)
                  20205e48    00000004     libc.a : memory.c.obj (.bss.sys_free)
                  20205e4c    00000004     (.common:Joy_x)
                  20205e50    00000004     (.common:Joy_y)
                  20205e54    00000004     (.common:Length)
                  20205e58    00000004     (.common:LostData)
                  20205e5c    00000004     (.common:RxGetI)
                  20205e60    00000004     (.common:RxPutI)
                  20205e64    00000004     (.common:SoundPt)
                  20205e68    00000004     (.common:flag_done)
                  20205e6c    00000004     (.common:ms_done)
                  20205e70    00000004     (.common:ms_passed)
                  20205e74    00000001     ST7735.o (.bss.ColStart)
                  20205e75    00000001     ST7735.o (.bss.Rotation)
                  20205e76    00000001     ST7735.o (.bss.RowStart)
                  20205e77    00000001     ST7735.o (.bss.TabColor)
                  20205e78    00000001     (.common:isShooting)
                  20205e79    00000001     (.common:reloaded)

.data      0    20205e80    000005e5     UNINITIALIZED
                  20205e80    00000190     main.o (.data.Sprites)
                  20206010    000000f0     libc.a : defs.c.obj (.data._ftable)
                  20206100    00000078     libsysbm.a : host_device.c.obj (.data._device)
                  20206178    00000068     main.o (.data.ammo_small)
                  202061e0    00000068     main.o (.data.medkit)
                  20206248    00000068     main.o (.data.pistol)
                  202062b0    00000068     main.o (.data.shotgun)
                  20206318    00000050     libsysbm.a : host_device.c.obj (.data._stream)
                  20206368    00000028     Sounds.o (.data.SoundEffects)
                  20206390    00000028     main.o (.data.gunFlash)
                  202063b8    00000014     main.o (.data.inventory)
                  202063cc    00000010     main.o (.data.items)
                  202063dc    00000010     Graphics.o (.data.textures)
                  202063ec    00000008     libc.a : exit.c.obj (.data..L_MergedGlobals)
                  202063f4    00000004     Clock.o (.data.BusFreq)
                  202063f8    00000008     main.o (.data.dirX)
                  20206400    00000008     main.o (.data.dirY)
                  20206408    00000008     main.o (.data.planeX)
                  20206410    00000008     main.o (.data.planeY)
                  20206418    00000008     main.o (.data.posX)
                  20206420    00000008     main.o (.data.posY)
                  20206428    00000004     Graphics.o (.data.RenderScene.side)
                  2020642c    00000004     ST7735.o (.data.StX)
                  20206430    00000004     ST7735.o (.data.StY)
                  20206434    00000004     libc.a : defs.c.obj (.data.__TI_ft_end)
                  20206438    00000004            : aeabi_portable.c.obj (.data.__aeabi_errno)
                  2020643c    00000004            : _lock.c.obj (.data._lock)
                  20206440    00000004            : _lock.c.obj (.data._unlock)
                  20206444    00000004            : rand.c.obj (.data.next)
                  20206448    00000004     main.o (.data.numsprites)
                  2020644c    00000004     main.o (.data.otherHealth)
                  20206450    00000004     main.o (.data.playerHealth)
                  20206454    00000002     ST7735.o (.data.StTextColor)
                  20206456    00000002     ST7735.o (.data._height)
                  20206458    00000002     ST7735.o (.data._width)
                  2020645a    00000001     sprites.o (.data.RenderForegroundSprites.sidesDrawn)
                  2020645b    00000001     main.o (.data.isOnTarget)
                  2020645c    00000001     libsysbm.a : add_device.c.obj (.data.add_device.device_init)
                  2020645d    00000001     Input.o (.data.lastInput)
                  2020645e    00000002     --HOLE--
                  20206460    00000001     libc.a : memory.c.obj (.data.memory_is_initialized)
                  20206461    00000003     --HOLE--
                  20206464    00000001     libsysbm.a : open.c.obj (.data.open.stream_init)

.sysmem    0    20206468    00000200     UNINITIALIZED
                  20206468    00000010     libc.a : memory.c.obj (.sysmem)
                  20206478    000001f0     --HOLE--

.stack     0    20207e00    00000200     UNINITIALIZED
                  20207e00    00000004     libc.a : boot_cortex_m.c.obj (.stack)
                  20207e04    000001fc     --HOLE--

__llvm_prf_cnts 
*          0    20200000    00000000     UNINITIALIZED

__llvm_prf_bits 
*          0    20200000    00000000     UNINITIALIZED

MODULE SUMMARY

       Module                         code    ro data   rw data
       ------                         ----    -------   -------
    .\
       Sounds.o                       196     42197     48     
       Graphics.o                     3228    33366     3036   
       Buffer.o                       1552    1275      20608  
       main.o                         504     10311     953    
       ST7735.o                       2738    1449      18     
       sprites.o                      2298    0         1      
       Input.o                        2016    0         3      
       Clock.o                        516     0         4      
       Inventory.o                    504     0         0      
       Timer.o                        480     0         0      
       SPI.o                          440     0         0      
       ADC.o                          392     0         0      
       UART2.o                        362     0         4      
       FIFO.o                         172     0         72     
       LaunchPad.o                    196     0         0      
       DAC.o                          188     0         0      
       UART1.o                        152     0         0      
       Async_Delay.o                  128     0         12     
       Joy.o                          80      0         0      
    +--+------------------------------+-------+---------+---------+
       Total:                         16142   88598     24759  
                                                               
    .\ticlang\
       startup_mspm0g3507_ticlang.o   60      192       0      
    +--+------------------------------+-------+---------+---------+
       Total:                         60      192       0      
                                                               
    C:\ti\ccs2000\ccs\tools\compiler\ti-cgt-armllvm_4.0.1.LTS\lib\armv6m-ti-none-eabi/c/libc.a
       e_pow.c.obj                    2704    48        0      
       memory.c.obj                   702     0         5      
       _printfi.c.obj                 658     17        0      
       fopen.c.obj                    556     0         0      
       defs.c.obj                     0       0         404    
       e_sqrt.c.obj                   368     0         0      
       s_floor.c.obj                  324     0         0      
       qsort.c.obj                    308     0         0      
       fputs.c.obj                    248     0         0      
       setvbuf.c.obj                  224     0         0      
       s_scalbn.c.obj                 216     0         0      
       getdevice.c.obj                160     0         0      
       fputc.c.obj                    156     0         0      
       strcmp-armv6m.S.obj            136     0         0      
       copy_decompress_lzss.c.obj     124     0         0      
       fclose.c.obj                   124     0         0      
       fseek.c.obj                    116     0         0      
       printf.c.obj                   108     0         0      
       _io_perm.c.obj                 100     0         0      
       sprintf.c.obj                  90      0         0      
       fflush.c.obj                   82      0         0      
       exit.c.obj                     56      0         8      
       autoinit.c.obj                 60      0         0      
       rand.c.obj                     56      0         4      
       boot_cortex_m.c.obj            40      0         0      
       memccpy.c.obj                  34      0         0      
       copy_decompress_none.c.obj     18      0         0      
       memcpy16.S.obj                 18      0         0      
       copy_zero_init.c.obj           16      0         0      
       memset16.S.obj                 14      0         0      
       aeabi_portable.c.obj           8       0         4      
       _lock.c.obj                    2       0         8      
       pre_init.c.obj                 4       0         0      
    +--+------------------------------+-------+---------+---------+
       Total:                         7830    65        433    
                                                               
    C:\ti\ccs2000\ccs\tools\compiler\ti-cgt-armllvm_4.0.1.LTS\lib\armv6m-ti-none-eabi/c/libsysbm.a
       trgmsg.c.obj                   104     0         288    
       add_device.c.obj               236     0         1      
       host_device.c.obj              0       0         200    
       open.c.obj                     160     0         1      
       hostrename.c.obj               136     0         0      
       hostlseek.c.obj                108     0         0      
       hostopen.c.obj                 96      0         8      
       hostread.c.obj                 88      0         0      
       hostwrite.c.obj                88      0         0      
       close.c.obj                    80      0         0      
       hostclose.c.obj                72      0         0      
       hostunlink.c.obj               72      0         0      
       unlink.c.obj                   44      0         0      
       lseek.c.obj                    40      0         0      
       write.c.obj                    40      0         0      
       remove.c.obj                   8       0         0      
    +--+------------------------------+-------+---------+---------+
       Total:                         1372    0         498    
                                                               
    C:\ti\ccs2000\ccs\tools\compiler\ti-cgt-armllvm_4.0.1.LTS\lib\armv6m-ti-none-eabi/libclang_rt.builtins.a
       adddf3.S.obj                   434     0         0      
       divdf3.S.obj                   268     0         0      
       muldf3.S.obj                   244     0         0      
       comparedf2.c.obj               220     0         0      
       aeabi_dcmp.S.obj               98      0         0      
       aeabi_idivmod.S.obj            86      0         0      
       fixdfsi.S.obj                  74      0         0      
       aeabi_uidivmod.S.obj           64      0         0      
       muldsi3.S.obj                  58      0         0      
       floatsidf.S.obj                44      0         0      
       floatunsidf.S.obj              36      0         0      
       aeabi_memset.S.obj             26      0         0      
       aeabi_memcpy.S.obj             8       0         0      
       aeabi_div0.c.obj               2       0         0      
    +--+------------------------------+-------+---------+---------+
       Total:                         1662    0         0      
                                                               
       Heap:                          0       0         512    
       Stack:                         0       0         512    
       Linker Generated:              0       445       0      
    +--+------------------------------+-------+---------+---------+
       Grand Total:                   27066   89300     26714  


LINKER GENERATED COPY TABLES

__TI_cinit_table @ 0001c6a0 records: 2, size/record: 8, table size: 16
	.data: load addr=0001c4f0, load size=00000199 bytes, run addr=20205e80, run size=000005e5 bytes, compression=lzss
	.bss: load addr=0001c698, load size=00000008 bytes, run addr=20200000, run size=00005e7a bytes, compression=zero_init


LINKER GENERATED HANDLER TABLE

__TI_handler_table @ 0001c68c records: 3, size/record: 4, table size: 12
	index: 0, handler: __TI_decompress_lzss
	index: 1, handler: __TI_decompress_none
	index: 2, handler: __TI_zero_init


FAR CALL TRAMPOLINES

callee name               trampoline name
   callee addr  tramp addr   call addr  call info
--------------  -----------  ---------  ----------------
__aeabi_dmul              $Tramp$TT$L$PI$$__aeabi_dmul
   000198e9     0001c424     0001c420   libc.a : e_pow.c.obj (.text.OUTLINED_FUNCTION_0)
                             0001c43c          : e_pow.c.obj (.text.OUTLINED_FUNCTION_1)
                             0001c446          : e_pow.c.obj (.text.OUTLINED_FUNCTION_6)
                             0001c4cc          : e_pow.c.obj (.text.OUTLINED_FUNCTION_4)
                             0001c4d2          : e_pow.c.obj (.text.OUTLINED_FUNCTION_5)
                             0001c4de          : e_pow.c.obj (.text.OUTLINED_FUNCTION_8)
__aeabi_dsub              $Tramp$TT$L$PI$$__aeabi_dsub
   00018491     0001c470     0001c46c   libc.a : e_pow.c.obj (.text.OUTLINED_FUNCTION_2)
__aeabi_dadd              $Tramp$TT$L$PI$$__aeabi_dadd
   0001849b     0001c4b8     0001c4b4   libc.a : e_pow.c.obj (.text.OUTLINED_FUNCTION_3)
                             0001c4d6          : e_pow.c.obj (.text.OUTLINED_FUNCTION_10)
                             0001c4da          : e_pow.c.obj (.text.OUTLINED_FUNCTION_7)
                             0001c4e2          : e_pow.c.obj (.text.OUTLINED_FUNCTION_9)

[3 trampolines]
[11 trampoline calls]


GLOBAL SYMBOLS: SORTED ALPHABETICALLY BY Name 

address   name                          
-------   ----                          
0001c1e1  ADC0_IRQHandler               
0001c1e1  ADC1_IRQHandler               
0001b175  ADC_InDual                    
00018ced  ADC_InitDual                  
0001c1e1  AES_IRQHandler                
0001bb81  ActivatePortA_B               
000151cc  Ammosprite                    
202063f4  BusFreq                       
0001c4ec  C$$EXIT                       
0001be39  C$$IO$$                       
0001c1e1  CANFD0_IRQHandler             
00017139  CastRays                      
0001c335  Clock_Delay                   
0001bd09  Clock_Delay1ms                
0001c3e9  Clock_Freq                    
00018135  Clock_Init80MHz               
0001c1e1  DAC0_IRQHandler               
00019f79  DAC_Init                      
0001c2c5  DAC_Out                       
0001c1e1  DMA_IRQHandler                
0001c1e1  Default_Handler               
0001c345  Delay                         
000178e1  DrawCrosshair                 
00017f41  DrawHealthBar                 
0001ad21  DrawMinimap                   
00012596  ExplosionImage                
0001a6fd  FillMap                       
0001c1e1  GROUP0_IRQHandler             
0001c1e1  GROUP1_IRQHandler             
0001c181  Graphics_Init                 
0001b799  HOSTclose                     
0001aef1  HOSTlseek                     
0001b305  HOSTopen                      
0001b41d  HOSTread                      
0001af5d  HOSTrename                    
0001b7e1  HOSTunlink                    
0001b475  HOSTwrite                     
0001c1fd  HardFault_Handler             
0001c1e1  I2C0_IRQHandler               
0001c1e1  I2C1_IRQHandler               
0001b901  Input_Init                    
00019c59  Inventory_add                 
0001c2ed  Inventory_currentItem         
0001c0f1  Inventory_next                
0001ad99  Inventory_removeCurrent       
0001c2ff  Item_isSpent                  
0001c1a1  Item_isWeapon                 
0001c219  Joy_In                        
0001c355  Joy_InButton                  
0001c115  Joy_Init                      
20205e4c  Joy_x                         
20205e50  Joy_y                         
0001ab31  LaunchPad_Init                
20205e54  Length                        
20205e58  LostData                      
000153cc  Medkitsprite                  
00016569  MovePlayer                    
0001c1e1  NMI_Handler                   
00014f8c  OGMap                         
0001c1e1  PendSV_Handler                
00012d96  PistolImage                   
0001a929  PrecalculateFloorGradient     
0001c1e1  RTC_IRQHandler                
0001c365  ReadKeys                      
0001bbb9  RenderBuffer                  
00019439  RenderForegroundSprites       
0001ae81  RenderHUD                     
0001a021  RenderInventory               
0001b9cd  RenderScene                   
0001952d  RenderSky                     
00016bbd  RenderSprite                  
00018625  RenderSprites                 
0001c4e5  Reset_Handler                 
0001b61d  RxFifo_Get                    
0001c2d9  RxFifo_Init                   
0001b669  RxFifo_Put                    
20205e5c  RxGetI                        
20205e60  RxPutI                        
00007474  SCBarkley                     
0001c1e1  SPI0_IRQHandler               
0001c1e1  SPI1_IRQHandler               
00019249  SPI_Init                      
0001b829  SPI_OutCommand                
0001bbf1  SPI_OutData                   
0001ba0d  SPI_Reset                     
00017d31  ST7735_DrawBitmap             
000182e9  ST7735_DrawChar               
0001a9ad  ST7735_DrawString             
00018e11  ST7735_FillRect               
0001bfa1  ST7735_FillScreen             
0001a499  ST7735_InitPrintf             
0001a5d1  ST7735_InitR                  
00019d29  ST7735_OutChar                
0001bd3d  ST7735_SetCursor              
00019621  ST7735_SetRotation            
0001c449  ST7735_close                  
0001c393  ST7735_lseek                  
0001c299  ST7735_open                   
0001c2af  ST7735_read                   
0001c3f5  ST7735_rename                 
0001c453  ST7735_unlink                 
0001bd71  ST7735_write                  
0001c1e1  SVC_Handler                   
00013596  ShotgunImage                  
000155cc  Shotgunsprite                 
20206368  SoundEffects                  
20205e64  SoundPt                       
0001b871  Sound_Init                    
0001bc29  Sound_Start                   
20205e80  Sprites                       
20206454  StTextColor                   
2020642c  StX                           
20206430  StY                           
0001b945  SysTick_Handler               
0001b989  SystemInit                    
0001c1e1  TIMA0_IRQHandler              
0001c1e1  TIMA1_IRQHandler              
0001b8b9  TIMG0_IRQHandler              
00019df9  TIMG12_IRQHandler             
0001c1e1  TIMG6_IRQHandler              
0001c1e1  TIMG7_IRQHandler              
0001c251  TIMG8_IRQHandler              
0001c311  TI_memcpy_small               
0001c3d9  TI_memset_small               
0001a171  TimerG0_IntArm                
0001a669  TimerG12_IntArm               
0001a0c9  TimerG8_IntArm                
0001c1e1  UART0_IRQHandler              
0001c1e1  UART1_IRQHandler              
0001aa31  UART1_Init                    
0001c269  UART1_OutChar                 
0001afc9  UART2_IRQHandler              
0001c025  UART2_InChar                  
00019b85  UART2_Init                    
0001c1e1  UART3_IRQHandler              
20205000  ZBuffer                       
20205bc0  _CIOBUF_                      
20205bc0  __CIOBUF_                     
20208000  __STACK_END                   
00000200  __STACK_SIZE                  
00000200  __SYSMEM_SIZE                 
00000000  __TI_ATRegion0_region_sz      
00000000  __TI_ATRegion0_src_addr       
00000000  __TI_ATRegion0_trg_addr       
00000000  __TI_ATRegion1_region_sz      
00000000  __TI_ATRegion1_src_addr       
00000000  __TI_ATRegion1_trg_addr       
00000000  __TI_ATRegion2_region_sz      
00000000  __TI_ATRegion2_src_addr       
00000000  __TI_ATRegion2_trg_addr       
0001c6a0  __TI_CINIT_Base               
0001c6b0  __TI_CINIT_Limit              
0001c6b0  __TI_CINIT_Warm               
0001c68c  __TI_Handler_Table_Base       
0001c698  __TI_Handler_Table_Limit      
0001bb09  __TI_auto_init_nobinit_nopinit
0001bda5  __TI_cleanup                  
202063ec  __TI_cleanup_ptr              
0001abad  __TI_closefile                
0001aca5  __TI_decompress_lzss          
0001c323  __TI_decompress_none          
0001b579  __TI_doflush                  
202063f0  __TI_dtors_ptr                
20206434  __TI_ft_end                   
ffffffff  __TI_pprof_out_hndl           
0001765d  __TI_printfi_minimal          
ffffffff  __TI_prof_data_size           
ffffffff  __TI_prof_data_start          
0001bdd9  __TI_readmsg                  
00000000  __TI_static_base__            
20205ce0  __TI_tmpnams                  
0001be0d  __TI_writemsg                 
0001b1d9  __TI_wrt_ok                   
0001c375  __TI_zero_init                
0001849b  __adddf3                      
0001b74d  __aeabi_d2iz                  
0001849b  __aeabi_dadd                  
0001b2a1  __aeabi_dcmpeq                
0001b2dd  __aeabi_dcmpge                
0001b2f1  __aeabi_dcmpgt                
0001b2c9  __aeabi_dcmple                
0001b2b5  __aeabi_dcmplt                
0001903d  __aeabi_ddiv                  
000198e9  __aeabi_dmul                  
00018491  __aeabi_dsub                  
20206438  __aeabi_errno                 
0001c481  __aeabi_errno_addr            
0001bfcd  __aeabi_i2d                   
0001b4cd  __aeabi_idiv                  
00018623  __aeabi_idiv0                 
0001b4cd  __aeabi_idivmod               
0001c401  __aeabi_memclr                
0001c401  __aeabi_memclr4               
0001c401  __aeabi_memclr8               
0001c489  __aeabi_memcpy                
0001c489  __aeabi_memcpy4               
0001c489  __aeabi_memcpy8               
0001c3a1  __aeabi_memset                
0001c3a1  __aeabi_memset4               
0001c3a1  __aeabi_memset8               
0001c139  __aeabi_ui2d                  
0001ba4d  __aeabi_uidiv                 
0001ba4d  __aeabi_uidivmod              
ffffffff  __binit__                     
0001b10d  __cmpdf2                      
0001903d  __divdf3                      
0001b10d  __eqdf2                       
0001b74d  __fixdfsi                     
0001bfcd  __floatsidf                   
0001c139  __floatunsidf                 
0001ae0d  __gedf2                       
0001ae0d  __gtdf2                       
0001b10d  __ledf2                       
0001b10d  __ltdf2                       
UNDEFED   __mpu_init                    
000198e9  __muldf3                      
0001bb45  __muldsi3                     
0001b10d  __nedf2                       
20207e00  __stack                       
20200000  __start___llvm_prf_bits       
20200000  __start___llvm_prf_cnts       
20200000  __stop___llvm_prf_bits        
20200000  __stop___llvm_prf_cnts        
00018491  __subdf3                      
0001c0c9  _c_int00_noargs               
20206100  _device                       
20206010  _ftable                       
2020643c  _lock                         
0001a2b7  _nop                          
20206318  _stream                       
20206468  _sys_memory                   
UNDEFED   _system_post_cinit            
0001c4e9  _system_pre_init              
20206440  _unlock                       
0001c4ed  abort                         
00019715  add_device                    
00018f29  aligned_alloc                 
20206178  ammo_small                    
ffffffff  binit                         
0001a2b9  blitBufferToRenderBuffer      
0000b474  circuitBoardTex               
00009474  circuitBoardTex2              
0001a78d  clearRenderBuffer             
0001b5cd  close                         
0001b523  compareSprites                
202063f8  dirX                          
20206400  dirY                          
00019149  drawCharToBuffer              
00017b19  drawForegroundSpriteToBuffer  
0001be41  exit                          
0001bf41  fastCos                       
0001bacd  fastSin                       
0001be75  finddevice                    
20205e68  flag_done                     
00018a75  floor                         
20205d80  floorGradient                 
00018a75  floorl                        
0001bf71  fopen                         
0001a535  fputc                         
00019341  fputs                         
00019801  free                          
0001bea9  freopen                       
0001c4a1  fseek                         
0001b035  fseeko                        
0001aab1  getUARTPacket                 
0001b0a1  getdevice                     
20206390  gunFlash                      
0001b6b5  inInventory                   
00000000  interruptVectors              
202063b8  inventory                     
2020645b  isOnTarget                    
20205e78  isShooting                    
202063cc  items                         
2020645d  lastInput                     
00019aad  ldexp                         
00019aad  ldexpl                        
0001c079  lseek                         
0001ac29  main                          
0001c40d  malloc                        
0000d474  matrix2                       
202061e0  medkit                        
00018f29  memalign                      
0001c15d  memccpy                       
20205500  miniMap                       
20205e6c  ms_done                       
20205e70  ms_passed                     
20206448  numsprites                    
0001a359  open                          
2020644c  otherHealth                   
00011c46  outofammoSound                
20205e40  parmbuf                       
20206248  pistol                        
000049c0  pistolSound                   
000157cc  pistolsprite                  
20206408  planeX                        
20206410  planeY                        
20206450  playerHealth                  
20206418  posX                          
20206420  posY                          
00015b21  pow                           
00015b21  powl                          
0001b701  printAmmo                     
0001bedd  printItem                     
00019ec5  printToBuffer                 
0001b365  printf                        
00018bb9  qsort                         
0001bc61  rand                          
000000c0  reloadSound                   
20205e79  reloaded                      
0001c4a9  remove                        
20200000  renderBuffer                  
00019aad  scalbn                        
00019aad  scalbnl                       
0001a3f9  sendUARTPacket                
0001b3c1  setPixelBuffer                
000199cd  setvbuf                       
202062b0  shotgun                       
0000f474  shotgunSound                  
0001bc99  sprintf                       
000187b1  sqrt                          
000187b1  sqrtl                         
0001bcd1  start_delay                   
0001a8a1  strcmp                        
00013d96  target                        
202063dc  textures                      
0001bff9  unlink                        
000112ec  weaploadSound                 
20205980  worldMap                      
0001c0a1  write                         


GLOBAL SYMBOLS: SORTED BY Symbol Address 

address   name                          
-------   ----                          
00000000  __TI_ATRegion0_region_sz      
00000000  __TI_ATRegion0_src_addr       
00000000  __TI_ATRegion0_trg_addr       
00000000  __TI_ATRegion1_region_sz      
00000000  __TI_ATRegion1_src_addr       
00000000  __TI_ATRegion1_trg_addr       
00000000  __TI_ATRegion2_region_sz      
00000000  __TI_ATRegion2_src_addr       
00000000  __TI_ATRegion2_trg_addr       
00000000  __TI_static_base__            
00000000  interruptVectors              
000000c0  reloadSound                   
00000200  __STACK_SIZE                  
00000200  __SYSMEM_SIZE                 
000049c0  pistolSound                   
00007474  SCBarkley                     
00009474  circuitBoardTex2              
0000b474  circuitBoardTex               
0000d474  matrix2                       
0000f474  shotgunSound                  
000112ec  weaploadSound                 
00011c46  outofammoSound                
00012596  ExplosionImage                
00012d96  PistolImage                   
00013596  ShotgunImage                  
00013d96  target                        
00014f8c  OGMap                         
000151cc  Ammosprite                    
000153cc  Medkitsprite                  
000155cc  Shotgunsprite                 
000157cc  pistolsprite                  
00015b21  pow                           
00015b21  powl                          
00016569  MovePlayer                    
00016bbd  RenderSprite                  
00017139  CastRays                      
0001765d  __TI_printfi_minimal          
000178e1  DrawCrosshair                 
00017b19  drawForegroundSpriteToBuffer  
00017d31  ST7735_DrawBitmap             
00017f41  DrawHealthBar                 
00018135  Clock_Init80MHz               
000182e9  ST7735_DrawChar               
00018491  __aeabi_dsub                  
00018491  __subdf3                      
0001849b  __adddf3                      
0001849b  __aeabi_dadd                  
00018623  __aeabi_idiv0                 
00018625  RenderSprites                 
000187b1  sqrt                          
000187b1  sqrtl                         
00018a75  floor                         
00018a75  floorl                        
00018bb9  qsort                         
00018ced  ADC_InitDual                  
00018e11  ST7735_FillRect               
00018f29  aligned_alloc                 
00018f29  memalign                      
0001903d  __aeabi_ddiv                  
0001903d  __divdf3                      
00019149  drawCharToBuffer              
00019249  SPI_Init                      
00019341  fputs                         
00019439  RenderForegroundSprites       
0001952d  RenderSky                     
00019621  ST7735_SetRotation            
00019715  add_device                    
00019801  free                          
000198e9  __aeabi_dmul                  
000198e9  __muldf3                      
000199cd  setvbuf                       
00019aad  ldexp                         
00019aad  ldexpl                        
00019aad  scalbn                        
00019aad  scalbnl                       
00019b85  UART2_Init                    
00019c59  Inventory_add                 
00019d29  ST7735_OutChar                
00019df9  TIMG12_IRQHandler             
00019ec5  printToBuffer                 
00019f79  DAC_Init                      
0001a021  RenderInventory               
0001a0c9  TimerG8_IntArm                
0001a171  TimerG0_IntArm                
0001a2b7  _nop                          
0001a2b9  blitBufferToRenderBuffer      
0001a359  open                          
0001a3f9  sendUARTPacket                
0001a499  ST7735_InitPrintf             
0001a535  fputc                         
0001a5d1  ST7735_InitR                  
0001a669  TimerG12_IntArm               
0001a6fd  FillMap                       
0001a78d  clearRenderBuffer             
0001a8a1  strcmp                        
0001a929  PrecalculateFloorGradient     
0001a9ad  ST7735_DrawString             
0001aa31  UART1_Init                    
0001aab1  getUARTPacket                 
0001ab31  LaunchPad_Init                
0001abad  __TI_closefile                
0001ac29  main                          
0001aca5  __TI_decompress_lzss          
0001ad21  DrawMinimap                   
0001ad99  Inventory_removeCurrent       
0001ae0d  __gedf2                       
0001ae0d  __gtdf2                       
0001ae81  RenderHUD                     
0001aef1  HOSTlseek                     
0001af5d  HOSTrename                    
0001afc9  UART2_IRQHandler              
0001b035  fseeko                        
0001b0a1  getdevice                     
0001b10d  __cmpdf2                      
0001b10d  __eqdf2                       
0001b10d  __ledf2                       
0001b10d  __ltdf2                       
0001b10d  __nedf2                       
0001b175  ADC_InDual                    
0001b1d9  __TI_wrt_ok                   
0001b2a1  __aeabi_dcmpeq                
0001b2b5  __aeabi_dcmplt                
0001b2c9  __aeabi_dcmple                
0001b2dd  __aeabi_dcmpge                
0001b2f1  __aeabi_dcmpgt                
0001b305  HOSTopen                      
0001b365  printf                        
0001b3c1  setPixelBuffer                
0001b41d  HOSTread                      
0001b475  HOSTwrite                     
0001b4cd  __aeabi_idiv                  
0001b4cd  __aeabi_idivmod               
0001b523  compareSprites                
0001b579  __TI_doflush                  
0001b5cd  close                         
0001b61d  RxFifo_Get                    
0001b669  RxFifo_Put                    
0001b6b5  inInventory                   
0001b701  printAmmo                     
0001b74d  __aeabi_d2iz                  
0001b74d  __fixdfsi                     
0001b799  HOSTclose                     
0001b7e1  HOSTunlink                    
0001b829  SPI_OutCommand                
0001b871  Sound_Init                    
0001b8b9  TIMG0_IRQHandler              
0001b901  Input_Init                    
0001b945  SysTick_Handler               
0001b989  SystemInit                    
0001b9cd  RenderScene                   
0001ba0d  SPI_Reset                     
0001ba4d  __aeabi_uidiv                 
0001ba4d  __aeabi_uidivmod              
0001bacd  fastSin                       
0001bb09  __TI_auto_init_nobinit_nopinit
0001bb45  __muldsi3                     
0001bb81  ActivatePortA_B               
0001bbb9  RenderBuffer                  
0001bbf1  SPI_OutData                   
0001bc29  Sound_Start                   
0001bc61  rand                          
0001bc99  sprintf                       
0001bcd1  start_delay                   
0001bd09  Clock_Delay1ms                
0001bd3d  ST7735_SetCursor              
0001bd71  ST7735_write                  
0001bda5  __TI_cleanup                  
0001bdd9  __TI_readmsg                  
0001be0d  __TI_writemsg                 
0001be39  C$$IO$$                       
0001be41  exit                          
0001be75  finddevice                    
0001bea9  freopen                       
0001bedd  printItem                     
0001bf41  fastCos                       
0001bf71  fopen                         
0001bfa1  ST7735_FillScreen             
0001bfcd  __aeabi_i2d                   
0001bfcd  __floatsidf                   
0001bff9  unlink                        
0001c025  UART2_InChar                  
0001c079  lseek                         
0001c0a1  write                         
0001c0c9  _c_int00_noargs               
0001c0f1  Inventory_next                
0001c115  Joy_Init                      
0001c139  __aeabi_ui2d                  
0001c139  __floatunsidf                 
0001c15d  memccpy                       
0001c181  Graphics_Init                 
0001c1a1  Item_isWeapon                 
0001c1e1  ADC0_IRQHandler               
0001c1e1  ADC1_IRQHandler               
0001c1e1  AES_IRQHandler                
0001c1e1  CANFD0_IRQHandler             
0001c1e1  DAC0_IRQHandler               
0001c1e1  DMA_IRQHandler                
0001c1e1  Default_Handler               
0001c1e1  GROUP0_IRQHandler             
0001c1e1  GROUP1_IRQHandler             
0001c1e1  I2C0_IRQHandler               
0001c1e1  I2C1_IRQHandler               
0001c1e1  NMI_Handler                   
0001c1e1  PendSV_Handler                
0001c1e1  RTC_IRQHandler                
0001c1e1  SPI0_IRQHandler               
0001c1e1  SPI1_IRQHandler               
0001c1e1  SVC_Handler                   
0001c1e1  TIMA0_IRQHandler              
0001c1e1  TIMA1_IRQHandler              
0001c1e1  TIMG6_IRQHandler              
0001c1e1  TIMG7_IRQHandler              
0001c1e1  UART0_IRQHandler              
0001c1e1  UART1_IRQHandler              
0001c1e1  UART3_IRQHandler              
0001c1fd  HardFault_Handler             
0001c219  Joy_In                        
0001c251  TIMG8_IRQHandler              
0001c269  UART1_OutChar                 
0001c299  ST7735_open                   
0001c2af  ST7735_read                   
0001c2c5  DAC_Out                       
0001c2d9  RxFifo_Init                   
0001c2ed  Inventory_currentItem         
0001c2ff  Item_isSpent                  
0001c311  TI_memcpy_small               
0001c323  __TI_decompress_none          
0001c335  Clock_Delay                   
0001c345  Delay                         
0001c355  Joy_InButton                  
0001c365  ReadKeys                      
0001c375  __TI_zero_init                
0001c393  ST7735_lseek                  
0001c3a1  __aeabi_memset                
0001c3a1  __aeabi_memset4               
0001c3a1  __aeabi_memset8               
0001c3d9  TI_memset_small               
0001c3e9  Clock_Freq                    
0001c3f5  ST7735_rename                 
0001c401  __aeabi_memclr                
0001c401  __aeabi_memclr4               
0001c401  __aeabi_memclr8               
0001c40d  malloc                        
0001c449  ST7735_close                  
0001c453  ST7735_unlink                 
0001c481  __aeabi_errno_addr            
0001c489  __aeabi_memcpy                
0001c489  __aeabi_memcpy4               
0001c489  __aeabi_memcpy8               
0001c4a1  fseek                         
0001c4a9  remove                        
0001c4e5  Reset_Handler                 
0001c4e9  _system_pre_init              
0001c4ec  C$$EXIT                       
0001c4ed  abort                         
0001c68c  __TI_Handler_Table_Base       
0001c698  __TI_Handler_Table_Limit      
0001c6a0  __TI_CINIT_Base               
0001c6b0  __TI_CINIT_Limit              
0001c6b0  __TI_CINIT_Warm               
20200000  __start___llvm_prf_bits       
20200000  __start___llvm_prf_cnts       
20200000  __stop___llvm_prf_bits        
20200000  __stop___llvm_prf_cnts        
20200000  renderBuffer                  
20205000  ZBuffer                       
20205500  miniMap                       
20205980  worldMap                      
20205bc0  _CIOBUF_                      
20205bc0  __CIOBUF_                     
20205ce0  __TI_tmpnams                  
20205d80  floorGradient                 
20205e40  parmbuf                       
20205e4c  Joy_x                         
20205e50  Joy_y                         
20205e54  Length                        
20205e58  LostData                      
20205e5c  RxGetI                        
20205e60  RxPutI                        
20205e64  SoundPt                       
20205e68  flag_done                     
20205e6c  ms_done                       
20205e70  ms_passed                     
20205e78  isShooting                    
20205e79  reloaded                      
20205e80  Sprites                       
20206010  _ftable                       
20206100  _device                       
20206178  ammo_small                    
202061e0  medkit                        
20206248  pistol                        
202062b0  shotgun                       
20206318  _stream                       
20206368  SoundEffects                  
20206390  gunFlash                      
202063b8  inventory                     
202063cc  items                         
202063dc  textures                      
202063ec  __TI_cleanup_ptr              
202063f0  __TI_dtors_ptr                
202063f4  BusFreq                       
202063f8  dirX                          
20206400  dirY                          
20206408  planeX                        
20206410  planeY                        
20206418  posX                          
20206420  posY                          
2020642c  StX                           
20206430  StY                           
20206434  __TI_ft_end                   
20206438  __aeabi_errno                 
2020643c  _lock                         
20206440  _unlock                       
20206448  numsprites                    
2020644c  otherHealth                   
20206450  playerHealth                  
20206454  StTextColor                   
2020645b  isOnTarget                    
2020645d  lastInput                     
20206468  _sys_memory                   
20207e00  __stack                       
20208000  __STACK_END                   
ffffffff  __TI_pprof_out_hndl           
ffffffff  __TI_prof_data_size           
ffffffff  __TI_prof_data_start          
ffffffff  __binit__                     
ffffffff  binit                         
UNDEFED   __mpu_init                    
UNDEFED   _system_post_cinit            

[329 symbols]
