******************************************************************************
            TI ARM Clang Linker PC v4.0.1                      
******************************************************************************
>> Linked Mon Mar 31 23:03:32 2025

OUTPUT FILE NAME:   <TheM0+rix_Segfaulted.out>
ENTRY POINT SYMBOL: "_c_int00_noargs"  address: 0001cc69


MEMORY CONFIGURATION

         name            origin    length      used     unused   attr    fill
----------------------  --------  ---------  --------  --------  ----  --------
  FLASH                 00000000   00020000  0001d0a0  00002f60  R  X
  SRAM                  20200000   00008000  000066f5  0000190b  RW X
  BCR_CONFIG            41c00000   00000080  00000000  00000080  R   
  BSL_CONFIG            41c00100   00000080  00000000  00000080  R   


SEGMENT ALLOCATION MAP

run origin  load origin   length   init length attrs members
----------  ----------- ---------- ----------- ----- -------
00000000    00000000    000178b8   000178b8    r--
  00000000    00000000    000000c0   000000c0    r-- .intvecs
  000000c0    000000c0    000177f8   000177f8    r-- .rodata
000178c0    000178c0    000057e8   000057e8    r-x
  000178c0    000178c0    000056a0   000056a0    r-x .text
  0001cf60    0001cf60    00000148   00000148    r-- .cinit
20200000    20200000    000064f8   00000000    rw-
  20200000    20200000    00005e20   00000000    rw- .bss
  20205e20    20205e20    000004d5   00000000    rw- .data
  202062f8    202062f8    00000200   00000000    rw- .sysmem
20207e00    20207e00    00000200   00000000    rw-
  20207e00    20207e00    00000200   00000000    rw- .stack


SECTION ALLOCATION MAP

 output                                  attributes/
section   page    origin      length       input sections
--------  ----  ----------  ----------   ----------------
.intvecs   0    00000000    000000c0     
                  00000000    000000c0     startup_mspm0g3507_ticlang.o (.intvecs)

.text      0    000178c0    000056a0     
                  000178c0    00000a48     libc.a : e_pow.c.obj (.text.pow)
                  00018308    00000524     Graphics.o (.text.CastRays)
                  0001882c    000004e4     Input.o (.text.MovePlayer)
                  00018d10    000004cc     sprites.o (.text.RenderSprite)
                  000191dc    00000284     libc.a : _printfi.c.obj (.text:__TI_printfi_minimal)
                  00019460    00000224     Graphics.o (.text.DrawCrosshair)
                  00019684    00000210     ST7735.o (.text.ST7735_DrawBitmap)
                  00019894    0000020c     Buffer.o (.text.drawForegroundSpriteToBuffer)
                  00019aa0    000001b4     Clock.o (.text.Clock_Init80MHz)
                  00019c54    00000192     libclang_rt.builtins.a : adddf3.S.obj (.text.adddf3_subdf3)
                  00019de6    00000002                            : aeabi_div0.c.obj (.text.__aeabi_idiv0)
                  00019de8    0000018c     sprites.o (.text.RenderSprites)
                  00019f74    00000170     libc.a : e_sqrt.c.obj (.text.sqrt)
                  0001a0e4    00000144            : s_floor.c.obj (.text.floor)
                  0001a228    00000134            : qsort.c.obj (.text.qsort)
                  0001a35c    00000124     ADC.o (.text.ADC_InitDual)
                  0001a480    00000118     ST7735.o (.text.ST7735_FillRect)
                  0001a598    00000114     libc.a : memory.c.obj (.text.aligned_alloc)
                  0001a6ac    0000010c     libclang_rt.builtins.a : divdf3.S.obj (.text.__divdf3)
                  0001a7b8    00000100     Buffer.o (.text.drawCharToBuffer)
                  0001a8b8    000000f8     Graphics.o (.text.DrawHealthBar)
                  0001a9b0    000000f8     SPI.o (.text.SPI_Init)
                  0001aaa8    000000f8     libc.a : fputs.c.obj (.text.fputs)
                  0001aba0    000000f4     Graphics.o (.text.RenderSky)
                  0001ac94    000000f4     ST7735.o (.text.ST7735_SetRotation)
                  0001ad88    000000e8     libc.a : memory.c.obj (.text.free)
                  0001ae70    000000e4     libclang_rt.builtins.a : muldf3.S.obj (.text.__muldf3)
                  0001af54    000000e0     libc.a : setvbuf.c.obj (.text.setvbuf)
                  0001b034    000000d8            : s_scalbn.c.obj (.text.scalbn)
                  0001b10c    000000cc     Input.o (.text.TIMG12_IRQHandler)
                  0001b1d8    000000b4     Buffer.o (.text.printToBuffer)
                  0001b28c    000000a8     DAC.o (.text.DAC_Init)
                  0001b334    000000a8     sprites.o (.text.RenderInventory)
                  0001b3dc    000000a2     ST7735.o (.text.commandList)
                  0001b47e    00000002     libc.a : _lock.c.obj (.text._nop)
                  0001b480    000000a0     Buffer.o (.text.blitBufferToRenderBuffer)
                  0001b520    0000009c     libc.a : fputc.c.obj (.text.fputc)
                  0001b5bc    00000098     ST7735.o (.text.ST7735_InitR)
                  0001b654    00000094     Timer.o (.text.TimerG12_IntArm)
                  0001b6e8    00000090     Graphics.o (.text.FillMap)
                  0001b778    00000090     main.o (.text.main)
                  0001b808    0000008c     Buffer.o (.text.clearRenderBuffer)
                  0001b894    00000088     ST7735.o (.text.setAddrWindow)
                  0001b91c    00000004     libc.a : pre_init.c.obj (.text._system_pre_init)
                  0001b920    00000088            : strcmp-armv6m.S.obj (.text:strcmp)
                  0001b9a8    00000084     Buffer.o (.text.PrecalculateFloorGradient)
                  0001ba2c    00000080     Items.o (.text.Inventory_add)
                  0001baac    0000007c     LaunchPad.o (.text.LaunchPad_Init)
                  0001bb28    0000007c     libc.a : fclose.c.obj (.text.__TI_closefile)
                  0001bba4    0000007c            : copy_decompress_lzss.c.obj (.text:decompress:lzss)
                  0001bc20    00000078     Graphics.o (.text.DrawMinimap)
                  0001bc98    00000074     libclang_rt.builtins.a : comparedf2.c.obj (.text.__gedf2)
                  0001bd0c    0000006c     libsysbm.a : hostlseek.c.obj (.text.HOSTlseek)
                  0001bd78    0000006c                : hostrename.c.obj (.text.HOSTrename)
                  0001bde4    0000006c     libc.a : fseek.c.obj (.text.fseeko)
                  0001be50    0000006c            : getdevice.c.obj (.text.getdevice)
                  0001bebc    00000068     libclang_rt.builtins.a : comparedf2.c.obj (.text.__ledf2)
                  0001bf24    00000064     ADC.o (.text.ADC_InDual)
                  0001bf88    00000064     libc.a : _io_perm.c.obj (.text.__TI_wrt_ok)
                  0001bfec    00000064            : memory.c.obj (.text.split)
                  0001c050    00000062     libclang_rt.builtins.a : aeabi_dcmp.S.obj (.text.__aeabi_dcmp)
                  0001c0b2    00000002     --HOLE-- [fill = 0]
                  0001c0b4    00000060     libsysbm.a : hostopen.c.obj (.text.HOSTopen)
                  0001c114    0000005c     sprites.o (.text.RenderForegroundSprites)
                  0001c170    0000005c     libc.a : printf.c.obj (.text.printf)
                  0001c1cc    0000005c     Buffer.o (.text.setPixelBuffer)
                  0001c228    00000058     libsysbm.a : hostread.c.obj (.text.HOSTread)
                  0001c280    00000058                : hostwrite.c.obj (.text.HOSTwrite)
                  0001c2d8    00000058     Graphics.o (.text.RenderHUD)
                  0001c330    00000056     libclang_rt.builtins.a : aeabi_idivmod.S.obj (.text.__aeabi_idivmod)
                  0001c386    00000056     sprites.o (.text.compareSprites)
                  0001c3dc    00000052     libc.a : fflush.c.obj (.text.__TI_doflush)
                  0001c42e    00000002     --HOLE-- [fill = 0]
                  0001c430    00000050     libsysbm.a : close.c.obj (.text.close)
                  0001c480    0000004a     libclang_rt.builtins.a : fixdfsi.S.obj (.text.__fixdfsi)
                  0001c4ca    00000002     --HOLE-- [fill = 0]
                  0001c4cc    00000048     libsysbm.a : hostclose.c.obj (.text.HOSTclose)
                  0001c514    00000048                : hostunlink.c.obj (.text.HOSTunlink)
                  0001c55c    00000048     SPI.o (.text.SPI_OutCommand)
                  0001c5a4    00000048     Sounds.o (.text.Sound_Init)
                  0001c5ec    00000044     Input.o (.text.Input_Init)
                  0001c630    00000044     Sounds.o (.text.SysTick_Handler)
                  0001c674    00000040     Graphics.o (.text.RenderScene)
                  0001c6b4    00000040     SPI.o (.text.SPI_Reset)
                  0001c6f4    00000040     libclang_rt.builtins.a : aeabi_uidivmod.S.obj (.text.__aeabi_uidivmod)
                  0001c734    0000003c     Input.o (.text.fastSin)
                  0001c770    0000003c     Graphics.o (.text.printAmmo)
                  0001c7ac    0000003c     libc.a : autoinit.c.obj (.text:__TI_auto_init_nobinit_nopinit)
                  0001c7e8    0000003a     libclang_rt.builtins.a : muldsi3.S.obj (.text.__muldsi3)
                  0001c822    00000002     --HOLE-- [fill = 0]
                  0001c824    00000038     LaunchPad.o (.text.ActivatePortA_B)
                  0001c85c    00000038     Buffer.o (.text.RenderBuffer)
                  0001c894    00000038     SPI.o (.text.SPI_OutData)
                  0001c8cc    00000038     Sounds.o (.text.Sound_Start)
                  0001c904    00000038     libc.a : rand.c.obj (.text.rand)
                  0001c93c    00000038            : sprintf.c.obj (.text.sprintf)
                  0001c974    00000034     Clock.o (.text.Clock_Delay1ms)
                  0001c9a8    00000034     ST7735.o (.text.ST7735_SetCursor)
                  0001c9dc    00000034     libc.a : fopen.c.obj (.text.__TI_cleanup)
                  0001ca10    00000034     libsysbm.a : trgmsg.c.obj (.text.__TI_readmsg)
                  0001ca44    00000034                : trgmsg.c.obj (.text.__TI_writemsg)
                  0001ca78    00000034     libc.a : exit.c.obj (.text.exit)
                  0001caac    00000034            : getdevice.c.obj (.text.finddevice)
                  0001cae0    00000030     ST7735.o (.text.commonInit)
                  0001cb10    00000030     Input.o (.text.fastCos)
                  0001cb40    0000002c     ST7735.o (.text.ST7735_FillScreen)
                  0001cb6c    0000002c     main.o (.text.SystemInit)
                  0001cb98    0000002c     libclang_rt.builtins.a : floatsidf.S.obj (.text.__floatsidf)
                  0001cbc4    0000002c     libsysbm.a : unlink.c.obj (.text.unlink)
                  0001cbf0    00000028     libc.a : memory.c.obj (.text.free_list_insert)
                  0001cc18    00000028     libsysbm.a : lseek.c.obj (.text.lseek)
                  0001cc40    00000028                : write.c.obj (.text.write)
                  0001cc68    00000028     libc.a : boot_cortex_m.c.obj (.text:_c_int00_noargs)
                  0001cc90    00000024     Graphics.o (.text.Graphics_Init)
                  0001ccb4    00000024     Items.o (.text.Inventory_next)
                  0001ccd8    00000024     Joy.o (.text.Joy_Init)
                  0001ccfc    00000022     libc.a : memccpy.c.obj (.text.memccpy)
                  0001cd1e    00000002     --HOLE-- [fill = 0]
                  0001cd20    0000001c     startup_mspm0g3507_ticlang.o (.text.Default_Handler)
                  0001cd3c    0000001c     startup_mspm0g3507_ticlang.o (.text.HardFault_Handler)
                  0001cd58    0000001c     Joy.o (.text.Joy_In)
                  0001cd74    0000001c     libc.a : memory.c.obj (.text.free_list_remove)
                  0001cd90    00000018            : sprintf.c.obj (.text._outs)
                  0001cda8    00000014     DAC.o (.text.DAC_Out)
                  0001cdbc    00000012     libc.a : memcpy16.S.obj (.text:TI_memcpy_small)
                  0001cdce    00000012            : copy_decompress_none.c.obj (.text:decompress:none)
                  0001cde0    00000010     Clock.o (.text.Clock_Delay)
                  0001cdf0    00000010     LaunchPad.o (.text.Delay)
                  0001ce00    00000010     Input.o (.text.ReadKeys)
                  0001ce10    00000010     libc.a : copy_zero_init.c.obj (.text:decompress:ZI)
                  0001ce20    0000000e            : memory.c.obj (.text.OUTLINED_FUNCTION_0)
                  0001ce2e    00000002     --HOLE-- [fill = 0]
                  0001ce30    0000000e     libclang_rt.builtins.a : aeabi_memset.S.obj (.text.__aeabi_memset)
                  0001ce3e    0000000e     libsysbm.a : hostrename.c.obj (.text.strcpy)
                  0001ce4c    0000000e     libc.a : _printfi.c.obj (.text.strlen)
                  0001ce5a    0000000e     libsysbm.a : hostrename.c.obj (.text.strlen)
                  0001ce68    0000000e     libc.a : memset16.S.obj (.text:TI_memset_small)
                  0001ce76    00000002     --HOLE-- [fill = 0]
                  0001ce78    0000000c     Clock.o (.text.Clock_Freq)
                  0001ce84    0000000c     libclang_rt.builtins.a : aeabi_memset.S.obj (.text.__aeabi_memclr)
                  0001ce90    0000000c     libc.a : memory.c.obj (.text.malloc)
                  0001ce9c    0000000a            : e_pow.c.obj (.text.OUTLINED_FUNCTION_0)
                  0001cea6    00000002     --HOLE-- [fill = 0]
                  0001cea8    00000010     libclang_rt.builtins.a : muldf3.S.obj (.tramp.__aeabi_dmul.1)
                  0001ceb8    0000000a     libc.a : e_pow.c.obj (.text.OUTLINED_FUNCTION_1)
                  0001cec2    0000000a            : e_pow.c.obj (.text.OUTLINED_FUNCTION_6)
                  0001cecc    0000000a            : sprintf.c.obj (.text._outc)
                  0001ced6    00000008            : e_pow.c.obj (.text.OUTLINED_FUNCTION_2)
                  0001cede    00000002     --HOLE-- [fill = 0]
                  0001cee0    00000010     libclang_rt.builtins.a : adddf3.S.obj (.tramp.__aeabi_dsub.1)
                  0001cef0    00000008     libc.a : aeabi_portable.c.obj (.text.__aeabi_errno_addr)
                  0001cef8    00000008     libclang_rt.builtins.a : aeabi_memcpy.S.obj (.text.__aeabi_memcpy)
                  0001cf00    00000008     libc.a : printf.c.obj (.text._outc)
                  0001cf08    00000008            : printf.c.obj (.text._outs)
                  0001cf10    00000008            : fseek.c.obj (.text.fseek)
                  0001cf18    00000008     libsysbm.a : remove.c.obj (.text.remove)
                  0001cf20    00000006     libc.a : e_pow.c.obj (.text.OUTLINED_FUNCTION_3)
                  0001cf26    00000002     --HOLE-- [fill = 0]
                  0001cf28    00000010     libclang_rt.builtins.a : adddf3.S.obj (.tramp.__aeabi_dadd.1)
                  0001cf38    00000006     libc.a : e_pow.c.obj (.text.OUTLINED_FUNCTION_4)
                  0001cf3e    00000006            : e_pow.c.obj (.text.OUTLINED_FUNCTION_5)
                  0001cf44    00000004            : e_pow.c.obj (.text.OUTLINED_FUNCTION_10)
                  0001cf48    00000004            : e_pow.c.obj (.text.OUTLINED_FUNCTION_7)
                  0001cf4c    00000004            : e_pow.c.obj (.text.OUTLINED_FUNCTION_8)
                  0001cf50    00000004            : e_pow.c.obj (.text.OUTLINED_FUNCTION_9)
                  0001cf54    00000004     startup_mspm0g3507_ticlang.o (.text.Reset_Handler)
                  0001cf58    00000004     libc.a : exit.c.obj (.text:abort)
                  0001cf5c    00000004     --HOLE-- [fill = 0]

.cinit     0    0001cf60    00000148     
                  0001cf60    00000123     (.cinit..data.load) [load image, compression = lzss]
                  0001d083    00000001     --HOLE-- [fill = 0]
                  0001d084    0000000c     (__TI_handler_table)
                  0001d090    00000008     (.cinit..bss.load) [load image, compression = zero_init]
                  0001d098    00000010     (__TI_cinit_table)

.rodata    0    000000c0    000177f8     
                  000000c0    00004900     Sounds.o (.rodata.reloadSound)
                  000049c0    00003753     Sounds.o (.rodata.shotgunSound)
                  00008113    00002ab4     Sounds.o (.rodata.pistolSound)
                  0000abc7    00000001     --HOLE-- [fill = 0]
                  0000abc8    00002000     Graphics.o (.rodata.SCBarkley)
                  0000cbc8    00002000     Graphics.o (.rodata.circuitBoardTex2)
                  0000ebc8    00002000     Graphics.o (.rodata.circuitBoardTex)
                  00010bc8    00002000     Graphics.o (.rodata.matrix2)
                  00012bc8    00002000     Graphics.o (.rodata.matrix)
                  00014bc8    0000095a     Sounds.o (.rodata.weaploadSound)
                  00015522    0000094f     Sounds.o (.rodata.outofammoSound)
                  00015e71    00000001     --HOLE-- [fill = 0]
                  00015e72    00000800     main.o (.rodata.PistolImage)
                  00016672    00000800     main.o (.rodata.target)
                  00016e72    000004fb     Buffer.o (.rodata.Font)
                  0001736d    00000240     Graphics.o (.rodata.OGMap)
                  000175ad    00000001     --HOLE-- [fill = 0]
                  000175ae    00000200     main.o (.rodata.pistolsprite)
                  000177ae    0000003b     ST7735.o (.rodata.Rcmd1)
                  000177e9    00000007     --HOLE-- [fill = 0]
                  000177f0    00000030     libc.a : e_pow.c.obj (.rodata.cst16)
                  00017820    0000002b     ST7735.o (.rodata.Rcmd3)
                  0001784b    00000014     main.o (.rodata.str1.58265674741439123291)
                  0001785f    00000011     libc.a : _printfi.c.obj (.rodata.str1.153638888446227384661)
                  00017870    00000010     main.o (.rodata.str1.128962870563899395191)
                  00017880    0000000d     ST7735.o (.rodata.Rcmd2green)
                  0001788d    0000000d     ST7735.o (.rodata.Rcmd2red)
                  0001789a    0000000c     main.o (.rodata.str1.181369900268917052751)
                  000178a6    0000000c     Graphics.o (.rodata.str1.25158831670344200691)
                  000178b2    00000006     --HOLE-- [fill = 0]

.init_array 
*          0    00000000    00000000     UNINITIALIZED

.binit     0    00000000    00000000     

.bss       0    20200000    00005e20     UNINITIALIZED
                  20200000    00005000     (.common:renderBuffer)
                  20205000    00000500     (.common:ZBuffer)
                  20205500    00000480     (.common:miniMap)
                  20205980    00000240     (.common:worldMap)
                  20205bc0    00000120     libsysbm.a : trgmsg.c.obj (.bss:_CIOBUF_)
                  20205ce0    000000a0     libc.a : defs.c.obj (.bss.__TI_tmpnams)
                  20205d80    00000080     (.common:floorGradient)
                  20205e00    00000008     libsysbm.a : hostopen.c.obj (.bss.parmbuf)
                  20205e08    00000004     libc.a : memory.c.obj (.bss.sys_free)
                  20205e0c    00000004     (.common:Joy_x)
                  20205e10    00000004     (.common:Joy_y)
                  20205e14    00000004     (.common:Length)
                  20205e18    00000004     (.common:SoundPt)
                  20205e1c    00000001     ST7735.o (.bss.ColStart)
                  20205e1d    00000001     ST7735.o (.bss.Rotation)
                  20205e1e    00000001     ST7735.o (.bss.RowStart)
                  20205e1f    00000001     ST7735.o (.bss.TabColor)

.data      0    20205e20    000004d5     UNINITIALIZED
                  20205e20    00000190     main.o (.data.Sprites)
                  20205fb0    000000f0     libc.a : defs.c.obj (.data._ftable)
                  202060a0    00000078     libsysbm.a : host_device.c.obj (.data._device)
                  20206118    00000060     main.o (.data.pistol2)
                  20206178    00000060     main.o (.data.pistol)
                  202061d8    00000050     libsysbm.a : host_device.c.obj (.data._stream)
                  20206228    00000028     Sounds.o (.data.SoundEffects)
                  20206250    00000014     main.o (.data.inventory)
                  20206264    00000014     Graphics.o (.data.textures)
                  20206278    00000008     libc.a : exit.c.obj (.data..L_MergedGlobals)
                  20206280    00000008     main.o (.data.dirX)
                  20206288    00000008     main.o (.data.dirY)
                  20206290    00000008     main.o (.data.items)
                  20206298    00000008     main.o (.data.planeX)
                  202062a0    00000008     main.o (.data.planeY)
                  202062a8    00000008     main.o (.data.posX)
                  202062b0    00000008     main.o (.data.posY)
                  202062b8    00000004     Clock.o (.data.BusFreq)
                  202062bc    00000004     Graphics.o (.data.RenderScene.side)
                  202062c0    00000004     ST7735.o (.data.StX)
                  202062c4    00000004     ST7735.o (.data.StY)
                  202062c8    00000004     libc.a : defs.c.obj (.data.__TI_ft_end)
                  202062cc    00000004            : aeabi_portable.c.obj (.data.__aeabi_errno)
                  202062d0    00000004            : _lock.c.obj (.data._lock)
                  202062d4    00000004            : _lock.c.obj (.data._unlock)
                  202062d8    00000004     Graphics.o (.data.lastHealth)
                  202062dc    00000004     libc.a : rand.c.obj (.data.next)
                  202062e0    00000004     main.o (.data.numsprites)
                  202062e4    00000004     main.o (.data.playerHealth)
                  202062e8    00000002     ST7735.o (.data.StTextColor)
                  202062ea    00000002     ST7735.o (.data._height)
                  202062ec    00000002     ST7735.o (.data._width)
                  202062ee    00000001     main.o (.data.accuracyRad)
                  202062ef    00000001     main.o (.data.ammo)
                  202062f0    00000001     main.o (.data.isOnTarget)
                  202062f1    00000001     Input.o (.data.lastInput)
                  202062f2    00000001     main.o (.data.max_ammo)
                  202062f3    00000001     --HOLE--
                  202062f4    00000001     libc.a : memory.c.obj (.data.memory_is_initialized)

.sysmem    0    202062f8    00000200     UNINITIALIZED
                  202062f8    00000010     libc.a : memory.c.obj (.sysmem)
                  20206308    000001f0     --HOLE--

.stack     0    20207e00    00000200     UNINITIALIZED
                  20207e00    00000004     libc.a : boot_cortex_m.c.obj (.stack)
                  20207e04    000001fc     --HOLE--

__llvm_prf_cnts 
*          0    20200000    00000000     UNINITIALIZED

__llvm_prf_bits 
*          0    20200000    00000000     UNINITIALIZED

MODULE SUMMARY

       Module                         code    ro data   rw data
       ------                         ----    -------   -------
    .\
       Sounds.o                       196     48560     48     
       Graphics.o                     2868    41548     3044   
       Buffer.o                       1540    1275      20608  
       main.o                         188     4656      680    
       sprites.o                      1970    0         0      
       ST7735.o                       1646    128       18     
       Input.o                        1648    0         1      
       Clock.o                        516     0         4      
       SPI.o                          440     0         0      
       ADC.o                          392     0         0      
       LaunchPad.o                    196     0         0      
       DAC.o                          188     0         0      
       Items.o                        164     0         0      
       Timer.o                        148     0         0      
       Joy.o                          64      0         0      
    +--+------------------------------+-------+---------+---------+
       Total:                         12164   96167     24403  
                                                               
    .\ticlang\
       startup_mspm0g3507_ticlang.o   60      192       0      
    +--+------------------------------+-------+---------+---------+
       Total:                         60      192       0      
                                                               
    C:\ti\ccs2000\ccs\tools\compiler\ti-cgt-armllvm_4.0.1.LTS\lib\armv6m-ti-none-eabi/c/libc.a
       e_pow.c.obj                    2704    48        0      
       memory.c.obj                   702     0         5      
       _printfi.c.obj                 658     17        0      
       defs.c.obj                     0       0         404    
       e_sqrt.c.obj                   368     0         0      
       s_floor.c.obj                  324     0         0      
       qsort.c.obj                    308     0         0      
       fputs.c.obj                    248     0         0      
       setvbuf.c.obj                  224     0         0      
       s_scalbn.c.obj                 216     0         0      
       getdevice.c.obj                160     0         0      
       fputc.c.obj                    156     0         0      
       strcmp-armv6m.S.obj            136     0         0      
       copy_decompress_lzss.c.obj     124     0         0      
       fclose.c.obj                   124     0         0      
       fseek.c.obj                    116     0         0      
       printf.c.obj                   108     0         0      
       _io_perm.c.obj                 100     0         0      
       sprintf.c.obj                  90      0         0      
       fflush.c.obj                   82      0         0      
       exit.c.obj                     56      0         8      
       autoinit.c.obj                 60      0         0      
       rand.c.obj                     56      0         4      
       fopen.c.obj                    52      0         0      
       boot_cortex_m.c.obj            40      0         0      
       memccpy.c.obj                  34      0         0      
       copy_decompress_none.c.obj     18      0         0      
       memcpy16.S.obj                 18      0         0      
       copy_zero_init.c.obj           16      0         0      
       memset16.S.obj                 14      0         0      
       aeabi_portable.c.obj           8       0         4      
       _lock.c.obj                    2       0         8      
       pre_init.c.obj                 4       0         0      
    +--+------------------------------+-------+---------+---------+
       Total:                         7326    65        433    
                                                               
    C:\ti\ccs2000\ccs\tools\compiler\ti-cgt-armllvm_4.0.1.LTS\lib\armv6m-ti-none-eabi/c/libsysbm.a
       trgmsg.c.obj                   104     0         288    
       host_device.c.obj              0       0         200    
       hostrename.c.obj               136     0         0      
       hostlseek.c.obj                108     0         0      
       hostopen.c.obj                 96      0         8      
       hostread.c.obj                 88      0         0      
       hostwrite.c.obj                88      0         0      
       close.c.obj                    80      0         0      
       hostclose.c.obj                72      0         0      
       hostunlink.c.obj               72      0         0      
       unlink.c.obj                   44      0         0      
       lseek.c.obj                    40      0         0      
       write.c.obj                    40      0         0      
       remove.c.obj                   8       0         0      
    +--+------------------------------+-------+---------+---------+
       Total:                         976     0         496    
                                                               
    C:\ti\ccs2000\ccs\tools\compiler\ti-cgt-armllvm_4.0.1.LTS\lib\armv6m-ti-none-eabi/libclang_rt.builtins.a
       adddf3.S.obj                   434     0         0      
       divdf3.S.obj                   268     0         0      
       muldf3.S.obj                   244     0         0      
       comparedf2.c.obj               220     0         0      
       aeabi_dcmp.S.obj               98      0         0      
       aeabi_idivmod.S.obj            86      0         0      
       fixdfsi.S.obj                  74      0         0      
       aeabi_uidivmod.S.obj           64      0         0      
       muldsi3.S.obj                  58      0         0      
       floatsidf.S.obj                44      0         0      
       aeabi_memset.S.obj             26      0         0      
       aeabi_memcpy.S.obj             8       0         0      
       aeabi_div0.c.obj               2       0         0      
    +--+------------------------------+-------+---------+---------+
       Total:                         1626    0         0      
                                                               
       Heap:                          0       0         512    
       Stack:                         0       0         512    
       Linker Generated:              0       327       0      
    +--+------------------------------+-------+---------+---------+
       Grand Total:                   22152   96751     26356  


LINKER GENERATED COPY TABLES

__TI_cinit_table @ 0001d098 records: 2, size/record: 8, table size: 16
	.data: load addr=0001cf60, load size=00000123 bytes, run addr=20205e20, run size=000004d5 bytes, compression=lzss
	.bss: load addr=0001d090, load size=00000008 bytes, run addr=20200000, run size=00005e20 bytes, compression=zero_init


LINKER GENERATED HANDLER TABLE

__TI_handler_table @ 0001d084 records: 3, size/record: 4, table size: 12
	index: 0, handler: __TI_decompress_lzss
	index: 1, handler: __TI_decompress_none
	index: 2, handler: __TI_zero_init


FAR CALL TRAMPOLINES

callee name               trampoline name
   callee addr  tramp addr   call addr  call info
--------------  -----------  ---------  ----------------
__aeabi_dmul              $Tramp$TT$L$PI$$__aeabi_dmul
   0001ae71     0001cea8     0001cea4   libc.a : e_pow.c.obj (.text.OUTLINED_FUNCTION_0)
                             0001cec0          : e_pow.c.obj (.text.OUTLINED_FUNCTION_1)
                             0001ceca          : e_pow.c.obj (.text.OUTLINED_FUNCTION_6)
                             0001cf3c          : e_pow.c.obj (.text.OUTLINED_FUNCTION_4)
                             0001cf42          : e_pow.c.obj (.text.OUTLINED_FUNCTION_5)
                             0001cf4e          : e_pow.c.obj (.text.OUTLINED_FUNCTION_8)
__aeabi_dsub              $Tramp$TT$L$PI$$__aeabi_dsub
   00019c55     0001cee0     0001cedc   libc.a : e_pow.c.obj (.text.OUTLINED_FUNCTION_2)
__aeabi_dadd              $Tramp$TT$L$PI$$__aeabi_dadd
   00019c5f     0001cf28     0001cf24   libc.a : e_pow.c.obj (.text.OUTLINED_FUNCTION_3)
                             0001cf46          : e_pow.c.obj (.text.OUTLINED_FUNCTION_10)
                             0001cf4a          : e_pow.c.obj (.text.OUTLINED_FUNCTION_7)
                             0001cf52          : e_pow.c.obj (.text.OUTLINED_FUNCTION_9)

[3 trampolines]
[11 trampoline calls]


GLOBAL SYMBOLS: SORTED ALPHABETICALLY BY Name 

address   name                          
-------   ----                          
0001cd21  ADC0_IRQHandler               
0001cd21  ADC1_IRQHandler               
0001bf25  ADC_InDual                    
0001a35d  ADC_InitDual                  
0001cd21  AES_IRQHandler                
0001c825  ActivatePortA_B               
202062b8  BusFreq                       
0001cf58  C$$EXIT                       
0001ca71  C$$IO$$                       
0001cd21  CANFD0_IRQHandler             
00018309  CastRays                      
0001cde1  Clock_Delay                   
0001c975  Clock_Delay1ms                
0001ce79  Clock_Freq                    
00019aa1  Clock_Init80MHz               
0001cd21  DAC0_IRQHandler               
0001b28d  DAC_Init                      
0001cda9  DAC_Out                       
0001cd21  DMA_IRQHandler                
0001cd21  Default_Handler               
0001cdf1  Delay                         
00019461  DrawCrosshair                 
0001a8b9  DrawHealthBar                 
0001bc21  DrawMinimap                   
0001b6e9  FillMap                       
0001cd21  GROUP0_IRQHandler             
0001cd21  GROUP1_IRQHandler             
0001cc91  Graphics_Init                 
0001c4cd  HOSTclose                     
0001bd0d  HOSTlseek                     
0001c0b5  HOSTopen                      
0001c229  HOSTread                      
0001bd79  HOSTrename                    
0001c515  HOSTunlink                    
0001c281  HOSTwrite                     
0001cd3d  HardFault_Handler             
0001cd21  I2C0_IRQHandler               
0001cd21  I2C1_IRQHandler               
0001c5ed  Input_Init                    
0001ba2d  Inventory_add                 
0001ccb5  Inventory_next                
0001cd59  Joy_In                        
0001ccd9  Joy_Init                      
20205e0c  Joy_x                         
20205e10  Joy_y                         
0001baad  LaunchPad_Init                
20205e14  Length                        
0001882d  MovePlayer                    
0001cd21  NMI_Handler                   
0001736d  OGMap                         
0001cd21  PendSV_Handler                
00015e72  PistolImage                   
0001b9a9  PrecalculateFloorGradient     
0001cd21  RTC_IRQHandler                
0001ce01  ReadKeys                      
0001c85d  RenderBuffer                  
0001c115  RenderForegroundSprites       
0001c2d9  RenderHUD                     
0001b335  RenderInventory               
0001c675  RenderScene                   
0001aba1  RenderSky                     
00018d11  RenderSprite                  
00019de9  RenderSprites                 
0001cf55  Reset_Handler                 
0000abc8  SCBarkley                     
0001cd21  SPI0_IRQHandler               
0001cd21  SPI1_IRQHandler               
0001a9b1  SPI_Init                      
0001c55d  SPI_OutCommand                
0001c895  SPI_OutData                   
0001c6b5  SPI_Reset                     
00019685  ST7735_DrawBitmap             
0001a481  ST7735_FillRect               
0001cb41  ST7735_FillScreen             
0001b5bd  ST7735_InitR                  
0001c9a9  ST7735_SetCursor              
0001ac95  ST7735_SetRotation            
0001cd21  SVC_Handler                   
20206228  SoundEffects                  
20205e18  SoundPt                       
0001c5a5  Sound_Init                    
0001c8cd  Sound_Start                   
20205e20  Sprites                       
202062e8  StTextColor                   
202062c0  StX                           
202062c4  StY                           
0001c631  SysTick_Handler               
0001cb6d  SystemInit                    
0001cd21  TIMA0_IRQHandler              
0001cd21  TIMA1_IRQHandler              
0001cd21  TIMG0_IRQHandler              
0001b10d  TIMG12_IRQHandler             
0001cd21  TIMG6_IRQHandler              
0001cd21  TIMG7_IRQHandler              
0001cd21  TIMG8_IRQHandler              
0001cdbd  TI_memcpy_small               
0001ce69  TI_memset_small               
0001b655  TimerG12_IntArm               
0001cd21  UART0_IRQHandler              
0001cd21  UART1_IRQHandler              
0001cd21  UART2_IRQHandler              
0001cd21  UART3_IRQHandler              
20205000  ZBuffer                       
20205bc0  _CIOBUF_                      
20205bc0  __CIOBUF_                     
20208000  __STACK_END                   
00000200  __STACK_SIZE                  
00000200  __SYSMEM_SIZE                 
00000000  __TI_ATRegion0_region_sz      
00000000  __TI_ATRegion0_src_addr       
00000000  __TI_ATRegion0_trg_addr       
00000000  __TI_ATRegion1_region_sz      
00000000  __TI_ATRegion1_src_addr       
00000000  __TI_ATRegion1_trg_addr       
00000000  __TI_ATRegion2_region_sz      
00000000  __TI_ATRegion2_src_addr       
00000000  __TI_ATRegion2_trg_addr       
0001d098  __TI_CINIT_Base               
0001d0a8  __TI_CINIT_Limit              
0001d0a8  __TI_CINIT_Warm               
0001d084  __TI_Handler_Table_Base       
0001d090  __TI_Handler_Table_Limit      
0001c7ad  __TI_auto_init_nobinit_nopinit
0001c9dd  __TI_cleanup                  
20206278  __TI_cleanup_ptr              
0001bb29  __TI_closefile                
0001bba5  __TI_decompress_lzss          
0001cdcf  __TI_decompress_none          
0001c3dd  __TI_doflush                  
2020627c  __TI_dtors_ptr                
202062c8  __TI_ft_end                   
ffffffff  __TI_pprof_out_hndl           
000191dd  __TI_printfi_minimal          
ffffffff  __TI_prof_data_size           
ffffffff  __TI_prof_data_start          
0001ca11  __TI_readmsg                  
00000000  __TI_static_base__            
20205ce0  __TI_tmpnams                  
0001ca45  __TI_writemsg                 
0001bf89  __TI_wrt_ok                   
0001ce11  __TI_zero_init                
00019c5f  __adddf3                      
0001c481  __aeabi_d2iz                  
00019c5f  __aeabi_dadd                  
0001c051  __aeabi_dcmpeq                
0001c08d  __aeabi_dcmpge                
0001c0a1  __aeabi_dcmpgt                
0001c079  __aeabi_dcmple                
0001c065  __aeabi_dcmplt                
0001a6ad  __aeabi_ddiv                  
0001ae71  __aeabi_dmul                  
00019c55  __aeabi_dsub                  
202062cc  __aeabi_errno                 
0001cef1  __aeabi_errno_addr            
0001cb99  __aeabi_i2d                   
0001c331  __aeabi_idiv                  
00019de7  __aeabi_idiv0                 
0001c331  __aeabi_idivmod               
0001ce85  __aeabi_memclr                
0001ce85  __aeabi_memclr4               
0001ce85  __aeabi_memclr8               
0001cef9  __aeabi_memcpy                
0001cef9  __aeabi_memcpy4               
0001cef9  __aeabi_memcpy8               
0001ce31  __aeabi_memset                
0001ce31  __aeabi_memset4               
0001ce31  __aeabi_memset8               
0001c6f5  __aeabi_uidiv                 
0001c6f5  __aeabi_uidivmod              
ffffffff  __binit__                     
0001bebd  __cmpdf2                      
0001a6ad  __divdf3                      
0001bebd  __eqdf2                       
0001c481  __fixdfsi                     
0001cb99  __floatsidf                   
0001bc99  __gedf2                       
0001bc99  __gtdf2                       
0001bebd  __ledf2                       
0001bebd  __ltdf2                       
UNDEFED   __mpu_init                    
0001ae71  __muldf3                      
0001c7e9  __muldsi3                     
0001bebd  __nedf2                       
20207e00  __stack                       
20200000  __start___llvm_prf_bits       
20200000  __start___llvm_prf_cnts       
20200000  __stop___llvm_prf_bits        
20200000  __stop___llvm_prf_cnts        
00019c55  __subdf3                      
0001cc69  _c_int00_noargs               
202060a0  _device                       
20205fb0  _ftable                       
202062d0  _lock                         
0001b47f  _nop                          
202061d8  _stream                       
202062f8  _sys_memory                   
UNDEFED   _system_post_cinit            
0001b91d  _system_pre_init              
202062d4  _unlock                       
0001cf59  abort                         
202062ee  accuracyRad                   
0001a599  aligned_alloc                 
202062ef  ammo                          
ffffffff  binit                         
0001b481  blitBufferToRenderBuffer      
0000ebc8  circuitBoardTex               
0000cbc8  circuitBoardTex2              
0001b809  clearRenderBuffer             
0001c431  close                         
0001c387  compareSprites                
20206280  dirX                          
20206288  dirY                          
0001a7b9  drawCharToBuffer              
00019895  drawForegroundSpriteToBuffer  
0001ca79  exit                          
0001cb11  fastCos                       
0001c735  fastSin                       
0001caad  finddevice                    
0001a0e5  floor                         
20205d80  floorGradient                 
0001a0e5  floorl                        
0001b521  fputc                         
0001aaa9  fputs                         
0001ad89  free                          
0001cf11  fseek                         
0001bde5  fseeko                        
0001be51  getdevice                     
00000000  interruptVectors              
20206250  inventory                     
202062f0  isOnTarget                    
20206290  items                         
202062d8  lastHealth                    
202062f1  lastInput                     
0001b035  ldexp                         
0001b035  ldexpl                        
0001cc19  lseek                         
0001b779  main                          
0001ce91  malloc                        
00012bc8  matrix                        
00010bc8  matrix2                       
202062f2  max_ammo                      
0001a599  memalign                      
0001ccfd  memccpy                       
20205500  miniMap                       
202062e0  numsprites                    
00015522  outofammoSound                
20205e00  parmbuf                       
20206178  pistol                        
20206118  pistol2                       
00008113  pistolSound                   
000175ae  pistolsprite                  
20206298  planeX                        
202062a0  planeY                        
202062e4  playerHealth                  
202062a8  posX                          
202062b0  posY                          
000178c1  pow                           
000178c1  powl                          
0001c771  printAmmo                     
0001b1d9  printToBuffer                 
0001c171  printf                        
0001a229  qsort                         
0001c905  rand                          
000000c0  reloadSound                   
0001cf19  remove                        
20200000  renderBuffer                  
0001b035  scalbn                        
0001b035  scalbnl                       
0001c1cd  setPixelBuffer                
0001af55  setvbuf                       
000049c0  shotgunSound                  
0001c93d  sprintf                       
00019f75  sqrt                          
00019f75  sqrtl                         
0001b921  strcmp                        
00016672  target                        
20206264  textures                      
0001cbc5  unlink                        
00014bc8  weaploadSound                 
20205980  worldMap                      
0001cc41  write                         


GLOBAL SYMBOLS: SORTED BY Symbol Address 

address   name                          
-------   ----                          
00000000  __TI_ATRegion0_region_sz      
00000000  __TI_ATRegion0_src_addr       
00000000  __TI_ATRegion0_trg_addr       
00000000  __TI_ATRegion1_region_sz      
00000000  __TI_ATRegion1_src_addr       
00000000  __TI_ATRegion1_trg_addr       
00000000  __TI_ATRegion2_region_sz      
00000000  __TI_ATRegion2_src_addr       
00000000  __TI_ATRegion2_trg_addr       
00000000  __TI_static_base__            
00000000  interruptVectors              
000000c0  reloadSound                   
00000200  __STACK_SIZE                  
00000200  __SYSMEM_SIZE                 
000049c0  shotgunSound                  
00008113  pistolSound                   
0000abc8  SCBarkley                     
0000cbc8  circuitBoardTex2              
0000ebc8  circuitBoardTex               
00010bc8  matrix2                       
00012bc8  matrix                        
00014bc8  weaploadSound                 
00015522  outofammoSound                
00015e72  PistolImage                   
00016672  target                        
0001736d  OGMap                         
000175ae  pistolsprite                  
000178c1  pow                           
000178c1  powl                          
00018309  CastRays                      
0001882d  MovePlayer                    
00018d11  RenderSprite                  
000191dd  __TI_printfi_minimal          
00019461  DrawCrosshair                 
00019685  ST7735_DrawBitmap             
00019895  drawForegroundSpriteToBuffer  
00019aa1  Clock_Init80MHz               
00019c55  __aeabi_dsub                  
00019c55  __subdf3                      
00019c5f  __adddf3                      
00019c5f  __aeabi_dadd                  
00019de7  __aeabi_idiv0                 
00019de9  RenderSprites                 
00019f75  sqrt                          
00019f75  sqrtl                         
0001a0e5  floor                         
0001a0e5  floorl                        
0001a229  qsort                         
0001a35d  ADC_InitDual                  
0001a481  ST7735_FillRect               
0001a599  aligned_alloc                 
0001a599  memalign                      
0001a6ad  __aeabi_ddiv                  
0001a6ad  __divdf3                      
0001a7b9  drawCharToBuffer              
0001a8b9  DrawHealthBar                 
0001a9b1  SPI_Init                      
0001aaa9  fputs                         
0001aba1  RenderSky                     
0001ac95  ST7735_SetRotation            
0001ad89  free                          
0001ae71  __aeabi_dmul                  
0001ae71  __muldf3                      
0001af55  setvbuf                       
0001b035  ldexp                         
0001b035  ldexpl                        
0001b035  scalbn                        
0001b035  scalbnl                       
0001b10d  TIMG12_IRQHandler             
0001b1d9  printToBuffer                 
0001b28d  DAC_Init                      
0001b335  RenderInventory               
0001b47f  _nop                          
0001b481  blitBufferToRenderBuffer      
0001b521  fputc                         
0001b5bd  ST7735_InitR                  
0001b655  TimerG12_IntArm               
0001b6e9  FillMap                       
0001b779  main                          
0001b809  clearRenderBuffer             
0001b91d  _system_pre_init              
0001b921  strcmp                        
0001b9a9  PrecalculateFloorGradient     
0001ba2d  Inventory_add                 
0001baad  LaunchPad_Init                
0001bb29  __TI_closefile                
0001bba5  __TI_decompress_lzss          
0001bc21  DrawMinimap                   
0001bc99  __gedf2                       
0001bc99  __gtdf2                       
0001bd0d  HOSTlseek                     
0001bd79  HOSTrename                    
0001bde5  fseeko                        
0001be51  getdevice                     
0001bebd  __cmpdf2                      
0001bebd  __eqdf2                       
0001bebd  __ledf2                       
0001bebd  __ltdf2                       
0001bebd  __nedf2                       
0001bf25  ADC_InDual                    
0001bf89  __TI_wrt_ok                   
0001c051  __aeabi_dcmpeq                
0001c065  __aeabi_dcmplt                
0001c079  __aeabi_dcmple                
0001c08d  __aeabi_dcmpge                
0001c0a1  __aeabi_dcmpgt                
0001c0b5  HOSTopen                      
0001c115  RenderForegroundSprites       
0001c171  printf                        
0001c1cd  setPixelBuffer                
0001c229  HOSTread                      
0001c281  HOSTwrite                     
0001c2d9  RenderHUD                     
0001c331  __aeabi_idiv                  
0001c331  __aeabi_idivmod               
0001c387  compareSprites                
0001c3dd  __TI_doflush                  
0001c431  close                         
0001c481  __aeabi_d2iz                  
0001c481  __fixdfsi                     
0001c4cd  HOSTclose                     
0001c515  HOSTunlink                    
0001c55d  SPI_OutCommand                
0001c5a5  Sound_Init                    
0001c5ed  Input_Init                    
0001c631  SysTick_Handler               
0001c675  RenderScene                   
0001c6b5  SPI_Reset                     
0001c6f5  __aeabi_uidiv                 
0001c6f5  __aeabi_uidivmod              
0001c735  fastSin                       
0001c771  printAmmo                     
0001c7ad  __TI_auto_init_nobinit_nopinit
0001c7e9  __muldsi3                     
0001c825  ActivatePortA_B               
0001c85d  RenderBuffer                  
0001c895  SPI_OutData                   
0001c8cd  Sound_Start                   
0001c905  rand                          
0001c93d  sprintf                       
0001c975  Clock_Delay1ms                
0001c9a9  ST7735_SetCursor              
0001c9dd  __TI_cleanup                  
0001ca11  __TI_readmsg                  
0001ca45  __TI_writemsg                 
0001ca71  C$$IO$$                       
0001ca79  exit                          
0001caad  finddevice                    
0001cb11  fastCos                       
0001cb41  ST7735_FillScreen             
0001cb6d  SystemInit                    
0001cb99  __aeabi_i2d                   
0001cb99  __floatsidf                   
0001cbc5  unlink                        
0001cc19  lseek                         
0001cc41  write                         
0001cc69  _c_int00_noargs               
0001cc91  Graphics_Init                 
0001ccb5  Inventory_next                
0001ccd9  Joy_Init                      
0001ccfd  memccpy                       
0001cd21  ADC0_IRQHandler               
0001cd21  ADC1_IRQHandler               
0001cd21  AES_IRQHandler                
0001cd21  CANFD0_IRQHandler             
0001cd21  DAC0_IRQHandler               
0001cd21  DMA_IRQHandler                
0001cd21  Default_Handler               
0001cd21  GROUP0_IRQHandler             
0001cd21  GROUP1_IRQHandler             
0001cd21  I2C0_IRQHandler               
0001cd21  I2C1_IRQHandler               
0001cd21  NMI_Handler                   
0001cd21  PendSV_Handler                
0001cd21  RTC_IRQHandler                
0001cd21  SPI0_IRQHandler               
0001cd21  SPI1_IRQHandler               
0001cd21  SVC_Handler                   
0001cd21  TIMA0_IRQHandler              
0001cd21  TIMA1_IRQHandler              
0001cd21  TIMG0_IRQHandler              
0001cd21  TIMG6_IRQHandler              
0001cd21  TIMG7_IRQHandler              
0001cd21  TIMG8_IRQHandler              
0001cd21  UART0_IRQHandler              
0001cd21  UART1_IRQHandler              
0001cd21  UART2_IRQHandler              
0001cd21  UART3_IRQHandler              
0001cd3d  HardFault_Handler             
0001cd59  Joy_In                        
0001cda9  DAC_Out                       
0001cdbd  TI_memcpy_small               
0001cdcf  __TI_decompress_none          
0001cde1  Clock_Delay                   
0001cdf1  Delay                         
0001ce01  ReadKeys                      
0001ce11  __TI_zero_init                
0001ce31  __aeabi_memset                
0001ce31  __aeabi_memset4               
0001ce31  __aeabi_memset8               
0001ce69  TI_memset_small               
0001ce79  Clock_Freq                    
0001ce85  __aeabi_memclr                
0001ce85  __aeabi_memclr4               
0001ce85  __aeabi_memclr8               
0001ce91  malloc                        
0001cef1  __aeabi_errno_addr            
0001cef9  __aeabi_memcpy                
0001cef9  __aeabi_memcpy4               
0001cef9  __aeabi_memcpy8               
0001cf11  fseek                         
0001cf19  remove                        
0001cf55  Reset_Handler                 
0001cf58  C$$EXIT                       
0001cf59  abort                         
0001d084  __TI_Handler_Table_Base       
0001d090  __TI_Handler_Table_Limit      
0001d098  __TI_CINIT_Base               
0001d0a8  __TI_CINIT_Limit              
0001d0a8  __TI_CINIT_Warm               
20200000  __start___llvm_prf_bits       
20200000  __start___llvm_prf_cnts       
20200000  __stop___llvm_prf_bits        
20200000  __stop___llvm_prf_cnts        
20200000  renderBuffer                  
20205000  ZBuffer                       
20205500  miniMap                       
20205980  worldMap                      
20205bc0  _CIOBUF_                      
20205bc0  __CIOBUF_                     
20205ce0  __TI_tmpnams                  
20205d80  floorGradient                 
20205e00  parmbuf                       
20205e0c  Joy_x                         
20205e10  Joy_y                         
20205e14  Length                        
20205e18  SoundPt                       
20205e20  Sprites                       
20205fb0  _ftable                       
202060a0  _device                       
20206118  pistol2                       
20206178  pistol                        
202061d8  _stream                       
20206228  SoundEffects                  
20206250  inventory                     
20206264  textures                      
20206278  __TI_cleanup_ptr              
2020627c  __TI_dtors_ptr                
20206280  dirX                          
20206288  dirY                          
20206290  items                         
20206298  planeX                        
202062a0  planeY                        
202062a8  posX                          
202062b0  posY                          
202062b8  BusFreq                       
202062c0  StX                           
202062c4  StY                           
202062c8  __TI_ft_end                   
202062cc  __aeabi_errno                 
202062d0  _lock                         
202062d4  _unlock                       
202062d8  lastHealth                    
202062e0  numsprites                    
202062e4  playerHealth                  
202062e8  StTextColor                   
202062ee  accuracyRad                   
202062ef  ammo                          
202062f0  isOnTarget                    
202062f1  lastInput                     
202062f2  max_ammo                      
202062f8  _sys_memory                   
20207e00  __stack                       
20208000  __STACK_END                   
ffffffff  __TI_pprof_out_hndl           
ffffffff  __TI_prof_data_size           
ffffffff  __TI_prof_data_start          
ffffffff  __binit__                     
ffffffff  binit                         
UNDEFED   __mpu_init                    
UNDEFED   _system_post_cinit            

[281 symbols]
