******************************************************************************
            TI ARM Clang Linker PC v4.0.1                      
******************************************************************************
>> Linked Thu Apr  3 10:55:50 2025

OUTPUT FILE NAME:   <TheM0+rix_Segfaulted.out>
ENTRY POINT SYMBOL: "_c_int00_noargs"  address: 0001ae1d


MEMORY CONFIGURATION

         name            origin    length      used     unused   attr    fill
----------------------  --------  ---------  --------  --------  ----  --------
  FLASH                 00000000   00020000  0001b338  00004cc8  R  X
  SRAM                  20200000   00008000  0000680f  000017f1  RW X
  BCR_CONFIG            41c00000   00000080  00000000  00000080  R   
  BSL_CONFIG            41c00100   00000080  00000000  00000080  R   


SEGMENT ALLOCATION MAP

run origin  load origin   length   init length attrs members
----------  ----------- ---------- ----------- ----- -------
00000000    00000000    000155e8   000155e8    r--
  00000000    00000000    000000c0   000000c0    r-- .intvecs
  000000c0    000000c0    00015528   00015528    r-- .rodata
000155f0    000155f0    00005d50   00005d50    r-x
  000155f0    000155f0    00005b90   00005b90    r-x .text
  0001b180    0001b180    000001c0   000001c0    r-- .cinit
20200000    20200000    00006618   00000000    rw-
  20200000    20200000    00005e2e   00000000    rw- .bss
  20205e30    20205e30    000005e1   00000000    rw- .data
  20206418    20206418    00000200   00000000    rw- .sysmem
20207e00    20207e00    00000200   00000000    rw-
  20207e00    20207e00    00000200   00000000    rw- .stack


SECTION ALLOCATION MAP

 output                                  attributes/
section   page    origin      length       input sections
--------  ----  ----------  ----------   ----------------
.intvecs   0    00000000    000000c0     
                  00000000    000000c0     startup_mspm0g3507_ticlang.o (.intvecs)

.text      0    000155f0    00005b90     
                  000155f0    00000a48     libc.a : e_pow.c.obj (.text.pow)
                  00016038    0000060c     Input.o (.text.MovePlayer)
                  00016644    0000057c     sprites.o (.text.RenderSprite)
                  00016bc0    00000524     Graphics.o (.text.CastRays)
                  000170e4    00000284     libc.a : _printfi.c.obj (.text:__TI_printfi_minimal)
                  00017368    00000238     Graphics.o (.text.DrawCrosshair)
                  000175a0    00000218     Buffer.o (.text.drawForegroundSpriteToBuffer)
                  000177b8    00000210     ST7735.o (.text.ST7735_DrawBitmap)
                  000179c8    000001b4     Clock.o (.text.Clock_Init80MHz)
                  00017b7c    00000192     libclang_rt.builtins.a : adddf3.S.obj (.text.adddf3_subdf3)
                  00017d0e    00000002                            : aeabi_div0.c.obj (.text.__aeabi_idiv0)
                  00017d10    0000018c     sprites.o (.text.RenderSprites)
                  00017e9c    00000170     libc.a : e_sqrt.c.obj (.text.sqrt)
                  0001800c    00000144            : s_floor.c.obj (.text.floor)
                  00018150    00000134            : qsort.c.obj (.text.qsort)
                  00018284    00000124     ADC.o (.text.ADC_InitDual)
                  000183a8    00000118     ST7735.o (.text.ST7735_FillRect)
                  000184c0    00000114     libc.a : memory.c.obj (.text.aligned_alloc)
                  000185d4    0000010c     libclang_rt.builtins.a : divdf3.S.obj (.text.__divdf3)
                  000186e0    00000100     Buffer.o (.text.drawCharToBuffer)
                  000187e0    000000f8     Graphics.o (.text.DrawHealthBar)
                  000188d8    000000f8     SPI.o (.text.SPI_Init)
                  000189d0    000000f8     libc.a : fputs.c.obj (.text.fputs)
                  00018ac8    000000f4     sprites.o (.text.RenderForegroundSprites)
                  00018bbc    000000f4     Graphics.o (.text.RenderSky)
                  00018cb0    000000f4     ST7735.o (.text.ST7735_SetRotation)
                  00018da4    000000e8     libc.a : memory.c.obj (.text.free)
                  00018e8c    000000e4     libclang_rt.builtins.a : muldf3.S.obj (.text.__muldf3)
                  00018f70    000000e0     libc.a : setvbuf.c.obj (.text.setvbuf)
                  00019050    000000d8            : s_scalbn.c.obj (.text.scalbn)
                  00019128    000000cc     Input.o (.text.TIMG12_IRQHandler)
                  000191f4    000000b4     Buffer.o (.text.printToBuffer)
                  000192a8    000000a8     DAC.o (.text.DAC_Init)
                  00019350    000000a8     Inventory.o (.text.Inventory_add)
                  000193f8    000000a8     sprites.o (.text.RenderInventory)
                  000194a0    000000a4     Timer.o (.text.TimerG0_IntArm)
                  00019544    000000a2     ST7735.o (.text.commandList)
                  000195e6    00000002     libc.a : _lock.c.obj (.text._nop)
                  000195e8    000000a0     Buffer.o (.text.blitBufferToRenderBuffer)
                  00019688    0000009c     libc.a : fputc.c.obj (.text.fputc)
                  00019724    00000098     ST7735.o (.text.ST7735_InitR)
                  000197bc    00000094     Timer.o (.text.TimerG12_IntArm)
                  00019850    00000090     Graphics.o (.text.FillMap)
                  000198e0    00000090     main.o (.text.main)
                  00019970    0000008c     Buffer.o (.text.clearRenderBuffer)
                  000199fc    00000088     ST7735.o (.text.setAddrWindow)
                  00019a84    0000000c     Clock.o (.text.Clock_Freq)
                  00019a90    00000088     libc.a : strcmp-armv6m.S.obj (.text:strcmp)
                  00019b18    00000084     Buffer.o (.text.PrecalculateFloorGradient)
                  00019b9c    0000007c     LaunchPad.o (.text.LaunchPad_Init)
                  00019c18    0000007c     libc.a : fclose.c.obj (.text.__TI_closefile)
                  00019c94    0000007c            : copy_decompress_lzss.c.obj (.text:decompress:lzss)
                  00019d10    00000078     Graphics.o (.text.DrawMinimap)
                  00019d88    00000074     libclang_rt.builtins.a : comparedf2.c.obj (.text.__gedf2)
                  00019dfc    00000070     Graphics.o (.text.RenderHUD)
                  00019e6c    0000006c     libsysbm.a : hostlseek.c.obj (.text.HOSTlseek)
                  00019ed8    0000006c                : hostrename.c.obj (.text.HOSTrename)
                  00019f44    0000006c     libc.a : fseek.c.obj (.text.fseeko)
                  00019fb0    0000006c            : getdevice.c.obj (.text.getdevice)
                  0001a01c    00000068     libclang_rt.builtins.a : comparedf2.c.obj (.text.__ledf2)
                  0001a084    00000064     ADC.o (.text.ADC_InDual)
                  0001a0e8    00000064     libc.a : _io_perm.c.obj (.text.__TI_wrt_ok)
                  0001a14c    00000064            : memory.c.obj (.text.split)
                  0001a1b0    00000062     libclang_rt.builtins.a : aeabi_dcmp.S.obj (.text.__aeabi_dcmp)
                  0001a212    00000002     --HOLE-- [fill = 0]
                  0001a214    00000060     libsysbm.a : hostopen.c.obj (.text.HOSTopen)
                  0001a274    0000005c     libc.a : printf.c.obj (.text.printf)
                  0001a2d0    0000005c     Buffer.o (.text.setPixelBuffer)
                  0001a32c    00000058     libsysbm.a : hostread.c.obj (.text.HOSTread)
                  0001a384    00000058                : hostwrite.c.obj (.text.HOSTwrite)
                  0001a3dc    00000056     libclang_rt.builtins.a : aeabi_idivmod.S.obj (.text.__aeabi_idivmod)
                  0001a432    00000056     sprites.o (.text.compareSprites)
                  0001a488    00000052     libc.a : fflush.c.obj (.text.__TI_doflush)
                  0001a4da    00000002     --HOLE-- [fill = 0]
                  0001a4dc    00000050     libsysbm.a : close.c.obj (.text.close)
                  0001a52c    0000004c     Graphics.o (.text.printAmmo)
                  0001a578    0000004a     libclang_rt.builtins.a : fixdfsi.S.obj (.text.__fixdfsi)
                  0001a5c2    00000002     --HOLE-- [fill = 0]
                  0001a5c4    00000048     libsysbm.a : hostclose.c.obj (.text.HOSTclose)
                  0001a60c    00000048                : hostunlink.c.obj (.text.HOSTunlink)
                  0001a654    00000048     SPI.o (.text.SPI_OutCommand)
                  0001a69c    00000048     Sounds.o (.text.Sound_Init)
                  0001a6e4    00000048     Async_Delay.o (.text.TIMG0_IRQHandler)
                  0001a72c    00000044     Input.o (.text.Input_Init)
                  0001a770    00000044     Sounds.o (.text.SysTick_Handler)
                  0001a7b4    00000042     Inventory.o (.text.Inventory_removeCurrent)
                  0001a7f6    00000002     --HOLE-- [fill = 0]
                  0001a7f8    00000040     Graphics.o (.text.RenderScene)
                  0001a838    00000040     SPI.o (.text.SPI_Reset)
                  0001a878    00000040     libclang_rt.builtins.a : aeabi_uidivmod.S.obj (.text.__aeabi_uidivmod)
                  0001a8b8    0000003c     Input.o (.text.fastSin)
                  0001a8f4    0000003c     libc.a : autoinit.c.obj (.text:__TI_auto_init_nobinit_nopinit)
                  0001a930    0000003a     libclang_rt.builtins.a : muldsi3.S.obj (.text.__muldsi3)
                  0001a96a    00000002     --HOLE-- [fill = 0]
                  0001a96c    00000038     LaunchPad.o (.text.ActivatePortA_B)
                  0001a9a4    00000038     Buffer.o (.text.RenderBuffer)
                  0001a9dc    00000038     SPI.o (.text.SPI_OutData)
                  0001aa14    00000038     Sounds.o (.text.Sound_Start)
                  0001aa4c    00000038     libc.a : rand.c.obj (.text.rand)
                  0001aa84    00000038            : sprintf.c.obj (.text.sprintf)
                  0001aabc    00000038     Async_Delay.o (.text.start_delay)
                  0001aaf4    00000034     Clock.o (.text.Clock_Delay1ms)
                  0001ab28    00000034     ST7735.o (.text.ST7735_SetCursor)
                  0001ab5c    00000034     libc.a : fopen.c.obj (.text.__TI_cleanup)
                  0001ab90    00000034     libsysbm.a : trgmsg.c.obj (.text.__TI_readmsg)
                  0001abc4    00000034                : trgmsg.c.obj (.text.__TI_writemsg)
                  0001abf8    00000034     libc.a : exit.c.obj (.text.exit)
                  0001ac2c    00000034            : getdevice.c.obj (.text.finddevice)
                  0001ac60    00000034     Graphics.o (.text.printItem)
                  0001ac94    00000030     ST7735.o (.text.commonInit)
                  0001acc4    00000030     Input.o (.text.fastCos)
                  0001acf4    0000002c     ST7735.o (.text.ST7735_FillScreen)
                  0001ad20    0000002c     main.o (.text.SystemInit)
                  0001ad4c    0000002c     libclang_rt.builtins.a : floatsidf.S.obj (.text.__floatsidf)
                  0001ad78    0000002c     libsysbm.a : unlink.c.obj (.text.unlink)
                  0001ada4    00000028     libc.a : memory.c.obj (.text.free_list_insert)
                  0001adcc    00000028     libsysbm.a : lseek.c.obj (.text.lseek)
                  0001adf4    00000028                : write.c.obj (.text.write)
                  0001ae1c    00000028     libc.a : boot_cortex_m.c.obj (.text:_c_int00_noargs)
                  0001ae44    00000024     Graphics.o (.text.Graphics_Init)
                  0001ae68    00000024     Inventory.o (.text.Inventory_next)
                  0001ae8c    00000024     Joy.o (.text.Joy_Init)
                  0001aeb0    00000024     libclang_rt.builtins.a : floatunsidf.S.obj (.text.__floatunsidf)
                  0001aed4    00000022     libc.a : memccpy.c.obj (.text.memccpy)
                  0001aef6    00000020     Inventory.o (.text.Item_isWeapon)
                  0001af16    00000002     --HOLE-- [fill = 0]
                  0001af18    0000001c     startup_mspm0g3507_ticlang.o (.text.Default_Handler)
                  0001af34    0000001c     startup_mspm0g3507_ticlang.o (.text.HardFault_Handler)
                  0001af50    0000001c     Joy.o (.text.Joy_In)
                  0001af6c    0000001c     libc.a : memory.c.obj (.text.free_list_remove)
                  0001af88    00000018            : sprintf.c.obj (.text._outs)
                  0001afa0    00000014     DAC.o (.text.DAC_Out)
                  0001afb4    00000012     Inventory.o (.text.Inventory_currentItem)
                  0001afc6    00000012     Inventory.o (.text.Item_isSpent)
                  0001afd8    00000012     libc.a : memcpy16.S.obj (.text:TI_memcpy_small)
                  0001afea    00000012            : copy_decompress_none.c.obj (.text:decompress:none)
                  0001affc    00000010     Clock.o (.text.Clock_Delay)
                  0001b00c    00000010     LaunchPad.o (.text.Delay)
                  0001b01c    00000010     Joy.o (.text.Joy_InButton)
                  0001b02c    00000010     Input.o (.text.ReadKeys)
                  0001b03c    00000010     libc.a : copy_zero_init.c.obj (.text:decompress:ZI)
                  0001b04c    0000000e            : memory.c.obj (.text.OUTLINED_FUNCTION_0)
                  0001b05a    00000002     --HOLE-- [fill = 0]
                  0001b05c    0000000e     libclang_rt.builtins.a : aeabi_memset.S.obj (.text.__aeabi_memset)
                  0001b06a    0000000e     libsysbm.a : hostrename.c.obj (.text.strcpy)
                  0001b078    0000000e     libc.a : _printfi.c.obj (.text.strlen)
                  0001b086    0000000e     libsysbm.a : hostrename.c.obj (.text.strlen)
                  0001b094    0000000e     libc.a : memset16.S.obj (.text:TI_memset_small)
                  0001b0a2    00000002     --HOLE-- [fill = 0]
                  0001b0a4    0000000c     libclang_rt.builtins.a : aeabi_memset.S.obj (.text.__aeabi_memclr)
                  0001b0b0    0000000c     libc.a : memory.c.obj (.text.malloc)
                  0001b0bc    0000000a            : e_pow.c.obj (.text.OUTLINED_FUNCTION_0)
                  0001b0c6    00000002     --HOLE-- [fill = 0]
                  0001b0c8    00000010     libclang_rt.builtins.a : muldf3.S.obj (.tramp.__aeabi_dmul.1)
                  0001b0d8    0000000a     libc.a : e_pow.c.obj (.text.OUTLINED_FUNCTION_1)
                  0001b0e2    0000000a            : e_pow.c.obj (.text.OUTLINED_FUNCTION_6)
                  0001b0ec    0000000a            : sprintf.c.obj (.text._outc)
                  0001b0f6    00000008            : e_pow.c.obj (.text.OUTLINED_FUNCTION_2)
                  0001b0fe    00000002     --HOLE-- [fill = 0]
                  0001b100    00000010     libclang_rt.builtins.a : adddf3.S.obj (.tramp.__aeabi_dsub.1)
                  0001b110    00000008     libc.a : aeabi_portable.c.obj (.text.__aeabi_errno_addr)
                  0001b118    00000008     libclang_rt.builtins.a : aeabi_memcpy.S.obj (.text.__aeabi_memcpy)
                  0001b120    00000008     libc.a : printf.c.obj (.text._outc)
                  0001b128    00000008            : printf.c.obj (.text._outs)
                  0001b130    00000008            : fseek.c.obj (.text.fseek)
                  0001b138    00000008     libsysbm.a : remove.c.obj (.text.remove)
                  0001b140    00000006     libc.a : e_pow.c.obj (.text.OUTLINED_FUNCTION_3)
                  0001b146    00000002     --HOLE-- [fill = 0]
                  0001b148    00000010     libclang_rt.builtins.a : adddf3.S.obj (.tramp.__aeabi_dadd.1)
                  0001b158    00000006     libc.a : e_pow.c.obj (.text.OUTLINED_FUNCTION_4)
                  0001b15e    00000006            : e_pow.c.obj (.text.OUTLINED_FUNCTION_5)
                  0001b164    00000004            : e_pow.c.obj (.text.OUTLINED_FUNCTION_10)
                  0001b168    00000004            : e_pow.c.obj (.text.OUTLINED_FUNCTION_7)
                  0001b16c    00000004            : e_pow.c.obj (.text.OUTLINED_FUNCTION_8)
                  0001b170    00000004            : e_pow.c.obj (.text.OUTLINED_FUNCTION_9)
                  0001b174    00000004     startup_mspm0g3507_ticlang.o (.text.Reset_Handler)
                  0001b178    00000004     libc.a : pre_init.c.obj (.text._system_pre_init)
                  0001b17c    00000004            : exit.c.obj (.text:abort)

.cinit     0    0001b180    000001c0     
                  0001b180    0000019c     (.cinit..data.load) [load image, compression = lzss]
                  0001b31c    0000000c     (__TI_handler_table)
                  0001b328    00000008     (.cinit..bss.load) [load image, compression = zero_init]
                  0001b330    00000010     (__TI_cinit_table)

.rodata    0    000000c0    00015528     
                  000000c0    00004900     Sounds.o (.rodata.reloadSound)
                  000049c0    00002ab4     Sounds.o (.rodata.pistolSound)
                  00007474    00002000     Graphics.o (.rodata.SCBarkley)
                  00009474    00002000     Graphics.o (.rodata.circuitBoardTex2)
                  0000b474    00002000     Graphics.o (.rodata.circuitBoardTex)
                  0000d474    00002000     Graphics.o (.rodata.matrix2)
                  0000f474    00001e78     Sounds.o (.rodata.shotgunSound)
                  000112ec    0000095a     Sounds.o (.rodata.weaploadSound)
                  00011c46    0000094f     Sounds.o (.rodata.outofammoSound)
                  00012595    00000001     main.o (.rodata.str1.164552152177587026401)
                  00012596    00000800     main.o (.rodata.ExplosionImage)
                  00012d96    00000800     main.o (.rodata.PistolImage)
                  00013596    00000800     main.o (.rodata.ShotgunImage)
                  00013d96    00000800     main.o (.rodata.target)
                  00014596    000004fb     Buffer.o (.rodata.Font)
                  00014a91    00000240     Graphics.o (.rodata.OGMap)
                  00014cd1    00000001     --HOLE-- [fill = 0]
                  00014cd2    00000200     main.o (.rodata.Ammosprite)
                  00014ed2    00000200     main.o (.rodata.Medkitsprite)
                  000150d2    00000200     main.o (.rodata.Shotgunsprite)
                  000152d2    00000200     main.o (.rodata.pistolsprite)
                  000154d2    0000003b     ST7735.o (.rodata.Rcmd1)
                  0001550d    00000003     --HOLE-- [fill = 0]
                  00015510    00000030     libc.a : e_pow.c.obj (.rodata.cst16)
                  00015540    0000002b     ST7735.o (.rodata.Rcmd3)
                  0001556b    00000014     main.o (.rodata.str1.157592557656998809351)
                  0001557f    00000011     libc.a : _printfi.c.obj (.rodata.str1.153638888446227384661)
                  00015590    00000010     main.o (.rodata.str1.182731374899196392841)
                  000155a0    0000000d     ST7735.o (.rodata.Rcmd2green)
                  000155ad    0000000d     ST7735.o (.rodata.Rcmd2red)
                  000155ba    0000000c     Graphics.o (.rodata.str1.25158831670344200691)
                  000155c6    0000000c     main.o (.rodata.str1.30235616187663446621)
                  000155d2    00000008     main.o (.rodata.str1.128962870563899395191)
                  000155da    00000007     main.o (.rodata.str1.181369900268917052751)
                  000155e1    00000007     main.o (.rodata.str1.58265674741439123291)

.init_array 
*          0    00000000    00000000     UNINITIALIZED

.binit     0    00000000    00000000     

.bss       0    20200000    00005e2e     UNINITIALIZED
                  20200000    00005000     (.common:renderBuffer)
                  20205000    00000500     (.common:ZBuffer)
                  20205500    00000480     (.common:miniMap)
                  20205980    00000240     (.common:worldMap)
                  20205bc0    00000120     libsysbm.a : trgmsg.c.obj (.bss:_CIOBUF_)
                  20205ce0    000000a0     libc.a : defs.c.obj (.bss.__TI_tmpnams)
                  20205d80    00000080     (.common:floorGradient)
                  20205e00    00000008     libsysbm.a : hostopen.c.obj (.bss.parmbuf)
                  20205e08    00000004     libc.a : memory.c.obj (.bss.sys_free)
                  20205e0c    00000004     (.common:Joy_x)
                  20205e10    00000004     (.common:Joy_y)
                  20205e14    00000004     (.common:Length)
                  20205e18    00000004     (.common:SoundPt)
                  20205e1c    00000004     (.common:flag_done)
                  20205e20    00000004     (.common:ms_done)
                  20205e24    00000004     (.common:ms_passed)
                  20205e28    00000001     ST7735.o (.bss.ColStart)
                  20205e29    00000001     ST7735.o (.bss.Rotation)
                  20205e2a    00000001     ST7735.o (.bss.RowStart)
                  20205e2b    00000001     ST7735.o (.bss.TabColor)
                  20205e2c    00000001     (.common:isShooting)
                  20205e2d    00000001     (.common:reloaded)

.data      0    20205e30    000005e1     UNINITIALIZED
                  20205e30    00000190     main.o (.data.Sprites)
                  20205fc0    000000f0     libc.a : defs.c.obj (.data._ftable)
                  202060b0    00000078     libsysbm.a : host_device.c.obj (.data._device)
                  20206128    00000068     main.o (.data.ammo_small)
                  20206190    00000068     main.o (.data.medkit)
                  202061f8    00000068     main.o (.data.pistol)
                  20206260    00000068     main.o (.data.shotgun)
                  202062c8    00000050     libsysbm.a : host_device.c.obj (.data._stream)
                  20206318    00000028     Sounds.o (.data.SoundEffects)
                  20206340    00000028     main.o (.data.gunFlash)
                  20206368    00000014     main.o (.data.inventory)
                  2020637c    00000010     main.o (.data.items)
                  2020638c    00000010     Graphics.o (.data.textures)
                  2020639c    00000008     libc.a : exit.c.obj (.data..L_MergedGlobals)
                  202063a4    00000004     Clock.o (.data.BusFreq)
                  202063a8    00000008     main.o (.data.dirX)
                  202063b0    00000008     main.o (.data.dirY)
                  202063b8    00000008     main.o (.data.planeX)
                  202063c0    00000008     main.o (.data.planeY)
                  202063c8    00000008     main.o (.data.posX)
                  202063d0    00000008     main.o (.data.posY)
                  202063d8    00000004     Graphics.o (.data.RenderScene.side)
                  202063dc    00000004     ST7735.o (.data.StX)
                  202063e0    00000004     ST7735.o (.data.StY)
                  202063e4    00000004     libc.a : defs.c.obj (.data.__TI_ft_end)
                  202063e8    00000004            : aeabi_portable.c.obj (.data.__aeabi_errno)
                  202063ec    00000004            : _lock.c.obj (.data._lock)
                  202063f0    00000004            : _lock.c.obj (.data._unlock)
                  202063f4    00000004     Graphics.o (.data.lastHealth)
                  202063f8    00000004     libc.a : rand.c.obj (.data.next)
                  202063fc    00000004     main.o (.data.numsprites)
                  20206400    00000004     main.o (.data.playerHealth)
                  20206404    00000002     ST7735.o (.data.StTextColor)
                  20206406    00000002     ST7735.o (.data._height)
                  20206408    00000002     ST7735.o (.data._width)
                  2020640a    00000001     sprites.o (.data.RenderForegroundSprites.sidesDrawn)
                  2020640b    00000001     main.o (.data.isOnTarget)
                  2020640c    00000001     Input.o (.data.lastInput)
                  2020640d    00000003     --HOLE--
                  20206410    00000001     libc.a : memory.c.obj (.data.memory_is_initialized)

.sysmem    0    20206418    00000200     UNINITIALIZED
                  20206418    00000010     libc.a : memory.c.obj (.sysmem)
                  20206428    000001f0     --HOLE--

.stack     0    20207e00    00000200     UNINITIALIZED
                  20207e00    00000004     libc.a : boot_cortex_m.c.obj (.stack)
                  20207e04    000001fc     --HOLE--

__llvm_prf_cnts 
*          0    20200000    00000000     UNINITIALIZED

__llvm_prf_bits 
*          0    20200000    00000000     UNINITIALIZED

MODULE SUMMARY

       Module                         code    ro data   rw data
       ------                         ----    -------   -------
    .\
       Sounds.o                       196     42197     48     
       Graphics.o                     2980    33356     3040   
       Buffer.o                       1552    1275      20608  
       main.o                         188     10311     949    
       sprites.o                      2298    0         1      
       Input.o                        1944    0         3      
       ST7735.o                       1646    128       18     
       Clock.o                        516     0         4      
       SPI.o                          440     0         0      
       ADC.o                          392     0         0      
       Inventory.o                    338     0         0      
       Timer.o                        312     0         0      
       LaunchPad.o                    196     0         0      
       DAC.o                          188     0         0      
       Async_Delay.o                  128     0         12     
       Joy.o                          80      0         0      
    +--+------------------------------+-------+---------+---------+
       Total:                         13394   87267     24683  
                                                               
    .\ticlang\
       startup_mspm0g3507_ticlang.o   60      192       0      
    +--+------------------------------+-------+---------+---------+
       Total:                         60      192       0      
                                                               
    C:\ti\ccs2000\ccs\tools\compiler\ti-cgt-armllvm_4.0.1.LTS\lib\armv6m-ti-none-eabi/c/libc.a
       e_pow.c.obj                    2704    48        0      
       memory.c.obj                   702     0         5      
       _printfi.c.obj                 658     17        0      
       defs.c.obj                     0       0         404    
       e_sqrt.c.obj                   368     0         0      
       s_floor.c.obj                  324     0         0      
       qsort.c.obj                    308     0         0      
       fputs.c.obj                    248     0         0      
       setvbuf.c.obj                  224     0         0      
       s_scalbn.c.obj                 216     0         0      
       getdevice.c.obj                160     0         0      
       fputc.c.obj                    156     0         0      
       strcmp-armv6m.S.obj            136     0         0      
       copy_decompress_lzss.c.obj     124     0         0      
       fclose.c.obj                   124     0         0      
       fseek.c.obj                    116     0         0      
       printf.c.obj                   108     0         0      
       _io_perm.c.obj                 100     0         0      
       sprintf.c.obj                  90      0         0      
       fflush.c.obj                   82      0         0      
       exit.c.obj                     56      0         8      
       autoinit.c.obj                 60      0         0      
       rand.c.obj                     56      0         4      
       fopen.c.obj                    52      0         0      
       boot_cortex_m.c.obj            40      0         0      
       memccpy.c.obj                  34      0         0      
       copy_decompress_none.c.obj     18      0         0      
       memcpy16.S.obj                 18      0         0      
       copy_zero_init.c.obj           16      0         0      
       memset16.S.obj                 14      0         0      
       aeabi_portable.c.obj           8       0         4      
       _lock.c.obj                    2       0         8      
       pre_init.c.obj                 4       0         0      
    +--+------------------------------+-------+---------+---------+
       Total:                         7326    65        433    
                                                               
    C:\ti\ccs2000\ccs\tools\compiler\ti-cgt-armllvm_4.0.1.LTS\lib\armv6m-ti-none-eabi/c/libsysbm.a
       trgmsg.c.obj                   104     0         288    
       host_device.c.obj              0       0         200    
       hostrename.c.obj               136     0         0      
       hostlseek.c.obj                108     0         0      
       hostopen.c.obj                 96      0         8      
       hostread.c.obj                 88      0         0      
       hostwrite.c.obj                88      0         0      
       close.c.obj                    80      0         0      
       hostclose.c.obj                72      0         0      
       hostunlink.c.obj               72      0         0      
       unlink.c.obj                   44      0         0      
       lseek.c.obj                    40      0         0      
       write.c.obj                    40      0         0      
       remove.c.obj                   8       0         0      
    +--+------------------------------+-------+---------+---------+
       Total:                         976     0         496    
                                                               
    C:\ti\ccs2000\ccs\tools\compiler\ti-cgt-armllvm_4.0.1.LTS\lib\armv6m-ti-none-eabi/libclang_rt.builtins.a
       adddf3.S.obj                   434     0         0      
       divdf3.S.obj                   268     0         0      
       muldf3.S.obj                   244     0         0      
       comparedf2.c.obj               220     0         0      
       aeabi_dcmp.S.obj               98      0         0      
       aeabi_idivmod.S.obj            86      0         0      
       fixdfsi.S.obj                  74      0         0      
       aeabi_uidivmod.S.obj           64      0         0      
       muldsi3.S.obj                  58      0         0      
       floatsidf.S.obj                44      0         0      
       floatunsidf.S.obj              36      0         0      
       aeabi_memset.S.obj             26      0         0      
       aeabi_memcpy.S.obj             8       0         0      
       aeabi_div0.c.obj               2       0         0      
    +--+------------------------------+-------+---------+---------+
       Total:                         1662    0         0      
                                                               
       Heap:                          0       0         512    
       Stack:                         0       0         512    
       Linker Generated:              0       448       0      
    +--+------------------------------+-------+---------+---------+
       Grand Total:                   23418   87972     26636  


LINKER GENERATED COPY TABLES

__TI_cinit_table @ 0001b330 records: 2, size/record: 8, table size: 16
	.data: load addr=0001b180, load size=0000019c bytes, run addr=20205e30, run size=000005e1 bytes, compression=lzss
	.bss: load addr=0001b328, load size=00000008 bytes, run addr=20200000, run size=00005e2e bytes, compression=zero_init


LINKER GENERATED HANDLER TABLE

__TI_handler_table @ 0001b31c records: 3, size/record: 4, table size: 12
	index: 0, handler: __TI_decompress_lzss
	index: 1, handler: __TI_decompress_none
	index: 2, handler: __TI_zero_init


FAR CALL TRAMPOLINES

callee name               trampoline name
   callee addr  tramp addr   call addr  call info
--------------  -----------  ---------  ----------------
__aeabi_dmul              $Tramp$TT$L$PI$$__aeabi_dmul
   00018e8d     0001b0c8     0001b0c4   libc.a : e_pow.c.obj (.text.OUTLINED_FUNCTION_0)
                             0001b0e0          : e_pow.c.obj (.text.OUTLINED_FUNCTION_1)
                             0001b0ea          : e_pow.c.obj (.text.OUTLINED_FUNCTION_6)
                             0001b15c          : e_pow.c.obj (.text.OUTLINED_FUNCTION_4)
                             0001b162          : e_pow.c.obj (.text.OUTLINED_FUNCTION_5)
                             0001b16e          : e_pow.c.obj (.text.OUTLINED_FUNCTION_8)
__aeabi_dsub              $Tramp$TT$L$PI$$__aeabi_dsub
   00017b7d     0001b100     0001b0fc   libc.a : e_pow.c.obj (.text.OUTLINED_FUNCTION_2)
__aeabi_dadd              $Tramp$TT$L$PI$$__aeabi_dadd
   00017b87     0001b148     0001b144   libc.a : e_pow.c.obj (.text.OUTLINED_FUNCTION_3)
                             0001b166          : e_pow.c.obj (.text.OUTLINED_FUNCTION_10)
                             0001b16a          : e_pow.c.obj (.text.OUTLINED_FUNCTION_7)
                             0001b172          : e_pow.c.obj (.text.OUTLINED_FUNCTION_9)

[3 trampolines]
[11 trampoline calls]


GLOBAL SYMBOLS: SORTED ALPHABETICALLY BY Name 

address   name                          
-------   ----                          
0001af19  ADC0_IRQHandler               
0001af19  ADC1_IRQHandler               
0001a085  ADC_InDual                    
00018285  ADC_InitDual                  
0001af19  AES_IRQHandler                
0001a96d  ActivatePortA_B               
00014cd2  Ammosprite                    
202063a4  BusFreq                       
0001b17c  C$$EXIT                       
0001abf1  C$$IO$$                       
0001af19  CANFD0_IRQHandler             
00016bc1  CastRays                      
0001affd  Clock_Delay                   
0001aaf5  Clock_Delay1ms                
00019a85  Clock_Freq                    
000179c9  Clock_Init80MHz               
0001af19  DAC0_IRQHandler               
000192a9  DAC_Init                      
0001afa1  DAC_Out                       
0001af19  DMA_IRQHandler                
0001af19  Default_Handler               
0001b00d  Delay                         
00017369  DrawCrosshair                 
000187e1  DrawHealthBar                 
00019d11  DrawMinimap                   
00012596  ExplosionImage                
00019851  FillMap                       
0001af19  GROUP0_IRQHandler             
0001af19  GROUP1_IRQHandler             
0001ae45  Graphics_Init                 
0001a5c5  HOSTclose                     
00019e6d  HOSTlseek                     
0001a215  HOSTopen                      
0001a32d  HOSTread                      
00019ed9  HOSTrename                    
0001a60d  HOSTunlink                    
0001a385  HOSTwrite                     
0001af35  HardFault_Handler             
0001af19  I2C0_IRQHandler               
0001af19  I2C1_IRQHandler               
0001a72d  Input_Init                    
00019351  Inventory_add                 
0001afb5  Inventory_currentItem         
0001ae69  Inventory_next                
0001a7b5  Inventory_removeCurrent       
0001afc7  Item_isSpent                  
0001aef7  Item_isWeapon                 
0001af51  Joy_In                        
0001b01d  Joy_InButton                  
0001ae8d  Joy_Init                      
20205e0c  Joy_x                         
20205e10  Joy_y                         
00019b9d  LaunchPad_Init                
20205e14  Length                        
00014ed2  Medkitsprite                  
00016039  MovePlayer                    
0001af19  NMI_Handler                   
00014a91  OGMap                         
0001af19  PendSV_Handler                
00012d96  PistolImage                   
00019b19  PrecalculateFloorGradient     
0001af19  RTC_IRQHandler                
0001b02d  ReadKeys                      
0001a9a5  RenderBuffer                  
00018ac9  RenderForegroundSprites       
00019dfd  RenderHUD                     
000193f9  RenderInventory               
0001a7f9  RenderScene                   
00018bbd  RenderSky                     
00016645  RenderSprite                  
00017d11  RenderSprites                 
0001b175  Reset_Handler                 
00007474  SCBarkley                     
0001af19  SPI0_IRQHandler               
0001af19  SPI1_IRQHandler               
000188d9  SPI_Init                      
0001a655  SPI_OutCommand                
0001a9dd  SPI_OutData                   
0001a839  SPI_Reset                     
000177b9  ST7735_DrawBitmap             
000183a9  ST7735_FillRect               
0001acf5  ST7735_FillScreen             
00019725  ST7735_InitR                  
0001ab29  ST7735_SetCursor              
00018cb1  ST7735_SetRotation            
0001af19  SVC_Handler                   
00013596  ShotgunImage                  
000150d2  Shotgunsprite                 
20206318  SoundEffects                  
20205e18  SoundPt                       
0001a69d  Sound_Init                    
0001aa15  Sound_Start                   
20205e30  Sprites                       
20206404  StTextColor                   
202063dc  StX                           
202063e0  StY                           
0001a771  SysTick_Handler               
0001ad21  SystemInit                    
0001af19  TIMA0_IRQHandler              
0001af19  TIMA1_IRQHandler              
0001a6e5  TIMG0_IRQHandler              
00019129  TIMG12_IRQHandler             
0001af19  TIMG6_IRQHandler              
0001af19  TIMG7_IRQHandler              
0001af19  TIMG8_IRQHandler              
0001afd9  TI_memcpy_small               
0001b095  TI_memset_small               
000194a1  TimerG0_IntArm                
000197bd  TimerG12_IntArm               
0001af19  UART0_IRQHandler              
0001af19  UART1_IRQHandler              
0001af19  UART2_IRQHandler              
0001af19  UART3_IRQHandler              
20205000  ZBuffer                       
20205bc0  _CIOBUF_                      
20205bc0  __CIOBUF_                     
20208000  __STACK_END                   
00000200  __STACK_SIZE                  
00000200  __SYSMEM_SIZE                 
00000000  __TI_ATRegion0_region_sz      
00000000  __TI_ATRegion0_src_addr       
00000000  __TI_ATRegion0_trg_addr       
00000000  __TI_ATRegion1_region_sz      
00000000  __TI_ATRegion1_src_addr       
00000000  __TI_ATRegion1_trg_addr       
00000000  __TI_ATRegion2_region_sz      
00000000  __TI_ATRegion2_src_addr       
00000000  __TI_ATRegion2_trg_addr       
0001b330  __TI_CINIT_Base               
0001b340  __TI_CINIT_Limit              
0001b340  __TI_CINIT_Warm               
0001b31c  __TI_Handler_Table_Base       
0001b328  __TI_Handler_Table_Limit      
0001a8f5  __TI_auto_init_nobinit_nopinit
0001ab5d  __TI_cleanup                  
2020639c  __TI_cleanup_ptr              
00019c19  __TI_closefile                
00019c95  __TI_decompress_lzss          
0001afeb  __TI_decompress_none          
0001a489  __TI_doflush                  
202063a0  __TI_dtors_ptr                
202063e4  __TI_ft_end                   
ffffffff  __TI_pprof_out_hndl           
000170e5  __TI_printfi_minimal          
ffffffff  __TI_prof_data_size           
ffffffff  __TI_prof_data_start          
0001ab91  __TI_readmsg                  
00000000  __TI_static_base__            
20205ce0  __TI_tmpnams                  
0001abc5  __TI_writemsg                 
0001a0e9  __TI_wrt_ok                   
0001b03d  __TI_zero_init                
00017b87  __adddf3                      
0001a579  __aeabi_d2iz                  
00017b87  __aeabi_dadd                  
0001a1b1  __aeabi_dcmpeq                
0001a1ed  __aeabi_dcmpge                
0001a201  __aeabi_dcmpgt                
0001a1d9  __aeabi_dcmple                
0001a1c5  __aeabi_dcmplt                
000185d5  __aeabi_ddiv                  
00018e8d  __aeabi_dmul                  
00017b7d  __aeabi_dsub                  
202063e8  __aeabi_errno                 
0001b111  __aeabi_errno_addr            
0001ad4d  __aeabi_i2d                   
0001a3dd  __aeabi_idiv                  
00017d0f  __aeabi_idiv0                 
0001a3dd  __aeabi_idivmod               
0001b0a5  __aeabi_memclr                
0001b0a5  __aeabi_memclr4               
0001b0a5  __aeabi_memclr8               
0001b119  __aeabi_memcpy                
0001b119  __aeabi_memcpy4               
0001b119  __aeabi_memcpy8               
0001b05d  __aeabi_memset                
0001b05d  __aeabi_memset4               
0001b05d  __aeabi_memset8               
0001aeb1  __aeabi_ui2d                  
0001a879  __aeabi_uidiv                 
0001a879  __aeabi_uidivmod              
ffffffff  __binit__                     
0001a01d  __cmpdf2                      
000185d5  __divdf3                      
0001a01d  __eqdf2                       
0001a579  __fixdfsi                     
0001ad4d  __floatsidf                   
0001aeb1  __floatunsidf                 
00019d89  __gedf2                       
00019d89  __gtdf2                       
0001a01d  __ledf2                       
0001a01d  __ltdf2                       
UNDEFED   __mpu_init                    
00018e8d  __muldf3                      
0001a931  __muldsi3                     
0001a01d  __nedf2                       
20207e00  __stack                       
20200000  __start___llvm_prf_bits       
20200000  __start___llvm_prf_cnts       
20200000  __stop___llvm_prf_bits        
20200000  __stop___llvm_prf_cnts        
00017b7d  __subdf3                      
0001ae1d  _c_int00_noargs               
202060b0  _device                       
20205fc0  _ftable                       
202063ec  _lock                         
000195e7  _nop                          
202062c8  _stream                       
20206418  _sys_memory                   
UNDEFED   _system_post_cinit            
0001b179  _system_pre_init              
202063f0  _unlock                       
0001b17d  abort                         
000184c1  aligned_alloc                 
20206128  ammo_small                    
ffffffff  binit                         
000195e9  blitBufferToRenderBuffer      
0000b474  circuitBoardTex               
00009474  circuitBoardTex2              
00019971  clearRenderBuffer             
0001a4dd  close                         
0001a433  compareSprites                
202063a8  dirX                          
202063b0  dirY                          
000186e1  drawCharToBuffer              
000175a1  drawForegroundSpriteToBuffer  
0001abf9  exit                          
0001acc5  fastCos                       
0001a8b9  fastSin                       
0001ac2d  finddevice                    
20205e1c  flag_done                     
0001800d  floor                         
20205d80  floorGradient                 
0001800d  floorl                        
00019689  fputc                         
000189d1  fputs                         
00018da5  free                          
0001b131  fseek                         
00019f45  fseeko                        
00019fb1  getdevice                     
20206340  gunFlash                      
00000000  interruptVectors              
20206368  inventory                     
2020640b  isOnTarget                    
20205e2c  isShooting                    
2020637c  items                         
202063f4  lastHealth                    
2020640c  lastInput                     
00019051  ldexp                         
00019051  ldexpl                        
0001adcd  lseek                         
000198e1  main                          
0001b0b1  malloc                        
0000d474  matrix2                       
20206190  medkit                        
000184c1  memalign                      
0001aed5  memccpy                       
20205500  miniMap                       
20205e20  ms_done                       
20205e24  ms_passed                     
202063fc  numsprites                    
00011c46  outofammoSound                
20205e00  parmbuf                       
202061f8  pistol                        
000049c0  pistolSound                   
000152d2  pistolsprite                  
202063b8  planeX                        
202063c0  planeY                        
20206400  playerHealth                  
202063c8  posX                          
202063d0  posY                          
000155f1  pow                           
000155f1  powl                          
0001a52d  printAmmo                     
0001ac61  printItem                     
000191f5  printToBuffer                 
0001a275  printf                        
00018151  qsort                         
0001aa4d  rand                          
000000c0  reloadSound                   
20205e2d  reloaded                      
0001b139  remove                        
20200000  renderBuffer                  
00019051  scalbn                        
00019051  scalbnl                       
0001a2d1  setPixelBuffer                
00018f71  setvbuf                       
20206260  shotgun                       
0000f474  shotgunSound                  
0001aa85  sprintf                       
00017e9d  sqrt                          
00017e9d  sqrtl                         
0001aabd  start_delay                   
00019a91  strcmp                        
00013d96  target                        
2020638c  textures                      
0001ad79  unlink                        
000112ec  weaploadSound                 
20205980  worldMap                      
0001adf5  write                         


GLOBAL SYMBOLS: SORTED BY Symbol Address 

address   name                          
-------   ----                          
00000000  __TI_ATRegion0_region_sz      
00000000  __TI_ATRegion0_src_addr       
00000000  __TI_ATRegion0_trg_addr       
00000000  __TI_ATRegion1_region_sz      
00000000  __TI_ATRegion1_src_addr       
00000000  __TI_ATRegion1_trg_addr       
00000000  __TI_ATRegion2_region_sz      
00000000  __TI_ATRegion2_src_addr       
00000000  __TI_ATRegion2_trg_addr       
00000000  __TI_static_base__            
00000000  interruptVectors              
000000c0  reloadSound                   
00000200  __STACK_SIZE                  
00000200  __SYSMEM_SIZE                 
000049c0  pistolSound                   
00007474  SCBarkley                     
00009474  circuitBoardTex2              
0000b474  circuitBoardTex               
0000d474  matrix2                       
0000f474  shotgunSound                  
000112ec  weaploadSound                 
00011c46  outofammoSound                
00012596  ExplosionImage                
00012d96  PistolImage                   
00013596  ShotgunImage                  
00013d96  target                        
00014a91  OGMap                         
00014cd2  Ammosprite                    
00014ed2  Medkitsprite                  
000150d2  Shotgunsprite                 
000152d2  pistolsprite                  
000155f1  pow                           
000155f1  powl                          
00016039  MovePlayer                    
00016645  RenderSprite                  
00016bc1  CastRays                      
000170e5  __TI_printfi_minimal          
00017369  DrawCrosshair                 
000175a1  drawForegroundSpriteToBuffer  
000177b9  ST7735_DrawBitmap             
000179c9  Clock_Init80MHz               
00017b7d  __aeabi_dsub                  
00017b7d  __subdf3                      
00017b87  __adddf3                      
00017b87  __aeabi_dadd                  
00017d0f  __aeabi_idiv0                 
00017d11  RenderSprites                 
00017e9d  sqrt                          
00017e9d  sqrtl                         
0001800d  floor                         
0001800d  floorl                        
00018151  qsort                         
00018285  ADC_InitDual                  
000183a9  ST7735_FillRect               
000184c1  aligned_alloc                 
000184c1  memalign                      
000185d5  __aeabi_ddiv                  
000185d5  __divdf3                      
000186e1  drawCharToBuffer              
000187e1  DrawHealthBar                 
000188d9  SPI_Init                      
000189d1  fputs                         
00018ac9  RenderForegroundSprites       
00018bbd  RenderSky                     
00018cb1  ST7735_SetRotation            
00018da5  free                          
00018e8d  __aeabi_dmul                  
00018e8d  __muldf3                      
00018f71  setvbuf                       
00019051  ldexp                         
00019051  ldexpl                        
00019051  scalbn                        
00019051  scalbnl                       
00019129  TIMG12_IRQHandler             
000191f5  printToBuffer                 
000192a9  DAC_Init                      
00019351  Inventory_add                 
000193f9  RenderInventory               
000194a1  TimerG0_IntArm                
000195e7  _nop                          
000195e9  blitBufferToRenderBuffer      
00019689  fputc                         
00019725  ST7735_InitR                  
000197bd  TimerG12_IntArm               
00019851  FillMap                       
000198e1  main                          
00019971  clearRenderBuffer             
00019a85  Clock_Freq                    
00019a91  strcmp                        
00019b19  PrecalculateFloorGradient     
00019b9d  LaunchPad_Init                
00019c19  __TI_closefile                
00019c95  __TI_decompress_lzss          
00019d11  DrawMinimap                   
00019d89  __gedf2                       
00019d89  __gtdf2                       
00019dfd  RenderHUD                     
00019e6d  HOSTlseek                     
00019ed9  HOSTrename                    
00019f45  fseeko                        
00019fb1  getdevice                     
0001a01d  __cmpdf2                      
0001a01d  __eqdf2                       
0001a01d  __ledf2                       
0001a01d  __ltdf2                       
0001a01d  __nedf2                       
0001a085  ADC_InDual                    
0001a0e9  __TI_wrt_ok                   
0001a1b1  __aeabi_dcmpeq                
0001a1c5  __aeabi_dcmplt                
0001a1d9  __aeabi_dcmple                
0001a1ed  __aeabi_dcmpge                
0001a201  __aeabi_dcmpgt                
0001a215  HOSTopen                      
0001a275  printf                        
0001a2d1  setPixelBuffer                
0001a32d  HOSTread                      
0001a385  HOSTwrite                     
0001a3dd  __aeabi_idiv                  
0001a3dd  __aeabi_idivmod               
0001a433  compareSprites                
0001a489  __TI_doflush                  
0001a4dd  close                         
0001a52d  printAmmo                     
0001a579  __aeabi_d2iz                  
0001a579  __fixdfsi                     
0001a5c5  HOSTclose                     
0001a60d  HOSTunlink                    
0001a655  SPI_OutCommand                
0001a69d  Sound_Init                    
0001a6e5  TIMG0_IRQHandler              
0001a72d  Input_Init                    
0001a771  SysTick_Handler               
0001a7b5  Inventory_removeCurrent       
0001a7f9  RenderScene                   
0001a839  SPI_Reset                     
0001a879  __aeabi_uidiv                 
0001a879  __aeabi_uidivmod              
0001a8b9  fastSin                       
0001a8f5  __TI_auto_init_nobinit_nopinit
0001a931  __muldsi3                     
0001a96d  ActivatePortA_B               
0001a9a5  RenderBuffer                  
0001a9dd  SPI_OutData                   
0001aa15  Sound_Start                   
0001aa4d  rand                          
0001aa85  sprintf                       
0001aabd  start_delay                   
0001aaf5  Clock_Delay1ms                
0001ab29  ST7735_SetCursor              
0001ab5d  __TI_cleanup                  
0001ab91  __TI_readmsg                  
0001abc5  __TI_writemsg                 
0001abf1  C$$IO$$                       
0001abf9  exit                          
0001ac2d  finddevice                    
0001ac61  printItem                     
0001acc5  fastCos                       
0001acf5  ST7735_FillScreen             
0001ad21  SystemInit                    
0001ad4d  __aeabi_i2d                   
0001ad4d  __floatsidf                   
0001ad79  unlink                        
0001adcd  lseek                         
0001adf5  write                         
0001ae1d  _c_int00_noargs               
0001ae45  Graphics_Init                 
0001ae69  Inventory_next                
0001ae8d  Joy_Init                      
0001aeb1  __aeabi_ui2d                  
0001aeb1  __floatunsidf                 
0001aed5  memccpy                       
0001aef7  Item_isWeapon                 
0001af19  ADC0_IRQHandler               
0001af19  ADC1_IRQHandler               
0001af19  AES_IRQHandler                
0001af19  CANFD0_IRQHandler             
0001af19  DAC0_IRQHandler               
0001af19  DMA_IRQHandler                
0001af19  Default_Handler               
0001af19  GROUP0_IRQHandler             
0001af19  GROUP1_IRQHandler             
0001af19  I2C0_IRQHandler               
0001af19  I2C1_IRQHandler               
0001af19  NMI_Handler                   
0001af19  PendSV_Handler                
0001af19  RTC_IRQHandler                
0001af19  SPI0_IRQHandler               
0001af19  SPI1_IRQHandler               
0001af19  SVC_Handler                   
0001af19  TIMA0_IRQHandler              
0001af19  TIMA1_IRQHandler              
0001af19  TIMG6_IRQHandler              
0001af19  TIMG7_IRQHandler              
0001af19  TIMG8_IRQHandler              
0001af19  UART0_IRQHandler              
0001af19  UART1_IRQHandler              
0001af19  UART2_IRQHandler              
0001af19  UART3_IRQHandler              
0001af35  HardFault_Handler             
0001af51  Joy_In                        
0001afa1  DAC_Out                       
0001afb5  Inventory_currentItem         
0001afc7  Item_isSpent                  
0001afd9  TI_memcpy_small               
0001afeb  __TI_decompress_none          
0001affd  Clock_Delay                   
0001b00d  Delay                         
0001b01d  Joy_InButton                  
0001b02d  ReadKeys                      
0001b03d  __TI_zero_init                
0001b05d  __aeabi_memset                
0001b05d  __aeabi_memset4               
0001b05d  __aeabi_memset8               
0001b095  TI_memset_small               
0001b0a5  __aeabi_memclr                
0001b0a5  __aeabi_memclr4               
0001b0a5  __aeabi_memclr8               
0001b0b1  malloc                        
0001b111  __aeabi_errno_addr            
0001b119  __aeabi_memcpy                
0001b119  __aeabi_memcpy4               
0001b119  __aeabi_memcpy8               
0001b131  fseek                         
0001b139  remove                        
0001b175  Reset_Handler                 
0001b179  _system_pre_init              
0001b17c  C$$EXIT                       
0001b17d  abort                         
0001b31c  __TI_Handler_Table_Base       
0001b328  __TI_Handler_Table_Limit      
0001b330  __TI_CINIT_Base               
0001b340  __TI_CINIT_Limit              
0001b340  __TI_CINIT_Warm               
20200000  __start___llvm_prf_bits       
20200000  __start___llvm_prf_cnts       
20200000  __stop___llvm_prf_bits        
20200000  __stop___llvm_prf_cnts        
20200000  renderBuffer                  
20205000  ZBuffer                       
20205500  miniMap                       
20205980  worldMap                      
20205bc0  _CIOBUF_                      
20205bc0  __CIOBUF_                     
20205ce0  __TI_tmpnams                  
20205d80  floorGradient                 
20205e00  parmbuf                       
20205e0c  Joy_x                         
20205e10  Joy_y                         
20205e14  Length                        
20205e18  SoundPt                       
20205e1c  flag_done                     
20205e20  ms_done                       
20205e24  ms_passed                     
20205e2c  isShooting                    
20205e2d  reloaded                      
20205e30  Sprites                       
20205fc0  _ftable                       
202060b0  _device                       
20206128  ammo_small                    
20206190  medkit                        
202061f8  pistol                        
20206260  shotgun                       
202062c8  _stream                       
20206318  SoundEffects                  
20206340  gunFlash                      
20206368  inventory                     
2020637c  items                         
2020638c  textures                      
2020639c  __TI_cleanup_ptr              
202063a0  __TI_dtors_ptr                
202063a4  BusFreq                       
202063a8  dirX                          
202063b0  dirY                          
202063b8  planeX                        
202063c0  planeY                        
202063c8  posX                          
202063d0  posY                          
202063dc  StX                           
202063e0  StY                           
202063e4  __TI_ft_end                   
202063e8  __aeabi_errno                 
202063ec  _lock                         
202063f0  _unlock                       
202063f4  lastHealth                    
202063fc  numsprites                    
20206400  playerHealth                  
20206404  StTextColor                   
2020640b  isOnTarget                    
2020640c  lastInput                     
20206418  _sys_memory                   
20207e00  __stack                       
20208000  __STACK_END                   
ffffffff  __TI_pprof_out_hndl           
ffffffff  __TI_prof_data_size           
ffffffff  __TI_prof_data_start          
ffffffff  __binit__                     
ffffffff  binit                         
UNDEFED   __mpu_init                    
UNDEFED   _system_post_cinit            

[300 symbols]
