******************************************************************************
            TI ARM Clang Linker PC v4.0.1                      
******************************************************************************
>> Linked Thu Apr 24 00:05:39 2025

OUTPUT FILE NAME:   <TheM0+rix_Segfaulted.out>
ENTRY POINT SYMBOL: "_c_int00_noargs"  address: 0001ea1d


MEMORY CONFIGURATION

         name            origin    length      used     unused   attr    fill
----------------------  --------  ---------  --------  --------  ----  --------
  FLASH                 00000000   00020000  0001f2b8  00000d48  R  X
  SRAM                  20200000   00008000  0000761f  000009e1  RW X
  BCR_CONFIG            41c00000   00000080  00000000  00000080  R   
  BSL_CONFIG            41c00100   00000080  00000000  00000080  R   


SEGMENT ALLOCATION MAP

run origin  load origin   length   init length attrs members
----------  ----------- ---------- ----------- ----- -------
00000000    00000000    000144d8   000144d8    r--
  00000000    00000000    000000c0   000000c0    r-- .intvecs
  000000c0    000000c0    00014418   00014418    r-- .rodata
000144e0    000144e0    0000ade0   0000ade0    r-x
  000144e0    000144e0    0000aa60   0000aa60    r-x .text
  0001ef40    0001ef40    00000380   00000380    r-- .cinit
20200000    20200000    00007428   00000000    rw-
  20200000    20200000    0000695a   00000000    rw- .bss
  20206960    20206960    000008c5   00000000    rw- .data
  20207228    20207228    00000200   00000000    rw- .sysmem
20207e00    20207e00    00000200   00000000    rw-
  20207e00    20207e00    00000200   00000000    rw- .stack


SECTION ALLOCATION MAP

 output                                  attributes/
section   page    origin      length       input sections
--------  ----  ----------  ----------   ----------------
.intvecs   0    00000000    000000c0     
                  00000000    000000c0     startup_mspm0g3507_ticlang.o (.intvecs)

.text      0    000144e0    0000aa60     
                  000144e0    00000748     Input.o (.text.MovePlayer)
                  00014c28    000005fc     sprites.o (.text.RenderSprite)
                  00015224    00000598     ff.o (.text.find_volume)
                  000157bc    00000524     Graphics.o (.text.CastRays)
                  00015ce0    00000318     ff.o (.text.create_name)
                  00015ff8    000002b8     diskio.o (.text.disk_ioctl)
                  000162b0    000002a4     ff.o (.text.f_lseek)
                  00016554    00000298     ff.o (.text.f_read)
                  000167ec    00000290     menus.o (.text.Menus_Run)
                  00016a7c    00000284     libc.a : _printfi.c.obj (.text:__TI_printfi_minimal)
                  00016d00    00000270     ff.o (.text.f_open)
                  00016f70    00000238     Graphics.o (.text.DrawCrosshair)
                  000171a8    00000228     diskio.o (.text.disk_initialize)
                  000173d0    00000218     Buffer.o (.text.drawForegroundSpriteToBuffer)
                  000175e8    00000214     ST7735_SDC.o (.text.ST7735_DrawTextBoxS_IF)
                  000177fc    00000210     ST7735_SDC.o (.text.ST7735_DrawBitmap)
                  00017a0c    000001f4     Graphics.o (.text.DrawHealthBar)
                  00017c00    000001f0     ST7735_SDC.o (.text.ST7735_DrawTextBoxS)
                  00017df0    000001d0     ff.o (.text.put_fat)
                  00017fc0    000001cc     ff.o (.text.dir_next)
                  0001818c    000001b4     Clock.o (.text.Clock_Init80MHz)
                  00018340    000001b0     Sync.o (.text.getDirectionPacket)
                  000184f0    000001a0     ST7735_SDC.o (.text.ST7735_DrawCharS)
                  00018690    00000192     libclang_rt.builtins.a : adddf3.S.obj (.text.adddf3_subdf3)
                  00018822    00000002                            : aeabi_div0.c.obj (.text.__aeabi_idiv0)
                  00018824    00000184     sprites.o (.text.RenderSprites)
                  000189a8    0000016c     ff.o (.text.create_chain)
                  00018b14    00000158     ff.o (.text.get_fat)
                  00018c6c    00000154     libc.a : fopen.c.obj (.text._openfile)
                  00018dc0    00000144            : s_floor.c.obj (.text.floor)
                  00018f04    00000144     ff.o (.text.sync_fs)
                  00019048    00000140     diskio.o (.text.SPI1_Init)
                  00019188    00000138     main.o (.text.DeathScreen)
                  000192c0    00000134     Sync.o (.text.ComputeHitDirection)
                  000193f4    00000134     libc.a : qsort.c.obj (.text.qsort)
                  00019528    00000128     Sync.o (.text.getInfoPacket)
                  00019650    00000126     diskio.o (.text.send_cmd)
                  00019776    00000002     libc.a : _lock.c.obj (.text._nop)
                  00019778    00000124     ADC.o (.text.ADC_InitDual)
                  0001989c    00000124     ff.o (.text.dir_sdi)
                  000199c0    00000120     ff.o (.text.follow_path)
                  00019ae0    00000118     ST7735_SDC.o (.text.ST7735_FillRect)
                  00019bf8    00000118     diskio.o (.text.disk_write)
                  00019d10    00000114     ST7735_SDC.o (.text.ST7735_DrawBitmapFromSDC)
                  00019e24    00000114     libc.a : memory.c.obj (.text.aligned_alloc)
                  00019f38    00000114     ff.o (.text.f_sync)
                  0001a04c    0000010c     libclang_rt.builtins.a : divdf3.S.obj (.text.__divdf3)
                  0001a158    00000100     Buffer.o (.text.drawCharToBuffer)
                  0001a258    000000f8     SPI.o (.text.SPI_Init)
                  0001a350    000000f4     ADC.o (.text.ADC0_Init)
                  0001a444    000000f4     sprites.o (.text.RenderForegroundSprites)
                  0001a538    000000f4     Graphics.o (.text.RenderSky)
                  0001a62c    000000f4     ST7735_SDC.o (.text.ST7735_SetRotation)
                  0001a720    000000f0     Inventory.o (.text.Inventory_add)
                  0001a810    000000ec     libsysbm.a : add_device.c.obj (.text.add_device)
                  0001a8fc    000000e8     libc.a : memory.c.obj (.text.free)
                  0001a9e4    000000e4     libclang_rt.builtins.a : muldf3.S.obj (.text.__muldf3)
                  0001aac8    000000e4     diskio.o (.text.disk_read)
                  0001abac    000000e0     Inventory.o (.text.Inventory_replace)
                  0001ac8c    000000e0     libc.a : setvbuf.c.obj (.text.setvbuf)
                  0001ad6c    000000dc     Graphics.o (.text.DrawHitIndicator)
                  0001ae48    000000d0     ST7735_SDC.o (.text.ST7735_OutChar)
                  0001af18    000000d0     UART2.o (.text.UART2_Init)
                  0001afe8    000000cc     main.o (.text.GameLoop)
                  0001b0b4    000000cc     Sync.o (.text.RandomizeSprites)
                  0001b180    000000c8     menus.o (.text.dialogueScreen)
                  0001b248    000000c4     Input.o (.text.TIMG12_IRQHandler)
                  0001b30c    000000c0     Sync.o (.text.getPositionPacket)
                  0001b3cc    000000bc     main.o (.text.respawnPlayer)
                  0001b488    000000b8     ff.o (.text.remove_chain)
                  0001b540    000000b4     Buffer.o (.text.printToBuffer)
                  0001b5f4    000000ae     ff.o (.text.get_ldnumber)
                  0001b6a2    00000002     --HOLE-- [fill = 0]
                  0001b6a4    000000ac     ff.o (.text.check_fs)
                  0001b750    000000ac     ST7735_SDC.o (.text.diskError)
                  0001b7fc    000000a8     DAC.o (.text.DAC_Init)
                  0001b8a4    000000a8     sprites.o (.text.RenderInventory)
                  0001b94c    000000a8     Timer.o (.text.TimerA0_IntArm)
                  0001b9f4    000000a8     Timer.o (.text.TimerG6_IntArm)
                  0001ba9c    000000a8     Timer.o (.text.TimerG7_IntArm)
                  0001bb44    000000a8     Timer.o (.text.TimerG8_IntArm)
                  0001bbec    000000a6     ff.o (.text.dir_find)
                  0001bc92    00000002     --HOLE-- [fill = 0]
                  0001bc94    000000a4     Timer.o (.text.TimerG0_IntArm)
                  0001bd38    000000a2     ST7735_SDC.o (.text.commandList)
                  0001bdda    000000a2     ff.o (.text.dir_alloc)
                  0001be7c    000000a0     Buffer.o (.text.blitBufferToRenderBuffer)
                  0001bf1c    000000a0     libsysbm.a : open.c.obj (.text.open)
                  0001bfbc    0000009c     ST7735_SDC.o (.text.ST7735_InitPrintf)
                  0001c058    00000098     ST7735_SDC.o (.text.ST7735_InitR)
                  0001c0f0    00000098     ff.o (.text.f_mount)
                  0001c188    00000094     SoundSD.o (.text.SoundSD_Service)
                  0001c21c    00000094     SoundSD.o (.text.SysTick_Handler)
                  0001c2b0    00000094     Timer.o (.text.TimerG12_IntArm)
                  0001c344    00000090     Graphics.o (.text.FillMap)
                  0001c3d4    00000090     Graphics.o (.text.printLeaderboard)
                  0001c464    0000008e     ff.o (.text.sync_window)
                  0001c4f2    00000002     --HOLE-- [fill = 0]
                  0001c4f4    0000008c     Buffer.o (.text.clearRenderBuffer)
                  0001c580    00000088     ST7735_SDC.o (.text.setAddrWindow)
                  0001c608    00000008     libclang_rt.builtins.a : aeabi_memcpy.S.obj (.text.__aeabi_memcpy)
                  0001c610    00000088     libc.a : strcmp-armv6m.S.obj (.text:strcmp)
                  0001c698    00000084     Buffer.o (.text.PrecalculateFloorGradient)
                  0001c71c    00000084     ST7735_SDC.o (.text.ST7735_DrawString)
                  0001c7a0    00000084     ST7735_SDC.o (.text.ST7735_OutUDec)
                  0001c824    00000080     Sync.o (.text.sendDirectionPacket)
                  0001c8a4    00000080     Sync.o (.text.sendPositionPacket)
                  0001c924    0000007c     LaunchPad.o (.text.LaunchPad_Init)
                  0001c9a0    0000007c     UART1.o (.text.UART1_Init)
                  0001ca1c    0000007c     libc.a : fclose.c.obj (.text.__TI_closefile)
                  0001ca98    0000007c     Sync.o (.text.getRandomMapPos)
                  0001cb14    0000007c     libc.a : copy_decompress_lzss.c.obj (.text:decompress:lzss)
                  0001cb90    00000078     Graphics.o (.text.DrawMinimap)
                  0001cc08    00000078     Graphics.o (.text.RenderHUD)
                  0001cc80    00000078     diskio.o (.text.rcvr_datablock)
                  0001ccf8    00000076     diskio.o (.text.xmit_datablock)
                  0001cd6e    00000074     Inventory.o (.text.Inventory_removeCurrent)
                  0001cde2    00000002     --HOLE-- [fill = 0]
                  0001cde4    00000074     Sync.o (.text.TIMG7_IRQHandler)
                  0001ce58    00000074     libclang_rt.builtins.a : comparedf2.c.obj (.text.__gedf2)
                  0001cecc    00000074     sprites.o (.text.generateSprite)
                  0001cf40    00000070     Graphics.o (.text.Graphics_Init)
                  0001cfb0    00000070     ST7735_SDC.o (.text.ST7735_DrawPixel)
                  0001d020    00000070     SoundSD.o (.text.SoundSD_Play)
                  0001d090    00000070     ST7735_SDC.o (.text.TFT_OutCommand)
                  0001d100    00000070     diskio.o (.text.disk_timerproc)
                  0001d170    0000006c     libsysbm.a : hostlseek.c.obj (.text.HOSTlseek)
                  0001d1dc    0000006c                : hostrename.c.obj (.text.HOSTrename)
                  0001d248    0000006c     ST7735_SDC.o (.text.TFT_OutData)
                  0001d2b4    0000006c     UART2.o (.text.UART2_IRQHandler)
                  0001d320    0000006c     libc.a : getdevice.c.obj (.text.getdevice)
                  0001d38c    00000068     libclang_rt.builtins.a : comparedf2.c.obj (.text.__ledf2)
                  0001d3f4    00000068     ff.o (.text.validate)
                  0001d45c    00000064     ADC.o (.text.ADC_InDual)
                  0001d4c0    00000064     Graphics.o (.text.printAmmo)
                  0001d524    00000064     libc.a : memory.c.obj (.text.split)
                  0001d588    00000062     libclang_rt.builtins.a : aeabi_dcmp.S.obj (.text.__aeabi_dcmp)
                  0001d5ea    00000062     ff.o (.text.move_window)
                  0001d64c    00000060     libsysbm.a : hostopen.c.obj (.text.HOSTopen)
                  0001d6ac    00000060     ff.o (.text.dir_register)
                  0001d70c    0000005c     Sync.o (.text.TIMG8_IRQHandler)
                  0001d768    0000005c     Buffer.o (.text.setPixelBuffer)
                  0001d7c4    00000058     libsysbm.a : hostread.c.obj (.text.HOSTread)
                  0001d81c    00000058                : hostwrite.c.obj (.text.HOSTwrite)
                  0001d874    00000056     ST7735_SDC.o (.text.ST7735_ClearScreenBlack)
                  0001d8ca    00000002     --HOLE-- [fill = 0]
                  0001d8cc    00000056     libclang_rt.builtins.a : aeabi_idivmod.S.obj (.text.__aeabi_idivmod)
                  0001d922    00000056     sprites.o (.text.compareSprites)
                  0001d978    00000054     ST7735_SDC.o (.text.fillmessage)
                  0001d9cc    00000054     ff.o (.text.mem_cmp)
                  0001da20    00000052     libc.a : fflush.c.obj (.text.__TI_doflush)
                  0001da72    00000002     --HOLE-- [fill = 0]
                  0001da74    00000050     libsysbm.a : close.c.obj (.text.close)
                  0001dac4    00000050     diskio.o (.text.wait_ready)
                  0001db14    00000050     diskio.o (.text.xmit_spi_multi)
                  0001db64    0000004c     FIFO.o (.text.RxFifo_Get)
                  0001dbb0    0000004c     FIFO.o (.text.RxFifo_Put)
                  0001dbfc    0000004c     Inventory.o (.text.inInventory)
                  0001dc48    0000004a     libclang_rt.builtins.a : fixdfsi.S.obj (.text.__fixdfsi)
                  0001dc92    00000002     --HOLE-- [fill = 0]
                  0001dc94    00000048     menus.o (.text.GetTriggerPressed)
                  0001dcdc    00000048     libsysbm.a : hostclose.c.obj (.text.HOSTclose)
                  0001dd24    00000048                : hostunlink.c.obj (.text.HOSTunlink)
                  0001dd6c    00000048     SoundSD.o (.text.SoundSD_Init)
                  0001ddb4    00000048     Sounds.o (.text.Sound_Init)
                  0001ddfc    00000048     Sounds.o (.text.Sound_Start)
                  0001de44    00000048     Async_Delay.o (.text.TIMG0_IRQHandler)
                  0001de8c    00000048     diskio.o (.text.xchg_spi)
                  0001ded4    00000044     ADC.o (.text.ADC0_In)
                  0001df18    00000044     Input.o (.text.Input_Init)
                  0001df5c    00000044     Graphics.o (.text.RenderScene)
                  0001dfa0    00000044     diskio.o (.text.select)
                  0001dfe4    00000040     SPI.o (.text.SPI_Reset)
                  0001e024    00000040     Sync.o (.text.TIMA0_IRQHandler)
                  0001e064    00000040     libclang_rt.builtins.a : aeabi_uidivmod.S.obj (.text.__aeabi_uidivmod)
                  0001e0a4    00000040     libc.a : fopen.c.obj (.text._search_fp)
                  0001e0e4    00000040     ff.o (.text.chk_chr)
                  0001e124    00000040     ff.o (.text.f_close)
                  0001e164    0000003c     Buffer.o (.text.RenderBuffer)
                  0001e1a0    0000003c     Input.o (.text.fastSin)
                  0001e1dc    0000003c     diskio.o (.text.rcvr_spi)
                  0001e218    0000003c     Sync.o (.text.sendInfoPacket)
                  0001e254    0000003c     libc.a : autoinit.c.obj (.text:__TI_auto_init_nobinit_nopinit)
                  0001e290    0000003a     libclang_rt.builtins.a : muldsi3.S.obj (.text.__muldsi3)
                  0001e2ca    00000002     --HOLE-- [fill = 0]
                  0001e2cc    00000038     LaunchPad.o (.text.ActivatePortA_B)
                  0001e304    00000038     Sync.o (.text.processHit)
                  0001e33c    00000038     libc.a : rand.c.obj (.text.rand)
                  0001e374    00000038            : sprintf.c.obj (.text.sprintf)
                  0001e3ac    00000038     Async_Delay.o (.text.start_delay)
                  0001e3e4    00000036     ff.o (.text.clust2sect)
                  0001e41a    00000036     ff.o (.text.ld_clust)
                  0001e450    00000034     Clock.o (.text.Clock_Delay1ms)
                  0001e484    00000034     ST7735_SDC.o (.text.ST7735_SetCursor)
                  0001e4b8    00000034     ST7735_SDC.o (.text.ST7735_write)
                  0001e4ec    00000034     main.o (.text.SystemInit)
                  0001e520    00000034     libc.a : fopen.c.obj (.text.__TI_cleanup)
                  0001e554    00000034     libsysbm.a : trgmsg.c.obj (.text.__TI_readmsg)
                  0001e588    00000034                : trgmsg.c.obj (.text.__TI_writemsg)
                  0001e5bc    00000034     libc.a : exit.c.obj (.text.exit)
                  0001e5f0    00000034            : getdevice.c.obj (.text.finddevice)
                  0001e624    00000034            : fopen.c.obj (.text.freopen)
                  0001e658    00000034     main.o (.text.main)
                  0001e68c    00000034     ff.o (.text.mem_cpy)
                  0001e6c0    00000034     Graphics.o (.text.printItem)
                  0001e6f4    00000032     ST7735_SDC.o (.text.ST7735_Color565)
                  0001e726    00000002     --HOLE-- [fill = 0]
                  0001e728    00000030     menus.o (.text.Menu_Delay)
                  0001e758    00000030     diskio.o (.text.disk_status)
                  0001e788    00000030     Input.o (.text.fastCos)
                  0001e7b8    00000030     libc.a : fopen.c.obj (.text.fopen)
                  0001e7e8    0000002e     SoundSD.o (.text.friendlyDelay)
                  0001e816    0000002e     menus.o (.text.typeDialogueLine)
                  0001e844    0000002c     menus.o (.text.GetJoystickY)
                  0001e870    0000002c     ST7735_SDC.o (.text.ST7735_FillScreen)
                  0001e89c    0000002c     libclang_rt.builtins.a : floatsidf.S.obj (.text.__floatsidf)
                  0001e8c8    0000002c     ST7735_SDC.o (.text.commonInit)
                  0001e8f4    0000002c     diskio.o (.text.init_spi)
                  0001e920    0000002c     diskio.o (.text.rcvr_spi_multi)
                  0001e94c    0000002c     libsysbm.a : unlink.c.obj (.text.unlink)
                  0001e978    0000002a     UART2.o (.text.UART2_InChar)
                  0001e9a2    0000002a     ff.o (.text.mem_set)
                  0001e9cc    00000028     libc.a : memory.c.obj (.text.free_list_insert)
                  0001e9f4    00000028     libsysbm.a : write.c.obj (.text.write)
                  0001ea1c    00000028     libc.a : boot_cortex_m.c.obj (.text:_c_int00_noargs)
                  0001ea44    00000026     main.o (.text.initRandom)
                  0001ea6a    00000026     ff.o (.text.st_clust)
                  0001ea90    00000024     diskio.o (.text.CS_Init)
                  0001eab4    00000024     Inventory.o (.text.Inventory_next)
                  0001ead8    00000024     Joy.o (.text.Joy_Init)
                  0001eafc    00000024     libclang_rt.builtins.a : floatunsidf.S.obj (.text.__floatunsidf)
                  0001eb20    00000024     libc.a : rand.c.obj (.text.srand)
                  0001eb44    00000022            : memccpy.c.obj (.text.memccpy)
                  0001eb66    00000020     Inventory.o (.text.Item_isWeapon)
                  0001eb86    00000002     --HOLE-- [fill = 0]
                  0001eb88    00000020     menus.o (.text.LinkMenus)
                  0001eba8    0000001e     ST7735_SDC.o (.text.pushColor)
                  0001ebc6    00000002     --HOLE-- [fill = 0]
                  0001ebc8    0000001c     menus.o (.text.Action_SelectMap2)
                  0001ebe4    0000001c     menus.o (.text.Action_SelectOGMap)
                  0001ec00    0000001c     startup_mspm0g3507_ticlang.o (.text.Default_Handler)
                  0001ec1c    0000001c     startup_mspm0g3507_ticlang.o (.text.HardFault_Handler)
                  0001ec38    0000001c     Joy.o (.text.Joy_In)
                  0001ec54    0000001c     libc.a : memory.c.obj (.text.free_list_remove)
                  0001ec70    00000018     FIFO.o (.text.RxFifo_Size)
                  0001ec88    00000018     Sounds.o (.text.SoundEffects_disable)
                  0001eca0    00000018     Sounds.o (.text.SoundEffects_enable)
                  0001ecb8    00000018     SoundSD.o (.text.SoundSD_Mount)
                  0001ecd0    00000018     diskio.o (.text.TIMG6_IRQHandler)
                  0001ece8    00000018     UART1.o (.text.UART1_OutChar)
                  0001ed00    00000018     libc.a : sprintf.c.obj (.text._outs)
                  0001ed18    00000018     diskio.o (.text.deselect)
                  0001ed30    00000016     ST7735_SDC.o (.text.ST7735_open)
                  0001ed46    00000016     ST7735_SDC.o (.text.ST7735_read)
                  0001ed5c    00000016     menus.o (.text.clearDialogueLine)
                  0001ed72    00000002     --HOLE-- [fill = 0]
                  0001ed74    00000014     DAC.o (.text.DAC_Out)
                  0001ed88    00000014     FIFO.o (.text.RxFifo_Init)
                  0001ed9c    00000014     ST7735_SDC.o (.text.ST7735_SetTextColor)
                  0001edb0    00000012     Inventory.o (.text.Inventory_currentItem)
                  0001edc2    00000012     Inventory.o (.text.Item_isSpent)
                  0001edd4    00000012     libc.a : memcpy16.S.obj (.text:TI_memcpy_small)
                  0001ede6    00000012            : copy_decompress_none.c.obj (.text:decompress:none)
                  0001edf8    00000010     Clock.o (.text.Clock_Delay)
                  0001ee08    00000010     LaunchPad.o (.text.Delay)
                  0001ee18    00000010     Joy.o (.text.Joy_InButton)
                  0001ee28    00000010     Input.o (.text.ReadKeys)
                  0001ee38    00000010     libc.a : copy_zero_init.c.obj (.text:decompress:ZI)
                  0001ee48    0000000e            : memory.c.obj (.text.OUTLINED_FUNCTION_0)
                  0001ee56    0000000e     ST7735_SDC.o (.text.ST7735_lseek)
                  0001ee64    0000000e     libclang_rt.builtins.a : aeabi_memset.S.obj (.text.__aeabi_memset)
                  0001ee72    0000000e     libsysbm.a : hostrename.c.obj (.text.strcpy)
                  0001ee80    0000000e     libc.a : _printfi.c.obj (.text.strlen)
                  0001ee8e    0000000e     libsysbm.a : hostrename.c.obj (.text.strlen)
                  0001ee9c    0000000e     libc.a : memset16.S.obj (.text:TI_memset_small)
                  0001eeaa    00000002     --HOLE-- [fill = 0]
                  0001eeac    0000000c     menus.o (.text.Action_SetEnglish)
                  0001eeb8    0000000c     menus.o (.text.Action_SetGleeb)
                  0001eec4    0000000c     menus.o (.text.Action_SetSpanish)
                  0001eed0    0000000c     Clock.o (.text.Clock_Freq)
                  0001eedc    0000000c     ST7735_SDC.o (.text.ST7735_rename)
                  0001eee8    0000000c     Sync.o (.text.Sync_Init)
                  0001eef4    0000000c     libclang_rt.builtins.a : aeabi_memset.S.obj (.text.__aeabi_memclr)
                  0001ef00    0000000c     libc.a : memory.c.obj (.text.malloc)
                  0001ef0c    0000000a     ST7735_SDC.o (.text.ST7735_close)
                  0001ef16    0000000a     ST7735_SDC.o (.text.ST7735_unlink)
                  0001ef20    0000000a     libc.a : sprintf.c.obj (.text._outc)
                  0001ef2a    00000008     libsysbm.a : remove.c.obj (.text.remove)
                  0001ef32    00000004     startup_mspm0g3507_ticlang.o (.text.Reset_Handler)
                  0001ef36    00000004     libc.a : pre_init.c.obj (.text._system_pre_init)
                  0001ef3a    00000004            : exit.c.obj (.text:abort)
                  0001ef3e    00000002     --HOLE-- [fill = 0]

.cinit     0    0001ef40    00000380     
                  0001ef40    00000357     (.cinit..data.load) [load image, compression = lzss]
                  0001f297    00000001     --HOLE-- [fill = 0]
                  0001f298    0000000c     (__TI_handler_table)
                  0001f2a4    00000008     (.cinit..bss.load) [load image, compression = zero_init]
                  0001f2ac    00000010     (__TI_cinit_table)
                  0001f2bc    00000004     --HOLE-- [fill = 0]

.rodata    0    000000c0    00014418     
                  000000c0    000023c0     Sounds.o (.rodata.reloadSound)
                  00002480    00002000     main.o (.rodata.DrM0Back)
                  00004480    00002000     main.o (.rodata.DrM0Front)
                  00006480    00002000     Graphics.o (.rodata.SCBarkley)
                  00008480    00002000     Graphics.o (.rodata.circuitBoardTex)
                  0000a480    00002000     Graphics.o (.rodata.matrix2)
                  0000c480    00001e78     Sounds.o (.rodata.shotgunSound)
                  0000e2f8    00000b9e     Sounds.o (.rodata.pistolSound)
                  0000ee96    0000095a     Sounds.o (.rodata.weaploadSound)
                  0000f7f0    0000094f     Sounds.o (.rodata.outofammoSound)
                  0001013f    00000001     SoundSD.o (.rodata.str1.13527524778485116141)
                  00010140    00000800     main.o (.rodata.ExplosionImage)
                  00010940    00000800     main.o (.rodata.PistolImage)
                  00011140    00000800     main.o (.rodata.RifleImage)
                  00011940    00000800     main.o (.rodata.ShotgunImage)
                  00012140    000004fb     Buffer.o (.rodata.Font)
                  0001263b    000004fb     ST7735_SDC.o (.rodata.Font)
                  00012b36    00000240     menus.o (.rodata.Map2)
                  00012d76    00000240     menus.o (.rodata.OGMap)
                  00012fb6    00000200     main.o (.rodata.Ammosprite)
                  000131b6    00000200     main.o (.rodata.Medkitsprite)
                  000133b6    00000200     main.o (.rodata.Pistolsprite)
                  000135b6    00000200     main.o (.rodata.Riflesprite)
                  000137b6    00000200     main.o (.rodata.Shotgunsprite)
                  000139b6    0000003b     ST7735_SDC.o (.rodata.Rcmd1)
                  000139f1    0000002b     ST7735_SDC.o (.rodata.Rcmd3)
                  00013a1c    0000002a     menus.o (.rodata.str1.179569691910569239811)
                  00013a46    00000028     menus.o (.rodata.str1.144269742893505892681)
                  00013a6e    00000027     menus.o (.rodata.str1.171536697661445010611)
                  00013a95    00000026     menus.o (.rodata.str1.139709806712486296131)
                  00013abb    00000026     menus.o (.rodata.str1.65101454262300800101)
                  00013ae1    00000025     menus.o (.rodata.str1.164041020247211741451)
                  00013b06    00000025     menus.o (.rodata.str1.164168837810866932091)
                  00013b2b    00000025     menus.o (.rodata.str1.168804270709906286661)
                  00013b50    00000025     menus.o (.rodata.str1.98146970493463322371)
                  00013b75    00000024     menus.o (.rodata.str1.104906657326347491321)
                  00013b99    00000024     menus.o (.rodata.str1.114298640224064572441)
                  00013bbd    00000024     menus.o (.rodata.str1.142835721602906572131)
                  00013be1    00000024     menus.o (.rodata.str1.49336572981300707011)
                  00013c05    00000023     menus.o (.rodata.str1.156971648410575654681)
                  00013c28    00000023     menus.o (.rodata.str1.173425778896342377441)
                  00013c4b    00000023     menus.o (.rodata.str1.25712616704570180601)
                  00013c6e    00000023     menus.o (.rodata.str1.95797220485181863321)
                  00013c91    00000022     menus.o (.rodata.str1.149973703997145723141)
                  00013cb3    00000021     menus.o (.rodata.str1.156978731556101701311)
                  00013cd4    00000021     menus.o (.rodata.str1.35453722408450888701)
                  00013cf5    00000021     menus.o (.rodata.str1.55326779122960332911)
                  00013d16    00000021     menus.o (.rodata.str1.84226594383225847461)
                  00013d37    00000020     menus.o (.rodata.str1.123996266479129689641)
                  00013d57    00000020     menus.o (.rodata.str1.138850008672340545551)
                  00013d77    00000020     menus.o (.rodata.str1.160156652346893135841)
                  00013d97    00000020     menus.o (.rodata.str1.2994111456399018321)
                  00013db7    00000020     menus.o (.rodata.str1.72891921298035102951)
                  00013dd7    0000001f     menus.o (.rodata.str1.127746781883163928771)
                  00013df6    0000001f     menus.o (.rodata.str1.76193812434508946691)
                  00013e15    0000001e     menus.o (.rodata.str1.123781003589582358431)
                  00013e33    0000001e     menus.o (.rodata.str1.63894035550135605261)
                  00013e51    0000001e     menus.o (.rodata.str1.70583102750037411421)
                  00013e6f    0000001d     menus.o (.rodata.str1.121894215555781854721)
                  00013e8c    0000001d     menus.o (.rodata.str1.143962844449559802791)
                  00013ea9    0000001d     menus.o (.rodata.str1.15971142441765235821)
                  00013ec6    0000001d     menus.o (.rodata.str1.160115412195507249741)
                  00013ee3    0000001d     menus.o (.rodata.str1.165514800381475140901)
                  00013f00    0000001d     menus.o (.rodata.str1.170996034951354877861)
                  00013f1d    0000001d     menus.o (.rodata.str1.45072717762419283511)
                  00013f3a    0000001d     menus.o (.rodata.str1.76284031905266819931)
                  00013f57    0000001d     menus.o (.rodata.str1.98368547301456502061)
                  00013f74    0000001c     menus.o (.rodata.str1.159315259275915726441)
                  00013f90    0000001c     menus.o (.rodata.str1.182099141163481472991)
                  00013fac    0000001c     menus.o (.rodata.str1.31239778691859755401)
                  00013fc8    0000001b     menus.o (.rodata.str1.134456681646435098991)
                  00013fe3    0000001b     menus.o (.rodata.str1.151823896263116994851)
                  00013ffe    0000001b     menus.o (.rodata.str1.166369451094164865431)
                  00014019    0000001a     menus.o (.rodata.str1.32972604204622997601)
                  00014033    0000001a     menus.o (.rodata.str1.67344958428517426261)
                  0001404d    00000019     menus.o (.rodata.str1.4306366311675199791)
                  00014066    00000018     menus.o (.rodata.str1.49209655232122593671)
                  0001407e    00000017     menus.o (.rodata.str1.17806825418392101261)
                  00014095    00000017     menus.o (.rodata.str1.44513436441731468601)
                  000140ac    00000017     menus.o (.rodata.str1.52873050588701785371)
                  000140c3    00000017     menus.o (.rodata.str1.7928282895222706721)
                  000140da    00000017     menus.o (.rodata.str1.95972786851599416241)
                  000140f1    00000016     ST7735_SDC.o (.rodata.str1.28433820059943190321)
                  00014107    00000015     menus.o (.rodata.str1.20971027457514090791)
                  0001411c    00000015     menus.o (.rodata.str1.34948758358822006441)
                  00014131    00000015     menus.o (.rodata.str1.40053628090355857951)
                  00014146    00000015     menus.o (.rodata.str1.73655613655739932531)
                  0001415b    00000014     menus.o (.rodata.str1.99723067460874747631)
                  0001416f    00000013     menus.o (.rodata.str1.44323779711376306551)
                  00014182    00000011     libc.a : _printfi.c.obj (.rodata.str1.153638888446227384661)
                  00014193    00000010     menus.o (.rodata.str1.72841784736326705081)
                  000141a3    0000000f     ff.o (.rodata.str1.113280866994296648041)
                  000141b2    0000000f     menus.o (.rodata.str1.74614961083098936291)
                  000141c1    0000000e     Graphics.o (.rodata.str1.101815359073638397881)
                  000141cf    0000000e     menus.o (.rodata.str1.105613764357858899821)
                  000141dd    0000000e     menus.o (.rodata.str1.20226054460873807351)
                  000141eb    0000000e     menus.o (.rodata.str1.28534660028422600551)
                  000141f9    0000000e     menus.o (.rodata.str1.72053916584311919101)
                  00014207    0000000e     menus.o (.rodata.str1.98699209345328443171)
                  00014215    0000000d     ST7735_SDC.o (.rodata.Rcmd2green)
                  00014222    0000000d     ST7735_SDC.o (.rodata.Rcmd2red)
                  0001422f    0000000d     menus.o (.rodata.str1.99564983211434588061)
                  0001423c    0000000c     menus.o (.rodata.backText)
                  00014248    0000000c     menus.o (.rodata.englishText)
                  00014254    0000000c     menus.o (.rodata.gleebText)
                  00014260    0000000c     menus.o (.rodata.languageMenuTitle)
                  0001426c    0000000c     menus.o (.rodata.languageText)
                  00014278    0000000c     menus.o (.rodata.mainTitleText)
                  00014284    0000000c     menus.o (.rodata.map2Text)
                  00014290    0000000c     main.o (.rodata.medkitName)
                  0001429c    0000000c     menus.o (.rodata.ogMapText)
                  000142a8    0000000c     main.o (.rodata.pistolName)
                  000142b4    0000000c     main.o (.rodata.rifleName)
                  000142c0    0000000c     menus.o (.rodata.selectMapText)
                  000142cc    0000000c     main.o (.rodata.shotgunName)
                  000142d8    0000000c     menus.o (.rodata.spanishText)
                  000142e4    0000000c     menus.o (.rodata.startGameText)
                  000142f0    0000000c     menus.o (.rodata.str1.44852280986964266461)
                  000142fc    0000000b     menus.o (.rodata.str1.107618944876940139201)
                  00014307    0000000b     Graphics.o (.rodata.str1.111845795882479080211)
                  00014312    0000000b     menus.o (.rodata.str1.37298010153340831671)
                  0001431d    0000000a     menus.o (.rodata.str1.11748345053224590121)
                  00014327    0000000a     menus.o (.rodata.str1.124914464180015033831)
                  00014331    0000000a     menus.o (.rodata.str1.147465653251047986931)
                  0001433b    0000000a     Graphics.o (.rodata.str1.45937735617970562101)
                  00014345    0000000a     menus.o (.rodata.str1.6586680656692322771)
                  0001434f    00000009     main.o (.rodata.str1.102198819253266672751)
                  00014358    00000009     main.o (.rodata.str1.115890148426537372251)
                  00014361    00000009     ST7735_SDC.o (.rodata.str1.119827176004061594541)
                  0001436a    00000009     menus.o (.rodata.str1.127816206145025086161)
                  00014373    00000009     menus.o (.rodata.str1.128989763563720414811)
                  0001437c    00000009     main.o (.rodata.str1.139123098054563454261)
                  00014385    00000009     menus.o (.rodata.str1.160586392388085771341)
                  0001438e    00000009     Graphics.o (.rodata.str1.174670005707905455781)
                  00014397    00000009     main.o (.rodata.str1.30235616187663446621)
                  000143a0    00000009     menus.o (.rodata.str1.55360927250541822621)
                  000143a9    00000009     menus.o (.rodata.str1.59382714011411076131)
                  000143b2    00000009     menus.o (.rodata.str1.65750054775735849871)
                  000143bb    00000009     Graphics.o (.rodata.str1.67127546031375070101)
                  000143c4    00000009     menus.o (.rodata.str1.82245934695475978981)
                  000143cd    00000009     menus.o (.rodata.str1.88687122040722189621)
                  000143d6    00000009     ST7735_SDC.o (.rodata.str1.96930949990895218701)
                  000143df    00000008     menus.o (.rodata.str1.121123247888127407721)
                  000143e7    00000008     main.o (.rodata.str1.128962870563899395191)
                  000143ef    00000008     menus.o (.rodata.str1.151812138345797082741)
                  000143f7    00000008     menus.o (.rodata.str1.155228271783013021831)
                  000143ff    00000008     main.o (.rodata.str1.164552152177587026401)
                  00014407    00000008     ST7735_SDC.o (.rodata.str1.165812335033060454901)
                  0001440f    00000008     menus.o (.rodata.str1.27961984965217310221)
                  00014417    00000008     menus.o (.rodata.str1.63580008137743042971)
                  0001441f    00000008     menus.o (.rodata.str1.71614747585608304151)
                  00014427    00000007     menus.o (.rodata.str1.105692775232363439901)
                  0001442e    00000007     ST7735_SDC.o (.rodata.str1.108798170232719549071)
                  00014435    00000007     menus.o (.rodata.str1.109323214156024499631)
                  0001443c    00000007     menus.o (.rodata.str1.1277942910637927151)
                  00014443    00000007     menus.o (.rodata.str1.136911105019720578541)
                  0001444a    00000007     main.o (.rodata.str1.140962207062303880201)
                  00014451    00000007     main.o (.rodata.str1.181369900268917052751)
                  00014458    00000007     main.o (.rodata.str1.42835430280232758001)
                  0001445f    00000007     ST7735_SDC.o (.rodata.str1.48346598350755635861)
                  00014466    00000007     menus.o (.rodata.str1.59493562986345245221)
                  0001446d    00000007     ST7735_SDC.o (.rodata.str1.65157548236227532931)
                  00014474    00000007     menus.o (.rodata.str1.69999045451270665711)
                  0001447b    00000006     ST7735_SDC.o (.rodata.str1.105453447318699584981)
                  00014481    00000006     main.o (.rodata.str1.157592557656998809351)
                  00014487    00000006     ST7735_SDC.o (.rodata.str1.175182287407566781581)
                  0001448d    00000006     main.o (.rodata.str1.182731374899196392841)
                  00014493    00000006     menus.o (.rodata.str1.18587315262870873111)
                  00014499    00000006     Graphics.o (.rodata.str1.46143995295070766951)
                  0001449f    00000006     main.o (.rodata.str1.58265674741439123291)
                  000144a5    00000006     menus.o (.rodata.str1.6049594314190078561)
                  000144ab    00000006     menus.o (.rodata.str1.63063412741383656541)
                  000144b1    00000006     menus.o (.rodata.str1.70705070438164780481)
                  000144b7    00000006     menus.o (.rodata.str1.74484252914149724171)
                  000144bd    00000005     Graphics.o (.rodata.str1.37161536259113115651)
                  000144c2    00000005     main.o (.rodata.str1.54842681482495761191)
                  000144c7    00000005     menus.o (.rodata.str1.80119958098595689001)
                  000144cc    00000003     Graphics.o (.rodata.str1.25158831670344200691)
                  000144cf    00000002     ST7735_SDC.o (.rodata.str1.139922138757215469871)
                  000144d1    00000002     Graphics.o (.rodata.str1.2002389610935928081)
                  000144d3    00000001     Graphics.o (.rodata.str1.86410570762347020181)
                  000144d4    00000004     --HOLE-- [fill = 0]

.init_array 
*          0    00000000    00000000     UNINITIALIZED

.binit     0    00000000    00000000     

.bss       0    20200000    0000695a     UNINITIALIZED
                  20200000    00005000     (.common:renderBuffer)
                  20205000    00000500     (.common:ZBuffer)
                  20205500    00000480     (.common:miniMap)
                  20205980    00000240     (.common:worldMap)
                  20205bc0    00000234     SoundSD.o (.bss.fs)
                  20205df4    00000234     Graphics.o (.bss.g_sFatFs)
                  20206028    00000224     SoundSD.o (.bss.fil)
                  2020624c    00000200     SoundSD.o (.bss.buf1)
                  2020644c    00000200     SoundSD.o (.bss.buf2)
                  2020664c    00000120     libsysbm.a : trgmsg.c.obj (.bss:_CIOBUF_)
                  2020676c    000000a0     libc.a : defs.c.obj (.bss.__TI_tmpnams)
                  2020680c    00000080     (.common:floorGradient)
                  2020688c    00000040     FIFO.o (.bss.RxFifo)
                  202068cc    0000000c     (.common:Message)
                  202068d8    00000008     libsysbm.a : hostopen.c.obj (.bss.parmbuf)
                  202068e0    00000008     (.common:otherDirX)
                  202068e8    00000008     (.common:otherDirY)
                  202068f0    00000008     (.common:otherPosX)
                  202068f8    00000008     (.common:otherPosY)
                  20206900    00000004     ff.o (.bss.FatFs)
                  20206904    00000004     diskio.o (.bss.Timer1)
                  20206908    00000004     diskio.o (.bss.Timer2)
                  2020690c    00000004     SoundSD.o (.bss.blockCount)
                  20206910    00000004     SoundSD.o (.bss.bytesRead)
                  20206914    00000004     SoundSD.o (.bss.needRefill)
                  20206918    00000004     libc.a : memory.c.obj (.bss.sys_free)
                  2020691c    00000004     (.common:Joy_x)
                  20206920    00000004     (.common:Joy_y)
                  20206924    00000004     (.common:LCDresetFlag)
                  20206928    00000004     (.common:Length)
                  2020692c    00000004     (.common:LostData)
                  20206930    00000004     (.common:Messageindex)
                  20206934    00000004     (.common:RxGetI)
                  20206938    00000004     (.common:RxPutI)
                  2020693c    00000004     (.common:SoundPt)
                  20206940    00000004     (.common:flag_done)
                  20206944    00000004     (.common:ms_done)
                  20206948    00000004     (.common:ms_passed)
                  2020694c    00000002     ff.o (.bss.Fsid)
                  2020694e    00000002     ST7735_SDC.o (.bss.sdcBuffer)
                  20206950    00000001     diskio.o (.bss.CardType)
                  20206951    00000001     ST7735_SDC.o (.bss.ColStart)
                  20206952    00000001     ST7735_SDC.o (.bss.Rotation)
                  20206953    00000001     ST7735_SDC.o (.bss.RowStart)
                  20206954    00000001     ST7735_SDC.o (.bss.TabColor)
                  20206955    00000001     (.common:InitStatus)
                  20206956    00000001     (.common:MountFresult)
                  20206957    00000001     (.common:isShooting)
                  20206958    00000001     (.common:isSwapping)
                  20206959    00000001     (.common:reloaded)

.data      0    20206960    000008c5     UNINITIALIZED
                  20206960    00000258     main.o (.data.Sprites)
                  20206bb8    000000f0     libc.a : defs.c.obj (.data._ftable)
                  20206ca8    00000078     libsysbm.a : host_device.c.obj (.data._device)
                  20206d20    00000068     main.o (.data.medkit)
                  20206d88    00000068     main.o (.data.pistol)
                  20206df0    00000068     main.o (.data.rifle)
                  20206e58    00000068     main.o (.data.shotgun)
                  20206ec0    00000050     libsysbm.a : host_device.c.obj (.data._stream)
                  20206f10    00000048     menus.o (.data.valvanoDialogueEnglish)
                  20206f58    00000048     menus.o (.data.valvanoDialogueGleeb)
                  20206fa0    00000048     menus.o (.data.valvanoDialogueSpanish)
                  20206fe8    00000030     menus.o (.data.languageMenuItems)
                  20207018    00000028     Sounds.o (.data.SoundEffects)
                  20207040    00000028     main.o (.data.gunFlash)
                  20207068    00000024     menus.o (.data.mapMenuItems)
                  2020708c    0000001c     menus.o (.data.deathScreenTextEnglish)
                  202070a8    0000001c     menus.o (.data.deathScreenTextGleeb)
                  202070c4    0000001c     menus.o (.data.deathScreenTextSpanish)
                  202070e0    00000018     main.o (.data.items)
                  202070f8    00000018     menus.o (.data.mainMenuItems)
                  20207110    00000014     main.o (.data.inventory)
                  20207124    00000010     menus.o (.data.languageMenu)
                  20207134    00000010     menus.o (.data.mainMenu)
                  20207144    00000010     menus.o (.data.mapMenu)
                  20207154    00000010     Graphics.o (.data.textures)
                  20207164    0000000c     Graphics.o (.data.ammoText)
                  20207170    0000000c     menus.o (.data.deathScreenTexts)
                  2020717c    0000000c     menus.o (.data.valvanoDialogues)
                  20207188    00000008     libc.a : exit.c.obj (.data..L_MergedGlobals)
                  20207190    00000008     main.o (.data.dirX)
                  20207198    00000008     main.o (.data.dirY)
                  202071a0    00000008     main.o (.data.planeX)
                  202071a8    00000008     main.o (.data.planeY)
                  202071b0    00000008     main.o (.data.posX)
                  202071b8    00000008     main.o (.data.posY)
                  202071c0    00000004     Clock.o (.data.BusFreq)
                  202071c4    00000004     Graphics.o (.data.RenderScene.side)
                  202071c8    00000004     ST7735_SDC.o (.data.StX)
                  202071cc    00000004     ST7735_SDC.o (.data.StY)
                  202071d0    00000004     SoundSD.o (.data.SysTick_Handler.idx)
                  202071d4    00000004     libc.a : defs.c.obj (.data.__TI_ft_end)
                  202071d8    00000004            : _lock.c.obj (.data._lock)
                  202071dc    00000004            : _lock.c.obj (.data._unlock)
                  202071e0    00000004     SoundSD.o (.data.back)
                  202071e4    00000004     SoundSD.o (.data.front)
                  202071e8    00000004     main.o (.data.kills)
                  202071ec    00000004     libc.a : rand.c.obj (.data.next)
                  202071f0    00000004     main.o (.data.numsprites)
                  202071f4    00000004     main.o (.data.otherHealth)
                  202071f8    00000004     main.o (.data.otherKills)
                  202071fc    00000004     Sync.o (.data.otherPlayer)
                  20207200    00000004     main.o (.data.playerHealth)
                  20207204    00000002     ST7735_SDC.o (.data.StTextColor)
                  20207206    00000002     Sync.o (.data.TIMA0_IRQHandler.timeCt)
                  20207208    00000002     ST7735_SDC.o (.data._height)
                  2020720a    00000002     ST7735_SDC.o (.data._width)
                  2020720c    00000002     Sync.o (.data.hitTimer)
                  2020720e    00000001     menus.o (.data.GetTriggerPressed.last)
                  2020720f    00000001     sprites.o (.data.RenderForegroundSprites.sidesDrawn)
                  20207210    00000001     Sounds.o (.data.SoundMode)
                  20207211    00000001     diskio.o (.data.Stat)
                  20207212    00000001     Sync.o (.data.TIMG7_IRQHandler.packetIndex)
                  20207213    00000001     Sync.o (.data.TIMG8_IRQHandler.packetIndex)
                  20207214    00000001     libsysbm.a : add_device.c.obj (.data.add_device.device_init)
                  20207215    00000001     sprites.o (.data.canSwapItems)
                  20207216    00000001     Sounds.o (.data.enabled)
                  20207217    00000001     main.o (.data.healthCode)
                  20207218    00000001     Sync.o (.data.hitDir)
                  20207219    00000001     main.o (.data.isOnTarget)
                  2020721a    00000001     main.o (.data.isVulnerable)
                  2020721b    00000001     Sync.o (.data.itemsStatus)
                  2020721c    00000001     menus.o (.data.language)
                  2020721d    00000001     Input.o (.data.lastInput)
                  2020721e    00000001     Input.o (.data.rifleCanShoot)
                  2020721f    00000001     menus.o (.data.startGameSelected)
                  20207220    00000001     libc.a : memory.c.obj (.data.memory_is_initialized)
                  20207221    00000003     --HOLE--
                  20207224    00000001     libsysbm.a : open.c.obj (.data.open.stream_init)

.sysmem    0    20207228    00000200     UNINITIALIZED
                  20207228    00000010     libc.a : memory.c.obj (.sysmem)
                  20207238    000001f0     --HOLE--

.stack     0    20207e00    00000200     UNINITIALIZED
                  20207e00    00000004     libc.a : boot_cortex_m.c.obj (.stack)
                  20207e04    000001fc     --HOLE--

__llvm_prf_cnts 
*          0    20200000    00000000     UNINITIALIZED

__llvm_prf_bits 
*          0    20200000    00000000     UNINITIALIZED

MODULE SUMMARY

       Module                         code    ro data   rw data
       ------                         ----    -------   -------
    .\
       Graphics.o                     3708    24646     3614   
       main.o                         846     27280     1203   
       Sounds.o                       192     24703     50     
       Buffer.o                       1556    1275      20608  
       ff.o                           8902    15        6      
       ST7735_SDC.o                   4906    1486      36     
       menus.o                        1212    3541      483    
       diskio.o                       3300    0         14     
       SoundSD.o                      550     1         2160   
       sprites.o                      2534    0         2      
       Input.o                        2252    0         5      
       Sync.o                         2212    0         12     
       Timer.o                        984     0         0      
       Inventory.o                    760     0         0      
       ADC.o                          704     0         0      
       Clock.o                        516     0         4      
       UART2.o                        358     0         4      
       SPI.o                          312     0         0      
       FIFO.o                         196     0         72     
       LaunchPad.o                    196     0         0      
       DAC.o                          188     0         0      
       UART1.o                        148     0         0      
       Async_Delay.o                  128     0         12     
       Joy.o                          80      0         0      
    +--+------------------------------+-------+---------+---------+
       Total:                         36740   82947     28285  
                                                               
    .\ticlang\
       startup_mspm0g3507_ticlang.o   60      192       0      
    +--+------------------------------+-------+---------+---------+
       Total:                         60      192       0      
                                                               
    C:\ti\ccs2000\ccs\tools\compiler\ti-cgt-armllvm_4.0.1.LTS\lib\armv6m-ti-none-eabi/c/libc.a
       memory.c.obj                   702     0         5      
       _printfi.c.obj                 658     17        0      
       fopen.c.obj                    556     0         0      
       defs.c.obj                     0       0         404    
       s_floor.c.obj                  324     0         0      
       qsort.c.obj                    308     0         0      
       setvbuf.c.obj                  224     0         0      
       getdevice.c.obj                160     0         0      
       strcmp-armv6m.S.obj            136     0         0      
       copy_decompress_lzss.c.obj     124     0         0      
       fclose.c.obj                   124     0         0      
       rand.c.obj                     92      0         4      
       sprintf.c.obj                  90      0         0      
       fflush.c.obj                   82      0         0      
       exit.c.obj                     56      0         8      
       autoinit.c.obj                 60      0         0      
       boot_cortex_m.c.obj            40      0         0      
       memccpy.c.obj                  34      0         0      
       copy_decompress_none.c.obj     18      0         0      
       memcpy16.S.obj                 18      0         0      
       copy_zero_init.c.obj           16      0         0      
       memset16.S.obj                 14      0         0      
       _lock.c.obj                    2       0         8      
       pre_init.c.obj                 4       0         0      
    +--+------------------------------+-------+---------+---------+
       Total:                         3842    17        429    
                                                               
    C:\ti\ccs2000\ccs\tools\compiler\ti-cgt-armllvm_4.0.1.LTS\lib\armv6m-ti-none-eabi/c/libsysbm.a
       trgmsg.c.obj                   104     0         288    
       add_device.c.obj               236     0         1      
       host_device.c.obj              0       0         200    
       open.c.obj                     160     0         1      
       hostrename.c.obj               136     0         0      
       hostlseek.c.obj                108     0         0      
       hostopen.c.obj                 96      0         8      
       hostread.c.obj                 88      0         0      
       hostwrite.c.obj                88      0         0      
       close.c.obj                    80      0         0      
       hostclose.c.obj                72      0         0      
       hostunlink.c.obj               72      0         0      
       unlink.c.obj                   44      0         0      
       write.c.obj                    40      0         0      
       remove.c.obj                   8       0         0      
    +--+------------------------------+-------+---------+---------+
       Total:                         1332    0         498    
                                                               
    C:\ti\ccs2000\ccs\tools\compiler\ti-cgt-armllvm_4.0.1.LTS\lib\armv6m-ti-none-eabi/libclang_rt.builtins.a
       adddf3.S.obj                   402     0         0      
       divdf3.S.obj                   268     0         0      
       muldf3.S.obj                   228     0         0      
       comparedf2.c.obj               220     0         0      
       aeabi_dcmp.S.obj               98      0         0      
       aeabi_idivmod.S.obj            86      0         0      
       fixdfsi.S.obj                  74      0         0      
       aeabi_uidivmod.S.obj           64      0         0      
       muldsi3.S.obj                  58      0         0      
       floatsidf.S.obj                44      0         0      
       floatunsidf.S.obj              36      0         0      
       aeabi_memset.S.obj             26      0         0      
       aeabi_memcpy.S.obj             8       0         0      
       aeabi_div0.c.obj               2       0         0      
    +--+------------------------------+-------+---------+---------+
       Total:                         1614    0         0      
                                                               
       Heap:                          0       0         512    
       Stack:                         0       0         512    
       Linker Generated:              0       891       0      
    +--+------------------------------+-------+---------+---------+
       Grand Total:                   43588   84047     30236  


LINKER GENERATED COPY TABLES

__TI_cinit_table @ 0001f2ac records: 2, size/record: 8, table size: 16
	.data: load addr=0001ef40, load size=00000357 bytes, run addr=20206960, run size=000008c5 bytes, compression=lzss
	.bss: load addr=0001f2a4, load size=00000008 bytes, run addr=20200000, run size=0000695a bytes, compression=zero_init


LINKER GENERATED HANDLER TABLE

__TI_handler_table @ 0001f298 records: 3, size/record: 4, table size: 12
	index: 0, handler: __TI_decompress_lzss
	index: 1, handler: __TI_decompress_none
	index: 2, handler: __TI_zero_init


GLOBAL SYMBOLS: SORTED ALPHABETICALLY BY Name 

address   name                          
-------   ----                          
0001ec01  ADC0_IRQHandler               
0001ded5  ADC0_In                       
0001a351  ADC0_Init                     
0001ec01  ADC1_IRQHandler               
0001d45d  ADC_InDual                    
00019779  ADC_InitDual                  
0001ec01  AES_IRQHandler                
0001e2cd  ActivatePortA_B               
00012fb6  Ammosprite                    
202071c0  BusFreq                       
0001ef3a  C$$EXIT                       
0001e5b5  C$$IO$$                       
0001ec01  CANFD0_IRQHandler             
0001ea91  CS_Init                       
000157bd  CastRays                      
0001edf9  Clock_Delay                   
0001e451  Clock_Delay1ms                
0001eed1  Clock_Freq                    
0001818d  Clock_Init80MHz               
0001ec01  DAC0_IRQHandler               
0001b7fd  DAC_Init                      
0001ed75  DAC_Out                       
0001ec01  DMA_IRQHandler                
00019189  DeathScreen                   
0001ec01  Default_Handler               
0001ee09  Delay                         
00002480  DrM0Back                      
00004480  DrM0Front                     
00016f71  DrawCrosshair                 
00017a0d  DrawHealthBar                 
0001ad6d  DrawHitIndicator              
0001cb91  DrawMinimap                   
00010140  ExplosionImage                
0001c345  FillMap                       
0001ec01  GROUP0_IRQHandler             
0001ec01  GROUP1_IRQHandler             
0001afe9  GameLoop                      
0001cf41  Graphics_Init                 
0001dcdd  HOSTclose                     
0001d171  HOSTlseek                     
0001d64d  HOSTopen                      
0001d7c5  HOSTread                      
0001d1dd  HOSTrename                    
0001dd25  HOSTunlink                    
0001d81d  HOSTwrite                     
0001ec1d  HardFault_Handler             
0001ec01  I2C0_IRQHandler               
0001ec01  I2C1_IRQHandler               
20206955  InitStatus                    
0001df19  Input_Init                    
0001a721  Inventory_add                 
0001edb1  Inventory_currentItem         
0001eab5  Inventory_next                
0001cd6f  Inventory_removeCurrent       
0001abad  Inventory_replace             
0001edc3  Item_isSpent                  
0001eb67  Item_isWeapon                 
0001ec39  Joy_In                        
0001ee19  Joy_InButton                  
0001ead9  Joy_Init                      
2020691c  Joy_x                         
20206920  Joy_y                         
20206924  LCDresetFlag                  
0001c925  LaunchPad_Init                
20206928  Length                        
2020692c  LostData                      
00012b36  Map2                          
000131b6  Medkitsprite                  
000167ed  Menus_Run                     
202068cc  Message                       
20206930  Messageindex                  
20206956  MountFresult                  
000144e1  MovePlayer                    
0001ec01  NMI_Handler                   
00012d76  OGMap                         
0001ec01  PendSV_Handler                
00010940  PistolImage                   
000133b6  Pistolsprite                  
0001c699  PrecalculateFloorGradient     
0001ec01  RTC_IRQHandler                
0001b0b5  RandomizeSprites              
0001ee29  ReadKeys                      
0001e165  RenderBuffer                  
0001a445  RenderForegroundSprites       
0001cc09  RenderHUD                     
0001b8a5  RenderInventory               
0001df5d  RenderScene                   
0001a539  RenderSky                     
00014c29  RenderSprite                  
00018825  RenderSprites                 
0001ef33  Reset_Handler                 
00011140  RifleImage                    
000135b6  Riflesprite                   
0001db65  RxFifo_Get                    
0001ed89  RxFifo_Init                   
0001dbb1  RxFifo_Put                    
0001ec71  RxFifo_Size                   
20206934  RxGetI                        
20206938  RxPutI                        
00006480  SCBarkley                     
0001ec01  SPI0_IRQHandler               
0001ec01  SPI1_IRQHandler               
00019049  SPI1_Init                     
0001a259  SPI_Init                      
0001dfe5  SPI_Reset                     
0001d875  ST7735_ClearScreenBlack       
0001e6f5  ST7735_Color565               
000177fd  ST7735_DrawBitmap             
00019d11  ST7735_DrawBitmapFromSDC      
000184f1  ST7735_DrawCharS              
0001cfb1  ST7735_DrawPixel              
0001c71d  ST7735_DrawString             
00017c01  ST7735_DrawTextBoxS           
000175e9  ST7735_DrawTextBoxS_IF        
00019ae1  ST7735_FillRect               
0001e871  ST7735_FillScreen             
0001bfbd  ST7735_InitPrintf             
0001c059  ST7735_InitR                  
0001ae49  ST7735_OutChar                
0001c7a1  ST7735_OutUDec                
0001e485  ST7735_SetCursor              
0001a62d  ST7735_SetRotation            
0001ed9d  ST7735_SetTextColor           
0001ef0d  ST7735_close                  
0001ee57  ST7735_lseek                  
0001ed31  ST7735_open                   
0001ed47  ST7735_read                   
0001eedd  ST7735_rename                 
0001ef17  ST7735_unlink                 
0001e4b9  ST7735_write                  
0001ec01  SVC_Handler                   
00011940  ShotgunImage                  
000137b6  Shotgunsprite                 
20207018  SoundEffects                  
0001ec89  SoundEffects_disable          
0001eca1  SoundEffects_enable           
20207210  SoundMode                     
2020693c  SoundPt                       
0001dd6d  SoundSD_Init                  
0001ecb9  SoundSD_Mount                 
0001d021  SoundSD_Play                  
0001c189  SoundSD_Service               
0001ddb5  Sound_Init                    
0001ddfd  Sound_Start                   
20206960  Sprites                       
20207204  StTextColor                   
202071c8  StX                           
202071cc  StY                           
0001eee9  Sync_Init                     
0001c21d  SysTick_Handler               
0001e4ed  SystemInit                    
0001d091  TFT_OutCommand                
0001d249  TFT_OutData                   
0001e025  TIMA0_IRQHandler              
0001ec01  TIMA1_IRQHandler              
0001de45  TIMG0_IRQHandler              
0001b249  TIMG12_IRQHandler             
0001ecd1  TIMG6_IRQHandler              
0001cde5  TIMG7_IRQHandler              
0001d70d  TIMG8_IRQHandler              
0001edd5  TI_memcpy_small               
0001ee9d  TI_memset_small               
0001b94d  TimerA0_IntArm                
0001bc95  TimerG0_IntArm                
0001c2b1  TimerG12_IntArm               
0001b9f5  TimerG6_IntArm                
0001ba9d  TimerG7_IntArm                
0001bb45  TimerG8_IntArm                
0001ec01  UART0_IRQHandler              
0001ec01  UART1_IRQHandler              
0001c9a1  UART1_Init                    
0001ece9  UART1_OutChar                 
0001d2b5  UART2_IRQHandler              
0001e979  UART2_InChar                  
0001af19  UART2_Init                    
0001ec01  UART3_IRQHandler              
20205000  ZBuffer                       
2020664c  _CIOBUF_                      
2020664c  __CIOBUF_                     
20208000  __STACK_END                   
00000200  __STACK_SIZE                  
00000200  __SYSMEM_SIZE                 
00000000  __TI_ATRegion0_region_sz      
00000000  __TI_ATRegion0_src_addr       
00000000  __TI_ATRegion0_trg_addr       
00000000  __TI_ATRegion1_region_sz      
00000000  __TI_ATRegion1_src_addr       
00000000  __TI_ATRegion1_trg_addr       
00000000  __TI_ATRegion2_region_sz      
00000000  __TI_ATRegion2_src_addr       
00000000  __TI_ATRegion2_trg_addr       
0001f2ac  __TI_CINIT_Base               
0001f2bc  __TI_CINIT_Limit              
0001f2bc  __TI_CINIT_Warm               
0001f298  __TI_Handler_Table_Base       
0001f2a4  __TI_Handler_Table_Limit      
0001e255  __TI_auto_init_nobinit_nopinit
0001e521  __TI_cleanup                  
20207188  __TI_cleanup_ptr              
0001ca1d  __TI_closefile                
0001cb15  __TI_decompress_lzss          
0001ede7  __TI_decompress_none          
0001da21  __TI_doflush                  
2020718c  __TI_dtors_ptr                
202071d4  __TI_ft_end                   
ffffffff  __TI_pprof_out_hndl           
00016a7d  __TI_printfi_minimal          
ffffffff  __TI_prof_data_size           
ffffffff  __TI_prof_data_start          
0001e555  __TI_readmsg                  
00000000  __TI_static_base__            
2020676c  __TI_tmpnams                  
0001e589  __TI_writemsg                 
0001ee39  __TI_zero_init                
0001869b  __adddf3                      
0001dc49  __aeabi_d2iz                  
0001869b  __aeabi_dadd                  
0001d589  __aeabi_dcmpeq                
0001d5c5  __aeabi_dcmpge                
0001d5d9  __aeabi_dcmpgt                
0001d5b1  __aeabi_dcmple                
0001d59d  __aeabi_dcmplt                
0001a04d  __aeabi_ddiv                  
0001a9e5  __aeabi_dmul                  
00018691  __aeabi_dsub                  
0001e89d  __aeabi_i2d                   
0001d8cd  __aeabi_idiv                  
00018823  __aeabi_idiv0                 
0001d8cd  __aeabi_idivmod               
0001eef5  __aeabi_memclr                
0001eef5  __aeabi_memclr4               
0001eef5  __aeabi_memclr8               
0001c609  __aeabi_memcpy                
0001c609  __aeabi_memcpy4               
0001c609  __aeabi_memcpy8               
0001ee65  __aeabi_memset                
0001ee65  __aeabi_memset4               
0001ee65  __aeabi_memset8               
0001eafd  __aeabi_ui2d                  
0001e065  __aeabi_uidiv                 
0001e065  __aeabi_uidivmod              
ffffffff  __binit__                     
0001d38d  __cmpdf2                      
0001a04d  __divdf3                      
0001d38d  __eqdf2                       
0001dc49  __fixdfsi                     
0001e89d  __floatsidf                   
0001eafd  __floatunsidf                 
0001ce59  __gedf2                       
0001ce59  __gtdf2                       
0001d38d  __ledf2                       
0001d38d  __ltdf2                       
UNDEFED   __mpu_init                    
0001a9e5  __muldf3                      
0001e291  __muldsi3                     
0001d38d  __nedf2                       
20207e00  __stack                       
20200000  __start___llvm_prf_bits       
20200000  __start___llvm_prf_cnts       
20200000  __stop___llvm_prf_bits        
20200000  __stop___llvm_prf_cnts        
00018691  __subdf3                      
0001ea1d  _c_int00_noargs               
20206ca8  _device                       
20206bb8  _ftable                       
202071d8  _lock                         
00019777  _nop                          
20206ec0  _stream                       
20207228  _sys_memory                   
UNDEFED   _system_post_cinit            
0001ef37  _system_pre_init              
202071dc  _unlock                       
0001ef3b  abort                         
0001a811  add_device                    
00019e25  aligned_alloc                 
20207164  ammoText                      
0001423c  backText                      
ffffffff  binit                         
0001be7d  blitBufferToRenderBuffer      
20207215  canSwapItems                  
00008480  circuitBoardTex               
0001ed5d  clearDialogueLine             
0001c4f5  clearRenderBuffer             
0001da75  close                         
0001e3e5  clust2sect                    
0001d923  compareSprites                
2020708c  deathScreenTextEnglish        
202070a8  deathScreenTextGleeb          
202070c4  deathScreenTextSpanish        
20207170  deathScreenTexts              
0001b181  dialogueScreen                
20207190  dirX                          
20207198  dirY                          
0001b751  diskError                     
000171a9  disk_initialize               
00015ff9  disk_ioctl                    
0001aac9  disk_read                     
0001e759  disk_status                   
0001d101  disk_timerproc                
00019bf9  disk_write                    
0001a159  drawCharToBuffer              
000173d1  drawForegroundSpriteToBuffer  
20207216  enabled                       
00014248  englishText                   
0001e5bd  exit                          
0001e125  f_close                       
000162b1  f_lseek                       
0001c0f1  f_mount                       
00016d01  f_open                        
00016555  f_read                        
00019f39  f_sync                        
0001e789  fastCos                       
0001e1a1  fastSin                       
0001d979  fillmessage                   
0001e5f1  finddevice                    
20206940  flag_done                     
00018dc1  floor                         
2020680c  floorGradient                 
00018dc1  floorl                        
0001e7b9  fopen                         
0001a8fd  free                          
0001e625  freopen                       
0001e7e9  friendlyDelay                 
0001cecd  generateSprite                
00018341  getDirectionPacket            
00019529  getInfoPacket                 
0001b30d  getPositionPacket             
0001ca99  getRandomMapPos               
00018b15  get_fat                       
0001d321  getdevice                     
00014254  gleebText                     
20207040  gunFlash                      
20207217  healthCode                    
20207218  hitDir                        
2020720c  hitTimer                      
0001dbfd  inInventory                   
0001ea45  initRandom                    
00000000  interruptVectors              
20207110  inventory                     
20207219  isOnTarget                    
20206957  isShooting                    
20206958  isSwapping                    
2020721a  isVulnerable                  
202070e0  items                         
2020721b  itemsStatus                   
202071e8  kills                         
2020721c  language                      
00014260  languageMenuTitle             
0001426c  languageText                  
2020721d  lastInput                     
0001e659  main                          
00014278  mainTitleText                 
0001ef01  malloc                        
00014284  map2Text                      
0000a480  matrix2                       
20206d20  medkit                        
00014290  medkitName                    
00019e25  memalign                      
0001eb45  memccpy                       
20205500  miniMap                       
20206944  ms_done                       
20206948  ms_passed                     
202071f0  numsprites                    
0001429c  ogMapText                     
0001bf1d  open                          
202068e0  otherDirX                     
202068e8  otherDirY                     
202071f4  otherHealth                   
202071f8  otherKills                    
202071fc  otherPlayer                   
202068f0  otherPosX                     
202068f8  otherPosY                     
0000f7f0  outofammoSound                
202068d8  parmbuf                       
20206d88  pistol                        
000142a8  pistolName                    
0000e2f8  pistolSound                   
202071a0  planeX                        
202071a8  planeY                        
20207200  playerHealth                  
202071b0  posX                          
202071b8  posY                          
0001d4c1  printAmmo                     
0001e6c1  printItem                     
0001c3d5  printLeaderboard              
0001b541  printToBuffer                 
0001e305  processHit                    
00017df1  put_fat                       
000193f5  qsort                         
0001e33d  rand                          
000000c0  reloadSound                   
20206959  reloaded                      
0001ef2b  remove                        
20200000  renderBuffer                  
0001b3cd  respawnPlayer                 
20206df0  rifle                         
2020721e  rifleCanShoot                 
000142b4  rifleName                     
000142c0  selectMapText                 
0001c825  sendDirectionPacket           
0001e219  sendInfoPacket                
0001c8a5  sendPositionPacket            
0001d769  setPixelBuffer                
0001ac8d  setvbuf                       
20206e58  shotgun                       
000142cc  shotgunName                   
0000c480  shotgunSound                  
000142d8  spanishText                   
0001e375  sprintf                       
0001eb21  srand                         
000142e4  startGameText                 
0001e3ad  start_delay                   
0001c611  strcmp                        
20207154  textures                      
0001e817  typeDialogueLine              
0001e94d  unlink                        
20206f10  valvanoDialogueEnglish        
20206f58  valvanoDialogueGleeb          
20206fa0  valvanoDialogueSpanish        
2020717c  valvanoDialogues              
0000ee96  weaploadSound                 
20205980  worldMap                      
0001e9f5  write                         


GLOBAL SYMBOLS: SORTED BY Symbol Address 

address   name                          
-------   ----                          
00000000  __TI_ATRegion0_region_sz      
00000000  __TI_ATRegion0_src_addr       
00000000  __TI_ATRegion0_trg_addr       
00000000  __TI_ATRegion1_region_sz      
00000000  __TI_ATRegion1_src_addr       
00000000  __TI_ATRegion1_trg_addr       
00000000  __TI_ATRegion2_region_sz      
00000000  __TI_ATRegion2_src_addr       
00000000  __TI_ATRegion2_trg_addr       
00000000  __TI_static_base__            
00000000  interruptVectors              
000000c0  reloadSound                   
00000200  __STACK_SIZE                  
00000200  __SYSMEM_SIZE                 
00002480  DrM0Back                      
00004480  DrM0Front                     
00006480  SCBarkley                     
00008480  circuitBoardTex               
0000a480  matrix2                       
0000c480  shotgunSound                  
0000e2f8  pistolSound                   
0000ee96  weaploadSound                 
0000f7f0  outofammoSound                
00010140  ExplosionImage                
00010940  PistolImage                   
00011140  RifleImage                    
00011940  ShotgunImage                  
00012b36  Map2                          
00012d76  OGMap                         
00012fb6  Ammosprite                    
000131b6  Medkitsprite                  
000133b6  Pistolsprite                  
000135b6  Riflesprite                   
000137b6  Shotgunsprite                 
0001423c  backText                      
00014248  englishText                   
00014254  gleebText                     
00014260  languageMenuTitle             
0001426c  languageText                  
00014278  mainTitleText                 
00014284  map2Text                      
00014290  medkitName                    
0001429c  ogMapText                     
000142a8  pistolName                    
000142b4  rifleName                     
000142c0  selectMapText                 
000142cc  shotgunName                   
000142d8  spanishText                   
000142e4  startGameText                 
000144e1  MovePlayer                    
00014c29  RenderSprite                  
000157bd  CastRays                      
00015ff9  disk_ioctl                    
000162b1  f_lseek                       
00016555  f_read                        
000167ed  Menus_Run                     
00016a7d  __TI_printfi_minimal          
00016d01  f_open                        
00016f71  DrawCrosshair                 
000171a9  disk_initialize               
000173d1  drawForegroundSpriteToBuffer  
000175e9  ST7735_DrawTextBoxS_IF        
000177fd  ST7735_DrawBitmap             
00017a0d  DrawHealthBar                 
00017c01  ST7735_DrawTextBoxS           
00017df1  put_fat                       
0001818d  Clock_Init80MHz               
00018341  getDirectionPacket            
000184f1  ST7735_DrawCharS              
00018691  __aeabi_dsub                  
00018691  __subdf3                      
0001869b  __adddf3                      
0001869b  __aeabi_dadd                  
00018823  __aeabi_idiv0                 
00018825  RenderSprites                 
00018b15  get_fat                       
00018dc1  floor                         
00018dc1  floorl                        
00019049  SPI1_Init                     
00019189  DeathScreen                   
000193f5  qsort                         
00019529  getInfoPacket                 
00019777  _nop                          
00019779  ADC_InitDual                  
00019ae1  ST7735_FillRect               
00019bf9  disk_write                    
00019d11  ST7735_DrawBitmapFromSDC      
00019e25  aligned_alloc                 
00019e25  memalign                      
00019f39  f_sync                        
0001a04d  __aeabi_ddiv                  
0001a04d  __divdf3                      
0001a159  drawCharToBuffer              
0001a259  SPI_Init                      
0001a351  ADC0_Init                     
0001a445  RenderForegroundSprites       
0001a539  RenderSky                     
0001a62d  ST7735_SetRotation            
0001a721  Inventory_add                 
0001a811  add_device                    
0001a8fd  free                          
0001a9e5  __aeabi_dmul                  
0001a9e5  __muldf3                      
0001aac9  disk_read                     
0001abad  Inventory_replace             
0001ac8d  setvbuf                       
0001ad6d  DrawHitIndicator              
0001ae49  ST7735_OutChar                
0001af19  UART2_Init                    
0001afe9  GameLoop                      
0001b0b5  RandomizeSprites              
0001b181  dialogueScreen                
0001b249  TIMG12_IRQHandler             
0001b30d  getPositionPacket             
0001b3cd  respawnPlayer                 
0001b541  printToBuffer                 
0001b751  diskError                     
0001b7fd  DAC_Init                      
0001b8a5  RenderInventory               
0001b94d  TimerA0_IntArm                
0001b9f5  TimerG6_IntArm                
0001ba9d  TimerG7_IntArm                
0001bb45  TimerG8_IntArm                
0001bc95  TimerG0_IntArm                
0001be7d  blitBufferToRenderBuffer      
0001bf1d  open                          
0001bfbd  ST7735_InitPrintf             
0001c059  ST7735_InitR                  
0001c0f1  f_mount                       
0001c189  SoundSD_Service               
0001c21d  SysTick_Handler               
0001c2b1  TimerG12_IntArm               
0001c345  FillMap                       
0001c3d5  printLeaderboard              
0001c4f5  clearRenderBuffer             
0001c609  __aeabi_memcpy                
0001c609  __aeabi_memcpy4               
0001c609  __aeabi_memcpy8               
0001c611  strcmp                        
0001c699  PrecalculateFloorGradient     
0001c71d  ST7735_DrawString             
0001c7a1  ST7735_OutUDec                
0001c825  sendDirectionPacket           
0001c8a5  sendPositionPacket            
0001c925  LaunchPad_Init                
0001c9a1  UART1_Init                    
0001ca1d  __TI_closefile                
0001ca99  getRandomMapPos               
0001cb15  __TI_decompress_lzss          
0001cb91  DrawMinimap                   
0001cc09  RenderHUD                     
0001cd6f  Inventory_removeCurrent       
0001cde5  TIMG7_IRQHandler              
0001ce59  __gedf2                       
0001ce59  __gtdf2                       
0001cecd  generateSprite                
0001cf41  Graphics_Init                 
0001cfb1  ST7735_DrawPixel              
0001d021  SoundSD_Play                  
0001d091  TFT_OutCommand                
0001d101  disk_timerproc                
0001d171  HOSTlseek                     
0001d1dd  HOSTrename                    
0001d249  TFT_OutData                   
0001d2b5  UART2_IRQHandler              
0001d321  getdevice                     
0001d38d  __cmpdf2                      
0001d38d  __eqdf2                       
0001d38d  __ledf2                       
0001d38d  __ltdf2                       
0001d38d  __nedf2                       
0001d45d  ADC_InDual                    
0001d4c1  printAmmo                     
0001d589  __aeabi_dcmpeq                
0001d59d  __aeabi_dcmplt                
0001d5b1  __aeabi_dcmple                
0001d5c5  __aeabi_dcmpge                
0001d5d9  __aeabi_dcmpgt                
0001d64d  HOSTopen                      
0001d70d  TIMG8_IRQHandler              
0001d769  setPixelBuffer                
0001d7c5  HOSTread                      
0001d81d  HOSTwrite                     
0001d875  ST7735_ClearScreenBlack       
0001d8cd  __aeabi_idiv                  
0001d8cd  __aeabi_idivmod               
0001d923  compareSprites                
0001d979  fillmessage                   
0001da21  __TI_doflush                  
0001da75  close                         
0001db65  RxFifo_Get                    
0001dbb1  RxFifo_Put                    
0001dbfd  inInventory                   
0001dc49  __aeabi_d2iz                  
0001dc49  __fixdfsi                     
0001dcdd  HOSTclose                     
0001dd25  HOSTunlink                    
0001dd6d  SoundSD_Init                  
0001ddb5  Sound_Init                    
0001ddfd  Sound_Start                   
0001de45  TIMG0_IRQHandler              
0001ded5  ADC0_In                       
0001df19  Input_Init                    
0001df5d  RenderScene                   
0001dfe5  SPI_Reset                     
0001e025  TIMA0_IRQHandler              
0001e065  __aeabi_uidiv                 
0001e065  __aeabi_uidivmod              
0001e125  f_close                       
0001e165  RenderBuffer                  
0001e1a1  fastSin                       
0001e219  sendInfoPacket                
0001e255  __TI_auto_init_nobinit_nopinit
0001e291  __muldsi3                     
0001e2cd  ActivatePortA_B               
0001e305  processHit                    
0001e33d  rand                          
0001e375  sprintf                       
0001e3ad  start_delay                   
0001e3e5  clust2sect                    
0001e451  Clock_Delay1ms                
0001e485  ST7735_SetCursor              
0001e4b9  ST7735_write                  
0001e4ed  SystemInit                    
0001e521  __TI_cleanup                  
0001e555  __TI_readmsg                  
0001e589  __TI_writemsg                 
0001e5b5  C$$IO$$                       
0001e5bd  exit                          
0001e5f1  finddevice                    
0001e625  freopen                       
0001e659  main                          
0001e6c1  printItem                     
0001e6f5  ST7735_Color565               
0001e759  disk_status                   
0001e789  fastCos                       
0001e7b9  fopen                         
0001e7e9  friendlyDelay                 
0001e817  typeDialogueLine              
0001e871  ST7735_FillScreen             
0001e89d  __aeabi_i2d                   
0001e89d  __floatsidf                   
0001e94d  unlink                        
0001e979  UART2_InChar                  
0001e9f5  write                         
0001ea1d  _c_int00_noargs               
0001ea45  initRandom                    
0001ea91  CS_Init                       
0001eab5  Inventory_next                
0001ead9  Joy_Init                      
0001eafd  __aeabi_ui2d                  
0001eafd  __floatunsidf                 
0001eb21  srand                         
0001eb45  memccpy                       
0001eb67  Item_isWeapon                 
0001ec01  ADC0_IRQHandler               
0001ec01  ADC1_IRQHandler               
0001ec01  AES_IRQHandler                
0001ec01  CANFD0_IRQHandler             
0001ec01  DAC0_IRQHandler               
0001ec01  DMA_IRQHandler                
0001ec01  Default_Handler               
0001ec01  GROUP0_IRQHandler             
0001ec01  GROUP1_IRQHandler             
0001ec01  I2C0_IRQHandler               
0001ec01  I2C1_IRQHandler               
0001ec01  NMI_Handler                   
0001ec01  PendSV_Handler                
0001ec01  RTC_IRQHandler                
0001ec01  SPI0_IRQHandler               
0001ec01  SPI1_IRQHandler               
0001ec01  SVC_Handler                   
0001ec01  TIMA1_IRQHandler              
0001ec01  UART0_IRQHandler              
0001ec01  UART1_IRQHandler              
0001ec01  UART3_IRQHandler              
0001ec1d  HardFault_Handler             
0001ec39  Joy_In                        
0001ec71  RxFifo_Size                   
0001ec89  SoundEffects_disable          
0001eca1  SoundEffects_enable           
0001ecb9  SoundSD_Mount                 
0001ecd1  TIMG6_IRQHandler              
0001ece9  UART1_OutChar                 
0001ed31  ST7735_open                   
0001ed47  ST7735_read                   
0001ed5d  clearDialogueLine             
0001ed75  DAC_Out                       
0001ed89  RxFifo_Init                   
0001ed9d  ST7735_SetTextColor           
0001edb1  Inventory_currentItem         
0001edc3  Item_isSpent                  
0001edd5  TI_memcpy_small               
0001ede7  __TI_decompress_none          
0001edf9  Clock_Delay                   
0001ee09  Delay                         
0001ee19  Joy_InButton                  
0001ee29  ReadKeys                      
0001ee39  __TI_zero_init                
0001ee57  ST7735_lseek                  
0001ee65  __aeabi_memset                
0001ee65  __aeabi_memset4               
0001ee65  __aeabi_memset8               
0001ee9d  TI_memset_small               
0001eed1  Clock_Freq                    
0001eedd  ST7735_rename                 
0001eee9  Sync_Init                     
0001eef5  __aeabi_memclr                
0001eef5  __aeabi_memclr4               
0001eef5  __aeabi_memclr8               
0001ef01  malloc                        
0001ef0d  ST7735_close                  
0001ef17  ST7735_unlink                 
0001ef2b  remove                        
0001ef33  Reset_Handler                 
0001ef37  _system_pre_init              
0001ef3a  C$$EXIT                       
0001ef3b  abort                         
0001f298  __TI_Handler_Table_Base       
0001f2a4  __TI_Handler_Table_Limit      
0001f2ac  __TI_CINIT_Base               
0001f2bc  __TI_CINIT_Limit              
0001f2bc  __TI_CINIT_Warm               
20200000  __start___llvm_prf_bits       
20200000  __start___llvm_prf_cnts       
20200000  __stop___llvm_prf_bits        
20200000  __stop___llvm_prf_cnts        
20200000  renderBuffer                  
20205000  ZBuffer                       
20205500  miniMap                       
20205980  worldMap                      
2020664c  _CIOBUF_                      
2020664c  __CIOBUF_                     
2020676c  __TI_tmpnams                  
2020680c  floorGradient                 
202068cc  Message                       
202068d8  parmbuf                       
202068e0  otherDirX                     
202068e8  otherDirY                     
202068f0  otherPosX                     
202068f8  otherPosY                     
2020691c  Joy_x                         
20206920  Joy_y                         
20206924  LCDresetFlag                  
20206928  Length                        
2020692c  LostData                      
20206930  Messageindex                  
20206934  RxGetI                        
20206938  RxPutI                        
2020693c  SoundPt                       
20206940  flag_done                     
20206944  ms_done                       
20206948  ms_passed                     
20206955  InitStatus                    
20206956  MountFresult                  
20206957  isShooting                    
20206958  isSwapping                    
20206959  reloaded                      
20206960  Sprites                       
20206bb8  _ftable                       
20206ca8  _device                       
20206d20  medkit                        
20206d88  pistol                        
20206df0  rifle                         
20206e58  shotgun                       
20206ec0  _stream                       
20206f10  valvanoDialogueEnglish        
20206f58  valvanoDialogueGleeb          
20206fa0  valvanoDialogueSpanish        
20207018  SoundEffects                  
20207040  gunFlash                      
2020708c  deathScreenTextEnglish        
202070a8  deathScreenTextGleeb          
202070c4  deathScreenTextSpanish        
202070e0  items                         
20207110  inventory                     
20207154  textures                      
20207164  ammoText                      
20207170  deathScreenTexts              
2020717c  valvanoDialogues              
20207188  __TI_cleanup_ptr              
2020718c  __TI_dtors_ptr                
20207190  dirX                          
20207198  dirY                          
202071a0  planeX                        
202071a8  planeY                        
202071b0  posX                          
202071b8  posY                          
202071c0  BusFreq                       
202071c8  StX                           
202071cc  StY                           
202071d4  __TI_ft_end                   
202071d8  _lock                         
202071dc  _unlock                       
202071e8  kills                         
202071f0  numsprites                    
202071f4  otherHealth                   
202071f8  otherKills                    
202071fc  otherPlayer                   
20207200  playerHealth                  
20207204  StTextColor                   
2020720c  hitTimer                      
20207210  SoundMode                     
20207215  canSwapItems                  
20207216  enabled                       
20207217  healthCode                    
20207218  hitDir                        
20207219  isOnTarget                    
2020721a  isVulnerable                  
2020721b  itemsStatus                   
2020721c  language                      
2020721d  lastInput                     
2020721e  rifleCanShoot                 
20207228  _sys_memory                   
20207e00  __stack                       
20208000  __STACK_END                   
ffffffff  __TI_pprof_out_hndl           
ffffffff  __TI_prof_data_size           
ffffffff  __TI_prof_data_start          
ffffffff  __binit__                     
ffffffff  binit                         
UNDEFED   __mpu_init                    
UNDEFED   _system_post_cinit            

[423 symbols]
