******************************************************************************
            TI ARM Clang Linker PC v4.0.1                      
******************************************************************************
>> Linked Mon Mar 31 09:15:39 2025

OUTPUT FILE NAME:   <TheM0+rix_Segfaulted.out>
ENTRY POINT SYMBOL: "_c_int00_noargs"  address: 000114b9


MEMORY CONFIGURATION

         name            origin    length      used     unused   attr    fill
----------------------  --------  ---------  --------  --------  ----  --------
  FLASH                 00000000   00020000  00011860  0000e7a0  R  X
  SRAM                  20200000   00008000  000064d9  00001b27  RW X
  BCR_CONFIG            41c00000   00000080  00000000  00000080  R   
  BSL_CONFIG            41c00100   00000080  00000000  00000080  R   


SEGMENT ALLOCATION MAP

run origin  load origin   length   init length attrs members
----------  ----------- ---------- ----------- ----- -------
00000000    00000000    0000c5e8   0000c5e8    r--
  00000000    00000000    000000c0   000000c0    r-- .intvecs
  000000c0    000000c0    0000c528   0000c528    r-- .rodata
0000c5f0    0000c5f0    00005278   00005278    r-x
  0000c5f0    0000c5f0    00005180   00005180    r-x .text
  00011770    00011770    000000f8   000000f8    r-- .cinit
20200000    20200000    000062e0   00000000    rw-
  20200000    20200000    000059a0   00000000    rw- .bss
  202059a0    202059a0    00000739   00000000    rw- .data
  202060e0    202060e0    00000200   00000000    rw- .sysmem
20207e00    20207e00    00000200   00000000    rw-
  20207e00    20207e00    00000200   00000000    rw- .stack


SECTION ALLOCATION MAP

 output                                  attributes/
section   page    origin      length       input sections
--------  ----  ----------  ----------   ----------------
.intvecs   0    00000000    000000c0     
                  00000000    000000c0     startup_mspm0g3507_ticlang.o (.intvecs)

.text      0    0000c5f0    00005180     
                  0000c5f0    00000a48     libc.a : e_pow.c.obj (.text.pow)
                  0000d038    00000524     Graphics.o (.text.CastRays)
                  0000d55c    00000468     Input.o (.text.MovePlayer)
                  0000d9c4    00000460     sprites.o (.text.RenderSprite)
                  0000de24    00000284     libc.a : _printfi.c.obj (.text:__TI_printfi_minimal)
                  0000e0a8    00000224     Graphics.o (.text.DrawCrosshair)
                  0000e2cc    00000210     ST7735.o (.text.ST7735_DrawBitmap)
                  0000e4dc    0000020c     Buffer.o (.text.drawForegroundSpriteToBuffer)
                  0000e6e8    000001b4     Clock.o (.text.Clock_Init80MHz)
                  0000e89c    00000192     libclang_rt.builtins.a : adddf3.S.obj (.text.adddf3_subdf3)
                  0000ea2e    00000002                            : aeabi_div0.c.obj (.text.__aeabi_idiv0)
                  0000ea30    00000170     libc.a : e_sqrt.c.obj (.text.sqrt)
                  0000eba0    00000144            : s_floor.c.obj (.text.floor)
                  0000ece4    00000134            : qsort.c.obj (.text.qsort)
                  0000ee18    00000124     ADC.o (.text.ADC_InitDual)
                  0000ef3c    00000118     ST7735.o (.text.ST7735_FillRect)
                  0000f054    00000114     sprites.o (.text.RenderSprites)
                  0000f168    00000114     libc.a : memory.c.obj (.text.aligned_alloc)
                  0000f27c    0000010c     libclang_rt.builtins.a : divdf3.S.obj (.text.__divdf3)
                  0000f388    000000f8     Graphics.o (.text.DrawHealthBar)
                  0000f480    000000f8     SPI.o (.text.SPI_Init)
                  0000f578    000000f8     libc.a : fputs.c.obj (.text.fputs)
                  0000f670    000000f4     Graphics.o (.text.RenderSky)
                  0000f764    000000f4     ST7735.o (.text.ST7735_SetRotation)
                  0000f858    000000e8     libc.a : memory.c.obj (.text.free)
                  0000f940    000000e4     libclang_rt.builtins.a : muldf3.S.obj (.text.__muldf3)
                  0000fa24    000000e0     libc.a : setvbuf.c.obj (.text.setvbuf)
                  0000fb04    000000d8            : s_scalbn.c.obj (.text.scalbn)
                  0000fbdc    000000cc     Input.o (.text.TIMG12_IRQHandler)
                  0000fca8    000000a8     DAC.o (.text.DAC_Init)
                  0000fd50    000000a2     ST7735.o (.text.commandList)
                  0000fdf2    00000002     libc.a : _lock.c.obj (.text._nop)
                  0000fdf4    000000a0     Buffer.o (.text.blitBufferToRenderBuffer)
                  0000fe94    0000009c     libc.a : fputc.c.obj (.text.fputc)
                  0000ff30    00000098     ST7735.o (.text.ST7735_InitR)
                  0000ffc8    00000094     Timer.o (.text.TimerG12_IntArm)
                  0001005c    00000090     Graphics.o (.text.FillMap)
                  000100ec    00000090     Graphics.o (.text.main)
                  0001017c    0000008c     Buffer.o (.text.clearRenderBuffer)
                  00010208    00000088     ST7735.o (.text.setAddrWindow)
                  00010290    00000088     libc.a : strcmp-armv6m.S.obj (.text:strcmp)
                  00010318    00000084     Buffer.o (.text.PrecalculateFloorGradient)
                  0001039c    0000007c     LaunchPad.o (.text.LaunchPad_Init)
                  00010418    0000007c     libc.a : fclose.c.obj (.text.__TI_closefile)
                  00010494    0000007c            : copy_decompress_lzss.c.obj (.text:decompress:lzss)
                  00010510    00000078     Graphics.o (.text.DrawMinimap)
                  00010588    00000074     libclang_rt.builtins.a : comparedf2.c.obj (.text.__gedf2)
                  000105fc    0000006c     libsysbm.a : hostlseek.c.obj (.text.HOSTlseek)
                  00010668    0000006c                : hostrename.c.obj (.text.HOSTrename)
                  000106d4    0000006c     libc.a : fseek.c.obj (.text.fseeko)
                  00010740    0000006c            : getdevice.c.obj (.text.getdevice)
                  000107ac    00000068     libclang_rt.builtins.a : comparedf2.c.obj (.text.__ledf2)
                  00010814    00000064     ADC.o (.text.ADC_InDual)
                  00010878    00000064     libc.a : _io_perm.c.obj (.text.__TI_wrt_ok)
                  000108dc    00000064            : memory.c.obj (.text.split)
                  00010940    00000062     libclang_rt.builtins.a : aeabi_dcmp.S.obj (.text.__aeabi_dcmp)
                  000109a2    00000002     --HOLE-- [fill = 0]
                  000109a4    00000060     libsysbm.a : hostopen.c.obj (.text.HOSTopen)
                  00010a04    0000005c     libc.a : printf.c.obj (.text.printf)
                  00010a60    0000005c     Buffer.o (.text.setPixelBuffer)
                  00010abc    00000058     libsysbm.a : hostread.c.obj (.text.HOSTread)
                  00010b14    00000058                : hostwrite.c.obj (.text.HOSTwrite)
                  00010b6c    00000056     libclang_rt.builtins.a : aeabi_idivmod.S.obj (.text.__aeabi_idivmod)
                  00010bc2    00000056     sprites.o (.text.compareSprites)
                  00010c18    00000052     libc.a : fflush.c.obj (.text.__TI_doflush)
                  00010c6a    00000002     --HOLE-- [fill = 0]
                  00010c6c    00000050     Graphics.o (.text.RenderHUD)
                  00010cbc    00000050     libsysbm.a : close.c.obj (.text.close)
                  00010d0c    0000004c     sprites.o (.text.RenderForegroundSprites)
                  00010d58    0000004a     libclang_rt.builtins.a : fixdfsi.S.obj (.text.__fixdfsi)
                  00010da2    00000002     --HOLE-- [fill = 0]
                  00010da4    00000048     libsysbm.a : hostclose.c.obj (.text.HOSTclose)
                  00010dec    00000048                : hostunlink.c.obj (.text.HOSTunlink)
                  00010e34    00000048     SPI.o (.text.SPI_OutCommand)
                  00010e7c    00000048     Sounds.o (.text.Sound_Init)
                  00010ec4    00000044     Input.o (.text.Input_Init)
                  00010f08    00000044     Sounds.o (.text.SysTick_Handler)
                  00010f4c    00000040     SPI.o (.text.SPI_Reset)
                  00010f8c    00000040     libclang_rt.builtins.a : aeabi_uidivmod.S.obj (.text.__aeabi_uidivmod)
                  00010fcc    0000003c     Input.o (.text.fastSin)
                  00011008    0000003c     libc.a : autoinit.c.obj (.text:__TI_auto_init_nobinit_nopinit)
                  00011044    0000003a     libclang_rt.builtins.a : muldsi3.S.obj (.text.__muldsi3)
                  0001107e    00000002     --HOLE-- [fill = 0]
                  00011080    00000038     LaunchPad.o (.text.ActivatePortA_B)
                  000110b8    00000038     Buffer.o (.text.RenderBuffer)
                  000110f0    00000038     SPI.o (.text.SPI_OutData)
                  00011128    00000038     Sounds.o (.text.Sound_Start)
                  00011160    00000038     libc.a : rand.c.obj (.text.rand)
                  00011198    00000034     Clock.o (.text.Clock_Delay1ms)
                  000111cc    00000034     ST7735.o (.text.ST7735_SetCursor)
                  00011200    00000034     libc.a : fopen.c.obj (.text.__TI_cleanup)
                  00011234    00000034     libsysbm.a : trgmsg.c.obj (.text.__TI_readmsg)
                  00011268    00000034                : trgmsg.c.obj (.text.__TI_writemsg)
                  0001129c    00000034     libc.a : exit.c.obj (.text.exit)
                  000112d0    00000034            : getdevice.c.obj (.text.finddevice)
                  00011304    00000030     ST7735.o (.text.commonInit)
                  00011334    00000030     Input.o (.text.fastCos)
                  00011364    0000002c     ST7735.o (.text.ST7735_FillScreen)
                  00011390    0000002c     Graphics.o (.text.SystemInit)
                  000113bc    0000002c     libclang_rt.builtins.a : floatsidf.S.obj (.text.__floatsidf)
                  000113e8    0000002c     libsysbm.a : unlink.c.obj (.text.unlink)
                  00011414    0000002a     Graphics.o (.text.RenderScene)
                  0001143e    00000002     --HOLE-- [fill = 0]
                  00011440    00000028     libc.a : memory.c.obj (.text.free_list_insert)
                  00011468    00000028     libsysbm.a : lseek.c.obj (.text.lseek)
                  00011490    00000028                : write.c.obj (.text.write)
                  000114b8    00000028     libc.a : boot_cortex_m.c.obj (.text:_c_int00_noargs)
                  000114e0    00000024     Graphics.o (.text.Graphics_Init)
                  00011504    00000024     Joy.o (.text.Joy_Init)
                  00011528    00000022     libc.a : memccpy.c.obj (.text.memccpy)
                  0001154a    00000002     --HOLE-- [fill = 0]
                  0001154c    0000001c     startup_mspm0g3507_ticlang.o (.text.Default_Handler)
                  00011568    0000001c     startup_mspm0g3507_ticlang.o (.text.HardFault_Handler)
                  00011584    0000001c     Joy.o (.text.Joy_In)
                  000115a0    0000001c     libc.a : memory.c.obj (.text.free_list_remove)
                  000115bc    00000014     DAC.o (.text.DAC_Out)
                  000115d0    00000012     libc.a : memcpy16.S.obj (.text:TI_memcpy_small)
                  000115e2    00000012            : copy_decompress_none.c.obj (.text:decompress:none)
                  000115f4    00000010     Clock.o (.text.Clock_Delay)
                  00011604    00000010     LaunchPad.o (.text.Delay)
                  00011614    00000010     Input.o (.text.ReadKeys)
                  00011624    00000010     libc.a : copy_zero_init.c.obj (.text:decompress:ZI)
                  00011634    0000000e            : memory.c.obj (.text.OUTLINED_FUNCTION_0)
                  00011642    00000002     --HOLE-- [fill = 0]
                  00011644    0000000e     libclang_rt.builtins.a : aeabi_memset.S.obj (.text.__aeabi_memset)
                  00011652    0000000e     libsysbm.a : hostrename.c.obj (.text.strcpy)
                  00011660    0000000e     libc.a : _printfi.c.obj (.text.strlen)
                  0001166e    0000000e     libsysbm.a : hostrename.c.obj (.text.strlen)
                  0001167c    0000000e     libc.a : memset16.S.obj (.text:TI_memset_small)
                  0001168a    00000002     --HOLE-- [fill = 0]
                  0001168c    0000000c     Clock.o (.text.Clock_Freq)
                  00011698    0000000c     libclang_rt.builtins.a : aeabi_memset.S.obj (.text.__aeabi_memclr)
                  000116a4    0000000c     libc.a : memory.c.obj (.text.malloc)
                  000116b0    0000000a            : e_pow.c.obj (.text.OUTLINED_FUNCTION_0)
                  000116ba    00000002     --HOLE-- [fill = 0]
                  000116bc    00000010     libclang_rt.builtins.a : muldf3.S.obj (.tramp.__aeabi_dmul.1)
                  000116cc    0000000a     libc.a : e_pow.c.obj (.text.OUTLINED_FUNCTION_1)
                  000116d6    0000000a            : e_pow.c.obj (.text.OUTLINED_FUNCTION_6)
                  000116e0    00000008            : e_pow.c.obj (.text.OUTLINED_FUNCTION_2)
                  000116e8    00000010     libclang_rt.builtins.a : adddf3.S.obj (.tramp.__aeabi_dsub.1)
                  000116f8    00000008     libc.a : aeabi_portable.c.obj (.text.__aeabi_errno_addr)
                  00011700    00000008     libclang_rt.builtins.a : aeabi_memcpy.S.obj (.text.__aeabi_memcpy)
                  00011708    00000008     libc.a : printf.c.obj (.text._outc)
                  00011710    00000008            : printf.c.obj (.text._outs)
                  00011718    00000008            : fseek.c.obj (.text.fseek)
                  00011720    00000008     libsysbm.a : remove.c.obj (.text.remove)
                  00011728    00000006     libc.a : e_pow.c.obj (.text.OUTLINED_FUNCTION_3)
                  0001172e    00000002     --HOLE-- [fill = 0]
                  00011730    00000010     libclang_rt.builtins.a : adddf3.S.obj (.tramp.__aeabi_dadd.1)
                  00011740    00000006     libc.a : e_pow.c.obj (.text.OUTLINED_FUNCTION_4)
                  00011746    00000006            : e_pow.c.obj (.text.OUTLINED_FUNCTION_5)
                  0001174c    00000004            : e_pow.c.obj (.text.OUTLINED_FUNCTION_10)
                  00011750    00000004            : e_pow.c.obj (.text.OUTLINED_FUNCTION_7)
                  00011754    00000004            : e_pow.c.obj (.text.OUTLINED_FUNCTION_8)
                  00011758    00000004            : e_pow.c.obj (.text.OUTLINED_FUNCTION_9)
                  0001175c    00000004     startup_mspm0g3507_ticlang.o (.text.Reset_Handler)
                  00011760    00000004     libc.a : pre_init.c.obj (.text._system_pre_init)
                  00011764    00000004            : exit.c.obj (.text:abort)
                  00011768    00000008     --HOLE-- [fill = 0]

.cinit     0    00011770    000000f8     
                  00011770    000000cf     (.cinit..data.load) [load image, compression = lzss]
                  0001183f    00000001     --HOLE-- [fill = 0]
                  00011840    0000000c     (__TI_handler_table)
                  0001184c    00000008     (.cinit..bss.load) [load image, compression = zero_init]
                  00011854    00000010     (__TI_cinit_table)
                  00011864    00000004     --HOLE-- [fill = 0]

.rodata    0    000000c0    0000c528     
                  000000c0    00002000     Graphics.o (.rodata.SCBarkley)
                  000020c0    00002000     Graphics.o (.rodata.circuitBoardTex2)
                  000040c0    00002000     Graphics.o (.rodata.circuitBoardTex)
                  000060c0    00002000     Graphics.o (.rodata.matrix2)
                  000080c0    00002000     Graphics.o (.rodata.matrix)
                  0000a0c0    00000ff0     Sounds.o (.rodata.shoot)
                  0000b0b0    00000800     sprites.o (.rodata.Pistol)
                  0000b8b0    00000800     sprites.o (.rodata.target)
                  0000c0b0    00000240     Graphics.o (.rodata.OGMap)
                  0000c2f0    00000200     sprites.o (.rodata.Ammo)
                  0000c4f0    0000003b     ST7735.o (.rodata.Rcmd1)
                  0000c52b    00000005     --HOLE-- [fill = 0]
                  0000c530    00000030     libc.a : e_pow.c.obj (.rodata.cst16)
                  0000c560    0000002b     ST7735.o (.rodata.Rcmd3)
                  0000c58b    00000014     Graphics.o (.rodata.str1.37161536259113115651)
                  0000c59f    00000011     libc.a : _printfi.c.obj (.rodata.str1.153638888446227384661)
                  0000c5b0    00000010     Graphics.o (.rodata.str1.2002389610935928081)
                  0000c5c0    0000000d     ST7735.o (.rodata.Rcmd2green)
                  0000c5cd    0000000d     ST7735.o (.rodata.Rcmd2red)
                  0000c5da    0000000c     Graphics.o (.rodata.str1.25158831670344200691)
                  0000c5e6    00000002     --HOLE-- [fill = 0]

.init_array 
*          0    00000000    00000000     UNINITIALIZED

.binit     0    00000000    00000000     

.bss       0    20200000    000059a0     UNINITIALIZED
                  20200000    00005000     (.common:renderBuffer)
                  20205000    00000500     (.common:ZBuffer)
                  20205500    00000240     (.common:worldMap)
                  20205740    00000120     libsysbm.a : trgmsg.c.obj (.bss:_CIOBUF_)
                  20205860    000000a0     libc.a : defs.c.obj (.bss.__TI_tmpnams)
                  20205900    00000080     (.common:floorGradient)
                  20205980    00000008     libsysbm.a : hostopen.c.obj (.bss.parmbuf)
                  20205988    00000004     libc.a : memory.c.obj (.bss.sys_free)
                  2020598c    00000004     (.common:Joy_x)
                  20205990    00000004     (.common:Joy_y)
                  20205994    00000004     (.common:Length)
                  20205998    00000004     (.common:SoundPt)
                  2020599c    00000001     ST7735.o (.bss.ColStart)
                  2020599d    00000001     ST7735.o (.bss.Rotation)
                  2020599e    00000001     ST7735.o (.bss.RowStart)
                  2020599f    00000001     ST7735.o (.bss.TabColor)

.data      0    202059a0    00000739     UNINITIALIZED
                  202059a0    00000480     Graphics.o (.data.miniMap)
                  20205e20    000000f0     libc.a : defs.c.obj (.data._ftable)
                  20205f10    00000078     libsysbm.a : host_device.c.obj (.data._device)
                  20205f88    00000050     sprites.o (.data.Sprites)
                  20205fd8    00000050     libsysbm.a : host_device.c.obj (.data._stream)
                  20206028    00000028     sprites.o (.data.weapon)
                  20206050    00000014     Graphics.o (.data.textures)
                  20206064    00000008     libc.a : exit.c.obj (.data..L_MergedGlobals)
                  2020606c    00000008     Sounds.o (.data.Sounds)
                  20206074    00000004     Clock.o (.data.BusFreq)
                  20206078    00000008     Graphics.o (.data.dirX)
                  20206080    00000008     Graphics.o (.data.dirY)
                  20206088    00000008     Graphics.o (.data.planeX)
                  20206090    00000008     Graphics.o (.data.planeY)
                  20206098    00000008     Graphics.o (.data.posX)
                  202060a0    00000008     Graphics.o (.data.posY)
                  202060a8    00000004     ST7735.o (.data.StX)
                  202060ac    00000004     ST7735.o (.data.StY)
                  202060b0    00000004     libc.a : defs.c.obj (.data.__TI_ft_end)
                  202060b4    00000004            : aeabi_portable.c.obj (.data.__aeabi_errno)
                  202060b8    00000004            : _lock.c.obj (.data._lock)
                  202060bc    00000004            : _lock.c.obj (.data._unlock)
                  202060c0    00000004     Graphics.o (.data.lastHealth)
                  202060c4    00000004     libc.a : rand.c.obj (.data.next)
                  202060c8    00000004     Graphics.o (.data.playerHealth)
                  202060cc    00000002     ST7735.o (.data.StTextColor)
                  202060ce    00000002     ST7735.o (.data._height)
                  202060d0    00000002     ST7735.o (.data._width)
                  202060d2    00000001     Graphics.o (.data.accuracyRad)
                  202060d3    00000001     Graphics.o (.data.isOnTarget)
                  202060d4    00000001     Input.o (.data.lastTriggerIn)
                  202060d5    00000003     --HOLE--
                  202060d8    00000001     libc.a : memory.c.obj (.data.memory_is_initialized)

.sysmem    0    202060e0    00000200     UNINITIALIZED
                  202060e0    00000010     libc.a : memory.c.obj (.sysmem)
                  202060f0    000001f0     --HOLE--

.stack     0    20207e00    00000200     UNINITIALIZED
                  20207e00    00000004     libc.a : boot_cortex_m.c.obj (.stack)
                  20207e04    000001fc     --HOLE--

__llvm_prf_cnts 
*          0    20200000    00000000     UNINITIALIZED

__llvm_prf_bits 
*          0    20200000    00000000     UNINITIALIZED

MODULE SUMMARY

       Module                         code    ro data   rw data
       ------                         ----    -------   -------
    .\
       Graphics.o                     2966    41584     3094   
       Buffer.o                       1104    0         20608  
       sprites.o                      1558    4608      120    
       Sounds.o                       196     4080      16     
       ST7735.o                       1646    128       18     
       Input.o                        1524    0         1      
       Clock.o                        516     0         4      
       SPI.o                          440     0         0      
       ADC.o                          392     0         0      
       LaunchPad.o                    196     0         0      
       DAC.o                          188     0         0      
       Timer.o                        148     0         0      
       Joy.o                          64      0         0      
    +--+------------------------------+-------+---------+---------+
       Total:                         10938   50400     23861  
                                                               
    .\ticlang\
       startup_mspm0g3507_ticlang.o   60      192       0      
    +--+------------------------------+-------+---------+---------+
       Total:                         60      192       0      
                                                               
    C:\ti\ccs2000\ccs\tools\compiler\ti-cgt-armllvm_4.0.1.LTS\lib\armv6m-ti-none-eabi/c/libc.a
       e_pow.c.obj                    2704    48        0      
       memory.c.obj                   702     0         5      
       _printfi.c.obj                 658     17        0      
       defs.c.obj                     0       0         404    
       e_sqrt.c.obj                   368     0         0      
       s_floor.c.obj                  324     0         0      
       qsort.c.obj                    308     0         0      
       fputs.c.obj                    248     0         0      
       setvbuf.c.obj                  224     0         0      
       s_scalbn.c.obj                 216     0         0      
       getdevice.c.obj                160     0         0      
       fputc.c.obj                    156     0         0      
       strcmp-armv6m.S.obj            136     0         0      
       copy_decompress_lzss.c.obj     124     0         0      
       fclose.c.obj                   124     0         0      
       fseek.c.obj                    116     0         0      
       printf.c.obj                   108     0         0      
       _io_perm.c.obj                 100     0         0      
       fflush.c.obj                   82      0         0      
       exit.c.obj                     56      0         8      
       autoinit.c.obj                 60      0         0      
       rand.c.obj                     56      0         4      
       fopen.c.obj                    52      0         0      
       boot_cortex_m.c.obj            40      0         0      
       memccpy.c.obj                  34      0         0      
       copy_decompress_none.c.obj     18      0         0      
       memcpy16.S.obj                 18      0         0      
       copy_zero_init.c.obj           16      0         0      
       memset16.S.obj                 14      0         0      
       aeabi_portable.c.obj           8       0         4      
       _lock.c.obj                    2       0         8      
       pre_init.c.obj                 4       0         0      
    +--+------------------------------+-------+---------+---------+
       Total:                         7236    65        433    
                                                               
    C:\ti\ccs2000\ccs\tools\compiler\ti-cgt-armllvm_4.0.1.LTS\lib\armv6m-ti-none-eabi/c/libsysbm.a
       trgmsg.c.obj                   104     0         288    
       host_device.c.obj              0       0         200    
       hostrename.c.obj               136     0         0      
       hostlseek.c.obj                108     0         0      
       hostopen.c.obj                 96      0         8      
       hostread.c.obj                 88      0         0      
       hostwrite.c.obj                88      0         0      
       close.c.obj                    80      0         0      
       hostclose.c.obj                72      0         0      
       hostunlink.c.obj               72      0         0      
       unlink.c.obj                   44      0         0      
       lseek.c.obj                    40      0         0      
       write.c.obj                    40      0         0      
       remove.c.obj                   8       0         0      
    +--+------------------------------+-------+---------+---------+
       Total:                         976     0         496    
                                                               
    C:\ti\ccs2000\ccs\tools\compiler\ti-cgt-armllvm_4.0.1.LTS\lib\armv6m-ti-none-eabi/libclang_rt.builtins.a
       adddf3.S.obj                   434     0         0      
       divdf3.S.obj                   268     0         0      
       muldf3.S.obj                   244     0         0      
       comparedf2.c.obj               220     0         0      
       aeabi_dcmp.S.obj               98      0         0      
       aeabi_idivmod.S.obj            86      0         0      
       fixdfsi.S.obj                  74      0         0      
       aeabi_uidivmod.S.obj           64      0         0      
       muldsi3.S.obj                  58      0         0      
       floatsidf.S.obj                44      0         0      
       aeabi_memset.S.obj             26      0         0      
       aeabi_memcpy.S.obj             8       0         0      
       aeabi_div0.c.obj               2       0         0      
    +--+------------------------------+-------+---------+---------+
       Total:                         1626    0         0      
                                                               
       Heap:                          0       0         512    
       Stack:                         0       0         512    
       Linker Generated:              0       243       0      
    +--+------------------------------+-------+---------+---------+
       Grand Total:                   20836   50900     25814  


LINKER GENERATED COPY TABLES

__TI_cinit_table @ 00011854 records: 2, size/record: 8, table size: 16
	.data: load addr=00011770, load size=000000cf bytes, run addr=202059a0, run size=00000739 bytes, compression=lzss
	.bss: load addr=0001184c, load size=00000008 bytes, run addr=20200000, run size=000059a0 bytes, compression=zero_init


LINKER GENERATED HANDLER TABLE

__TI_handler_table @ 00011840 records: 3, size/record: 4, table size: 12
	index: 0, handler: __TI_decompress_lzss
	index: 1, handler: __TI_decompress_none
	index: 2, handler: __TI_zero_init


FAR CALL TRAMPOLINES

callee name               trampoline name
   callee addr  tramp addr   call addr  call info
--------------  -----------  ---------  ----------------
__aeabi_dmul              $Tramp$TT$L$PI$$__aeabi_dmul
   0000f941     000116bc     000116b8   libc.a : e_pow.c.obj (.text.OUTLINED_FUNCTION_0)
                             000116d4          : e_pow.c.obj (.text.OUTLINED_FUNCTION_1)
                             000116de          : e_pow.c.obj (.text.OUTLINED_FUNCTION_6)
                             00011744          : e_pow.c.obj (.text.OUTLINED_FUNCTION_4)
                             0001174a          : e_pow.c.obj (.text.OUTLINED_FUNCTION_5)
                             00011756          : e_pow.c.obj (.text.OUTLINED_FUNCTION_8)
__aeabi_dsub              $Tramp$TT$L$PI$$__aeabi_dsub
   0000e89d     000116e8     000116e6   libc.a : e_pow.c.obj (.text.OUTLINED_FUNCTION_2)
__aeabi_dadd              $Tramp$TT$L$PI$$__aeabi_dadd
   0000e8a7     00011730     0001172c   libc.a : e_pow.c.obj (.text.OUTLINED_FUNCTION_3)
                             0001174e          : e_pow.c.obj (.text.OUTLINED_FUNCTION_10)
                             00011752          : e_pow.c.obj (.text.OUTLINED_FUNCTION_7)
                             0001175a          : e_pow.c.obj (.text.OUTLINED_FUNCTION_9)

[3 trampolines]
[11 trampoline calls]


GLOBAL SYMBOLS: SORTED ALPHABETICALLY BY Name 

address   name                          
-------   ----                          
0001154d  ADC0_IRQHandler               
0001154d  ADC1_IRQHandler               
00010815  ADC_InDual                    
0000ee19  ADC_InitDual                  
0001154d  AES_IRQHandler                
00011081  ActivatePortA_B               
0000c2f0  Ammo                          
20206074  BusFreq                       
00011764  C$$EXIT                       
00011295  C$$IO$$                       
0001154d  CANFD0_IRQHandler             
0000d039  CastRays                      
000115f5  Clock_Delay                   
00011199  Clock_Delay1ms                
0001168d  Clock_Freq                    
0000e6e9  Clock_Init80MHz               
0001154d  DAC0_IRQHandler               
0000fca9  DAC_Init                      
000115bd  DAC_Out                       
0001154d  DMA_IRQHandler                
0001154d  Default_Handler               
00011605  Delay                         
0000e0a9  DrawCrosshair                 
0000f389  DrawHealthBar                 
00010511  DrawMinimap                   
0001005d  FillMap                       
0001154d  GROUP0_IRQHandler             
0001154d  GROUP1_IRQHandler             
000114e1  Graphics_Init                 
00010da5  HOSTclose                     
000105fd  HOSTlseek                     
000109a5  HOSTopen                      
00010abd  HOSTread                      
00010669  HOSTrename                    
00010ded  HOSTunlink                    
00010b15  HOSTwrite                     
00011569  HardFault_Handler             
0001154d  I2C0_IRQHandler               
0001154d  I2C1_IRQHandler               
00010ec5  Input_Init                    
00011585  Joy_In                        
00011505  Joy_Init                      
2020598c  Joy_x                         
20205990  Joy_y                         
0001039d  LaunchPad_Init                
20205994  Length                        
0000d55d  MovePlayer                    
0001154d  NMI_Handler                   
0000c0b0  OGMap                         
0001154d  PendSV_Handler                
0000b0b0  Pistol                        
00010319  PrecalculateFloorGradient     
0001154d  RTC_IRQHandler                
00011615  ReadKeys                      
000110b9  RenderBuffer                  
00010d0d  RenderForegroundSprites       
00010c6d  RenderHUD                     
00011415  RenderScene                   
0000f671  RenderSky                     
0000d9c5  RenderSprite                  
0000f055  RenderSprites                 
0001175d  Reset_Handler                 
000000c0  SCBarkley                     
0001154d  SPI0_IRQHandler               
0001154d  SPI1_IRQHandler               
0000f481  SPI_Init                      
00010e35  SPI_OutCommand                
000110f1  SPI_OutData                   
00010f4d  SPI_Reset                     
0000e2cd  ST7735_DrawBitmap             
0000ef3d  ST7735_FillRect               
00011365  ST7735_FillScreen             
0000ff31  ST7735_InitR                  
000111cd  ST7735_SetCursor              
0000f765  ST7735_SetRotation            
0001154d  SVC_Handler                   
20205998  SoundPt                       
00010e7d  Sound_Init                    
00011129  Sound_Start                   
2020606c  Sounds                        
20205f88  Sprites                       
202060cc  StTextColor                   
202060a8  StX                           
202060ac  StY                           
00010f09  SysTick_Handler               
00011391  SystemInit                    
0001154d  TIMA0_IRQHandler              
0001154d  TIMA1_IRQHandler              
0001154d  TIMG0_IRQHandler              
0000fbdd  TIMG12_IRQHandler             
0001154d  TIMG6_IRQHandler              
0001154d  TIMG7_IRQHandler              
0001154d  TIMG8_IRQHandler              
000115d1  TI_memcpy_small               
0001167d  TI_memset_small               
0000ffc9  TimerG12_IntArm               
0001154d  UART0_IRQHandler              
0001154d  UART1_IRQHandler              
0001154d  UART2_IRQHandler              
0001154d  UART3_IRQHandler              
20205000  ZBuffer                       
20205740  _CIOBUF_                      
20205740  __CIOBUF_                     
20208000  __STACK_END                   
00000200  __STACK_SIZE                  
00000200  __SYSMEM_SIZE                 
00000000  __TI_ATRegion0_region_sz      
00000000  __TI_ATRegion0_src_addr       
00000000  __TI_ATRegion0_trg_addr       
00000000  __TI_ATRegion1_region_sz      
00000000  __TI_ATRegion1_src_addr       
00000000  __TI_ATRegion1_trg_addr       
00000000  __TI_ATRegion2_region_sz      
00000000  __TI_ATRegion2_src_addr       
00000000  __TI_ATRegion2_trg_addr       
00011854  __TI_CINIT_Base               
00011864  __TI_CINIT_Limit              
00011864  __TI_CINIT_Warm               
00011840  __TI_Handler_Table_Base       
0001184c  __TI_Handler_Table_Limit      
00011009  __TI_auto_init_nobinit_nopinit
00011201  __TI_cleanup                  
20206064  __TI_cleanup_ptr              
00010419  __TI_closefile                
00010495  __TI_decompress_lzss          
000115e3  __TI_decompress_none          
00010c19  __TI_doflush                  
20206068  __TI_dtors_ptr                
202060b0  __TI_ft_end                   
ffffffff  __TI_pprof_out_hndl           
0000de25  __TI_printfi_minimal          
ffffffff  __TI_prof_data_size           
ffffffff  __TI_prof_data_start          
00011235  __TI_readmsg                  
00000000  __TI_static_base__            
20205860  __TI_tmpnams                  
00011269  __TI_writemsg                 
00010879  __TI_wrt_ok                   
00011625  __TI_zero_init                
0000e8a7  __adddf3                      
00010d59  __aeabi_d2iz                  
0000e8a7  __aeabi_dadd                  
00010941  __aeabi_dcmpeq                
0001097d  __aeabi_dcmpge                
00010991  __aeabi_dcmpgt                
00010969  __aeabi_dcmple                
00010955  __aeabi_dcmplt                
0000f27d  __aeabi_ddiv                  
0000f941  __aeabi_dmul                  
0000e89d  __aeabi_dsub                  
202060b4  __aeabi_errno                 
000116f9  __aeabi_errno_addr            
000113bd  __aeabi_i2d                   
00010b6d  __aeabi_idiv                  
0000ea2f  __aeabi_idiv0                 
00010b6d  __aeabi_idivmod               
00011699  __aeabi_memclr                
00011699  __aeabi_memclr4               
00011699  __aeabi_memclr8               
00011701  __aeabi_memcpy                
00011701  __aeabi_memcpy4               
00011701  __aeabi_memcpy8               
00011645  __aeabi_memset                
00011645  __aeabi_memset4               
00011645  __aeabi_memset8               
00010f8d  __aeabi_uidiv                 
00010f8d  __aeabi_uidivmod              
ffffffff  __binit__                     
000107ad  __cmpdf2                      
0000f27d  __divdf3                      
000107ad  __eqdf2                       
00010d59  __fixdfsi                     
000113bd  __floatsidf                   
00010589  __gedf2                       
00010589  __gtdf2                       
000107ad  __ledf2                       
000107ad  __ltdf2                       
UNDEFED   __mpu_init                    
0000f941  __muldf3                      
00011045  __muldsi3                     
000107ad  __nedf2                       
20207e00  __stack                       
20200000  __start___llvm_prf_bits       
20200000  __start___llvm_prf_cnts       
20200000  __stop___llvm_prf_bits        
20200000  __stop___llvm_prf_cnts        
0000e89d  __subdf3                      
000114b9  _c_int00_noargs               
20205f10  _device                       
20205e20  _ftable                       
202060b8  _lock                         
0000fdf3  _nop                          
20205fd8  _stream                       
202060e0  _sys_memory                   
UNDEFED   _system_post_cinit            
00011761  _system_pre_init              
202060bc  _unlock                       
00011765  abort                         
202060d2  accuracyRad                   
0000f169  aligned_alloc                 
ffffffff  binit                         
0000fdf5  blitBufferToRenderBuffer      
000040c0  circuitBoardTex               
000020c0  circuitBoardTex2              
0001017d  clearRenderBuffer             
00010cbd  close                         
00010bc3  compareSprites                
20206078  dirX                          
20206080  dirY                          
0000e4dd  drawForegroundSpriteToBuffer  
0001129d  exit                          
00011335  fastCos                       
00010fcd  fastSin                       
000112d1  finddevice                    
0000eba1  floor                         
20205900  floorGradient                 
0000eba1  floorl                        
0000fe95  fputc                         
0000f579  fputs                         
0000f859  free                          
00011719  fseek                         
000106d5  fseeko                        
00010741  getdevice                     
00000000  interruptVectors              
202060d3  isOnTarget                    
202060c0  lastHealth                    
202060d4  lastTriggerIn                 
0000fb05  ldexp                         
0000fb05  ldexpl                        
00011469  lseek                         
000100ed  main                          
000116a5  malloc                        
000080c0  matrix                        
000060c0  matrix2                       
0000f169  memalign                      
00011529  memccpy                       
202059a0  miniMap                       
20205980  parmbuf                       
20206088  planeX                        
20206090  planeY                        
202060c8  playerHealth                  
20206098  posX                          
202060a0  posY                          
0000c5f1  pow                           
0000c5f1  powl                          
00010a05  printf                        
0000ece5  qsort                         
00011161  rand                          
00011721  remove                        
20200000  renderBuffer                  
0000fb05  scalbn                        
0000fb05  scalbnl                       
00010a61  setPixelBuffer                
0000fa25  setvbuf                       
0000a0c0  shoot                         
0000ea31  sqrt                          
0000ea31  sqrtl                         
00010291  strcmp                        
0000b8b0  target                        
20206050  textures                      
000113e9  unlink                        
20206028  weapon                        
20205500  worldMap                      
00011491  write                         


GLOBAL SYMBOLS: SORTED BY Symbol Address 

address   name                          
-------   ----                          
00000000  __TI_ATRegion0_region_sz      
00000000  __TI_ATRegion0_src_addr       
00000000  __TI_ATRegion0_trg_addr       
00000000  __TI_ATRegion1_region_sz      
00000000  __TI_ATRegion1_src_addr       
00000000  __TI_ATRegion1_trg_addr       
00000000  __TI_ATRegion2_region_sz      
00000000  __TI_ATRegion2_src_addr       
00000000  __TI_ATRegion2_trg_addr       
00000000  __TI_static_base__            
00000000  interruptVectors              
000000c0  SCBarkley                     
00000200  __STACK_SIZE                  
00000200  __SYSMEM_SIZE                 
000020c0  circuitBoardTex2              
000040c0  circuitBoardTex               
000060c0  matrix2                       
000080c0  matrix                        
0000a0c0  shoot                         
0000b0b0  Pistol                        
0000b8b0  target                        
0000c0b0  OGMap                         
0000c2f0  Ammo                          
0000c5f1  pow                           
0000c5f1  powl                          
0000d039  CastRays                      
0000d55d  MovePlayer                    
0000d9c5  RenderSprite                  
0000de25  __TI_printfi_minimal          
0000e0a9  DrawCrosshair                 
0000e2cd  ST7735_DrawBitmap             
0000e4dd  drawForegroundSpriteToBuffer  
0000e6e9  Clock_Init80MHz               
0000e89d  __aeabi_dsub                  
0000e89d  __subdf3                      
0000e8a7  __adddf3                      
0000e8a7  __aeabi_dadd                  
0000ea2f  __aeabi_idiv0                 
0000ea31  sqrt                          
0000ea31  sqrtl                         
0000eba1  floor                         
0000eba1  floorl                        
0000ece5  qsort                         
0000ee19  ADC_InitDual                  
0000ef3d  ST7735_FillRect               
0000f055  RenderSprites                 
0000f169  aligned_alloc                 
0000f169  memalign                      
0000f27d  __aeabi_ddiv                  
0000f27d  __divdf3                      
0000f389  DrawHealthBar                 
0000f481  SPI_Init                      
0000f579  fputs                         
0000f671  RenderSky                     
0000f765  ST7735_SetRotation            
0000f859  free                          
0000f941  __aeabi_dmul                  
0000f941  __muldf3                      
0000fa25  setvbuf                       
0000fb05  ldexp                         
0000fb05  ldexpl                        
0000fb05  scalbn                        
0000fb05  scalbnl                       
0000fbdd  TIMG12_IRQHandler             
0000fca9  DAC_Init                      
0000fdf3  _nop                          
0000fdf5  blitBufferToRenderBuffer      
0000fe95  fputc                         
0000ff31  ST7735_InitR                  
0000ffc9  TimerG12_IntArm               
0001005d  FillMap                       
000100ed  main                          
0001017d  clearRenderBuffer             
00010291  strcmp                        
00010319  PrecalculateFloorGradient     
0001039d  LaunchPad_Init                
00010419  __TI_closefile                
00010495  __TI_decompress_lzss          
00010511  DrawMinimap                   
00010589  __gedf2                       
00010589  __gtdf2                       
000105fd  HOSTlseek                     
00010669  HOSTrename                    
000106d5  fseeko                        
00010741  getdevice                     
000107ad  __cmpdf2                      
000107ad  __eqdf2                       
000107ad  __ledf2                       
000107ad  __ltdf2                       
000107ad  __nedf2                       
00010815  ADC_InDual                    
00010879  __TI_wrt_ok                   
00010941  __aeabi_dcmpeq                
00010955  __aeabi_dcmplt                
00010969  __aeabi_dcmple                
0001097d  __aeabi_dcmpge                
00010991  __aeabi_dcmpgt                
000109a5  HOSTopen                      
00010a05  printf                        
00010a61  setPixelBuffer                
00010abd  HOSTread                      
00010b15  HOSTwrite                     
00010b6d  __aeabi_idiv                  
00010b6d  __aeabi_idivmod               
00010bc3  compareSprites                
00010c19  __TI_doflush                  
00010c6d  RenderHUD                     
00010cbd  close                         
00010d0d  RenderForegroundSprites       
00010d59  __aeabi_d2iz                  
00010d59  __fixdfsi                     
00010da5  HOSTclose                     
00010ded  HOSTunlink                    
00010e35  SPI_OutCommand                
00010e7d  Sound_Init                    
00010ec5  Input_Init                    
00010f09  SysTick_Handler               
00010f4d  SPI_Reset                     
00010f8d  __aeabi_uidiv                 
00010f8d  __aeabi_uidivmod              
00010fcd  fastSin                       
00011009  __TI_auto_init_nobinit_nopinit
00011045  __muldsi3                     
00011081  ActivatePortA_B               
000110b9  RenderBuffer                  
000110f1  SPI_OutData                   
00011129  Sound_Start                   
00011161  rand                          
00011199  Clock_Delay1ms                
000111cd  ST7735_SetCursor              
00011201  __TI_cleanup                  
00011235  __TI_readmsg                  
00011269  __TI_writemsg                 
00011295  C$$IO$$                       
0001129d  exit                          
000112d1  finddevice                    
00011335  fastCos                       
00011365  ST7735_FillScreen             
00011391  SystemInit                    
000113bd  __aeabi_i2d                   
000113bd  __floatsidf                   
000113e9  unlink                        
00011415  RenderScene                   
00011469  lseek                         
00011491  write                         
000114b9  _c_int00_noargs               
000114e1  Graphics_Init                 
00011505  Joy_Init                      
00011529  memccpy                       
0001154d  ADC0_IRQHandler               
0001154d  ADC1_IRQHandler               
0001154d  AES_IRQHandler                
0001154d  CANFD0_IRQHandler             
0001154d  DAC0_IRQHandler               
0001154d  DMA_IRQHandler                
0001154d  Default_Handler               
0001154d  GROUP0_IRQHandler             
0001154d  GROUP1_IRQHandler             
0001154d  I2C0_IRQHandler               
0001154d  I2C1_IRQHandler               
0001154d  NMI_Handler                   
0001154d  PendSV_Handler                
0001154d  RTC_IRQHandler                
0001154d  SPI0_IRQHandler               
0001154d  SPI1_IRQHandler               
0001154d  SVC_Handler                   
0001154d  TIMA0_IRQHandler              
0001154d  TIMA1_IRQHandler              
0001154d  TIMG0_IRQHandler              
0001154d  TIMG6_IRQHandler              
0001154d  TIMG7_IRQHandler              
0001154d  TIMG8_IRQHandler              
0001154d  UART0_IRQHandler              
0001154d  UART1_IRQHandler              
0001154d  UART2_IRQHandler              
0001154d  UART3_IRQHandler              
00011569  HardFault_Handler             
00011585  Joy_In                        
000115bd  DAC_Out                       
000115d1  TI_memcpy_small               
000115e3  __TI_decompress_none          
000115f5  Clock_Delay                   
00011605  Delay                         
00011615  ReadKeys                      
00011625  __TI_zero_init                
00011645  __aeabi_memset                
00011645  __aeabi_memset4               
00011645  __aeabi_memset8               
0001167d  TI_memset_small               
0001168d  Clock_Freq                    
00011699  __aeabi_memclr                
00011699  __aeabi_memclr4               
00011699  __aeabi_memclr8               
000116a5  malloc                        
000116f9  __aeabi_errno_addr            
00011701  __aeabi_memcpy                
00011701  __aeabi_memcpy4               
00011701  __aeabi_memcpy8               
00011719  fseek                         
00011721  remove                        
0001175d  Reset_Handler                 
00011761  _system_pre_init              
00011764  C$$EXIT                       
00011765  abort                         
00011840  __TI_Handler_Table_Base       
0001184c  __TI_Handler_Table_Limit      
00011854  __TI_CINIT_Base               
00011864  __TI_CINIT_Limit              
00011864  __TI_CINIT_Warm               
20200000  __start___llvm_prf_bits       
20200000  __start___llvm_prf_cnts       
20200000  __stop___llvm_prf_bits        
20200000  __stop___llvm_prf_cnts        
20200000  renderBuffer                  
20205000  ZBuffer                       
20205500  worldMap                      
20205740  _CIOBUF_                      
20205740  __CIOBUF_                     
20205860  __TI_tmpnams                  
20205900  floorGradient                 
20205980  parmbuf                       
2020598c  Joy_x                         
20205990  Joy_y                         
20205994  Length                        
20205998  SoundPt                       
202059a0  miniMap                       
20205e20  _ftable                       
20205f10  _device                       
20205f88  Sprites                       
20205fd8  _stream                       
20206028  weapon                        
20206050  textures                      
20206064  __TI_cleanup_ptr              
20206068  __TI_dtors_ptr                
2020606c  Sounds                        
20206074  BusFreq                       
20206078  dirX                          
20206080  dirY                          
20206088  planeX                        
20206090  planeY                        
20206098  posX                          
202060a0  posY                          
202060a8  StX                           
202060ac  StY                           
202060b0  __TI_ft_end                   
202060b4  __aeabi_errno                 
202060b8  _lock                         
202060bc  _unlock                       
202060c0  lastHealth                    
202060c8  playerHealth                  
202060cc  StTextColor                   
202060d2  accuracyRad                   
202060d3  isOnTarget                    
202060d4  lastTriggerIn                 
202060e0  _sys_memory                   
20207e00  __stack                       
20208000  __STACK_END                   
ffffffff  __TI_pprof_out_hndl           
ffffffff  __TI_prof_data_size           
ffffffff  __TI_prof_data_start          
ffffffff  __binit__                     
ffffffff  binit                         
UNDEFED   __mpu_init                    
UNDEFED   _system_post_cinit            

[264 symbols]
