******************************************************************************
            TI ARM Clang Linker PC v4.0.1                      
******************************************************************************
>> Linked Mon Apr 21 16:12:36 2025

OUTPUT FILE NAME:   <TheM0+rix_Segfaulted.out>
ENTRY POINT SYMBOL: "_c_int00_noargs"  address: 000162f5


MEMORY CONFIGURATION

         name            origin    length      used     unused   attr    fill
----------------------  --------  ---------  --------  --------  ----  --------
  FLASH                 00000000   00020000  00016800  00009800  R  X
  SRAM                  20200000   00008000  000014c3  00006b3d  RW X
  BCR_CONFIG            41c00000   00000080  00000000  00000080  R   
  BSL_CONFIG            41c00100   00000080  00000000  00000080  R   


SEGMENT ALLOCATION MAP

run origin  load origin   length   init length attrs members
----------  ----------- ---------- ----------- ----- -------
00000000    00000000    0000f5e8   0000f5e8    r--
  00000000    00000000    000000c0   000000c0    r-- .intvecs
  000000c0    000000c0    0000f528   0000f528    r-- .rodata
0000f5f0    0000f5f0    00007218   00007218    r-x
  0000f5f0    0000f5f0    000070d0   000070d0    r-x .text
  000166c0    000166c0    00000148   00000148    r-- .cinit
20200000    20200000    000012c8   00000000    rw-
  20200000    20200000    00000bf6   00000000    rw- .bss
  20200bf8    20200bf8    000004cd   00000000    rw- .data
  202010c8    202010c8    00000200   00000000    rw- .sysmem
20207e00    20207e00    00000200   00000000    rw-
  20207e00    20207e00    00000200   00000000    rw- .stack


SECTION ALLOCATION MAP

 output                                  attributes/
section   page    origin      length       input sections
--------  ----  ----------  ----------   ----------------
.intvecs   0    00000000    000000c0     
                  00000000    000000c0     startup_mspm0g3507_ticlang.o (.intvecs)

.text      0    0000f5f0    000070d0     
                  0000f5f0    0000073c     Input.o (.text.MovePlayer)
                  0000fd2c    00000598     ff.o (.text.find_volume)
                  000102c4    00000318     ff.o (.text.create_name)
                  000105dc    000002b8     diskio.o (.text.disk_ioctl)
                  00010894    00000298     ff.o (.text.f_read)
                  00010b2c    00000270     ff.o (.text.f_open)
                  00010d9c    00000228     diskio.o (.text.disk_initialize)
                  00010fc4    000001f0     ST7735_SDC.o (.text.ST7735_DrawTextBoxS)
                  000111b4    000001d0     ff.o (.text.put_fat)
                  00011384    000001cc     ff.o (.text.dir_next)
                  00011550    000001b4     Clock.o (.text.Clock_Init80MHz)
                  00011704    000001b0     Sync.o (.text.getDirectionPacket)
                  000118b4    000001a0     ST7735_SDC.o (.text.ST7735_DrawCharS)
                  00011a54    00000192     libclang_rt.builtins.a : adddf3.S.obj (.text.adddf3_subdf3)
                  00011be6    00000002                            : aeabi_div0.c.obj (.text.__aeabi_idiv0)
                  00011be8    0000016c     ff.o (.text.create_chain)
                  00011d54    00000168     Sync.o (.text.getInfoPacket)
                  00011ebc    00000158     ff.o (.text.get_fat)
                  00012014    00000154     libc.a : fopen.c.obj (.text._openfile)
                  00012168    00000144     ff.o (.text.sync_fs)
                  000122ac    00000140     diskio.o (.text.SPI1_Init)
                  000123ec    00000126     diskio.o (.text.send_cmd)
                  00012512    00000002     libc.a : _lock.c.obj (.text._nop)
                  00012514    00000124     ADC.o (.text.ADC_InitDual)
                  00012638    00000124     ff.o (.text.dir_sdi)
                  0001275c    00000120     ff.o (.text.follow_path)
                  0001287c    00000118     ST7735_SDC.o (.text.ST7735_FillRect)
                  00012994    00000118     diskio.o (.text.disk_write)
                  00012aac    00000114     libc.a : memory.c.obj (.text.aligned_alloc)
                  00012bc0    00000114     ff.o (.text.f_sync)
                  00012cd4    0000010c     libclang_rt.builtins.a : divdf3.S.obj (.text.__divdf3)
                  00012de0    000000f8     SPI.o (.text.SPI_Init)
                  00012ed8    000000f4     ADC.o (.text.ADC0_Init)
                  00012fcc    000000f4     ST7735_SDC.o (.text.ST7735_SetRotation)
                  000130c0    000000ec     libsysbm.a : add_device.c.obj (.text.add_device)
                  000131ac    000000e8     libc.a : memory.c.obj (.text.free)
                  00013294    000000e4     ST7735_SDC.o (.text.ST7735_DrawBitmapFromSDC)
                  00013378    000000e4     libclang_rt.builtins.a : muldf3.S.obj (.text.__muldf3)
                  0001345c    000000e4     diskio.o (.text.disk_read)
                  00013540    000000e0     libc.a : setvbuf.c.obj (.text.setvbuf)
                  00013620    000000d0     ST7735_SDC.o (.text.ST7735_OutChar)
                  000136f0    000000d0     UART2.o (.text.UART2_Init)
                  000137c0    000000c4     Input.o (.text.TIMG12_IRQHandler)
                  00013884    000000c0     Sync.o (.text.getPositionPacket)
                  00013944    000000b8     ff.o (.text.remove_chain)
                  000139fc    000000ae     ff.o (.text.get_ldnumber)
                  00013aaa    00000002     --HOLE-- [fill = 0]
                  00013aac    000000ac     ff.o (.text.check_fs)
                  00013b58    000000ac     ST7735_SDC.o (.text.diskError)
                  00013c04    000000a8     DAC.o (.text.DAC_Init)
                  00013cac    000000a8     Timer.o (.text.TimerG6_IntArm)
                  00013d54    000000a6     ff.o (.text.dir_find)
                  00013dfa    00000002     --HOLE-- [fill = 0]
                  00013dfc    000000a4     Timer.o (.text.TimerG0_IntArm)
                  00013ea0    000000a2     ST7735_SDC.o (.text.commandList)
                  00013f42    000000a2     ff.o (.text.dir_alloc)
                  00013fe4    000000a0     libsysbm.a : open.c.obj (.text.open)
                  00014084    0000009c     ST7735_SDC.o (.text.ST7735_InitPrintf)
                  00014120    00000098     ST7735_SDC.o (.text.ST7735_InitR)
                  000141b8    00000098     ff.o (.text.f_mount)
                  00014250    00000094     Timer.o (.text.TimerG12_IntArm)
                  000142e4    00000090     Graphics.o (.text.FillMap)
                  00014374    0000008e     ff.o (.text.sync_window)
                  00014402    00000002     --HOLE-- [fill = 0]
                  00014404    00000088     ST7735_SDC.o (.text.setAddrWindow)
                  0001448c    00000004     libc.a : pre_init.c.obj (.text._system_pre_init)
                  00014490    00000088            : strcmp-armv6m.S.obj (.text:strcmp)
                  00014518    00000084     Buffer.o (.text.PrecalculateFloorGradient)
                  0001459c    00000084     ST7735_SDC.o (.text.ST7735_DrawString)
                  00014620    00000084     ST7735_SDC.o (.text.ST7735_OutUDec)
                  000146a4    00000080     Sync.o (.text.sendDirectionPacket)
                  00014724    00000080     Sync.o (.text.sendPositionPacket)
                  000147a4    0000007c     Graphics.o (.text.Graphics_Init)
                  00014820    0000007c     LaunchPad.o (.text.LaunchPad_Init)
                  0001489c    0000007c     UART1.o (.text.UART1_Init)
                  00014918    0000007c     libc.a : fclose.c.obj (.text.__TI_closefile)
                  00014994    0000007c            : copy_decompress_lzss.c.obj (.text:decompress:lzss)
                  00014a10    00000078     diskio.o (.text.rcvr_datablock)
                  00014a88    00000076     diskio.o (.text.xmit_datablock)
                  00014afe    00000074     Inventory.o (.text.Inventory_removeCurrent)
                  00014b72    00000002     --HOLE-- [fill = 0]
                  00014b74    00000074     Sync.o (.text.TIMG7_IRQHandler)
                  00014be8    00000074     libclang_rt.builtins.a : comparedf2.c.obj (.text.__gedf2)
                  00014c5c    00000074     sprites.o (.text.generateSprite)
                  00014cd0    00000070     ST7735_SDC.o (.text.ST7735_DrawPixel)
                  00014d40    00000070     ST7735_SDC.o (.text.TFT_OutCommand)
                  00014db0    00000070     diskio.o (.text.disk_timerproc)
                  00014e20    0000006c     libsysbm.a : hostlseek.c.obj (.text.HOSTlseek)
                  00014e8c    0000006c                : hostrename.c.obj (.text.HOSTrename)
                  00014ef8    0000006c     ST7735_SDC.o (.text.TFT_OutData)
                  00014f64    0000006c     UART2.o (.text.UART2_IRQHandler)
                  00014fd0    0000006c     libc.a : getdevice.c.obj (.text.getdevice)
                  0001503c    00000068     libclang_rt.builtins.a : comparedf2.c.obj (.text.__ledf2)
                  000150a4    00000068     ff.o (.text.validate)
                  0001510c    00000064     ADC.o (.text.ADC_InDual)
                  00015170    00000064     libc.a : memory.c.obj (.text.split)
                  000151d4    00000062     libclang_rt.builtins.a : aeabi_dcmp.S.obj (.text.__aeabi_dcmp)
                  00015236    00000062     ff.o (.text.move_window)
                  00015298    00000060     libsysbm.a : hostopen.c.obj (.text.HOSTopen)
                  000152f8    00000060     ff.o (.text.dir_register)
                  00015358    0000005c     Sync.o (.text.TIMG8_IRQHandler)
                  000153b4    00000058     libsysbm.a : hostread.c.obj (.text.HOSTread)
                  0001540c    00000058                : hostwrite.c.obj (.text.HOSTwrite)
                  00015464    00000056     libclang_rt.builtins.a : aeabi_idivmod.S.obj (.text.__aeabi_idivmod)
                  000154ba    00000002     --HOLE-- [fill = 0]
                  000154bc    00000054     ST7735_SDC.o (.text.fillmessage)
                  00015510    00000054     ff.o (.text.mem_cmp)
                  00015564    00000052     libc.a : fflush.c.obj (.text.__TI_doflush)
                  000155b6    00000002     --HOLE-- [fill = 0]
                  000155b8    00000050     libsysbm.a : close.c.obj (.text.close)
                  00015608    00000050     diskio.o (.text.wait_ready)
                  00015658    00000050     diskio.o (.text.xmit_spi_multi)
                  000156a8    0000004c     FIFO.o (.text.RxFifo_Get)
                  000156f4    0000004c     FIFO.o (.text.RxFifo_Put)
                  00015740    0000004a     libclang_rt.builtins.a : fixdfsi.S.obj (.text.__fixdfsi)
                  0001578a    00000002     --HOLE-- [fill = 0]
                  0001578c    00000048     libsysbm.a : hostclose.c.obj (.text.HOSTclose)
                  000157d4    00000048                : hostunlink.c.obj (.text.HOSTunlink)
                  0001581c    00000048     Sounds.o (.text.Sound_Init)
                  00015864    00000048     Async_Delay.o (.text.TIMG0_IRQHandler)
                  000158ac    00000048     main.o (.text.main)
                  000158f4    00000048     diskio.o (.text.xchg_spi)
                  0001593c    00000044     ADC.o (.text.ADC0_In)
                  00015980    00000044     Input.o (.text.Input_Init)
                  000159c4    00000044     Sounds.o (.text.SysTick_Handler)
                  00015a08    00000044     diskio.o (.text.select)
                  00015a4c    00000040     SPI.o (.text.SPI_Reset)
                  00015a8c    00000040     Sync.o (.text.TIMA0_IRQHandler)
                  00015acc    00000040     libclang_rt.builtins.a : aeabi_uidivmod.S.obj (.text.__aeabi_uidivmod)
                  00015b0c    00000040     libc.a : fopen.c.obj (.text._search_fp)
                  00015b4c    00000040     ff.o (.text.chk_chr)
                  00015b8c    00000040     ff.o (.text.f_close)
                  00015bcc    0000003c     Input.o (.text.fastSin)
                  00015c08    0000003c     diskio.o (.text.rcvr_spi)
                  00015c44    0000003c     Sync.o (.text.sendInfoPacket)
                  00015c80    0000003c     Async_Delay.o (.text.start_delay)
                  00015cbc    0000003c     libc.a : autoinit.c.obj (.text:__TI_auto_init_nobinit_nopinit)
                  00015cf8    0000003a     libclang_rt.builtins.a : muldsi3.S.obj (.text.__muldsi3)
                  00015d32    00000002     --HOLE-- [fill = 0]
                  00015d34    00000038     LaunchPad.o (.text.ActivatePortA_B)
                  00015d6c    00000038     Sounds.o (.text.Sound_Start)
                  00015da4    00000038     libc.a : rand.c.obj (.text.rand)
                  00015ddc    00000036     ff.o (.text.clust2sect)
                  00015e12    00000036     ff.o (.text.ld_clust)
                  00015e48    00000034     Clock.o (.text.Clock_Delay1ms)
                  00015e7c    00000034     ST7735_SDC.o (.text.ST7735_SetCursor)
                  00015eb0    00000034     ST7735_SDC.o (.text.ST7735_write)
                  00015ee4    00000034     main.o (.text.SystemInit)
                  00015f18    00000034     libc.a : fopen.c.obj (.text.__TI_cleanup)
                  00015f4c    00000034     libsysbm.a : trgmsg.c.obj (.text.__TI_readmsg)
                  00015f80    00000034                : trgmsg.c.obj (.text.__TI_writemsg)
                  00015fb4    00000034     libc.a : exit.c.obj (.text.exit)
                  00015fe8    00000034            : getdevice.c.obj (.text.finddevice)
                  0001601c    00000034            : fopen.c.obj (.text.freopen)
                  00016050    00000034     ff.o (.text.mem_cpy)
                  00016084    00000032     ST7735_SDC.o (.text.ST7735_Color565)
                  000160b6    00000002     --HOLE-- [fill = 0]
                  000160b8    00000030     diskio.o (.text.disk_status)
                  000160e8    00000030     Input.o (.text.fastCos)
                  00016118    00000030     libc.a : fopen.c.obj (.text.fopen)
                  00016148    0000002c     ST7735_SDC.o (.text.ST7735_FillScreen)
                  00016174    0000002c     libclang_rt.builtins.a : floatsidf.S.obj (.text.__floatsidf)
                  000161a0    0000002c     ST7735_SDC.o (.text.commonInit)
                  000161cc    0000002c     diskio.o (.text.init_spi)
                  000161f8    0000002c     diskio.o (.text.rcvr_spi_multi)
                  00016224    0000002c     libsysbm.a : unlink.c.obj (.text.unlink)
                  00016250    0000002a     UART2.o (.text.UART2_InChar)
                  0001627a    0000002a     ff.o (.text.mem_set)
                  000162a4    00000028     libc.a : memory.c.obj (.text.free_list_insert)
                  000162cc    00000028     libsysbm.a : write.c.obj (.text.write)
                  000162f4    00000028     libc.a : boot_cortex_m.c.obj (.text:_c_int00_noargs)
                  0001631c    00000026     main.o (.text.initRandom)
                  00016342    00000026     ff.o (.text.st_clust)
                  00016368    00000024     diskio.o (.text.CS_Init)
                  0001638c    00000024     Inventory.o (.text.Inventory_next)
                  000163b0    00000024     Joy.o (.text.Joy_Init)
                  000163d4    00000024     libc.a : rand.c.obj (.text.srand)
                  000163f8    00000020     Inventory.o (.text.Item_isWeapon)
                  00016418    0000001e     ST7735_SDC.o (.text.pushColor)
                  00016436    00000002     --HOLE-- [fill = 0]
                  00016438    0000001c     startup_mspm0g3507_ticlang.o (.text.Default_Handler)
                  00016454    0000001c     startup_mspm0g3507_ticlang.o (.text.HardFault_Handler)
                  00016470    0000001c     Joy.o (.text.Joy_In)
                  0001648c    0000001c     libc.a : memory.c.obj (.text.free_list_remove)
                  000164a8    00000018     FIFO.o (.text.RxFifo_Size)
                  000164c0    00000018     diskio.o (.text.TIMG6_IRQHandler)
                  000164d8    00000018     UART1.o (.text.UART1_OutChar)
                  000164f0    00000018     diskio.o (.text.deselect)
                  00016508    00000016     ST7735_SDC.o (.text.ST7735_open)
                  0001651e    00000016     ST7735_SDC.o (.text.ST7735_read)
                  00016534    00000014     DAC.o (.text.DAC_Out)
                  00016548    00000014     FIFO.o (.text.RxFifo_Init)
                  0001655c    00000014     ST7735_SDC.o (.text.ST7735_SetTextColor)
                  00016570    00000012     Inventory.o (.text.Inventory_currentItem)
                  00016582    00000012     Inventory.o (.text.Item_isSpent)
                  00016594    00000012     libc.a : memcpy16.S.obj (.text:TI_memcpy_small)
                  000165a6    00000012            : copy_decompress_none.c.obj (.text:decompress:none)
                  000165b8    00000010     Clock.o (.text.Clock_Delay)
                  000165c8    00000010     LaunchPad.o (.text.Delay)
                  000165d8    00000010     Joy.o (.text.Joy_InButton)
                  000165e8    00000010     Input.o (.text.ReadKeys)
                  000165f8    00000010     libc.a : copy_zero_init.c.obj (.text:decompress:ZI)
                  00016608    0000000e            : memory.c.obj (.text.OUTLINED_FUNCTION_0)
                  00016616    0000000e     ST7735_SDC.o (.text.ST7735_lseek)
                  00016624    0000000e     libsysbm.a : hostrename.c.obj (.text.strcpy)
                  00016632    0000000e                : hostrename.c.obj (.text.strlen)
                  00016640    0000000e     libc.a : memset16.S.obj (.text:TI_memset_small)
                  0001664e    00000002     --HOLE-- [fill = 0]
                  00016650    0000000c     Clock.o (.text.Clock_Freq)
                  0001665c    0000000c     ST7735_SDC.o (.text.ST7735_rename)
                  00016668    0000000c     Sync.o (.text.Sync_Init)
                  00016674    0000000c     libclang_rt.builtins.a : aeabi_memset.S.obj (.text.__aeabi_memclr)
                  00016680    0000000c     libc.a : memory.c.obj (.text.malloc)
                  0001668c    0000000a     ST7735_SDC.o (.text.ST7735_close)
                  00016696    0000000a     ST7735_SDC.o (.text.ST7735_unlink)
                  000166a0    00000008     libclang_rt.builtins.a : aeabi_memcpy.S.obj (.text.__aeabi_memcpy)
                  000166a8    00000008     libsysbm.a : remove.c.obj (.text.remove)
                  000166b0    00000004     startup_mspm0g3507_ticlang.o (.text.Reset_Handler)
                  000166b4    00000004     libc.a : exit.c.obj (.text:abort)
                  000166b8    00000008     --HOLE-- [fill = 0]

.cinit     0    000166c0    00000148     
                  000166c0    00000124     (.cinit..data.load) [load image, compression = lzss]
                  000167e4    0000000c     (__TI_handler_table)
                  000167f0    00000008     (.cinit..bss.load) [load image, compression = zero_init]
                  000167f8    00000010     (__TI_cinit_table)

.rodata    0    000000c0    0000f528     
                  000000c0    00004900     Sounds.o (.rodata.reloadSound)
                  000049c0    00002ab4     Sounds.o (.rodata.pistolSound)
                  00007474    00002000     main.o (.rodata.DrM0Back)
                  00009474    00002000     main.o (.rodata.DrM0Front)
                  0000b474    00001e78     Sounds.o (.rodata.shotgunSound)
                  0000d2ec    0000095a     Sounds.o (.rodata.weaploadSound)
                  0000dc46    0000094f     Sounds.o (.rodata.outofammoSound)
                  0000e595    000004fb     ST7735_SDC.o (.rodata.Font)
                  0000ea90    00000240     Graphics.o (.rodata.OGMap)
                  0000ecd0    00000200     main.o (.rodata.Ammosprite)
                  0000eed0    00000200     main.o (.rodata.Medkitsprite)
                  0000f0d0    00000200     main.o (.rodata.Riflesprite)
                  0000f2d0    00000200     main.o (.rodata.Shotgunsprite)
                  0000f4d0    0000003b     ST7735_SDC.o (.rodata.Rcmd1)
                  0000f50b    0000002b     ST7735_SDC.o (.rodata.Rcmd3)
                  0000f536    00000017     main.o (.rodata.str1.157592557656998809351)
                  0000f54d    00000016     ST7735_SDC.o (.rodata.str1.28433820059943190321)
                  0000f563    0000000f     ff.o (.rodata.str1.113280866994296648041)
                  0000f572    0000000e     Graphics.o (.rodata.str1.111845795882479080211)
                  0000f580    0000000d     ST7735_SDC.o (.rodata.Rcmd2green)
                  0000f58d    0000000d     ST7735_SDC.o (.rodata.Rcmd2red)
                  0000f59a    00000009     ST7735_SDC.o (.rodata.str1.119827176004061594541)
                  0000f5a3    00000009     main.o (.rodata.str1.182731374899196392841)
                  0000f5ac    00000009     ST7735_SDC.o (.rodata.str1.96930949990895218701)
                  0000f5b5    00000008     ST7735_SDC.o (.rodata.str1.165812335033060454901)
                  0000f5bd    00000007     ST7735_SDC.o (.rodata.str1.108798170232719549071)
                  0000f5c4    00000007     ST7735_SDC.o (.rodata.str1.48346598350755635861)
                  0000f5cb    00000007     ST7735_SDC.o (.rodata.str1.65157548236227532931)
                  0000f5d2    00000006     ST7735_SDC.o (.rodata.str1.105453447318699584981)
                  0000f5d8    00000006     ST7735_SDC.o (.rodata.str1.175182287407566781581)
                  0000f5de    00000002     ST7735_SDC.o (.rodata.str1.139922138757215469871)
                  0000f5e0    00000001     Graphics.o (.rodata.str1.174670005707905455781)
                  0000f5e1    00000007     --HOLE-- [fill = 0]

.init_array 
*          0    00000000    00000000     UNINITIALIZED

.binit     0    00000000    00000000     

.bss       0    20200000    00000bf6     UNINITIALIZED
                  20200000    00000480     (.common:miniMap)
                  20200480    00000240     (.common:worldMap)
                  202006c0    00000234     Graphics.o (.bss.g_sFatFs)
                  202008f4    00000120     libsysbm.a : trgmsg.c.obj (.bss:_CIOBUF_)
                  20200a14    000000a0     libc.a : defs.c.obj (.bss.__TI_tmpnams)
                  20200ab4    00000080     (.common:floorGradient)
                  20200b34    00000040     FIFO.o (.bss.RxFifo)
                  20200b74    0000000c     (.common:Message)
                  20200b80    00000008     libsysbm.a : hostopen.c.obj (.bss.parmbuf)
                  20200b88    00000008     (.common:otherDirX)
                  20200b90    00000008     (.common:otherDirY)
                  20200b98    00000008     (.common:otherPosX)
                  20200ba0    00000008     (.common:otherPosY)
                  20200ba8    00000004     ff.o (.bss.FatFs)
                  20200bac    00000004     diskio.o (.bss.Timer1)
                  20200bb0    00000004     diskio.o (.bss.Timer2)
                  20200bb4    00000004     libc.a : memory.c.obj (.bss.sys_free)
                  20200bb8    00000004     (.common:Joy_x)
                  20200bbc    00000004     (.common:Joy_y)
                  20200bc0    00000004     (.common:LCDresetFlag)
                  20200bc4    00000004     (.common:Length)
                  20200bc8    00000004     (.common:LostData)
                  20200bcc    00000004     (.common:Messageindex)
                  20200bd0    00000004     (.common:RxGetI)
                  20200bd4    00000004     (.common:RxPutI)
                  20200bd8    00000004     (.common:SoundPt)
                  20200bdc    00000004     (.common:flag_done)
                  20200be0    00000004     (.common:ms_done)
                  20200be4    00000004     (.common:ms_passed)
                  20200be8    00000002     ff.o (.bss.Fsid)
                  20200bea    00000002     ST7735_SDC.o (.bss.sdcBuffer)
                  20200bec    00000001     diskio.o (.bss.CardType)
                  20200bed    00000001     ST7735_SDC.o (.bss.ColStart)
                  20200bee    00000001     ST7735_SDC.o (.bss.Rotation)
                  20200bef    00000001     ST7735_SDC.o (.bss.RowStart)
                  20200bf0    00000001     ST7735_SDC.o (.bss.TabColor)
                  20200bf1    00000001     (.common:InitStatus)
                  20200bf2    00000001     (.common:MountFresult)
                  20200bf3    00000001     (.common:isShooting)
                  20200bf4    00000001     (.common:isSwapping)
                  20200bf5    00000001     (.common:reloaded)

.data      0    20200bf8    000004cd     UNINITIALIZED
                  20200bf8    00000258     main.o (.data.Sprites)
                  20200e50    000000f0     libc.a : defs.c.obj (.data._ftable)
                  20200f40    00000078     libsysbm.a : host_device.c.obj (.data._device)
                  20200fb8    00000050                : host_device.c.obj (.data._stream)
                  20201008    00000028     Sounds.o (.data.SoundEffects)
                  20201030    00000014     main.o (.data.inventory)
                  20201044    00000008     libc.a : exit.c.obj (.data..L_MergedGlobals)
                  2020104c    00000004     Clock.o (.data.BusFreq)
                  20201050    00000008     main.o (.data.dirX)
                  20201058    00000008     main.o (.data.dirY)
                  20201060    00000008     main.o (.data.planeX)
                  20201068    00000008     main.o (.data.planeY)
                  20201070    00000008     main.o (.data.posX)
                  20201078    00000008     main.o (.data.posY)
                  20201080    00000004     ST7735_SDC.o (.data.StX)
                  20201084    00000004     ST7735_SDC.o (.data.StY)
                  20201088    00000004     libc.a : defs.c.obj (.data.__TI_ft_end)
                  2020108c    00000004            : _lock.c.obj (.data._lock)
                  20201090    00000004            : _lock.c.obj (.data._unlock)
                  20201094    00000004     main.o (.data.kills)
                  20201098    00000004     libc.a : rand.c.obj (.data.next)
                  2020109c    00000004     main.o (.data.numsprites)
                  202010a0    00000004     main.o (.data.otherHealth)
                  202010a4    00000004     Sync.o (.data.otherPlayer)
                  202010a8    00000004     main.o (.data.playerHealth)
                  202010ac    00000002     ST7735_SDC.o (.data.StTextColor)
                  202010ae    00000002     Sync.o (.data.TIMA0_IRQHandler.timeCt)
                  202010b0    00000002     ST7735_SDC.o (.data._height)
                  202010b2    00000002     ST7735_SDC.o (.data._width)
                  202010b4    00000001     diskio.o (.data.Stat)
                  202010b5    00000001     Sync.o (.data.TIMG7_IRQHandler.packetIndex)
                  202010b6    00000001     Sync.o (.data.TIMG8_IRQHandler.packetIndex)
                  202010b7    00000001     sprites.o (.data.canSwapItems)
                  202010b8    00000001     libsysbm.a : add_device.c.obj (.data.add_device.device_init)
                  202010b9    00000001     main.o (.data.healthCode)
                  202010ba    00000001     main.o (.data.isOnTarget)
                  202010bb    00000001     main.o (.data.isVulnerable)
                  202010bc    00000001     Sync.o (.data.itemsStatus)
                  202010bd    00000001     Input.o (.data.lastInput)
                  202010be    00000001     Input.o (.data.rifleCanShoot)
                  202010bf    00000001     --HOLE--
                  202010c0    00000001     libc.a : memory.c.obj (.data.memory_is_initialized)
                  202010c1    00000003     --HOLE--
                  202010c4    00000001     libsysbm.a : open.c.obj (.data.open.stream_init)

.sysmem    0    202010c8    00000200     UNINITIALIZED
                  202010c8    00000010     libc.a : memory.c.obj (.sysmem)
                  202010d8    000001f0     --HOLE--

.stack     0    20207e00    00000200     UNINITIALIZED
                  20207e00    00000004     libc.a : boot_cortex_m.c.obj (.stack)
                  20207e04    000001fc     --HOLE--

__llvm_prf_cnts 
*          0    20200000    00000000     UNINITIALIZED

__llvm_prf_bits 
*          0    20200000    00000000     UNINITIALIZED

MODULE SUMMARY

       Module                         code    ro data   rw data
       ------                         ----    -------   -------
    .\
       Sounds.o                       196     42197     48     
       main.o                         162     18464     719    
       ff.o                           8226    15        6      
       ST7735_SDC.o                   3712    1486      36     
       diskio.o                       3300    0         14     
       Graphics.o                     268     591       2302   
       Input.o                        2240    0         5      
       Sync.o                         1584    0         9      
       ADC.o                          704     0         0      
       Clock.o                        516     0         4      
       Timer.o                        480     0         0      
       UART2.o                        358     0         4      
       SPI.o                          312     0         0      
       FIFO.o                         196     0         72     
       Buffer.o                       132     0         128    
       Inventory.o                    220     0         0      
       LaunchPad.o                    196     0         0      
       DAC.o                          188     0         0      
       UART1.o                        148     0         0      
       Async_Delay.o                  132     0         12     
       sprites.o                      116     0         1      
       Joy.o                          80      0         0      
    +--+------------------------------+-------+---------+---------+
       Total:                         23466   62753     3360   
                                                               
    .\ticlang\
       startup_mspm0g3507_ticlang.o   60      192       0      
    +--+------------------------------+-------+---------+---------+
       Total:                         60      192       0      
                                                               
    C:\ti\ccs2000\ccs\tools\compiler\ti-cgt-armllvm_4.0.1.LTS\lib\armv6m-ti-none-eabi/c/libc.a
       memory.c.obj                   702     0         5      
       fopen.c.obj                    556     0         0      
       defs.c.obj                     0       0         404    
       setvbuf.c.obj                  224     0         0      
       getdevice.c.obj                160     0         0      
       strcmp-armv6m.S.obj            136     0         0      
       copy_decompress_lzss.c.obj     124     0         0      
       fclose.c.obj                   124     0         0      
       rand.c.obj                     92      0         4      
       fflush.c.obj                   82      0         0      
       exit.c.obj                     56      0         8      
       autoinit.c.obj                 60      0         0      
       boot_cortex_m.c.obj            40      0         0      
       copy_decompress_none.c.obj     18      0         0      
       memcpy16.S.obj                 18      0         0      
       copy_zero_init.c.obj           16      0         0      
       memset16.S.obj                 14      0         0      
       _lock.c.obj                    2       0         8      
       pre_init.c.obj                 4       0         0      
    +--+------------------------------+-------+---------+---------+
       Total:                         2428    0         429    
                                                               
    C:\ti\ccs2000\ccs\tools\compiler\ti-cgt-armllvm_4.0.1.LTS\lib\armv6m-ti-none-eabi/c/libsysbm.a
       trgmsg.c.obj                   104     0         288    
       add_device.c.obj               236     0         1      
       host_device.c.obj              0       0         200    
       open.c.obj                     160     0         1      
       hostrename.c.obj               136     0         0      
       hostlseek.c.obj                108     0         0      
       hostopen.c.obj                 96      0         8      
       hostread.c.obj                 88      0         0      
       hostwrite.c.obj                88      0         0      
       close.c.obj                    80      0         0      
       hostclose.c.obj                72      0         0      
       hostunlink.c.obj               72      0         0      
       unlink.c.obj                   44      0         0      
       write.c.obj                    40      0         0      
       remove.c.obj                   8       0         0      
    +--+------------------------------+-------+---------+---------+
       Total:                         1332    0         498    
                                                               
    C:\ti\ccs2000\ccs\tools\compiler\ti-cgt-armllvm_4.0.1.LTS\lib\armv6m-ti-none-eabi/libclang_rt.builtins.a
       adddf3.S.obj                   402     0         0      
       divdf3.S.obj                   268     0         0      
       muldf3.S.obj                   228     0         0      
       comparedf2.c.obj               220     0         0      
       aeabi_dcmp.S.obj               98      0         0      
       aeabi_idivmod.S.obj            86      0         0      
       fixdfsi.S.obj                  74      0         0      
       aeabi_uidivmod.S.obj           64      0         0      
       muldsi3.S.obj                  58      0         0      
       floatsidf.S.obj                44      0         0      
       aeabi_memset.S.obj             12      0         0      
       aeabi_memcpy.S.obj             8       0         0      
       aeabi_div0.c.obj               2       0         0      
    +--+------------------------------+-------+---------+---------+
       Total:                         1564    0         0      
                                                               
       Heap:                          0       0         512    
       Stack:                         0       0         512    
       Linker Generated:              0       328       0      
    +--+------------------------------+-------+---------+---------+
       Grand Total:                   28850   63273     5311   


LINKER GENERATED COPY TABLES

__TI_cinit_table @ 000167f8 records: 2, size/record: 8, table size: 16
	.data: load addr=000166c0, load size=00000124 bytes, run addr=20200bf8, run size=000004cd bytes, compression=lzss
	.bss: load addr=000167f0, load size=00000008 bytes, run addr=20200000, run size=00000bf6 bytes, compression=zero_init


LINKER GENERATED HANDLER TABLE

__TI_handler_table @ 000167e4 records: 3, size/record: 4, table size: 12
	index: 0, handler: __TI_decompress_lzss
	index: 1, handler: __TI_decompress_none
	index: 2, handler: __TI_zero_init


GLOBAL SYMBOLS: SORTED ALPHABETICALLY BY Name 

address   name                          
-------   ----                          
00016439  ADC0_IRQHandler               
0001593d  ADC0_In                       
00012ed9  ADC0_Init                     
00016439  ADC1_IRQHandler               
0001510d  ADC_InDual                    
00012515  ADC_InitDual                  
00016439  AES_IRQHandler                
00015d35  ActivatePortA_B               
0000ecd0  Ammosprite                    
2020104c  BusFreq                       
000166b4  C$$EXIT                       
00015fad  C$$IO$$                       
00016439  CANFD0_IRQHandler             
00016369  CS_Init                       
000165b9  Clock_Delay                   
00015e49  Clock_Delay1ms                
00016651  Clock_Freq                    
00011551  Clock_Init80MHz               
00016439  DAC0_IRQHandler               
00013c05  DAC_Init                      
00016535  DAC_Out                       
00016439  DMA_IRQHandler                
00016439  Default_Handler               
000165c9  Delay                         
00007474  DrM0Back                      
00009474  DrM0Front                     
000142e5  FillMap                       
00016439  GROUP0_IRQHandler             
00016439  GROUP1_IRQHandler             
000147a5  Graphics_Init                 
0001578d  HOSTclose                     
00014e21  HOSTlseek                     
00015299  HOSTopen                      
000153b5  HOSTread                      
00014e8d  HOSTrename                    
000157d5  HOSTunlink                    
0001540d  HOSTwrite                     
00016455  HardFault_Handler             
00016439  I2C0_IRQHandler               
00016439  I2C1_IRQHandler               
20200bf1  InitStatus                    
00015981  Input_Init                    
00016571  Inventory_currentItem         
0001638d  Inventory_next                
00014aff  Inventory_removeCurrent       
00016583  Item_isSpent                  
000163f9  Item_isWeapon                 
00016471  Joy_In                        
000165d9  Joy_InButton                  
000163b1  Joy_Init                      
20200bb8  Joy_x                         
20200bbc  Joy_y                         
20200bc0  LCDresetFlag                  
00014821  LaunchPad_Init                
20200bc4  Length                        
20200bc8  LostData                      
0000eed0  Medkitsprite                  
20200b74  Message                       
20200bcc  Messageindex                  
20200bf2  MountFresult                  
0000f5f1  MovePlayer                    
00016439  NMI_Handler                   
0000ea90  OGMap                         
00016439  PendSV_Handler                
00014519  PrecalculateFloorGradient     
00016439  RTC_IRQHandler                
000165e9  ReadKeys                      
000166b1  Reset_Handler                 
0000f0d0  Riflesprite                   
000156a9  RxFifo_Get                    
00016549  RxFifo_Init                   
000156f5  RxFifo_Put                    
000164a9  RxFifo_Size                   
20200bd0  RxGetI                        
20200bd4  RxPutI                        
00016439  SPI0_IRQHandler               
00016439  SPI1_IRQHandler               
000122ad  SPI1_Init                     
00012de1  SPI_Init                      
00015a4d  SPI_Reset                     
00016085  ST7735_Color565               
00013295  ST7735_DrawBitmapFromSDC      
000118b5  ST7735_DrawCharS              
00014cd1  ST7735_DrawPixel              
0001459d  ST7735_DrawString             
00010fc5  ST7735_DrawTextBoxS           
0001287d  ST7735_FillRect               
00016149  ST7735_FillScreen             
00014085  ST7735_InitPrintf             
00014121  ST7735_InitR                  
00013621  ST7735_OutChar                
00014621  ST7735_OutUDec                
00015e7d  ST7735_SetCursor              
00012fcd  ST7735_SetRotation            
0001655d  ST7735_SetTextColor           
0001668d  ST7735_close                  
00016617  ST7735_lseek                  
00016509  ST7735_open                   
0001651f  ST7735_read                   
0001665d  ST7735_rename                 
00016697  ST7735_unlink                 
00015eb1  ST7735_write                  
00016439  SVC_Handler                   
0000f2d0  Shotgunsprite                 
20201008  SoundEffects                  
20200bd8  SoundPt                       
0001581d  Sound_Init                    
00015d6d  Sound_Start                   
20200bf8  Sprites                       
202010ac  StTextColor                   
20201080  StX                           
20201084  StY                           
00016669  Sync_Init                     
000159c5  SysTick_Handler               
00015ee5  SystemInit                    
00014d41  TFT_OutCommand                
00014ef9  TFT_OutData                   
00015a8d  TIMA0_IRQHandler              
00016439  TIMA1_IRQHandler              
00015865  TIMG0_IRQHandler              
000137c1  TIMG12_IRQHandler             
000164c1  TIMG6_IRQHandler              
00014b75  TIMG7_IRQHandler              
00015359  TIMG8_IRQHandler              
00016595  TI_memcpy_small               
00016641  TI_memset_small               
00013dfd  TimerG0_IntArm                
00014251  TimerG12_IntArm               
00013cad  TimerG6_IntArm                
00016439  UART0_IRQHandler              
00016439  UART1_IRQHandler              
0001489d  UART1_Init                    
000164d9  UART1_OutChar                 
00014f65  UART2_IRQHandler              
00016251  UART2_InChar                  
000136f1  UART2_Init                    
00016439  UART3_IRQHandler              
202008f4  _CIOBUF_                      
202008f4  __CIOBUF_                     
20208000  __STACK_END                   
00000200  __STACK_SIZE                  
00000200  __SYSMEM_SIZE                 
00000000  __TI_ATRegion0_region_sz      
00000000  __TI_ATRegion0_src_addr       
00000000  __TI_ATRegion0_trg_addr       
00000000  __TI_ATRegion1_region_sz      
00000000  __TI_ATRegion1_src_addr       
00000000  __TI_ATRegion1_trg_addr       
00000000  __TI_ATRegion2_region_sz      
00000000  __TI_ATRegion2_src_addr       
00000000  __TI_ATRegion2_trg_addr       
000167f8  __TI_CINIT_Base               
00016808  __TI_CINIT_Limit              
00016808  __TI_CINIT_Warm               
000167e4  __TI_Handler_Table_Base       
000167f0  __TI_Handler_Table_Limit      
00015cbd  __TI_auto_init_nobinit_nopinit
00015f19  __TI_cleanup                  
20201044  __TI_cleanup_ptr              
00014919  __TI_closefile                
00014995  __TI_decompress_lzss          
000165a7  __TI_decompress_none          
00015565  __TI_doflush                  
20201048  __TI_dtors_ptr                
20201088  __TI_ft_end                   
ffffffff  __TI_pprof_out_hndl           
ffffffff  __TI_prof_data_size           
ffffffff  __TI_prof_data_start          
00015f4d  __TI_readmsg                  
00000000  __TI_static_base__            
20200a14  __TI_tmpnams                  
00015f81  __TI_writemsg                 
000165f9  __TI_zero_init                
00011a5f  __adddf3                      
00015741  __aeabi_d2iz                  
00011a5f  __aeabi_dadd                  
000151d5  __aeabi_dcmpeq                
00015211  __aeabi_dcmpge                
00015225  __aeabi_dcmpgt                
000151fd  __aeabi_dcmple                
000151e9  __aeabi_dcmplt                
00012cd5  __aeabi_ddiv                  
00013379  __aeabi_dmul                  
00011a55  __aeabi_dsub                  
00016175  __aeabi_i2d                   
00015465  __aeabi_idiv                  
00011be7  __aeabi_idiv0                 
00015465  __aeabi_idivmod               
00016675  __aeabi_memclr                
00016675  __aeabi_memclr4               
00016675  __aeabi_memclr8               
000166a1  __aeabi_memcpy                
000166a1  __aeabi_memcpy4               
000166a1  __aeabi_memcpy8               
00015acd  __aeabi_uidiv                 
00015acd  __aeabi_uidivmod              
ffffffff  __binit__                     
0001503d  __cmpdf2                      
00012cd5  __divdf3                      
0001503d  __eqdf2                       
00015741  __fixdfsi                     
00016175  __floatsidf                   
00014be9  __gedf2                       
00014be9  __gtdf2                       
0001503d  __ledf2                       
0001503d  __ltdf2                       
UNDEFED   __mpu_init                    
00013379  __muldf3                      
00015cf9  __muldsi3                     
0001503d  __nedf2                       
20207e00  __stack                       
20200000  __start___llvm_prf_bits       
20200000  __start___llvm_prf_cnts       
20200000  __stop___llvm_prf_bits        
20200000  __stop___llvm_prf_cnts        
00011a55  __subdf3                      
000162f5  _c_int00_noargs               
20200f40  _device                       
20200e50  _ftable                       
2020108c  _lock                         
00012513  _nop                          
20200fb8  _stream                       
202010c8  _sys_memory                   
UNDEFED   _system_post_cinit            
0001448d  _system_pre_init              
20201090  _unlock                       
000166b5  abort                         
000130c1  add_device                    
00012aad  aligned_alloc                 
ffffffff  binit                         
202010b7  canSwapItems                  
000155b9  close                         
00015ddd  clust2sect                    
20201050  dirX                          
20201058  dirY                          
00013b59  diskError                     
00010d9d  disk_initialize               
000105dd  disk_ioctl                    
0001345d  disk_read                     
000160b9  disk_status                   
00014db1  disk_timerproc                
00012995  disk_write                    
00015fb5  exit                          
00015b8d  f_close                       
000141b9  f_mount                       
00010b2d  f_open                        
00010895  f_read                        
00012bc1  f_sync                        
000160e9  fastCos                       
00015bcd  fastSin                       
000154bd  fillmessage                   
00015fe9  finddevice                    
20200bdc  flag_done                     
20200ab4  floorGradient                 
00016119  fopen                         
000131ad  free                          
0001601d  freopen                       
00014c5d  generateSprite                
00011705  getDirectionPacket            
00011d55  getInfoPacket                 
00013885  getPositionPacket             
00011ebd  get_fat                       
00014fd1  getdevice                     
202010b9  healthCode                    
0001631d  initRandom                    
00000000  interruptVectors              
20201030  inventory                     
202010ba  isOnTarget                    
20200bf3  isShooting                    
20200bf4  isSwapping                    
202010bb  isVulnerable                  
202010bc  itemsStatus                   
20201094  kills                         
202010bd  lastInput                     
000158ad  main                          
00016681  malloc                        
00012aad  memalign                      
20200000  miniMap                       
20200be0  ms_done                       
20200be4  ms_passed                     
2020109c  numsprites                    
00013fe5  open                          
20200b88  otherDirX                     
20200b90  otherDirY                     
202010a0  otherHealth                   
202010a4  otherPlayer                   
20200b98  otherPosX                     
20200ba0  otherPosY                     
0000dc46  outofammoSound                
20200b80  parmbuf                       
000049c0  pistolSound                   
20201060  planeX                        
20201068  planeY                        
202010a8  playerHealth                  
20201070  posX                          
20201078  posY                          
000111b5  put_fat                       
00015da5  rand                          
000000c0  reloadSound                   
20200bf5  reloaded                      
000166a9  remove                        
202010be  rifleCanShoot                 
000146a5  sendDirectionPacket           
00015c45  sendInfoPacket                
00014725  sendPositionPacket            
00013541  setvbuf                       
0000b474  shotgunSound                  
000163d5  srand                         
00015c81  start_delay                   
00014491  strcmp                        
00016225  unlink                        
0000d2ec  weaploadSound                 
20200480  worldMap                      
000162cd  write                         


GLOBAL SYMBOLS: SORTED BY Symbol Address 

address   name                          
-------   ----                          
00000000  __TI_ATRegion0_region_sz      
00000000  __TI_ATRegion0_src_addr       
00000000  __TI_ATRegion0_trg_addr       
00000000  __TI_ATRegion1_region_sz      
00000000  __TI_ATRegion1_src_addr       
00000000  __TI_ATRegion1_trg_addr       
00000000  __TI_ATRegion2_region_sz      
00000000  __TI_ATRegion2_src_addr       
00000000  __TI_ATRegion2_trg_addr       
00000000  __TI_static_base__            
00000000  interruptVectors              
000000c0  reloadSound                   
00000200  __STACK_SIZE                  
00000200  __SYSMEM_SIZE                 
000049c0  pistolSound                   
00007474  DrM0Back                      
00009474  DrM0Front                     
0000b474  shotgunSound                  
0000d2ec  weaploadSound                 
0000dc46  outofammoSound                
0000ea90  OGMap                         
0000ecd0  Ammosprite                    
0000eed0  Medkitsprite                  
0000f0d0  Riflesprite                   
0000f2d0  Shotgunsprite                 
0000f5f1  MovePlayer                    
000105dd  disk_ioctl                    
00010895  f_read                        
00010b2d  f_open                        
00010d9d  disk_initialize               
00010fc5  ST7735_DrawTextBoxS           
000111b5  put_fat                       
00011551  Clock_Init80MHz               
00011705  getDirectionPacket            
000118b5  ST7735_DrawCharS              
00011a55  __aeabi_dsub                  
00011a55  __subdf3                      
00011a5f  __adddf3                      
00011a5f  __aeabi_dadd                  
00011be7  __aeabi_idiv0                 
00011d55  getInfoPacket                 
00011ebd  get_fat                       
000122ad  SPI1_Init                     
00012513  _nop                          
00012515  ADC_InitDual                  
0001287d  ST7735_FillRect               
00012995  disk_write                    
00012aad  aligned_alloc                 
00012aad  memalign                      
00012bc1  f_sync                        
00012cd5  __aeabi_ddiv                  
00012cd5  __divdf3                      
00012de1  SPI_Init                      
00012ed9  ADC0_Init                     
00012fcd  ST7735_SetRotation            
000130c1  add_device                    
000131ad  free                          
00013295  ST7735_DrawBitmapFromSDC      
00013379  __aeabi_dmul                  
00013379  __muldf3                      
0001345d  disk_read                     
00013541  setvbuf                       
00013621  ST7735_OutChar                
000136f1  UART2_Init                    
000137c1  TIMG12_IRQHandler             
00013885  getPositionPacket             
00013b59  diskError                     
00013c05  DAC_Init                      
00013cad  TimerG6_IntArm                
00013dfd  TimerG0_IntArm                
00013fe5  open                          
00014085  ST7735_InitPrintf             
00014121  ST7735_InitR                  
000141b9  f_mount                       
00014251  TimerG12_IntArm               
000142e5  FillMap                       
0001448d  _system_pre_init              
00014491  strcmp                        
00014519  PrecalculateFloorGradient     
0001459d  ST7735_DrawString             
00014621  ST7735_OutUDec                
000146a5  sendDirectionPacket           
00014725  sendPositionPacket            
000147a5  Graphics_Init                 
00014821  LaunchPad_Init                
0001489d  UART1_Init                    
00014919  __TI_closefile                
00014995  __TI_decompress_lzss          
00014aff  Inventory_removeCurrent       
00014b75  TIMG7_IRQHandler              
00014be9  __gedf2                       
00014be9  __gtdf2                       
00014c5d  generateSprite                
00014cd1  ST7735_DrawPixel              
00014d41  TFT_OutCommand                
00014db1  disk_timerproc                
00014e21  HOSTlseek                     
00014e8d  HOSTrename                    
00014ef9  TFT_OutData                   
00014f65  UART2_IRQHandler              
00014fd1  getdevice                     
0001503d  __cmpdf2                      
0001503d  __eqdf2                       
0001503d  __ledf2                       
0001503d  __ltdf2                       
0001503d  __nedf2                       
0001510d  ADC_InDual                    
000151d5  __aeabi_dcmpeq                
000151e9  __aeabi_dcmplt                
000151fd  __aeabi_dcmple                
00015211  __aeabi_dcmpge                
00015225  __aeabi_dcmpgt                
00015299  HOSTopen                      
00015359  TIMG8_IRQHandler              
000153b5  HOSTread                      
0001540d  HOSTwrite                     
00015465  __aeabi_idiv                  
00015465  __aeabi_idivmod               
000154bd  fillmessage                   
00015565  __TI_doflush                  
000155b9  close                         
000156a9  RxFifo_Get                    
000156f5  RxFifo_Put                    
00015741  __aeabi_d2iz                  
00015741  __fixdfsi                     
0001578d  HOSTclose                     
000157d5  HOSTunlink                    
0001581d  Sound_Init                    
00015865  TIMG0_IRQHandler              
000158ad  main                          
0001593d  ADC0_In                       
00015981  Input_Init                    
000159c5  SysTick_Handler               
00015a4d  SPI_Reset                     
00015a8d  TIMA0_IRQHandler              
00015acd  __aeabi_uidiv                 
00015acd  __aeabi_uidivmod              
00015b8d  f_close                       
00015bcd  fastSin                       
00015c45  sendInfoPacket                
00015c81  start_delay                   
00015cbd  __TI_auto_init_nobinit_nopinit
00015cf9  __muldsi3                     
00015d35  ActivatePortA_B               
00015d6d  Sound_Start                   
00015da5  rand                          
00015ddd  clust2sect                    
00015e49  Clock_Delay1ms                
00015e7d  ST7735_SetCursor              
00015eb1  ST7735_write                  
00015ee5  SystemInit                    
00015f19  __TI_cleanup                  
00015f4d  __TI_readmsg                  
00015f81  __TI_writemsg                 
00015fad  C$$IO$$                       
00015fb5  exit                          
00015fe9  finddevice                    
0001601d  freopen                       
00016085  ST7735_Color565               
000160b9  disk_status                   
000160e9  fastCos                       
00016119  fopen                         
00016149  ST7735_FillScreen             
00016175  __aeabi_i2d                   
00016175  __floatsidf                   
00016225  unlink                        
00016251  UART2_InChar                  
000162cd  write                         
000162f5  _c_int00_noargs               
0001631d  initRandom                    
00016369  CS_Init                       
0001638d  Inventory_next                
000163b1  Joy_Init                      
000163d5  srand                         
000163f9  Item_isWeapon                 
00016439  ADC0_IRQHandler               
00016439  ADC1_IRQHandler               
00016439  AES_IRQHandler                
00016439  CANFD0_IRQHandler             
00016439  DAC0_IRQHandler               
00016439  DMA_IRQHandler                
00016439  Default_Handler               
00016439  GROUP0_IRQHandler             
00016439  GROUP1_IRQHandler             
00016439  I2C0_IRQHandler               
00016439  I2C1_IRQHandler               
00016439  NMI_Handler                   
00016439  PendSV_Handler                
00016439  RTC_IRQHandler                
00016439  SPI0_IRQHandler               
00016439  SPI1_IRQHandler               
00016439  SVC_Handler                   
00016439  TIMA1_IRQHandler              
00016439  UART0_IRQHandler              
00016439  UART1_IRQHandler              
00016439  UART3_IRQHandler              
00016455  HardFault_Handler             
00016471  Joy_In                        
000164a9  RxFifo_Size                   
000164c1  TIMG6_IRQHandler              
000164d9  UART1_OutChar                 
00016509  ST7735_open                   
0001651f  ST7735_read                   
00016535  DAC_Out                       
00016549  RxFifo_Init                   
0001655d  ST7735_SetTextColor           
00016571  Inventory_currentItem         
00016583  Item_isSpent                  
00016595  TI_memcpy_small               
000165a7  __TI_decompress_none          
000165b9  Clock_Delay                   
000165c9  Delay                         
000165d9  Joy_InButton                  
000165e9  ReadKeys                      
000165f9  __TI_zero_init                
00016617  ST7735_lseek                  
00016641  TI_memset_small               
00016651  Clock_Freq                    
0001665d  ST7735_rename                 
00016669  Sync_Init                     
00016675  __aeabi_memclr                
00016675  __aeabi_memclr4               
00016675  __aeabi_memclr8               
00016681  malloc                        
0001668d  ST7735_close                  
00016697  ST7735_unlink                 
000166a1  __aeabi_memcpy                
000166a1  __aeabi_memcpy4               
000166a1  __aeabi_memcpy8               
000166a9  remove                        
000166b1  Reset_Handler                 
000166b4  C$$EXIT                       
000166b5  abort                         
000167e4  __TI_Handler_Table_Base       
000167f0  __TI_Handler_Table_Limit      
000167f8  __TI_CINIT_Base               
00016808  __TI_CINIT_Limit              
00016808  __TI_CINIT_Warm               
20200000  __start___llvm_prf_bits       
20200000  __start___llvm_prf_cnts       
20200000  __stop___llvm_prf_bits        
20200000  __stop___llvm_prf_cnts        
20200000  miniMap                       
20200480  worldMap                      
202008f4  _CIOBUF_                      
202008f4  __CIOBUF_                     
20200a14  __TI_tmpnams                  
20200ab4  floorGradient                 
20200b74  Message                       
20200b80  parmbuf                       
20200b88  otherDirX                     
20200b90  otherDirY                     
20200b98  otherPosX                     
20200ba0  otherPosY                     
20200bb8  Joy_x                         
20200bbc  Joy_y                         
20200bc0  LCDresetFlag                  
20200bc4  Length                        
20200bc8  LostData                      
20200bcc  Messageindex                  
20200bd0  RxGetI                        
20200bd4  RxPutI                        
20200bd8  SoundPt                       
20200bdc  flag_done                     
20200be0  ms_done                       
20200be4  ms_passed                     
20200bf1  InitStatus                    
20200bf2  MountFresult                  
20200bf3  isShooting                    
20200bf4  isSwapping                    
20200bf5  reloaded                      
20200bf8  Sprites                       
20200e50  _ftable                       
20200f40  _device                       
20200fb8  _stream                       
20201008  SoundEffects                  
20201030  inventory                     
20201044  __TI_cleanup_ptr              
20201048  __TI_dtors_ptr                
2020104c  BusFreq                       
20201050  dirX                          
20201058  dirY                          
20201060  planeX                        
20201068  planeY                        
20201070  posX                          
20201078  posY                          
20201080  StX                           
20201084  StY                           
20201088  __TI_ft_end                   
2020108c  _lock                         
20201090  _unlock                       
20201094  kills                         
2020109c  numsprites                    
202010a0  otherHealth                   
202010a4  otherPlayer                   
202010a8  playerHealth                  
202010ac  StTextColor                   
202010b7  canSwapItems                  
202010b9  healthCode                    
202010ba  isOnTarget                    
202010bb  isVulnerable                  
202010bc  itemsStatus                   
202010bd  lastInput                     
202010be  rifleCanShoot                 
202010c8  _sys_memory                   
20207e00  __stack                       
20208000  __STACK_END                   
ffffffff  __TI_pprof_out_hndl           
ffffffff  __TI_prof_data_size           
ffffffff  __TI_prof_data_start          
ffffffff  __binit__                     
ffffffff  binit                         
UNDEFED   __mpu_init                    
UNDEFED   _system_post_cinit            

[314 symbols]
