******************************************************************************
            TI ARM Clang Linker PC v4.0.1                      
******************************************************************************
>> Linked Tue Apr 22 10:20:57 2025

OUTPUT FILE NAME:   <TheM0+rix_Segfaulted.out>
ENTRY POINT SYMBOL: "_c_int00_noargs"  address: 0001d39d


MEMORY CONFIGURATION

         name            origin    length      used     unused   attr    fill
----------------------  --------  ---------  --------  --------  ----  --------
  FLASH                 00000000   00020000  0001da28  000025d8  R  X
  SRAM                  20200000   00008000  00006e9b  00001165  RW X
  BCR_CONFIG            41c00000   00000080  00000000  00000080  R   
  BSL_CONFIG            41c00100   00000080  00000000  00000080  R   


SEGMENT ALLOCATION MAP

run origin  load origin   length   init length attrs members
----------  ----------- ---------- ----------- ----- -------
00000000    00000000    00013998   00013998    r--
  00000000    00000000    000000c0   000000c0    r-- .intvecs
  000000c0    000000c0    000138d8   000138d8    r-- .rodata
000139a0    000139a0    0000a090   0000a090    r-x
  000139a0    000139a0    00009e60   00009e60    r-x .text
  0001d800    0001d800    00000230   00000230    r-- .cinit
20200000    20200000    00006ca8   00000000    rw-
  20200000    20200000    000062fa   00000000    rw- .bss
  20206300    20206300    000007a1   00000000    rw- .data
  20206aa8    20206aa8    00000200   00000000    rw- .sysmem
20207e00    20207e00    00000200   00000000    rw-
  20207e00    20207e00    00000200   00000000    rw- .stack


SECTION ALLOCATION MAP

 output                                  attributes/
section   page    origin      length       input sections
--------  ----  ----------  ----------   ----------------
.intvecs   0    00000000    000000c0     
                  00000000    000000c0     startup_mspm0g3507_ticlang.o (.intvecs)

.text      0    000139a0    00009e60     
                  000139a0    0000073c     Input.o (.text.MovePlayer)
                  000140dc    000005fc     sprites.o (.text.RenderSprite)
                  000146d8    00000598     ff.o (.text.find_volume)
                  00014c70    00000524     Graphics.o (.text.CastRays)
                  00015194    00000318     ff.o (.text.create_name)
                  000154ac    000002b8     diskio.o (.text.disk_ioctl)
                  00015764    00000298     ff.o (.text.f_read)
                  000159fc    00000284     libc.a : _printfi.c.obj (.text:__TI_printfi_minimal)
                  00015c80    00000270     ff.o (.text.f_open)
                  00015ef0    00000238     Graphics.o (.text.DrawCrosshair)
                  00016128    00000228     diskio.o (.text.disk_initialize)
                  00016350    00000218     Buffer.o (.text.drawForegroundSpriteToBuffer)
                  00016568    00000210     ST7735_SDC.o (.text.ST7735_DrawBitmap)
                  00016778    000001f4     Graphics.o (.text.DrawHealthBar)
                  0001696c    000001d0     ff.o (.text.put_fat)
                  00016b3c    000001cc     ff.o (.text.dir_next)
                  00016d08    000001b4     Clock.o (.text.Clock_Init80MHz)
                  00016ebc    000001b0     Sync.o (.text.getDirectionPacket)
                  0001706c    000001a0     ST7735_SDC.o (.text.ST7735_DrawCharS)
                  0001720c    00000192     libclang_rt.builtins.a : adddf3.S.obj (.text.adddf3_subdf3)
                  0001739e    00000002                            : aeabi_div0.c.obj (.text.__aeabi_idiv0)
                  000173a0    00000184     sprites.o (.text.RenderSprites)
                  00017524    0000016c     ff.o (.text.create_chain)
                  00017690    00000158     ff.o (.text.get_fat)
                  000177e8    00000154     libc.a : fopen.c.obj (.text._openfile)
                  0001793c    00000144            : s_floor.c.obj (.text.floor)
                  00017a80    00000144     ff.o (.text.sync_fs)
                  00017bc4    00000140     diskio.o (.text.SPI1_Init)
                  00017d04    0000013c     main.o (.text.main)
                  00017e40    00000134     Sync.o (.text.ComputeHitDirection)
                  00017f74    00000134     libc.a : qsort.c.obj (.text.qsort)
                  000180a8    00000128     Sync.o (.text.getInfoPacket)
                  000181d0    00000126     diskio.o (.text.send_cmd)
                  000182f6    00000002     libc.a : _lock.c.obj (.text._nop)
                  000182f8    00000124     ADC.o (.text.ADC_InitDual)
                  0001841c    00000124     ff.o (.text.dir_sdi)
                  00018540    00000120     ff.o (.text.follow_path)
                  00018660    00000118     ST7735_SDC.o (.text.ST7735_FillRect)
                  00018778    00000118     diskio.o (.text.disk_write)
                  00018890    00000114     libc.a : memory.c.obj (.text.aligned_alloc)
                  000189a4    00000114     ff.o (.text.f_sync)
                  00018ab8    0000010c     libclang_rt.builtins.a : divdf3.S.obj (.text.__divdf3)
                  00018bc4    00000100     Buffer.o (.text.drawCharToBuffer)
                  00018cc4    000000f8     SPI.o (.text.SPI_Init)
                  00018dbc    000000f8     libc.a : fputs.c.obj (.text.fputs)
                  00018eb4    000000f4     ADC.o (.text.ADC0_Init)
                  00018fa8    000000f4     sprites.o (.text.RenderForegroundSprites)
                  0001909c    000000f4     Graphics.o (.text.RenderSky)
                  00019190    000000f4     ST7735_SDC.o (.text.ST7735_SetRotation)
                  00019284    000000f0     Inventory.o (.text.Inventory_add)
                  00019374    000000ec     libsysbm.a : add_device.c.obj (.text.add_device)
                  00019460    000000e8     libc.a : memory.c.obj (.text.free)
                  00019548    000000e4     ST7735_SDC.o (.text.ST7735_DrawBitmapFromSDC)
                  0001962c    000000e4     libclang_rt.builtins.a : muldf3.S.obj (.text.__muldf3)
                  00019710    000000e4     diskio.o (.text.disk_read)
                  000197f4    000000e0     Inventory.o (.text.Inventory_replace)
                  000198d4    000000e0     libc.a : setvbuf.c.obj (.text.setvbuf)
                  000199b4    000000dc     Graphics.o (.text.DrawHitIndicator)
                  00019a90    000000d0     ST7735_SDC.o (.text.ST7735_OutChar)
                  00019b60    000000d0     UART2.o (.text.UART2_Init)
                  00019c30    000000c4     Input.o (.text.TIMG12_IRQHandler)
                  00019cf4    000000c0     Sync.o (.text.getPositionPacket)
                  00019db4    000000b8     Sync.o (.text.RandomizeSprites)
                  00019e6c    000000b8     ff.o (.text.remove_chain)
                  00019f24    000000b4     Buffer.o (.text.printToBuffer)
                  00019fd8    000000ae     ff.o (.text.get_ldnumber)
                  0001a086    00000002     --HOLE-- [fill = 0]
                  0001a088    000000ac     ff.o (.text.check_fs)
                  0001a134    000000ac     ST7735_SDC.o (.text.diskError)
                  0001a1e0    000000ac     main.o (.text.respawnPlayer)
                  0001a28c    000000a8     DAC.o (.text.DAC_Init)
                  0001a334    000000a8     sprites.o (.text.RenderInventory)
                  0001a3dc    000000a8     Timer.o (.text.TimerA0_IntArm)
                  0001a484    000000a8     Timer.o (.text.TimerG6_IntArm)
                  0001a52c    000000a8     Timer.o (.text.TimerG7_IntArm)
                  0001a5d4    000000a8     Timer.o (.text.TimerG8_IntArm)
                  0001a67c    000000a6     ff.o (.text.dir_find)
                  0001a722    00000002     --HOLE-- [fill = 0]
                  0001a724    000000a4     Timer.o (.text.TimerG0_IntArm)
                  0001a7c8    000000a2     ST7735_SDC.o (.text.commandList)
                  0001a86a    000000a2     ff.o (.text.dir_alloc)
                  0001a90c    000000a0     Buffer.o (.text.blitBufferToRenderBuffer)
                  0001a9ac    000000a0     libsysbm.a : open.c.obj (.text.open)
                  0001aa4c    0000009c     ST7735_SDC.o (.text.ST7735_InitPrintf)
                  0001aae8    0000009c     libc.a : fputc.c.obj (.text.fputc)
                  0001ab84    00000098     ST7735_SDC.o (.text.ST7735_InitR)
                  0001ac1c    00000098     ff.o (.text.f_mount)
                  0001acb4    00000094     SoundSD.o (.text.SysTick_Handler)
                  0001ad48    00000094     Timer.o (.text.TimerG12_IntArm)
                  0001addc    00000090     Graphics.o (.text.FillMap)
                  0001ae6c    00000090     Graphics.o (.text.printLeaderboard)
                  0001aefc    0000008e     ff.o (.text.sync_window)
                  0001af8a    00000002     --HOLE-- [fill = 0]
                  0001af8c    0000008c     Buffer.o (.text.clearRenderBuffer)
                  0001b018    00000088     ST7735_SDC.o (.text.setAddrWindow)
                  0001b0a0    00000088     libc.a : strcmp-armv6m.S.obj (.text:strcmp)
                  0001b128    00000084     Buffer.o (.text.PrecalculateFloorGradient)
                  0001b1ac    00000084     ST7735_SDC.o (.text.ST7735_DrawString)
                  0001b230    00000084     ST7735_SDC.o (.text.ST7735_OutUDec)
                  0001b2b4    00000080     Sync.o (.text.sendDirectionPacket)
                  0001b334    00000080     Sync.o (.text.sendPositionPacket)
                  0001b3b4    0000007c     Graphics.o (.text.Graphics_Init)
                  0001b430    0000007c     LaunchPad.o (.text.LaunchPad_Init)
                  0001b4ac    0000007c     UART1.o (.text.UART1_Init)
                  0001b528    0000007c     libc.a : fclose.c.obj (.text.__TI_closefile)
                  0001b5a4    0000007c     Sync.o (.text.getRandomMapPos)
                  0001b620    0000007c     libc.a : copy_decompress_lzss.c.obj (.text:decompress:lzss)
                  0001b69c    00000078     Graphics.o (.text.DrawMinimap)
                  0001b714    00000078     Graphics.o (.text.RenderHUD)
                  0001b78c    00000078     diskio.o (.text.rcvr_datablock)
                  0001b804    00000076     diskio.o (.text.xmit_datablock)
                  0001b87a    00000074     Inventory.o (.text.Inventory_removeCurrent)
                  0001b8ee    00000002     --HOLE-- [fill = 0]
                  0001b8f0    00000074     Sync.o (.text.TIMG7_IRQHandler)
                  0001b964    00000074     libclang_rt.builtins.a : comparedf2.c.obj (.text.__gedf2)
                  0001b9d8    00000074     sprites.o (.text.generateSprite)
                  0001ba4c    00000070     ST7735_SDC.o (.text.ST7735_DrawPixel)
                  0001babc    00000070     ST7735_SDC.o (.text.TFT_OutCommand)
                  0001bb2c    00000070     diskio.o (.text.disk_timerproc)
                  0001bb9c    0000006c     libsysbm.a : hostlseek.c.obj (.text.HOSTlseek)
                  0001bc08    0000006c                : hostrename.c.obj (.text.HOSTrename)
                  0001bc74    0000006c     ST7735_SDC.o (.text.TFT_OutData)
                  0001bce0    0000006c     UART2.o (.text.UART2_IRQHandler)
                  0001bd4c    0000006c     libc.a : fseek.c.obj (.text.fseeko)
                  0001bdb8    0000006c            : getdevice.c.obj (.text.getdevice)
                  0001be24    00000068     libclang_rt.builtins.a : comparedf2.c.obj (.text.__ledf2)
                  0001be8c    00000068     ff.o (.text.validate)
                  0001bef4    00000064     ADC.o (.text.ADC_InDual)
                  0001bf58    00000064     libc.a : _io_perm.c.obj (.text.__TI_wrt_ok)
                  0001bfbc    00000064            : memory.c.obj (.text.split)
                  0001c020    00000062     libclang_rt.builtins.a : aeabi_dcmp.S.obj (.text.__aeabi_dcmp)
                  0001c082    00000062     ff.o (.text.move_window)
                  0001c0e4    00000060     libsysbm.a : hostopen.c.obj (.text.HOSTopen)
                  0001c144    00000060     ff.o (.text.dir_register)
                  0001c1a4    0000005c     Sync.o (.text.TIMG8_IRQHandler)
                  0001c200    0000005c     libc.a : printf.c.obj (.text.printf)
                  0001c25c    0000005c     Buffer.o (.text.setPixelBuffer)
                  0001c2b8    00000058     libsysbm.a : hostread.c.obj (.text.HOSTread)
                  0001c310    00000058                : hostwrite.c.obj (.text.HOSTwrite)
                  0001c368    00000056     libclang_rt.builtins.a : aeabi_idivmod.S.obj (.text.__aeabi_idivmod)
                  0001c3be    00000056     sprites.o (.text.compareSprites)
                  0001c414    00000054     ST7735_SDC.o (.text.fillmessage)
                  0001c468    00000054     ff.o (.text.mem_cmp)
                  0001c4bc    00000052     libc.a : fflush.c.obj (.text.__TI_doflush)
                  0001c50e    00000002     --HOLE-- [fill = 0]
                  0001c510    00000050     libsysbm.a : close.c.obj (.text.close)
                  0001c560    00000050     diskio.o (.text.wait_ready)
                  0001c5b0    00000050     diskio.o (.text.xmit_spi_multi)
                  0001c600    0000004c     FIFO.o (.text.RxFifo_Get)
                  0001c64c    0000004c     FIFO.o (.text.RxFifo_Put)
                  0001c698    0000004c     Inventory.o (.text.inInventory)
                  0001c6e4    0000004c     Graphics.o (.text.printAmmo)
                  0001c730    0000004a     libclang_rt.builtins.a : fixdfsi.S.obj (.text.__fixdfsi)
                  0001c77a    00000002     --HOLE-- [fill = 0]
                  0001c77c    00000048     libsysbm.a : hostclose.c.obj (.text.HOSTclose)
                  0001c7c4    00000048                : hostunlink.c.obj (.text.HOSTunlink)
                  0001c80c    00000048     Sounds.o (.text.Sound_Init)
                  0001c854    00000048     Async_Delay.o (.text.TIMG0_IRQHandler)
                  0001c89c    00000048     diskio.o (.text.xchg_spi)
                  0001c8e4    00000044     ADC.o (.text.ADC0_In)
                  0001c928    00000044     Input.o (.text.Input_Init)
                  0001c96c    00000044     Graphics.o (.text.RenderScene)
                  0001c9b0    00000044     diskio.o (.text.select)
                  0001c9f4    00000040     SPI.o (.text.SPI_Reset)
                  0001ca34    00000040     Sounds.o (.text.Sound_Start)
                  0001ca74    00000040     Sync.o (.text.TIMA0_IRQHandler)
                  0001cab4    00000040     libclang_rt.builtins.a : aeabi_uidivmod.S.obj (.text.__aeabi_uidivmod)
                  0001caf4    00000040     libc.a : fopen.c.obj (.text._search_fp)
                  0001cb34    00000040     ff.o (.text.chk_chr)
                  0001cb74    00000040     ff.o (.text.f_close)
                  0001cbb4    0000003c     Buffer.o (.text.RenderBuffer)
                  0001cbf0    0000003c     Input.o (.text.fastSin)
                  0001cc2c    0000003c     diskio.o (.text.rcvr_spi)
                  0001cc68    0000003c     Sync.o (.text.sendInfoPacket)
                  0001cca4    0000003c     libc.a : autoinit.c.obj (.text:__TI_auto_init_nobinit_nopinit)
                  0001cce0    0000003a     libclang_rt.builtins.a : muldsi3.S.obj (.text.__muldsi3)
                  0001cd1a    00000002     --HOLE-- [fill = 0]
                  0001cd1c    00000038     LaunchPad.o (.text.ActivatePortA_B)
                  0001cd54    00000038     Sync.o (.text.processHit)
                  0001cd8c    00000038     libc.a : rand.c.obj (.text.rand)
                  0001cdc4    00000038            : sprintf.c.obj (.text.sprintf)
                  0001cdfc    00000038     Async_Delay.o (.text.start_delay)
                  0001ce34    00000036     ff.o (.text.clust2sect)
                  0001ce6a    00000036     ff.o (.text.ld_clust)
                  0001cea0    00000034     Clock.o (.text.Clock_Delay1ms)
                  0001ced4    00000034     ST7735_SDC.o (.text.ST7735_SetCursor)
                  0001cf08    00000034     ST7735_SDC.o (.text.ST7735_write)
                  0001cf3c    00000034     main.o (.text.SystemInit)
                  0001cf70    00000034     libc.a : fopen.c.obj (.text.__TI_cleanup)
                  0001cfa4    00000034     libsysbm.a : trgmsg.c.obj (.text.__TI_readmsg)
                  0001cfd8    00000034                : trgmsg.c.obj (.text.__TI_writemsg)
                  0001d00c    00000034     libc.a : exit.c.obj (.text.exit)
                  0001d040    00000034            : getdevice.c.obj (.text.finddevice)
                  0001d074    00000034            : fopen.c.obj (.text.freopen)
                  0001d0a8    00000034     ff.o (.text.mem_cpy)
                  0001d0dc    00000032     ST7735_SDC.o (.text.ST7735_Color565)
                  0001d10e    00000002     --HOLE-- [fill = 0]
                  0001d110    00000030     diskio.o (.text.disk_status)
                  0001d140    00000030     Input.o (.text.fastCos)
                  0001d170    00000030     libc.a : fopen.c.obj (.text.fopen)
                  0001d1a0    0000002c     ST7735_SDC.o (.text.ST7735_FillScreen)
                  0001d1cc    0000002c     libclang_rt.builtins.a : floatsidf.S.obj (.text.__floatsidf)
                  0001d1f8    0000002c     ST7735_SDC.o (.text.commonInit)
                  0001d224    0000002c     diskio.o (.text.init_spi)
                  0001d250    0000002c     diskio.o (.text.rcvr_spi_multi)
                  0001d27c    0000002c     libsysbm.a : unlink.c.obj (.text.unlink)
                  0001d2a8    0000002a     UART2.o (.text.UART2_InChar)
                  0001d2d2    0000002a     ff.o (.text.mem_set)
                  0001d2fc    00000028     libc.a : memory.c.obj (.text.free_list_insert)
                  0001d324    00000028     libsysbm.a : lseek.c.obj (.text.lseek)
                  0001d34c    00000028     Graphics.o (.text.printItem)
                  0001d374    00000028     libsysbm.a : write.c.obj (.text.write)
                  0001d39c    00000028     libc.a : boot_cortex_m.c.obj (.text:_c_int00_noargs)
                  0001d3c4    00000026     main.o (.text.initRandom)
                  0001d3ea    00000026     ff.o (.text.st_clust)
                  0001d410    00000024     diskio.o (.text.CS_Init)
                  0001d434    00000024     Inventory.o (.text.Inventory_next)
                  0001d458    00000024     Joy.o (.text.Joy_Init)
                  0001d47c    00000024     libclang_rt.builtins.a : floatunsidf.S.obj (.text.__floatunsidf)
                  0001d4a0    00000024     libc.a : rand.c.obj (.text.srand)
                  0001d4c4    00000022            : memccpy.c.obj (.text.memccpy)
                  0001d4e6    00000020     Inventory.o (.text.Item_isWeapon)
                  0001d506    0000001e     ST7735_SDC.o (.text.pushColor)
                  0001d524    0000001c     startup_mspm0g3507_ticlang.o (.text.Default_Handler)
                  0001d540    0000001c     startup_mspm0g3507_ticlang.o (.text.HardFault_Handler)
                  0001d55c    0000001c     Joy.o (.text.Joy_In)
                  0001d578    0000001c     libc.a : memory.c.obj (.text.free_list_remove)
                  0001d594    00000018     FIFO.o (.text.RxFifo_Size)
                  0001d5ac    00000018     diskio.o (.text.TIMG6_IRQHandler)
                  0001d5c4    00000018     UART1.o (.text.UART1_OutChar)
                  0001d5dc    00000018     libc.a : sprintf.c.obj (.text._outs)
                  0001d5f4    00000018     diskio.o (.text.deselect)
                  0001d60c    00000016     ST7735_SDC.o (.text.ST7735_open)
                  0001d622    00000016     ST7735_SDC.o (.text.ST7735_read)
                  0001d638    00000014     DAC.o (.text.DAC_Out)
                  0001d64c    00000014     FIFO.o (.text.RxFifo_Init)
                  0001d660    00000014     ST7735_SDC.o (.text.ST7735_SetTextColor)
                  0001d674    00000012     Inventory.o (.text.Inventory_currentItem)
                  0001d686    00000012     Inventory.o (.text.Item_isSpent)
                  0001d698    00000012     libc.a : memcpy16.S.obj (.text:TI_memcpy_small)
                  0001d6aa    00000012            : copy_decompress_none.c.obj (.text:decompress:none)
                  0001d6bc    00000010     Clock.o (.text.Clock_Delay)
                  0001d6cc    00000010     LaunchPad.o (.text.Delay)
                  0001d6dc    00000010     Joy.o (.text.Joy_InButton)
                  0001d6ec    00000010     Input.o (.text.ReadKeys)
                  0001d6fc    00000010     libc.a : copy_zero_init.c.obj (.text:decompress:ZI)
                  0001d70c    0000000e            : memory.c.obj (.text.OUTLINED_FUNCTION_0)
                  0001d71a    0000000e     ST7735_SDC.o (.text.ST7735_lseek)
                  0001d728    0000000e     libclang_rt.builtins.a : aeabi_memset.S.obj (.text.__aeabi_memset)
                  0001d736    0000000e     libsysbm.a : hostrename.c.obj (.text.strcpy)
                  0001d744    0000000e     libc.a : _printfi.c.obj (.text.strlen)
                  0001d752    0000000e     libsysbm.a : hostrename.c.obj (.text.strlen)
                  0001d760    0000000e     libc.a : memset16.S.obj (.text:TI_memset_small)
                  0001d76e    00000002     --HOLE-- [fill = 0]
                  0001d770    0000000c     Clock.o (.text.Clock_Freq)
                  0001d77c    0000000c     ST7735_SDC.o (.text.ST7735_rename)
                  0001d788    0000000c     Sync.o (.text.Sync_Init)
                  0001d794    0000000c     libclang_rt.builtins.a : aeabi_memset.S.obj (.text.__aeabi_memclr)
                  0001d7a0    0000000c     libc.a : memory.c.obj (.text.malloc)
                  0001d7ac    0000000a     ST7735_SDC.o (.text.ST7735_close)
                  0001d7b6    0000000a     ST7735_SDC.o (.text.ST7735_unlink)
                  0001d7c0    0000000a     libc.a : sprintf.c.obj (.text._outc)
                  0001d7ca    00000002     --HOLE-- [fill = 0]
                  0001d7cc    00000008     libclang_rt.builtins.a : aeabi_memcpy.S.obj (.text.__aeabi_memcpy)
                  0001d7d4    00000008     libc.a : printf.c.obj (.text._outc)
                  0001d7dc    00000008            : printf.c.obj (.text._outs)
                  0001d7e4    00000008            : fseek.c.obj (.text.fseek)
                  0001d7ec    00000008     libsysbm.a : remove.c.obj (.text.remove)
                  0001d7f4    00000004     startup_mspm0g3507_ticlang.o (.text.Reset_Handler)
                  0001d7f8    00000004     libc.a : pre_init.c.obj (.text._system_pre_init)
                  0001d7fc    00000004            : exit.c.obj (.text:abort)

.cinit     0    0001d800    00000230     
                  0001d800    00000205     (.cinit..data.load) [load image, compression = lzss]
                  0001da05    00000003     --HOLE-- [fill = 0]
                  0001da08    0000000c     (__TI_handler_table)
                  0001da14    00000008     (.cinit..bss.load) [load image, compression = zero_init]
                  0001da1c    00000010     (__TI_cinit_table)
                  0001da2c    00000004     --HOLE-- [fill = 0]

.rodata    0    000000c0    000138d8     
                  000000c0    000023c0     Sounds.o (.rodata.reloadSound)
                  00002480    00002000     main.o (.rodata.AgentYBack)
                  00004480    00002000     main.o (.rodata.AgentYFront)
                  00006480    00002000     Graphics.o (.rodata.SCBarkley)
                  00008480    00002000     Graphics.o (.rodata.circuitBoardTex)
                  0000a480    00002000     Graphics.o (.rodata.matrix2)
                  0000c480    00001e78     Sounds.o (.rodata.shotgunSound)
                  0000e2f8    00000b9e     Sounds.o (.rodata.pistolSound)
                  0000ee96    0000095a     Sounds.o (.rodata.weaploadSound)
                  0000f7f0    0000094f     Sounds.o (.rodata.outofammoSound)
                  0001013f    00000001     Graphics.o (.rodata.str1.174670005707905455781)
                  00010140    00000800     main.o (.rodata.ExplosionImage)
                  00010940    00000800     main.o (.rodata.PistolImage)
                  00011140    00000800     main.o (.rodata.RifleImage)
                  00011940    00000800     main.o (.rodata.ShotgunImage)
                  00012140    000004fb     Buffer.o (.rodata.Font)
                  0001263b    000004fb     ST7735_SDC.o (.rodata.Font)
                  00012b36    00000240     Graphics.o (.rodata.OGMap)
                  00012d76    00000200     main.o (.rodata.Ammosprite)
                  00012f76    00000200     main.o (.rodata.Medkitsprite)
                  00013176    00000200     main.o (.rodata.Pistolsprite)
                  00013376    00000200     main.o (.rodata.Riflesprite)
                  00013576    00000200     main.o (.rodata.Shotgunsprite)
                  00013776    0000003b     ST7735_SDC.o (.rodata.Rcmd1)
                  000137b1    00000035     main.o (.rodata.str1.102198819253266672751)
                  000137e6    00000035     main.o (.rodata.str1.115890148426537372251)
                  0001381b    00000035     main.o (.rodata.str1.140962207062303880201)
                  00013850    00000030     main.o (.rodata.str1.139123098054563454261)
                  00013880    0000002b     ST7735_SDC.o (.rodata.Rcmd3)
                  000138ab    00000016     ST7735_SDC.o (.rodata.str1.28433820059943190321)
                  000138c1    00000011     libc.a : _printfi.c.obj (.rodata.str1.153638888446227384661)
                  000138d2    0000000f     ff.o (.rodata.str1.113280866994296648041)
                  000138e1    0000000e     Graphics.o (.rodata.str1.111845795882479080211)
                  000138ef    0000000d     ST7735_SDC.o (.rodata.Rcmd2green)
                  000138fc    0000000d     ST7735_SDC.o (.rodata.Rcmd2red)
                  00013909    0000000c     Graphics.o (.rodata.str1.37161536259113115651)
                  00013915    0000000b     Graphics.o (.rodata.str1.46143995295070766951)
                  00013920    0000000a     Graphics.o (.rodata.str1.67127546031375070101)
                  0001392a    00000009     ST7735_SDC.o (.rodata.str1.119827176004061594541)
                  00013933    00000009     main.o (.rodata.str1.182731374899196392841)
                  0001393c    00000009     ST7735_SDC.o (.rodata.str1.96930949990895218701)
                  00013945    00000008     main.o (.rodata.str1.128962870563899395191)
                  0001394d    00000008     ST7735_SDC.o (.rodata.str1.165812335033060454901)
                  00013955    00000007     ST7735_SDC.o (.rodata.str1.108798170232719549071)
                  0001395c    00000007     main.o (.rodata.str1.164552152177587026401)
                  00013963    00000007     main.o (.rodata.str1.181369900268917052751)
                  0001396a    00000007     ST7735_SDC.o (.rodata.str1.48346598350755635861)
                  00013971    00000007     ST7735_SDC.o (.rodata.str1.65157548236227532931)
                  00013978    00000006     ST7735_SDC.o (.rodata.str1.105453447318699584981)
                  0001397e    00000006     ST7735_SDC.o (.rodata.str1.175182287407566781581)
                  00013984    00000006     main.o (.rodata.str1.58265674741439123291)
                  0001398a    00000003     Graphics.o (.rodata.str1.25158831670344200691)
                  0001398d    00000002     ST7735_SDC.o (.rodata.str1.139922138757215469871)
                  0001398f    00000002     Graphics.o (.rodata.str1.2002389610935928081)
                  00013991    00000001     main.o (.rodata.str1.30235616187663446621)
                  00013992    00000006     --HOLE-- [fill = 0]

.init_array 
*          0    00000000    00000000     UNINITIALIZED

.binit     0    00000000    00000000     

.bss       0    20200000    000062fa     UNINITIALIZED
                  20200000    00005000     (.common:renderBuffer)
                  20205000    00000500     (.common:ZBuffer)
                  20205500    00000480     (.common:miniMap)
                  20205980    00000240     (.common:worldMap)
                  20205bc0    00000234     Graphics.o (.bss.g_sFatFs)
                  20205df4    00000200     SoundSD.o (.bss.buf1)
                  20205ff4    00000120     libsysbm.a : trgmsg.c.obj (.bss:_CIOBUF_)
                  20206114    000000a0     libc.a : defs.c.obj (.bss.__TI_tmpnams)
                  202061b4    00000080     (.common:floorGradient)
                  20206234    00000040     FIFO.o (.bss.RxFifo)
                  20206274    0000000c     (.common:Message)
                  20206280    00000008     libsysbm.a : hostopen.c.obj (.bss.parmbuf)
                  20206288    00000008     (.common:otherDirX)
                  20206290    00000008     (.common:otherDirY)
                  20206298    00000008     (.common:otherPosX)
                  202062a0    00000008     (.common:otherPosY)
                  202062a8    00000004     ff.o (.bss.FatFs)
                  202062ac    00000004     diskio.o (.bss.Timer1)
                  202062b0    00000004     diskio.o (.bss.Timer2)
                  202062b4    00000004     SoundSD.o (.bss.needRefill)
                  202062b8    00000004     libc.a : memory.c.obj (.bss.sys_free)
                  202062bc    00000004     (.common:Joy_x)
                  202062c0    00000004     (.common:Joy_y)
                  202062c4    00000004     (.common:LCDresetFlag)
                  202062c8    00000004     (.common:Length)
                  202062cc    00000004     (.common:LostData)
                  202062d0    00000004     (.common:Messageindex)
                  202062d4    00000004     (.common:RxGetI)
                  202062d8    00000004     (.common:RxPutI)
                  202062dc    00000004     (.common:SoundPt)
                  202062e0    00000004     (.common:flag_done)
                  202062e4    00000004     (.common:ms_done)
                  202062e8    00000004     (.common:ms_passed)
                  202062ec    00000002     ff.o (.bss.Fsid)
                  202062ee    00000002     ST7735_SDC.o (.bss.sdcBuffer)
                  202062f0    00000001     diskio.o (.bss.CardType)
                  202062f1    00000001     ST7735_SDC.o (.bss.ColStart)
                  202062f2    00000001     ST7735_SDC.o (.bss.Rotation)
                  202062f3    00000001     ST7735_SDC.o (.bss.RowStart)
                  202062f4    00000001     ST7735_SDC.o (.bss.TabColor)
                  202062f5    00000001     (.common:InitStatus)
                  202062f6    00000001     (.common:MountFresult)
                  202062f7    00000001     (.common:isShooting)
                  202062f8    00000001     (.common:isSwapping)
                  202062f9    00000001     (.common:reloaded)

.data      0    20206300    000007a1     UNINITIALIZED
                  20206300    00000258     main.o (.data.Sprites)
                  20206558    000000f0     libc.a : defs.c.obj (.data._ftable)
                  20206648    00000078     libsysbm.a : host_device.c.obj (.data._device)
                  202066c0    00000068     main.o (.data.ammo_big)
                  20206728    00000068     main.o (.data.ammo_small)
                  20206790    00000068     main.o (.data.medkit)
                  202067f8    00000068     main.o (.data.pistol)
                  20206860    00000068     main.o (.data.rifle)
                  202068c8    00000068     main.o (.data.shotgun)
                  20206930    00000050     libsysbm.a : host_device.c.obj (.data._stream)
                  20206980    00000028     Sounds.o (.data.SoundEffects)
                  202069a8    00000028     main.o (.data.gunFlash)
                  202069d0    00000018     main.o (.data.items)
                  202069e8    00000014     main.o (.data.inventory)
                  202069fc    00000010     Graphics.o (.data.textures)
                  20206a0c    00000008     libc.a : exit.c.obj (.data..L_MergedGlobals)
                  20206a14    00000004     Clock.o (.data.BusFreq)
                  20206a18    00000008     main.o (.data.dirX)
                  20206a20    00000008     main.o (.data.dirY)
                  20206a28    00000008     main.o (.data.planeX)
                  20206a30    00000008     main.o (.data.planeY)
                  20206a38    00000008     main.o (.data.posX)
                  20206a40    00000008     main.o (.data.posY)
                  20206a48    00000004     Graphics.o (.data.RenderScene.side)
                  20206a4c    00000004     ST7735_SDC.o (.data.StX)
                  20206a50    00000004     ST7735_SDC.o (.data.StY)
                  20206a54    00000004     SoundSD.o (.data.SysTick_Handler.idx)
                  20206a58    00000004     libc.a : defs.c.obj (.data.__TI_ft_end)
                  20206a5c    00000004            : _lock.c.obj (.data._lock)
                  20206a60    00000004            : _lock.c.obj (.data._unlock)
                  20206a64    00000004     SoundSD.o (.data.front)
                  20206a68    00000004     main.o (.data.kills)
                  20206a6c    00000004     libc.a : rand.c.obj (.data.next)
                  20206a70    00000004     main.o (.data.numsprites)
                  20206a74    00000004     main.o (.data.otherHealth)
                  20206a78    00000004     main.o (.data.otherKills)
                  20206a7c    00000004     Sync.o (.data.otherPlayer)
                  20206a80    00000004     main.o (.data.playerHealth)
                  20206a84    00000002     ST7735_SDC.o (.data.StTextColor)
                  20206a86    00000002     Sync.o (.data.TIMA0_IRQHandler.timeCt)
                  20206a88    00000002     ST7735_SDC.o (.data._height)
                  20206a8a    00000002     ST7735_SDC.o (.data._width)
                  20206a8c    00000002     Sync.o (.data.hitTimer)
                  20206a8e    00000001     sprites.o (.data.RenderForegroundSprites.sidesDrawn)
                  20206a8f    00000001     Sounds.o (.data.SoundMode)
                  20206a90    00000001     diskio.o (.data.Stat)
                  20206a91    00000001     Sync.o (.data.TIMG7_IRQHandler.packetIndex)
                  20206a92    00000001     Sync.o (.data.TIMG8_IRQHandler.packetIndex)
                  20206a93    00000001     sprites.o (.data.canSwapItems)
                  20206a94    00000001     libsysbm.a : add_device.c.obj (.data.add_device.device_init)
                  20206a95    00000001     main.o (.data.healthCode)
                  20206a96    00000001     Sync.o (.data.hitDir)
                  20206a97    00000001     main.o (.data.isOnTarget)
                  20206a98    00000001     main.o (.data.isVulnerable)
                  20206a99    00000001     Sync.o (.data.itemsStatus)
                  20206a9a    00000001     Input.o (.data.lastInput)
                  20206a9b    00000001     Input.o (.data.rifleCanShoot)
                  20206a9c    00000001     libc.a : memory.c.obj (.data.memory_is_initialized)
                  20206a9d    00000003     --HOLE--
                  20206aa0    00000001     libsysbm.a : open.c.obj (.data.open.stream_init)

.sysmem    0    20206aa8    00000200     UNINITIALIZED
                  20206aa8    00000010     libc.a : memory.c.obj (.sysmem)
                  20206ab8    000001f0     --HOLE--

.stack     0    20207e00    00000200     UNINITIALIZED
                  20207e00    00000004     libc.a : boot_cortex_m.c.obj (.stack)
                  20207e04    000001fc     --HOLE--

__llvm_prf_cnts 
*          0    20200000    00000000     UNINITIALIZED

__llvm_prf_bits 
*          0    20200000    00000000     UNINITIALIZED

MODULE SUMMARY

       Module                         code    ro data   rw data
       ------                         ----    -------   -------
    .\
       Graphics.o                     3684    25205     3602   
       main.o                         578     27381     1411   
       Sounds.o                       136     24703     49     
       Buffer.o                       1556    1275      20608  
       ff.o                           8226    15        6      
       ST7735_SDC.o                   3744    1486      36     
       diskio.o                       3300    0         14     
       sprites.o                      2534    0         2      
       Input.o                        2240    0         5      
       Sync.o                         2192    0         12     
       Timer.o                        984     0         0      
       Inventory.o                    760     0         0      
       ADC.o                          704     0         0      
       SoundSD.o                      148     0         524    
       Clock.o                        516     0         4      
       UART2.o                        358     0         4      
       SPI.o                          312     0         0      
       FIFO.o                         196     0         72     
       LaunchPad.o                    196     0         0      
       DAC.o                          188     0         0      
       UART1.o                        148     0         0      
       Async_Delay.o                  128     0         12     
       Joy.o                          80      0         0      
    +--+------------------------------+-------+---------+---------+
       Total:                         32908   80065     26361  
                                                               
    .\ticlang\
       startup_mspm0g3507_ticlang.o   60      192       0      
    +--+------------------------------+-------+---------+---------+
       Total:                         60      192       0      
                                                               
    C:\ti\ccs2000\ccs\tools\compiler\ti-cgt-armllvm_4.0.1.LTS\lib\armv6m-ti-none-eabi/c/libc.a
       memory.c.obj                   702     0         5      
       _printfi.c.obj                 658     17        0      
       fopen.c.obj                    556     0         0      
       defs.c.obj                     0       0         404    
       s_floor.c.obj                  324     0         0      
       qsort.c.obj                    308     0         0      
       fputs.c.obj                    248     0         0      
       setvbuf.c.obj                  224     0         0      
       getdevice.c.obj                160     0         0      
       fputc.c.obj                    156     0         0      
       strcmp-armv6m.S.obj            136     0         0      
       copy_decompress_lzss.c.obj     124     0         0      
       fclose.c.obj                   124     0         0      
       fseek.c.obj                    116     0         0      
       printf.c.obj                   108     0         0      
       _io_perm.c.obj                 100     0         0      
       rand.c.obj                     92      0         4      
       sprintf.c.obj                  90      0         0      
       fflush.c.obj                   82      0         0      
       exit.c.obj                     56      0         8      
       autoinit.c.obj                 60      0         0      
       boot_cortex_m.c.obj            40      0         0      
       memccpy.c.obj                  34      0         0      
       copy_decompress_none.c.obj     18      0         0      
       memcpy16.S.obj                 18      0         0      
       copy_zero_init.c.obj           16      0         0      
       memset16.S.obj                 14      0         0      
       _lock.c.obj                    2       0         8      
       pre_init.c.obj                 4       0         0      
    +--+------------------------------+-------+---------+---------+
       Total:                         4570    17        429    
                                                               
    C:\ti\ccs2000\ccs\tools\compiler\ti-cgt-armllvm_4.0.1.LTS\lib\armv6m-ti-none-eabi/c/libsysbm.a
       trgmsg.c.obj                   104     0         288    
       add_device.c.obj               236     0         1      
       host_device.c.obj              0       0         200    
       open.c.obj                     160     0         1      
       hostrename.c.obj               136     0         0      
       hostlseek.c.obj                108     0         0      
       hostopen.c.obj                 96      0         8      
       hostread.c.obj                 88      0         0      
       hostwrite.c.obj                88      0         0      
       close.c.obj                    80      0         0      
       hostclose.c.obj                72      0         0      
       hostunlink.c.obj               72      0         0      
       unlink.c.obj                   44      0         0      
       lseek.c.obj                    40      0         0      
       write.c.obj                    40      0         0      
       remove.c.obj                   8       0         0      
    +--+------------------------------+-------+---------+---------+
       Total:                         1372    0         498    
                                                               
    C:\ti\ccs2000\ccs\tools\compiler\ti-cgt-armllvm_4.0.1.LTS\lib\armv6m-ti-none-eabi/libclang_rt.builtins.a
       adddf3.S.obj                   402     0         0      
       divdf3.S.obj                   268     0         0      
       muldf3.S.obj                   228     0         0      
       comparedf2.c.obj               220     0         0      
       aeabi_dcmp.S.obj               98      0         0      
       aeabi_idivmod.S.obj            86      0         0      
       fixdfsi.S.obj                  74      0         0      
       aeabi_uidivmod.S.obj           64      0         0      
       muldsi3.S.obj                  58      0         0      
       floatsidf.S.obj                44      0         0      
       floatunsidf.S.obj              36      0         0      
       aeabi_memset.S.obj             26      0         0      
       aeabi_memcpy.S.obj             8       0         0      
       aeabi_div0.c.obj               2       0         0      
    +--+------------------------------+-------+---------+---------+
       Total:                         1614    0         0      
                                                               
       Heap:                          0       0         512    
       Stack:                         0       0         512    
       Linker Generated:              0       553       0      
    +--+------------------------------+-------+---------+---------+
       Grand Total:                   40524   80827     28312  


LINKER GENERATED COPY TABLES

__TI_cinit_table @ 0001da1c records: 2, size/record: 8, table size: 16
	.data: load addr=0001d800, load size=00000205 bytes, run addr=20206300, run size=000007a1 bytes, compression=lzss
	.bss: load addr=0001da14, load size=00000008 bytes, run addr=20200000, run size=000062fa bytes, compression=zero_init


LINKER GENERATED HANDLER TABLE

__TI_handler_table @ 0001da08 records: 3, size/record: 4, table size: 12
	index: 0, handler: __TI_decompress_lzss
	index: 1, handler: __TI_decompress_none
	index: 2, handler: __TI_zero_init


GLOBAL SYMBOLS: SORTED ALPHABETICALLY BY Name 

address   name                          
-------   ----                          
0001d525  ADC0_IRQHandler               
0001c8e5  ADC0_In                       
00018eb5  ADC0_Init                     
0001d525  ADC1_IRQHandler               
0001bef5  ADC_InDual                    
000182f9  ADC_InitDual                  
0001d525  AES_IRQHandler                
0001cd1d  ActivatePortA_B               
00002480  AgentYBack                    
00004480  AgentYFront                   
00012d76  Ammosprite                    
20206a14  BusFreq                       
0001d7fc  C$$EXIT                       
0001d005  C$$IO$$                       
0001d525  CANFD0_IRQHandler             
0001d411  CS_Init                       
00014c71  CastRays                      
0001d6bd  Clock_Delay                   
0001cea1  Clock_Delay1ms                
0001d771  Clock_Freq                    
00016d09  Clock_Init80MHz               
0001d525  DAC0_IRQHandler               
0001a28d  DAC_Init                      
0001d639  DAC_Out                       
0001d525  DMA_IRQHandler                
0001d525  Default_Handler               
0001d6cd  Delay                         
00015ef1  DrawCrosshair                 
00016779  DrawHealthBar                 
000199b5  DrawHitIndicator              
0001b69d  DrawMinimap                   
00010140  ExplosionImage                
0001addd  FillMap                       
0001d525  GROUP0_IRQHandler             
0001d525  GROUP1_IRQHandler             
0001b3b5  Graphics_Init                 
0001c77d  HOSTclose                     
0001bb9d  HOSTlseek                     
0001c0e5  HOSTopen                      
0001c2b9  HOSTread                      
0001bc09  HOSTrename                    
0001c7c5  HOSTunlink                    
0001c311  HOSTwrite                     
0001d541  HardFault_Handler             
0001d525  I2C0_IRQHandler               
0001d525  I2C1_IRQHandler               
202062f5  InitStatus                    
0001c929  Input_Init                    
00019285  Inventory_add                 
0001d675  Inventory_currentItem         
0001d435  Inventory_next                
0001b87b  Inventory_removeCurrent       
000197f5  Inventory_replace             
0001d687  Item_isSpent                  
0001d4e7  Item_isWeapon                 
0001d55d  Joy_In                        
0001d6dd  Joy_InButton                  
0001d459  Joy_Init                      
202062bc  Joy_x                         
202062c0  Joy_y                         
202062c4  LCDresetFlag                  
0001b431  LaunchPad_Init                
202062c8  Length                        
202062cc  LostData                      
00012f76  Medkitsprite                  
20206274  Message                       
202062d0  Messageindex                  
202062f6  MountFresult                  
000139a1  MovePlayer                    
0001d525  NMI_Handler                   
00012b36  OGMap                         
0001d525  PendSV_Handler                
00010940  PistolImage                   
00013176  Pistolsprite                  
0001b129  PrecalculateFloorGradient     
0001d525  RTC_IRQHandler                
00019db5  RandomizeSprites              
0001d6ed  ReadKeys                      
0001cbb5  RenderBuffer                  
00018fa9  RenderForegroundSprites       
0001b715  RenderHUD                     
0001a335  RenderInventory               
0001c96d  RenderScene                   
0001909d  RenderSky                     
000140dd  RenderSprite                  
000173a1  RenderSprites                 
0001d7f5  Reset_Handler                 
00011140  RifleImage                    
00013376  Riflesprite                   
0001c601  RxFifo_Get                    
0001d64d  RxFifo_Init                   
0001c64d  RxFifo_Put                    
0001d595  RxFifo_Size                   
202062d4  RxGetI                        
202062d8  RxPutI                        
00006480  SCBarkley                     
0001d525  SPI0_IRQHandler               
0001d525  SPI1_IRQHandler               
00017bc5  SPI1_Init                     
00018cc5  SPI_Init                      
0001c9f5  SPI_Reset                     
0001d0dd  ST7735_Color565               
00016569  ST7735_DrawBitmap             
00019549  ST7735_DrawBitmapFromSDC      
0001706d  ST7735_DrawCharS              
0001ba4d  ST7735_DrawPixel              
0001b1ad  ST7735_DrawString             
00018661  ST7735_FillRect               
0001d1a1  ST7735_FillScreen             
0001aa4d  ST7735_InitPrintf             
0001ab85  ST7735_InitR                  
00019a91  ST7735_OutChar                
0001b231  ST7735_OutUDec                
0001ced5  ST7735_SetCursor              
00019191  ST7735_SetRotation            
0001d661  ST7735_SetTextColor           
0001d7ad  ST7735_close                  
0001d71b  ST7735_lseek                  
0001d60d  ST7735_open                   
0001d623  ST7735_read                   
0001d77d  ST7735_rename                 
0001d7b7  ST7735_unlink                 
0001cf09  ST7735_write                  
0001d525  SVC_Handler                   
00011940  ShotgunImage                  
00013576  Shotgunsprite                 
20206980  SoundEffects                  
20206a8f  SoundMode                     
202062dc  SoundPt                       
0001c80d  Sound_Init                    
0001ca35  Sound_Start                   
20206300  Sprites                       
20206a84  StTextColor                   
20206a4c  StX                           
20206a50  StY                           
0001d789  Sync_Init                     
0001acb5  SysTick_Handler               
0001cf3d  SystemInit                    
0001babd  TFT_OutCommand                
0001bc75  TFT_OutData                   
0001ca75  TIMA0_IRQHandler              
0001d525  TIMA1_IRQHandler              
0001c855  TIMG0_IRQHandler              
00019c31  TIMG12_IRQHandler             
0001d5ad  TIMG6_IRQHandler              
0001b8f1  TIMG7_IRQHandler              
0001c1a5  TIMG8_IRQHandler              
0001d699  TI_memcpy_small               
0001d761  TI_memset_small               
0001a3dd  TimerA0_IntArm                
0001a725  TimerG0_IntArm                
0001ad49  TimerG12_IntArm               
0001a485  TimerG6_IntArm                
0001a52d  TimerG7_IntArm                
0001a5d5  TimerG8_IntArm                
0001d525  UART0_IRQHandler              
0001d525  UART1_IRQHandler              
0001b4ad  UART1_Init                    
0001d5c5  UART1_OutChar                 
0001bce1  UART2_IRQHandler              
0001d2a9  UART2_InChar                  
00019b61  UART2_Init                    
0001d525  UART3_IRQHandler              
20205000  ZBuffer                       
20205ff4  _CIOBUF_                      
20205ff4  __CIOBUF_                     
20208000  __STACK_END                   
00000200  __STACK_SIZE                  
00000200  __SYSMEM_SIZE                 
00000000  __TI_ATRegion0_region_sz      
00000000  __TI_ATRegion0_src_addr       
00000000  __TI_ATRegion0_trg_addr       
00000000  __TI_ATRegion1_region_sz      
00000000  __TI_ATRegion1_src_addr       
00000000  __TI_ATRegion1_trg_addr       
00000000  __TI_ATRegion2_region_sz      
00000000  __TI_ATRegion2_src_addr       
00000000  __TI_ATRegion2_trg_addr       
0001da1c  __TI_CINIT_Base               
0001da2c  __TI_CINIT_Limit              
0001da2c  __TI_CINIT_Warm               
0001da08  __TI_Handler_Table_Base       
0001da14  __TI_Handler_Table_Limit      
0001cca5  __TI_auto_init_nobinit_nopinit
0001cf71  __TI_cleanup                  
20206a0c  __TI_cleanup_ptr              
0001b529  __TI_closefile                
0001b621  __TI_decompress_lzss          
0001d6ab  __TI_decompress_none          
0001c4bd  __TI_doflush                  
20206a10  __TI_dtors_ptr                
20206a58  __TI_ft_end                   
ffffffff  __TI_pprof_out_hndl           
000159fd  __TI_printfi_minimal          
ffffffff  __TI_prof_data_size           
ffffffff  __TI_prof_data_start          
0001cfa5  __TI_readmsg                  
00000000  __TI_static_base__            
20206114  __TI_tmpnams                  
0001cfd9  __TI_writemsg                 
0001bf59  __TI_wrt_ok                   
0001d6fd  __TI_zero_init                
00017217  __adddf3                      
0001c731  __aeabi_d2iz                  
00017217  __aeabi_dadd                  
0001c021  __aeabi_dcmpeq                
0001c05d  __aeabi_dcmpge                
0001c071  __aeabi_dcmpgt                
0001c049  __aeabi_dcmple                
0001c035  __aeabi_dcmplt                
00018ab9  __aeabi_ddiv                  
0001962d  __aeabi_dmul                  
0001720d  __aeabi_dsub                  
0001d1cd  __aeabi_i2d                   
0001c369  __aeabi_idiv                  
0001739f  __aeabi_idiv0                 
0001c369  __aeabi_idivmod               
0001d795  __aeabi_memclr                
0001d795  __aeabi_memclr4               
0001d795  __aeabi_memclr8               
0001d7cd  __aeabi_memcpy                
0001d7cd  __aeabi_memcpy4               
0001d7cd  __aeabi_memcpy8               
0001d729  __aeabi_memset                
0001d729  __aeabi_memset4               
0001d729  __aeabi_memset8               
0001d47d  __aeabi_ui2d                  
0001cab5  __aeabi_uidiv                 
0001cab5  __aeabi_uidivmod              
ffffffff  __binit__                     
0001be25  __cmpdf2                      
00018ab9  __divdf3                      
0001be25  __eqdf2                       
0001c731  __fixdfsi                     
0001d1cd  __floatsidf                   
0001d47d  __floatunsidf                 
0001b965  __gedf2                       
0001b965  __gtdf2                       
0001be25  __ledf2                       
0001be25  __ltdf2                       
UNDEFED   __mpu_init                    
0001962d  __muldf3                      
0001cce1  __muldsi3                     
0001be25  __nedf2                       
20207e00  __stack                       
20200000  __start___llvm_prf_bits       
20200000  __start___llvm_prf_cnts       
20200000  __stop___llvm_prf_bits        
20200000  __stop___llvm_prf_cnts        
0001720d  __subdf3                      
0001d39d  _c_int00_noargs               
20206648  _device                       
20206558  _ftable                       
20206a5c  _lock                         
000182f7  _nop                          
20206930  _stream                       
20206aa8  _sys_memory                   
UNDEFED   _system_post_cinit            
0001d7f9  _system_pre_init              
20206a60  _unlock                       
0001d7fd  abort                         
00019375  add_device                    
00018891  aligned_alloc                 
202066c0  ammo_big                      
20206728  ammo_small                    
ffffffff  binit                         
0001a90d  blitBufferToRenderBuffer      
20206a93  canSwapItems                  
00008480  circuitBoardTex               
0001af8d  clearRenderBuffer             
0001c511  close                         
0001ce35  clust2sect                    
0001c3bf  compareSprites                
20206a18  dirX                          
20206a20  dirY                          
0001a135  diskError                     
00016129  disk_initialize               
000154ad  disk_ioctl                    
00019711  disk_read                     
0001d111  disk_status                   
0001bb2d  disk_timerproc                
00018779  disk_write                    
00018bc5  drawCharToBuffer              
00016351  drawForegroundSpriteToBuffer  
0001d00d  exit                          
0001cb75  f_close                       
0001ac1d  f_mount                       
00015c81  f_open                        
00015765  f_read                        
000189a5  f_sync                        
0001d141  fastCos                       
0001cbf1  fastSin                       
0001c415  fillmessage                   
0001d041  finddevice                    
202062e0  flag_done                     
0001793d  floor                         
202061b4  floorGradient                 
0001793d  floorl                        
0001d171  fopen                         
0001aae9  fputc                         
00018dbd  fputs                         
00019461  free                          
0001d075  freopen                       
0001d7e5  fseek                         
0001bd4d  fseeko                        
0001b9d9  generateSprite                
00016ebd  getDirectionPacket            
000180a9  getInfoPacket                 
00019cf5  getPositionPacket             
0001b5a5  getRandomMapPos               
00017691  get_fat                       
0001bdb9  getdevice                     
202069a8  gunFlash                      
20206a95  healthCode                    
20206a96  hitDir                        
20206a8c  hitTimer                      
0001c699  inInventory                   
0001d3c5  initRandom                    
00000000  interruptVectors              
202069e8  inventory                     
20206a97  isOnTarget                    
202062f7  isShooting                    
202062f8  isSwapping                    
20206a98  isVulnerable                  
202069d0  items                         
20206a99  itemsStatus                   
20206a68  kills                         
20206a9a  lastInput                     
0001d325  lseek                         
00017d05  main                          
0001d7a1  malloc                        
0000a480  matrix2                       
20206790  medkit                        
00018891  memalign                      
0001d4c5  memccpy                       
20205500  miniMap                       
202062e4  ms_done                       
202062e8  ms_passed                     
20206a70  numsprites                    
0001a9ad  open                          
20206288  otherDirX                     
20206290  otherDirY                     
20206a74  otherHealth                   
20206a78  otherKills                    
20206a7c  otherPlayer                   
20206298  otherPosX                     
202062a0  otherPosY                     
0000f7f0  outofammoSound                
20206280  parmbuf                       
202067f8  pistol                        
0000e2f8  pistolSound                   
20206a28  planeX                        
20206a30  planeY                        
20206a80  playerHealth                  
20206a38  posX                          
20206a40  posY                          
0001c6e5  printAmmo                     
0001d34d  printItem                     
0001ae6d  printLeaderboard              
00019f25  printToBuffer                 
0001c201  printf                        
0001cd55  processHit                    
0001696d  put_fat                       
00017f75  qsort                         
0001cd8d  rand                          
000000c0  reloadSound                   
202062f9  reloaded                      
0001d7ed  remove                        
20200000  renderBuffer                  
0001a1e1  respawnPlayer                 
20206860  rifle                         
20206a9b  rifleCanShoot                 
0001b2b5  sendDirectionPacket           
0001cc69  sendInfoPacket                
0001b335  sendPositionPacket            
0001c25d  setPixelBuffer                
000198d5  setvbuf                       
202068c8  shotgun                       
0000c480  shotgunSound                  
0001cdc5  sprintf                       
0001d4a1  srand                         
0001cdfd  start_delay                   
0001b0a1  strcmp                        
202069fc  textures                      
0001d27d  unlink                        
0000ee96  weaploadSound                 
20205980  worldMap                      
0001d375  write                         


GLOBAL SYMBOLS: SORTED BY Symbol Address 

address   name                          
-------   ----                          
00000000  __TI_ATRegion0_region_sz      
00000000  __TI_ATRegion0_src_addr       
00000000  __TI_ATRegion0_trg_addr       
00000000  __TI_ATRegion1_region_sz      
00000000  __TI_ATRegion1_src_addr       
00000000  __TI_ATRegion1_trg_addr       
00000000  __TI_ATRegion2_region_sz      
00000000  __TI_ATRegion2_src_addr       
00000000  __TI_ATRegion2_trg_addr       
00000000  __TI_static_base__            
00000000  interruptVectors              
000000c0  reloadSound                   
00000200  __STACK_SIZE                  
00000200  __SYSMEM_SIZE                 
00002480  AgentYBack                    
00004480  AgentYFront                   
00006480  SCBarkley                     
00008480  circuitBoardTex               
0000a480  matrix2                       
0000c480  shotgunSound                  
0000e2f8  pistolSound                   
0000ee96  weaploadSound                 
0000f7f0  outofammoSound                
00010140  ExplosionImage                
00010940  PistolImage                   
00011140  RifleImage                    
00011940  ShotgunImage                  
00012b36  OGMap                         
00012d76  Ammosprite                    
00012f76  Medkitsprite                  
00013176  Pistolsprite                  
00013376  Riflesprite                   
00013576  Shotgunsprite                 
000139a1  MovePlayer                    
000140dd  RenderSprite                  
00014c71  CastRays                      
000154ad  disk_ioctl                    
00015765  f_read                        
000159fd  __TI_printfi_minimal          
00015c81  f_open                        
00015ef1  DrawCrosshair                 
00016129  disk_initialize               
00016351  drawForegroundSpriteToBuffer  
00016569  ST7735_DrawBitmap             
00016779  DrawHealthBar                 
0001696d  put_fat                       
00016d09  Clock_Init80MHz               
00016ebd  getDirectionPacket            
0001706d  ST7735_DrawCharS              
0001720d  __aeabi_dsub                  
0001720d  __subdf3                      
00017217  __adddf3                      
00017217  __aeabi_dadd                  
0001739f  __aeabi_idiv0                 
000173a1  RenderSprites                 
00017691  get_fat                       
0001793d  floor                         
0001793d  floorl                        
00017bc5  SPI1_Init                     
00017d05  main                          
00017f75  qsort                         
000180a9  getInfoPacket                 
000182f7  _nop                          
000182f9  ADC_InitDual                  
00018661  ST7735_FillRect               
00018779  disk_write                    
00018891  aligned_alloc                 
00018891  memalign                      
000189a5  f_sync                        
00018ab9  __aeabi_ddiv                  
00018ab9  __divdf3                      
00018bc5  drawCharToBuffer              
00018cc5  SPI_Init                      
00018dbd  fputs                         
00018eb5  ADC0_Init                     
00018fa9  RenderForegroundSprites       
0001909d  RenderSky                     
00019191  ST7735_SetRotation            
00019285  Inventory_add                 
00019375  add_device                    
00019461  free                          
00019549  ST7735_DrawBitmapFromSDC      
0001962d  __aeabi_dmul                  
0001962d  __muldf3                      
00019711  disk_read                     
000197f5  Inventory_replace             
000198d5  setvbuf                       
000199b5  DrawHitIndicator              
00019a91  ST7735_OutChar                
00019b61  UART2_Init                    
00019c31  TIMG12_IRQHandler             
00019cf5  getPositionPacket             
00019db5  RandomizeSprites              
00019f25  printToBuffer                 
0001a135  diskError                     
0001a1e1  respawnPlayer                 
0001a28d  DAC_Init                      
0001a335  RenderInventory               
0001a3dd  TimerA0_IntArm                
0001a485  TimerG6_IntArm                
0001a52d  TimerG7_IntArm                
0001a5d5  TimerG8_IntArm                
0001a725  TimerG0_IntArm                
0001a90d  blitBufferToRenderBuffer      
0001a9ad  open                          
0001aa4d  ST7735_InitPrintf             
0001aae9  fputc                         
0001ab85  ST7735_InitR                  
0001ac1d  f_mount                       
0001acb5  SysTick_Handler               
0001ad49  TimerG12_IntArm               
0001addd  FillMap                       
0001ae6d  printLeaderboard              
0001af8d  clearRenderBuffer             
0001b0a1  strcmp                        
0001b129  PrecalculateFloorGradient     
0001b1ad  ST7735_DrawString             
0001b231  ST7735_OutUDec                
0001b2b5  sendDirectionPacket           
0001b335  sendPositionPacket            
0001b3b5  Graphics_Init                 
0001b431  LaunchPad_Init                
0001b4ad  UART1_Init                    
0001b529  __TI_closefile                
0001b5a5  getRandomMapPos               
0001b621  __TI_decompress_lzss          
0001b69d  DrawMinimap                   
0001b715  RenderHUD                     
0001b87b  Inventory_removeCurrent       
0001b8f1  TIMG7_IRQHandler              
0001b965  __gedf2                       
0001b965  __gtdf2                       
0001b9d9  generateSprite                
0001ba4d  ST7735_DrawPixel              
0001babd  TFT_OutCommand                
0001bb2d  disk_timerproc                
0001bb9d  HOSTlseek                     
0001bc09  HOSTrename                    
0001bc75  TFT_OutData                   
0001bce1  UART2_IRQHandler              
0001bd4d  fseeko                        
0001bdb9  getdevice                     
0001be25  __cmpdf2                      
0001be25  __eqdf2                       
0001be25  __ledf2                       
0001be25  __ltdf2                       
0001be25  __nedf2                       
0001bef5  ADC_InDual                    
0001bf59  __TI_wrt_ok                   
0001c021  __aeabi_dcmpeq                
0001c035  __aeabi_dcmplt                
0001c049  __aeabi_dcmple                
0001c05d  __aeabi_dcmpge                
0001c071  __aeabi_dcmpgt                
0001c0e5  HOSTopen                      
0001c1a5  TIMG8_IRQHandler              
0001c201  printf                        
0001c25d  setPixelBuffer                
0001c2b9  HOSTread                      
0001c311  HOSTwrite                     
0001c369  __aeabi_idiv                  
0001c369  __aeabi_idivmod               
0001c3bf  compareSprites                
0001c415  fillmessage                   
0001c4bd  __TI_doflush                  
0001c511  close                         
0001c601  RxFifo_Get                    
0001c64d  RxFifo_Put                    
0001c699  inInventory                   
0001c6e5  printAmmo                     
0001c731  __aeabi_d2iz                  
0001c731  __fixdfsi                     
0001c77d  HOSTclose                     
0001c7c5  HOSTunlink                    
0001c80d  Sound_Init                    
0001c855  TIMG0_IRQHandler              
0001c8e5  ADC0_In                       
0001c929  Input_Init                    
0001c96d  RenderScene                   
0001c9f5  SPI_Reset                     
0001ca35  Sound_Start                   
0001ca75  TIMA0_IRQHandler              
0001cab5  __aeabi_uidiv                 
0001cab5  __aeabi_uidivmod              
0001cb75  f_close                       
0001cbb5  RenderBuffer                  
0001cbf1  fastSin                       
0001cc69  sendInfoPacket                
0001cca5  __TI_auto_init_nobinit_nopinit
0001cce1  __muldsi3                     
0001cd1d  ActivatePortA_B               
0001cd55  processHit                    
0001cd8d  rand                          
0001cdc5  sprintf                       
0001cdfd  start_delay                   
0001ce35  clust2sect                    
0001cea1  Clock_Delay1ms                
0001ced5  ST7735_SetCursor              
0001cf09  ST7735_write                  
0001cf3d  SystemInit                    
0001cf71  __TI_cleanup                  
0001cfa5  __TI_readmsg                  
0001cfd9  __TI_writemsg                 
0001d005  C$$IO$$                       
0001d00d  exit                          
0001d041  finddevice                    
0001d075  freopen                       
0001d0dd  ST7735_Color565               
0001d111  disk_status                   
0001d141  fastCos                       
0001d171  fopen                         
0001d1a1  ST7735_FillScreen             
0001d1cd  __aeabi_i2d                   
0001d1cd  __floatsidf                   
0001d27d  unlink                        
0001d2a9  UART2_InChar                  
0001d325  lseek                         
0001d34d  printItem                     
0001d375  write                         
0001d39d  _c_int00_noargs               
0001d3c5  initRandom                    
0001d411  CS_Init                       
0001d435  Inventory_next                
0001d459  Joy_Init                      
0001d47d  __aeabi_ui2d                  
0001d47d  __floatunsidf                 
0001d4a1  srand                         
0001d4c5  memccpy                       
0001d4e7  Item_isWeapon                 
0001d525  ADC0_IRQHandler               
0001d525  ADC1_IRQHandler               
0001d525  AES_IRQHandler                
0001d525  CANFD0_IRQHandler             
0001d525  DAC0_IRQHandler               
0001d525  DMA_IRQHandler                
0001d525  Default_Handler               
0001d525  GROUP0_IRQHandler             
0001d525  GROUP1_IRQHandler             
0001d525  I2C0_IRQHandler               
0001d525  I2C1_IRQHandler               
0001d525  NMI_Handler                   
0001d525  PendSV_Handler                
0001d525  RTC_IRQHandler                
0001d525  SPI0_IRQHandler               
0001d525  SPI1_IRQHandler               
0001d525  SVC_Handler                   
0001d525  TIMA1_IRQHandler              
0001d525  UART0_IRQHandler              
0001d525  UART1_IRQHandler              
0001d525  UART3_IRQHandler              
0001d541  HardFault_Handler             
0001d55d  Joy_In                        
0001d595  RxFifo_Size                   
0001d5ad  TIMG6_IRQHandler              
0001d5c5  UART1_OutChar                 
0001d60d  ST7735_open                   
0001d623  ST7735_read                   
0001d639  DAC_Out                       
0001d64d  RxFifo_Init                   
0001d661  ST7735_SetTextColor           
0001d675  Inventory_currentItem         
0001d687  Item_isSpent                  
0001d699  TI_memcpy_small               
0001d6ab  __TI_decompress_none          
0001d6bd  Clock_Delay                   
0001d6cd  Delay                         
0001d6dd  Joy_InButton                  
0001d6ed  ReadKeys                      
0001d6fd  __TI_zero_init                
0001d71b  ST7735_lseek                  
0001d729  __aeabi_memset                
0001d729  __aeabi_memset4               
0001d729  __aeabi_memset8               
0001d761  TI_memset_small               
0001d771  Clock_Freq                    
0001d77d  ST7735_rename                 
0001d789  Sync_Init                     
0001d795  __aeabi_memclr                
0001d795  __aeabi_memclr4               
0001d795  __aeabi_memclr8               
0001d7a1  malloc                        
0001d7ad  ST7735_close                  
0001d7b7  ST7735_unlink                 
0001d7cd  __aeabi_memcpy                
0001d7cd  __aeabi_memcpy4               
0001d7cd  __aeabi_memcpy8               
0001d7e5  fseek                         
0001d7ed  remove                        
0001d7f5  Reset_Handler                 
0001d7f9  _system_pre_init              
0001d7fc  C$$EXIT                       
0001d7fd  abort                         
0001da08  __TI_Handler_Table_Base       
0001da14  __TI_Handler_Table_Limit      
0001da1c  __TI_CINIT_Base               
0001da2c  __TI_CINIT_Limit              
0001da2c  __TI_CINIT_Warm               
20200000  __start___llvm_prf_bits       
20200000  __start___llvm_prf_cnts       
20200000  __stop___llvm_prf_bits        
20200000  __stop___llvm_prf_cnts        
20200000  renderBuffer                  
20205000  ZBuffer                       
20205500  miniMap                       
20205980  worldMap                      
20205ff4  _CIOBUF_                      
20205ff4  __CIOBUF_                     
20206114  __TI_tmpnams                  
202061b4  floorGradient                 
20206274  Message                       
20206280  parmbuf                       
20206288  otherDirX                     
20206290  otherDirY                     
20206298  otherPosX                     
202062a0  otherPosY                     
202062bc  Joy_x                         
202062c0  Joy_y                         
202062c4  LCDresetFlag                  
202062c8  Length                        
202062cc  LostData                      
202062d0  Messageindex                  
202062d4  RxGetI                        
202062d8  RxPutI                        
202062dc  SoundPt                       
202062e0  flag_done                     
202062e4  ms_done                       
202062e8  ms_passed                     
202062f5  InitStatus                    
202062f6  MountFresult                  
202062f7  isShooting                    
202062f8  isSwapping                    
202062f9  reloaded                      
20206300  Sprites                       
20206558  _ftable                       
20206648  _device                       
202066c0  ammo_big                      
20206728  ammo_small                    
20206790  medkit                        
202067f8  pistol                        
20206860  rifle                         
202068c8  shotgun                       
20206930  _stream                       
20206980  SoundEffects                  
202069a8  gunFlash                      
202069d0  items                         
202069e8  inventory                     
202069fc  textures                      
20206a0c  __TI_cleanup_ptr              
20206a10  __TI_dtors_ptr                
20206a14  BusFreq                       
20206a18  dirX                          
20206a20  dirY                          
20206a28  planeX                        
20206a30  planeY                        
20206a38  posX                          
20206a40  posY                          
20206a4c  StX                           
20206a50  StY                           
20206a58  __TI_ft_end                   
20206a5c  _lock                         
20206a60  _unlock                       
20206a68  kills                         
20206a70  numsprites                    
20206a74  otherHealth                   
20206a78  otherKills                    
20206a7c  otherPlayer                   
20206a80  playerHealth                  
20206a84  StTextColor                   
20206a8c  hitTimer                      
20206a8f  SoundMode                     
20206a93  canSwapItems                  
20206a95  healthCode                    
20206a96  hitDir                        
20206a97  isOnTarget                    
20206a98  isVulnerable                  
20206a99  itemsStatus                   
20206a9a  lastInput                     
20206a9b  rifleCanShoot                 
20206aa8  _sys_memory                   
20207e00  __stack                       
20208000  __STACK_END                   
ffffffff  __TI_pprof_out_hndl           
ffffffff  __TI_prof_data_size           
ffffffff  __TI_prof_data_start          
ffffffff  __binit__                     
ffffffff  binit                         
UNDEFED   __mpu_init                    
UNDEFED   _system_post_cinit            

[388 symbols]
