******************************************************************************
            TI ARM Clang Linker PC v4.0.1                      
******************************************************************************
>> Linked Sun Apr  6 21:57:25 2025

OUTPUT FILE NAME:   <TheM0+rix_Segfaulted.out>
ENTRY POINT SYMBOL: "_c_int00_noargs"  address: 0001c0bd


MEMORY CONFIGURATION

         name            origin    length      used     unused   attr    fill
----------------------  --------  ---------  --------  --------  ----  --------
  FLASH                 00000000   00020000  0001c698  00003968  R  X
  SRAM                  20200000   00008000  0000685f  000017a1  RW X
  BCR_CONFIG            41c00000   00000080  00000000  00000080  R   
  BSL_CONFIG            41c00100   00000080  00000000  00000080  R   


SEGMENT ALLOCATION MAP

run origin  load origin   length   init length attrs members
----------  ----------- ---------- ----------- ----- -------
00000000    00000000    00015b18   00015b18    r--
  00000000    00000000    000000c0   000000c0    r-- .intvecs
  000000c0    000000c0    00015a58   00015a58    r-- .rodata
00015b20    00015b20    00006b80   00006b80    r-x
  00015b20    00015b20    000069c0   000069c0    r-x .text
  0001c4e0    0001c4e0    000001c0   000001c0    r-- .cinit
20200000    20200000    00006668   00000000    rw-
  20200000    20200000    00005e7a   00000000    rw- .bss
  20205e80    20205e80    000005e5   00000000    rw- .data
  20206468    20206468    00000200   00000000    rw- .sysmem
20207e00    20207e00    00000200   00000000    rw-
  20207e00    20207e00    00000200   00000000    rw- .stack


SECTION ALLOCATION MAP

 output                                  attributes/
section   page    origin      length       input sections
--------  ----  ----------  ----------   ----------------
.intvecs   0    00000000    000000c0     
                  00000000    000000c0     startup_mspm0g3507_ticlang.o (.intvecs)

.text      0    00015b20    000069c0     
                  00015b20    00000a48     libc.a : e_pow.c.obj (.text.pow)
                  00016568    00000630     Input.o (.text.MovePlayer)
                  00016b98    0000057c     sprites.o (.text.RenderSprite)
                  00017114    00000524     Graphics.o (.text.CastRays)
                  00017638    00000284     libc.a : _printfi.c.obj (.text:__TI_printfi_minimal)
                  000178bc    00000238     Graphics.o (.text.DrawCrosshair)
                  00017af4    00000218     Buffer.o (.text.drawForegroundSpriteToBuffer)
                  00017d0c    00000210     ST7735.o (.text.ST7735_DrawBitmap)
                  00017f1c    000001f4     Graphics.o (.text.DrawHealthBar)
                  00018110    000001b4     Clock.o (.text.Clock_Init80MHz)
                  000182c4    000001a8     ST7735.o (.text.ST7735_DrawChar)
                  0001846c    00000192     libclang_rt.builtins.a : adddf3.S.obj (.text.adddf3_subdf3)
                  000185fe    00000002                            : aeabi_div0.c.obj (.text.__aeabi_idiv0)
                  00018600    0000018c     sprites.o (.text.RenderSprites)
                  0001878c    00000170     libc.a : e_sqrt.c.obj (.text.sqrt)
                  000188fc    00000154            : fopen.c.obj (.text._openfile)
                  00018a50    00000144            : s_floor.c.obj (.text.floor)
                  00018b94    00000134            : qsort.c.obj (.text.qsort)
                  00018cc8    00000124     ADC.o (.text.ADC_InitDual)
                  00018dec    00000118     ST7735.o (.text.ST7735_FillRect)
                  00018f04    00000114     libc.a : memory.c.obj (.text.aligned_alloc)
                  00019018    0000010c     libclang_rt.builtins.a : divdf3.S.obj (.text.__divdf3)
                  00019124    00000100     Buffer.o (.text.drawCharToBuffer)
                  00019224    000000f8     SPI.o (.text.SPI_Init)
                  0001931c    000000f8     libc.a : fputs.c.obj (.text.fputs)
                  00019414    000000f4     sprites.o (.text.RenderForegroundSprites)
                  00019508    000000f4     Graphics.o (.text.RenderSky)
                  000195fc    000000f4     ST7735.o (.text.ST7735_SetRotation)
                  000196f0    000000ec     libsysbm.a : add_device.c.obj (.text.add_device)
                  000197dc    000000e8     libc.a : memory.c.obj (.text.free)
                  000198c4    000000e4     libclang_rt.builtins.a : muldf3.S.obj (.text.__muldf3)
                  000199a8    000000e0     libc.a : setvbuf.c.obj (.text.setvbuf)
                  00019a88    000000d8            : s_scalbn.c.obj (.text.scalbn)
                  00019b60    000000d4     UART2.o (.text.UART2_Init)
                  00019c34    000000d0     Inventory.o (.text.Inventory_add)
                  00019d04    000000d0     ST7735.o (.text.ST7735_OutChar)
                  00019dd4    000000cc     Input.o (.text.TIMG12_IRQHandler)
                  00019ea0    000000b4     Buffer.o (.text.printToBuffer)
                  00019f54    000000a8     DAC.o (.text.DAC_Init)
                  00019ffc    000000a8     sprites.o (.text.RenderInventory)
                  0001a0a4    000000a8     Timer.o (.text.TimerG8_IntArm)
                  0001a14c    000000a4     Timer.o (.text.TimerG0_IntArm)
                  0001a1f0    000000a4     main.o (.text.main)
                  0001a294    000000a2     ST7735.o (.text.commandList)
                  0001a336    00000002     libc.a : _lock.c.obj (.text._nop)
                  0001a338    000000a0     Buffer.o (.text.blitBufferToRenderBuffer)
                  0001a3d8    000000a0     libsysbm.a : open.c.obj (.text.open)
                  0001a478    0000009c     ST7735.o (.text.ST7735_InitPrintf)
                  0001a514    0000009c     libc.a : fputc.c.obj (.text.fputc)
                  0001a5b0    00000098     ST7735.o (.text.ST7735_InitR)
                  0001a648    00000094     Timer.o (.text.TimerG12_IntArm)
                  0001a6dc    00000090     Graphics.o (.text.FillMap)
                  0001a76c    0000008c     Buffer.o (.text.clearRenderBuffer)
                  0001a7f8    00000088     main.o (.text.sendUARTPacket)
                  0001a880    00000088     ST7735.o (.text.setAddrWindow)
                  0001a908    00000008     libc.a : aeabi_portable.c.obj (.text.__aeabi_errno_addr)
                  0001a910    00000088            : strcmp-armv6m.S.obj (.text:strcmp)
                  0001a998    00000084     Buffer.o (.text.PrecalculateFloorGradient)
                  0001aa1c    00000084     ST7735.o (.text.ST7735_DrawString)
                  0001aaa0    00000080     UART1.o (.text.UART1_Init)
                  0001ab20    00000080     main.o (.text.getUARTPacket)
                  0001aba0    0000007c     LaunchPad.o (.text.LaunchPad_Init)
                  0001ac1c    0000007c     libc.a : fclose.c.obj (.text.__TI_closefile)
                  0001ac98    0000007c            : copy_decompress_lzss.c.obj (.text:decompress:lzss)
                  0001ad14    00000078     Graphics.o (.text.DrawMinimap)
                  0001ad8c    00000074     Inventory.o (.text.Inventory_removeCurrent)
                  0001ae00    00000074     libclang_rt.builtins.a : comparedf2.c.obj (.text.__gedf2)
                  0001ae74    00000070     Graphics.o (.text.RenderHUD)
                  0001aee4    0000006c     libsysbm.a : hostlseek.c.obj (.text.HOSTlseek)
                  0001af50    0000006c                : hostrename.c.obj (.text.HOSTrename)
                  0001afbc    0000006c     UART2.o (.text.UART2_IRQHandler)
                  0001b028    0000006c     libc.a : fseek.c.obj (.text.fseeko)
                  0001b094    0000006c            : getdevice.c.obj (.text.getdevice)
                  0001b100    00000068     libclang_rt.builtins.a : comparedf2.c.obj (.text.__ledf2)
                  0001b168    00000064     ADC.o (.text.ADC_InDual)
                  0001b1cc    00000064     libc.a : _io_perm.c.obj (.text.__TI_wrt_ok)
                  0001b230    00000064            : memory.c.obj (.text.split)
                  0001b294    00000062     libclang_rt.builtins.a : aeabi_dcmp.S.obj (.text.__aeabi_dcmp)
                  0001b2f6    00000002     --HOLE-- [fill = 0]
                  0001b2f8    00000060     libsysbm.a : hostopen.c.obj (.text.HOSTopen)
                  0001b358    0000005c     libc.a : printf.c.obj (.text.printf)
                  0001b3b4    0000005c     Buffer.o (.text.setPixelBuffer)
                  0001b410    00000058     libsysbm.a : hostread.c.obj (.text.HOSTread)
                  0001b468    00000058                : hostwrite.c.obj (.text.HOSTwrite)
                  0001b4c0    00000056     libclang_rt.builtins.a : aeabi_idivmod.S.obj (.text.__aeabi_idivmod)
                  0001b516    00000056     sprites.o (.text.compareSprites)
                  0001b56c    00000052     libc.a : fflush.c.obj (.text.__TI_doflush)
                  0001b5be    00000002     --HOLE-- [fill = 0]
                  0001b5c0    00000050     libsysbm.a : close.c.obj (.text.close)
                  0001b610    0000004c     FIFO.o (.text.RxFifo_Get)
                  0001b65c    0000004c     FIFO.o (.text.RxFifo_Put)
                  0001b6a8    0000004c     Inventory.o (.text.inInventory)
                  0001b6f4    0000004c     Graphics.o (.text.printAmmo)
                  0001b740    0000004a     libclang_rt.builtins.a : fixdfsi.S.obj (.text.__fixdfsi)
                  0001b78a    00000002     --HOLE-- [fill = 0]
                  0001b78c    00000048     libsysbm.a : hostclose.c.obj (.text.HOSTclose)
                  0001b7d4    00000048                : hostunlink.c.obj (.text.HOSTunlink)
                  0001b81c    00000048     SPI.o (.text.SPI_OutCommand)
                  0001b864    00000048     Sounds.o (.text.Sound_Init)
                  0001b8ac    00000048     Async_Delay.o (.text.TIMG0_IRQHandler)
                  0001b8f4    00000044     Input.o (.text.Input_Init)
                  0001b938    00000044     Sounds.o (.text.SysTick_Handler)
                  0001b97c    00000044     main.o (.text.SystemInit)
                  0001b9c0    00000040     Graphics.o (.text.RenderScene)
                  0001ba00    00000040     SPI.o (.text.SPI_Reset)
                  0001ba40    00000040     libclang_rt.builtins.a : aeabi_uidivmod.S.obj (.text.__aeabi_uidivmod)
                  0001ba80    00000040     libc.a : fopen.c.obj (.text._search_fp)
                  0001bac0    0000003c     Input.o (.text.fastSin)
                  0001bafc    0000003c     libc.a : autoinit.c.obj (.text:__TI_auto_init_nobinit_nopinit)
                  0001bb38    0000003a     libclang_rt.builtins.a : muldsi3.S.obj (.text.__muldsi3)
                  0001bb72    00000002     --HOLE-- [fill = 0]
                  0001bb74    00000038     LaunchPad.o (.text.ActivatePortA_B)
                  0001bbac    00000038     Buffer.o (.text.RenderBuffer)
                  0001bbe4    00000038     SPI.o (.text.SPI_OutData)
                  0001bc1c    00000038     Sounds.o (.text.Sound_Start)
                  0001bc54    00000038     libc.a : rand.c.obj (.text.rand)
                  0001bc8c    00000038            : sprintf.c.obj (.text.sprintf)
                  0001bcc4    00000038     Async_Delay.o (.text.start_delay)
                  0001bcfc    00000034     Clock.o (.text.Clock_Delay1ms)
                  0001bd30    00000034     ST7735.o (.text.ST7735_SetCursor)
                  0001bd64    00000034     ST7735.o (.text.ST7735_write)
                  0001bd98    00000034     libc.a : fopen.c.obj (.text.__TI_cleanup)
                  0001bdcc    00000034     libsysbm.a : trgmsg.c.obj (.text.__TI_readmsg)
                  0001be00    00000034                : trgmsg.c.obj (.text.__TI_writemsg)
                  0001be34    00000034     libc.a : exit.c.obj (.text.exit)
                  0001be68    00000034            : getdevice.c.obj (.text.finddevice)
                  0001be9c    00000034            : fopen.c.obj (.text.freopen)
                  0001bed0    00000034     Graphics.o (.text.printItem)
                  0001bf04    00000030     ST7735.o (.text.commonInit)
                  0001bf34    00000030     Input.o (.text.fastCos)
                  0001bf64    00000030     libc.a : fopen.c.obj (.text.fopen)
                  0001bf94    0000002c     ST7735.o (.text.ST7735_FillScreen)
                  0001bfc0    0000002c     libclang_rt.builtins.a : floatsidf.S.obj (.text.__floatsidf)
                  0001bfec    0000002c     libsysbm.a : unlink.c.obj (.text.unlink)
                  0001c018    0000002a     UART2.o (.text.UART2_InChar)
                  0001c042    00000002     --HOLE-- [fill = 0]
                  0001c044    00000028     libc.a : memory.c.obj (.text.free_list_insert)
                  0001c06c    00000028     libsysbm.a : lseek.c.obj (.text.lseek)
                  0001c094    00000028                : write.c.obj (.text.write)
                  0001c0bc    00000028     libc.a : boot_cortex_m.c.obj (.text:_c_int00_noargs)
                  0001c0e4    00000024     Inventory.o (.text.Inventory_next)
                  0001c108    00000024     Joy.o (.text.Joy_Init)
                  0001c12c    00000024     libclang_rt.builtins.a : floatunsidf.S.obj (.text.__floatunsidf)
                  0001c150    00000022     libc.a : memccpy.c.obj (.text.memccpy)
                  0001c172    00000002     --HOLE-- [fill = 0]
                  0001c174    00000020     Graphics.o (.text.Graphics_Init)
                  0001c194    00000020     Inventory.o (.text.Item_isWeapon)
                  0001c1b4    0000001e     ST7735.o (.text.pushColor)
                  0001c1d2    00000002     --HOLE-- [fill = 0]
                  0001c1d4    0000001c     startup_mspm0g3507_ticlang.o (.text.Default_Handler)
                  0001c1f0    0000001c     startup_mspm0g3507_ticlang.o (.text.HardFault_Handler)
                  0001c20c    0000001c     Joy.o (.text.Joy_In)
                  0001c228    0000001c     libc.a : memory.c.obj (.text.free_list_remove)
                  0001c244    00000018     main.o (.text.TIMG8_IRQHandler)
                  0001c25c    00000018     UART1.o (.text.UART1_OutChar)
                  0001c274    00000018     libc.a : sprintf.c.obj (.text._outs)
                  0001c28c    00000016     ST7735.o (.text.ST7735_open)
                  0001c2a2    00000016     ST7735.o (.text.ST7735_read)
                  0001c2b8    00000014     DAC.o (.text.DAC_Out)
                  0001c2cc    00000014     FIFO.o (.text.RxFifo_Init)
                  0001c2e0    00000012     Inventory.o (.text.Inventory_currentItem)
                  0001c2f2    00000012     Inventory.o (.text.Item_isSpent)
                  0001c304    00000012     libc.a : memcpy16.S.obj (.text:TI_memcpy_small)
                  0001c316    00000012            : copy_decompress_none.c.obj (.text:decompress:none)
                  0001c328    00000010     Clock.o (.text.Clock_Delay)
                  0001c338    00000010     LaunchPad.o (.text.Delay)
                  0001c348    00000010     Joy.o (.text.Joy_InButton)
                  0001c358    00000010     Input.o (.text.ReadKeys)
                  0001c368    00000010     libc.a : copy_zero_init.c.obj (.text:decompress:ZI)
                  0001c378    0000000e            : memory.c.obj (.text.OUTLINED_FUNCTION_0)
                  0001c386    0000000e     ST7735.o (.text.ST7735_lseek)
                  0001c394    0000000e     libclang_rt.builtins.a : aeabi_memset.S.obj (.text.__aeabi_memset)
                  0001c3a2    0000000e     libsysbm.a : hostrename.c.obj (.text.strcpy)
                  0001c3b0    0000000e     libc.a : _printfi.c.obj (.text.strlen)
                  0001c3be    0000000e     libsysbm.a : hostrename.c.obj (.text.strlen)
                  0001c3cc    0000000e     libc.a : memset16.S.obj (.text:TI_memset_small)
                  0001c3da    00000002     --HOLE-- [fill = 0]
                  0001c3dc    0000000c     Clock.o (.text.Clock_Freq)
                  0001c3e8    0000000c     ST7735.o (.text.ST7735_rename)
                  0001c3f4    0000000c     libclang_rt.builtins.a : aeabi_memset.S.obj (.text.__aeabi_memclr)
                  0001c400    0000000c     libc.a : memory.c.obj (.text.malloc)
                  0001c40c    0000000a            : e_pow.c.obj (.text.OUTLINED_FUNCTION_0)
                  0001c416    00000002     --HOLE-- [fill = 0]
                  0001c418    00000010     libclang_rt.builtins.a : muldf3.S.obj (.tramp.__aeabi_dmul.1)
                  0001c428    0000000a     libc.a : e_pow.c.obj (.text.OUTLINED_FUNCTION_1)
                  0001c432    0000000a            : e_pow.c.obj (.text.OUTLINED_FUNCTION_6)
                  0001c43c    0000000a     ST7735.o (.text.ST7735_close)
                  0001c446    0000000a     ST7735.o (.text.ST7735_unlink)
                  0001c450    0000000a     libc.a : sprintf.c.obj (.text._outc)
                  0001c45a    00000008            : e_pow.c.obj (.text.OUTLINED_FUNCTION_2)
                  0001c462    00000002     --HOLE-- [fill = 0]
                  0001c464    00000010     libclang_rt.builtins.a : adddf3.S.obj (.tramp.__aeabi_dsub.1)
                  0001c474    00000008                            : aeabi_memcpy.S.obj (.text.__aeabi_memcpy)
                  0001c47c    00000008     libc.a : printf.c.obj (.text._outc)
                  0001c484    00000008            : printf.c.obj (.text._outs)
                  0001c48c    00000008            : fseek.c.obj (.text.fseek)
                  0001c494    00000008     libsysbm.a : remove.c.obj (.text.remove)
                  0001c49c    00000006     libc.a : e_pow.c.obj (.text.OUTLINED_FUNCTION_3)
                  0001c4a2    00000002     --HOLE-- [fill = 0]
                  0001c4a4    00000010     libclang_rt.builtins.a : adddf3.S.obj (.tramp.__aeabi_dadd.1)
                  0001c4b4    00000006     libc.a : e_pow.c.obj (.text.OUTLINED_FUNCTION_4)
                  0001c4ba    00000006            : e_pow.c.obj (.text.OUTLINED_FUNCTION_5)
                  0001c4c0    00000004            : e_pow.c.obj (.text.OUTLINED_FUNCTION_10)
                  0001c4c4    00000004            : e_pow.c.obj (.text.OUTLINED_FUNCTION_7)
                  0001c4c8    00000004            : e_pow.c.obj (.text.OUTLINED_FUNCTION_8)
                  0001c4cc    00000004            : e_pow.c.obj (.text.OUTLINED_FUNCTION_9)
                  0001c4d0    00000004     startup_mspm0g3507_ticlang.o (.text.Reset_Handler)
                  0001c4d4    00000004     libc.a : pre_init.c.obj (.text._system_pre_init)
                  0001c4d8    00000004            : exit.c.obj (.text:abort)
                  0001c4dc    00000004     --HOLE-- [fill = 0]

.cinit     0    0001c4e0    000001c0     
                  0001c4e0    00000197     (.cinit..data.load) [load image, compression = lzss]
                  0001c677    00000001     --HOLE-- [fill = 0]
                  0001c678    0000000c     (__TI_handler_table)
                  0001c684    00000008     (.cinit..bss.load) [load image, compression = zero_init]
                  0001c68c    00000010     (__TI_cinit_table)
                  0001c69c    00000004     --HOLE-- [fill = 0]

.rodata    0    000000c0    00015a58     
                  000000c0    00004900     Sounds.o (.rodata.reloadSound)
                  000049c0    00002ab4     Sounds.o (.rodata.pistolSound)
                  00007474    00002000     Graphics.o (.rodata.SCBarkley)
                  00009474    00002000     Graphics.o (.rodata.circuitBoardTex2)
                  0000b474    00002000     Graphics.o (.rodata.circuitBoardTex)
                  0000d474    00002000     Graphics.o (.rodata.matrix2)
                  0000f474    00001e78     Sounds.o (.rodata.shotgunSound)
                  000112ec    0000095a     Sounds.o (.rodata.weaploadSound)
                  00011c46    0000094f     Sounds.o (.rodata.outofammoSound)
                  00012595    00000001     main.o (.rodata.str1.164552152177587026401)
                  00012596    00000800     main.o (.rodata.ExplosionImage)
                  00012d96    00000800     main.o (.rodata.PistolImage)
                  00013596    00000800     main.o (.rodata.ShotgunImage)
                  00013d96    00000800     main.o (.rodata.target)
                  00014596    000004fb     Buffer.o (.rodata.Font)
                  00014a91    000004fb     ST7735.o (.rodata.Font)
                  00014f8c    00000240     Graphics.o (.rodata.OGMap)
                  000151cc    00000200     main.o (.rodata.Ammosprite)
                  000153cc    00000200     main.o (.rodata.Medkitsprite)
                  000155cc    00000200     main.o (.rodata.Shotgunsprite)
                  000157cc    00000200     main.o (.rodata.pistolsprite)
                  000159cc    0000003b     ST7735.o (.rodata.Rcmd1)
                  00015a07    00000001     --HOLE-- [fill = 0]
                  00015a08    00000030     libc.a : e_pow.c.obj (.rodata.cst16)
                  00015a38    0000002b     ST7735.o (.rodata.Rcmd3)
                  00015a63    00000016     ST7735.o (.rodata.str1.34463358291801157781)
                  00015a79    00000014     main.o (.rodata.str1.157592557656998809351)
                  00015a8d    00000011     libc.a : _printfi.c.obj (.rodata.str1.153638888446227384661)
                  00015a9e    00000010     main.o (.rodata.str1.182731374899196392841)
                  00015aae    0000000d     ST7735.o (.rodata.Rcmd2green)
                  00015abb    0000000d     ST7735.o (.rodata.Rcmd2red)
                  00015ac8    0000000c     main.o (.rodata.str1.30235616187663446621)
                  00015ad4    0000000c     Graphics.o (.rodata.str1.37161536259113115651)
                  00015ae0    00000008     main.o (.rodata.str1.128962870563899395191)
                  00015ae8    00000008     ST7735.o (.rodata.str1.13377609362592607341)
                  00015af0    00000007     ST7735.o (.rodata.str1.164899970313532044791)
                  00015af7    00000007     main.o (.rodata.str1.181369900268917052751)
                  00015afe    00000007     ST7735.o (.rodata.str1.182928941987730884031)
                  00015b05    00000007     main.o (.rodata.str1.58265674741439123291)
                  00015b0c    00000006     Graphics.o (.rodata.str1.2002389610935928081)
                  00015b12    00000004     Graphics.o (.rodata.str1.25158831670344200691)
                  00015b16    00000002     ST7735.o (.rodata.str1.180568451967534337741)

.init_array 
*          0    00000000    00000000     UNINITIALIZED

.binit     0    00000000    00000000     

.bss       0    20200000    00005e7a     UNINITIALIZED
                  20200000    00005000     (.common:renderBuffer)
                  20205000    00000500     (.common:ZBuffer)
                  20205500    00000480     (.common:miniMap)
                  20205980    00000240     (.common:worldMap)
                  20205bc0    00000120     libsysbm.a : trgmsg.c.obj (.bss:_CIOBUF_)
                  20205ce0    000000a0     libc.a : defs.c.obj (.bss.__TI_tmpnams)
                  20205d80    00000080     (.common:floorGradient)
                  20205e00    00000040     FIFO.o (.bss.RxFifo)
                  20205e40    00000008     libsysbm.a : hostopen.c.obj (.bss.parmbuf)
                  20205e48    00000004     libc.a : memory.c.obj (.bss.sys_free)
                  20205e4c    00000004     (.common:Joy_x)
                  20205e50    00000004     (.common:Joy_y)
                  20205e54    00000004     (.common:Length)
                  20205e58    00000004     (.common:LostData)
                  20205e5c    00000004     (.common:RxGetI)
                  20205e60    00000004     (.common:RxPutI)
                  20205e64    00000004     (.common:SoundPt)
                  20205e68    00000004     (.common:flag_done)
                  20205e6c    00000004     (.common:ms_done)
                  20205e70    00000004     (.common:ms_passed)
                  20205e74    00000001     ST7735.o (.bss.ColStart)
                  20205e75    00000001     ST7735.o (.bss.Rotation)
                  20205e76    00000001     ST7735.o (.bss.RowStart)
                  20205e77    00000001     ST7735.o (.bss.TabColor)
                  20205e78    00000001     (.common:isShooting)
                  20205e79    00000001     (.common:reloaded)

.data      0    20205e80    000005e5     UNINITIALIZED
                  20205e80    00000190     main.o (.data.Sprites)
                  20206010    000000f0     libc.a : defs.c.obj (.data._ftable)
                  20206100    00000078     libsysbm.a : host_device.c.obj (.data._device)
                  20206178    00000068     main.o (.data.ammo_small)
                  202061e0    00000068     main.o (.data.medkit)
                  20206248    00000068     main.o (.data.pistol)
                  202062b0    00000068     main.o (.data.shotgun)
                  20206318    00000050     libsysbm.a : host_device.c.obj (.data._stream)
                  20206368    00000028     Sounds.o (.data.SoundEffects)
                  20206390    00000028     main.o (.data.gunFlash)
                  202063b8    00000014     main.o (.data.inventory)
                  202063cc    00000010     main.o (.data.items)
                  202063dc    00000010     Graphics.o (.data.textures)
                  202063ec    00000008     libc.a : exit.c.obj (.data..L_MergedGlobals)
                  202063f4    00000004     Clock.o (.data.BusFreq)
                  202063f8    00000008     main.o (.data.dirX)
                  20206400    00000008     main.o (.data.dirY)
                  20206408    00000008     main.o (.data.planeX)
                  20206410    00000008     main.o (.data.planeY)
                  20206418    00000008     main.o (.data.posX)
                  20206420    00000008     main.o (.data.posY)
                  20206428    00000004     Graphics.o (.data.RenderScene.side)
                  2020642c    00000004     ST7735.o (.data.StX)
                  20206430    00000004     ST7735.o (.data.StY)
                  20206434    00000004     libc.a : defs.c.obj (.data.__TI_ft_end)
                  20206438    00000004            : aeabi_portable.c.obj (.data.__aeabi_errno)
                  2020643c    00000004            : _lock.c.obj (.data._lock)
                  20206440    00000004            : _lock.c.obj (.data._unlock)
                  20206444    00000004            : rand.c.obj (.data.next)
                  20206448    00000004     main.o (.data.numsprites)
                  2020644c    00000004     main.o (.data.otherHealth)
                  20206450    00000004     main.o (.data.playerHealth)
                  20206454    00000002     ST7735.o (.data.StTextColor)
                  20206456    00000002     ST7735.o (.data._height)
                  20206458    00000002     ST7735.o (.data._width)
                  2020645a    00000001     sprites.o (.data.RenderForegroundSprites.sidesDrawn)
                  2020645b    00000001     main.o (.data.isOnTarget)
                  2020645c    00000001     libsysbm.a : add_device.c.obj (.data.add_device.device_init)
                  2020645d    00000001     Input.o (.data.lastInput)
                  2020645e    00000002     --HOLE--
                  20206460    00000001     libc.a : memory.c.obj (.data.memory_is_initialized)
                  20206461    00000003     --HOLE--
                  20206464    00000001     libsysbm.a : open.c.obj (.data.open.stream_init)

.sysmem    0    20206468    00000200     UNINITIALIZED
                  20206468    00000010     libc.a : memory.c.obj (.sysmem)
                  20206478    000001f0     --HOLE--

.stack     0    20207e00    00000200     UNINITIALIZED
                  20207e00    00000004     libc.a : boot_cortex_m.c.obj (.stack)
                  20207e04    000001fc     --HOLE--

__llvm_prf_cnts 
*          0    20200000    00000000     UNINITIALIZED

__llvm_prf_bits 
*          0    20200000    00000000     UNINITIALIZED

MODULE SUMMARY

       Module                         code    ro data   rw data
       ------                         ----    -------   -------
    .\
       Sounds.o                       196     42197     48     
       Graphics.o                     3228    33366     3036   
       Buffer.o                       1552    1275      20608  
       main.o                         520     10311     953    
       ST7735.o                       2738    1449      18     
       sprites.o                      2298    0         1      
       Input.o                        1980    0         3      
       Clock.o                        516     0         4      
       Inventory.o                    504     0         0      
       Timer.o                        480     0         0      
       SPI.o                          440     0         0      
       ADC.o                          392     0         0      
       UART2.o                        362     0         4      
       FIFO.o                         172     0         72     
       LaunchPad.o                    196     0         0      
       DAC.o                          188     0         0      
       UART1.o                        152     0         0      
       Async_Delay.o                  128     0         12     
       Joy.o                          80      0         0      
    +--+------------------------------+-------+---------+---------+
       Total:                         16122   88598     24759  
                                                               
    .\ticlang\
       startup_mspm0g3507_ticlang.o   60      192       0      
    +--+------------------------------+-------+---------+---------+
       Total:                         60      192       0      
                                                               
    C:\ti\ccs2000\ccs\tools\compiler\ti-cgt-armllvm_4.0.1.LTS\lib\armv6m-ti-none-eabi/c/libc.a
       e_pow.c.obj                    2704    48        0      
       memory.c.obj                   702     0         5      
       _printfi.c.obj                 658     17        0      
       fopen.c.obj                    556     0         0      
       defs.c.obj                     0       0         404    
       e_sqrt.c.obj                   368     0         0      
       s_floor.c.obj                  324     0         0      
       qsort.c.obj                    308     0         0      
       fputs.c.obj                    248     0         0      
       setvbuf.c.obj                  224     0         0      
       s_scalbn.c.obj                 216     0         0      
       getdevice.c.obj                160     0         0      
       fputc.c.obj                    156     0         0      
       strcmp-armv6m.S.obj            136     0         0      
       copy_decompress_lzss.c.obj     124     0         0      
       fclose.c.obj                   124     0         0      
       fseek.c.obj                    116     0         0      
       printf.c.obj                   108     0         0      
       _io_perm.c.obj                 100     0         0      
       sprintf.c.obj                  90      0         0      
       fflush.c.obj                   82      0         0      
       exit.c.obj                     56      0         8      
       autoinit.c.obj                 60      0         0      
       rand.c.obj                     56      0         4      
       boot_cortex_m.c.obj            40      0         0      
       memccpy.c.obj                  34      0         0      
       copy_decompress_none.c.obj     18      0         0      
       memcpy16.S.obj                 18      0         0      
       copy_zero_init.c.obj           16      0         0      
       memset16.S.obj                 14      0         0      
       aeabi_portable.c.obj           8       0         4      
       _lock.c.obj                    2       0         8      
       pre_init.c.obj                 4       0         0      
    +--+------------------------------+-------+---------+---------+
       Total:                         7830    65        433    
                                                               
    C:\ti\ccs2000\ccs\tools\compiler\ti-cgt-armllvm_4.0.1.LTS\lib\armv6m-ti-none-eabi/c/libsysbm.a
       trgmsg.c.obj                   104     0         288    
       add_device.c.obj               236     0         1      
       host_device.c.obj              0       0         200    
       open.c.obj                     160     0         1      
       hostrename.c.obj               136     0         0      
       hostlseek.c.obj                108     0         0      
       hostopen.c.obj                 96      0         8      
       hostread.c.obj                 88      0         0      
       hostwrite.c.obj                88      0         0      
       close.c.obj                    80      0         0      
       hostclose.c.obj                72      0         0      
       hostunlink.c.obj               72      0         0      
       unlink.c.obj                   44      0         0      
       lseek.c.obj                    40      0         0      
       write.c.obj                    40      0         0      
       remove.c.obj                   8       0         0      
    +--+------------------------------+-------+---------+---------+
       Total:                         1372    0         498    
                                                               
    C:\ti\ccs2000\ccs\tools\compiler\ti-cgt-armllvm_4.0.1.LTS\lib\armv6m-ti-none-eabi/libclang_rt.builtins.a
       adddf3.S.obj                   434     0         0      
       divdf3.S.obj                   268     0         0      
       muldf3.S.obj                   244     0         0      
       comparedf2.c.obj               220     0         0      
       aeabi_dcmp.S.obj               98      0         0      
       aeabi_idivmod.S.obj            86      0         0      
       fixdfsi.S.obj                  74      0         0      
       aeabi_uidivmod.S.obj           64      0         0      
       muldsi3.S.obj                  58      0         0      
       floatsidf.S.obj                44      0         0      
       floatunsidf.S.obj              36      0         0      
       aeabi_memset.S.obj             26      0         0      
       aeabi_memcpy.S.obj             8       0         0      
       aeabi_div0.c.obj               2       0         0      
    +--+------------------------------+-------+---------+---------+
       Total:                         1662    0         0      
                                                               
       Heap:                          0       0         512    
       Stack:                         0       0         512    
       Linker Generated:              0       443       0      
    +--+------------------------------+-------+---------+---------+
       Grand Total:                   27046   89298     26714  


LINKER GENERATED COPY TABLES

__TI_cinit_table @ 0001c68c records: 2, size/record: 8, table size: 16
	.data: load addr=0001c4e0, load size=00000197 bytes, run addr=20205e80, run size=000005e5 bytes, compression=lzss
	.bss: load addr=0001c684, load size=00000008 bytes, run addr=20200000, run size=00005e7a bytes, compression=zero_init


LINKER GENERATED HANDLER TABLE

__TI_handler_table @ 0001c678 records: 3, size/record: 4, table size: 12
	index: 0, handler: __TI_decompress_lzss
	index: 1, handler: __TI_decompress_none
	index: 2, handler: __TI_zero_init


FAR CALL TRAMPOLINES

callee name               trampoline name
   callee addr  tramp addr   call addr  call info
--------------  -----------  ---------  ----------------
__aeabi_dmul              $Tramp$TT$L$PI$$__aeabi_dmul
   000198c5     0001c418     0001c414   libc.a : e_pow.c.obj (.text.OUTLINED_FUNCTION_0)
                             0001c430          : e_pow.c.obj (.text.OUTLINED_FUNCTION_1)
                             0001c43a          : e_pow.c.obj (.text.OUTLINED_FUNCTION_6)
                             0001c4b8          : e_pow.c.obj (.text.OUTLINED_FUNCTION_4)
                             0001c4be          : e_pow.c.obj (.text.OUTLINED_FUNCTION_5)
                             0001c4ca          : e_pow.c.obj (.text.OUTLINED_FUNCTION_8)
__aeabi_dsub              $Tramp$TT$L$PI$$__aeabi_dsub
   0001846d     0001c464     0001c460   libc.a : e_pow.c.obj (.text.OUTLINED_FUNCTION_2)
__aeabi_dadd              $Tramp$TT$L$PI$$__aeabi_dadd
   00018477     0001c4a4     0001c4a0   libc.a : e_pow.c.obj (.text.OUTLINED_FUNCTION_3)
                             0001c4c2          : e_pow.c.obj (.text.OUTLINED_FUNCTION_10)
                             0001c4c6          : e_pow.c.obj (.text.OUTLINED_FUNCTION_7)
                             0001c4ce          : e_pow.c.obj (.text.OUTLINED_FUNCTION_9)

[3 trampolines]
[11 trampoline calls]


GLOBAL SYMBOLS: SORTED ALPHABETICALLY BY Name 

address   name                          
-------   ----                          
0001c1d5  ADC0_IRQHandler               
0001c1d5  ADC1_IRQHandler               
0001b169  ADC_InDual                    
00018cc9  ADC_InitDual                  
0001c1d5  AES_IRQHandler                
0001bb75  ActivatePortA_B               
000151cc  Ammosprite                    
202063f4  BusFreq                       
0001c4d8  C$$EXIT                       
0001be2d  C$$IO$$                       
0001c1d5  CANFD0_IRQHandler             
00017115  CastRays                      
0001c329  Clock_Delay                   
0001bcfd  Clock_Delay1ms                
0001c3dd  Clock_Freq                    
00018111  Clock_Init80MHz               
0001c1d5  DAC0_IRQHandler               
00019f55  DAC_Init                      
0001c2b9  DAC_Out                       
0001c1d5  DMA_IRQHandler                
0001c1d5  Default_Handler               
0001c339  Delay                         
000178bd  DrawCrosshair                 
00017f1d  DrawHealthBar                 
0001ad15  DrawMinimap                   
00012596  ExplosionImage                
0001a6dd  FillMap                       
0001c1d5  GROUP0_IRQHandler             
0001c1d5  GROUP1_IRQHandler             
0001c175  Graphics_Init                 
0001b78d  HOSTclose                     
0001aee5  HOSTlseek                     
0001b2f9  HOSTopen                      
0001b411  HOSTread                      
0001af51  HOSTrename                    
0001b7d5  HOSTunlink                    
0001b469  HOSTwrite                     
0001c1f1  HardFault_Handler             
0001c1d5  I2C0_IRQHandler               
0001c1d5  I2C1_IRQHandler               
0001b8f5  Input_Init                    
00019c35  Inventory_add                 
0001c2e1  Inventory_currentItem         
0001c0e5  Inventory_next                
0001ad8d  Inventory_removeCurrent       
0001c2f3  Item_isSpent                  
0001c195  Item_isWeapon                 
0001c20d  Joy_In                        
0001c349  Joy_InButton                  
0001c109  Joy_Init                      
20205e4c  Joy_x                         
20205e50  Joy_y                         
0001aba1  LaunchPad_Init                
20205e54  Length                        
20205e58  LostData                      
000153cc  Medkitsprite                  
00016569  MovePlayer                    
0001c1d5  NMI_Handler                   
00014f8c  OGMap                         
0001c1d5  PendSV_Handler                
00012d96  PistolImage                   
0001a999  PrecalculateFloorGradient     
0001c1d5  RTC_IRQHandler                
0001c359  ReadKeys                      
0001bbad  RenderBuffer                  
00019415  RenderForegroundSprites       
0001ae75  RenderHUD                     
00019ffd  RenderInventory               
0001b9c1  RenderScene                   
00019509  RenderSky                     
00016b99  RenderSprite                  
00018601  RenderSprites                 
0001c4d1  Reset_Handler                 
0001b611  RxFifo_Get                    
0001c2cd  RxFifo_Init                   
0001b65d  RxFifo_Put                    
20205e5c  RxGetI                        
20205e60  RxPutI                        
00007474  SCBarkley                     
0001c1d5  SPI0_IRQHandler               
0001c1d5  SPI1_IRQHandler               
00019225  SPI_Init                      
0001b81d  SPI_OutCommand                
0001bbe5  SPI_OutData                   
0001ba01  SPI_Reset                     
00017d0d  ST7735_DrawBitmap             
000182c5  ST7735_DrawChar               
0001aa1d  ST7735_DrawString             
00018ded  ST7735_FillRect               
0001bf95  ST7735_FillScreen             
0001a479  ST7735_InitPrintf             
0001a5b1  ST7735_InitR                  
00019d05  ST7735_OutChar                
0001bd31  ST7735_SetCursor              
000195fd  ST7735_SetRotation            
0001c43d  ST7735_close                  
0001c387  ST7735_lseek                  
0001c28d  ST7735_open                   
0001c2a3  ST7735_read                   
0001c3e9  ST7735_rename                 
0001c447  ST7735_unlink                 
0001bd65  ST7735_write                  
0001c1d5  SVC_Handler                   
00013596  ShotgunImage                  
000155cc  Shotgunsprite                 
20206368  SoundEffects                  
20205e64  SoundPt                       
0001b865  Sound_Init                    
0001bc1d  Sound_Start                   
20205e80  Sprites                       
20206454  StTextColor                   
2020642c  StX                           
20206430  StY                           
0001b939  SysTick_Handler               
0001b97d  SystemInit                    
0001c1d5  TIMA0_IRQHandler              
0001c1d5  TIMA1_IRQHandler              
0001b8ad  TIMG0_IRQHandler              
00019dd5  TIMG12_IRQHandler             
0001c1d5  TIMG6_IRQHandler              
0001c1d5  TIMG7_IRQHandler              
0001c245  TIMG8_IRQHandler              
0001c305  TI_memcpy_small               
0001c3cd  TI_memset_small               
0001a14d  TimerG0_IntArm                
0001a649  TimerG12_IntArm               
0001a0a5  TimerG8_IntArm                
0001c1d5  UART0_IRQHandler              
0001c1d5  UART1_IRQHandler              
0001aaa1  UART1_Init                    
0001c25d  UART1_OutChar                 
0001afbd  UART2_IRQHandler              
0001c019  UART2_InChar                  
00019b61  UART2_Init                    
0001c1d5  UART3_IRQHandler              
20205000  ZBuffer                       
20205bc0  _CIOBUF_                      
20205bc0  __CIOBUF_                     
20208000  __STACK_END                   
00000200  __STACK_SIZE                  
00000200  __SYSMEM_SIZE                 
00000000  __TI_ATRegion0_region_sz      
00000000  __TI_ATRegion0_src_addr       
00000000  __TI_ATRegion0_trg_addr       
00000000  __TI_ATRegion1_region_sz      
00000000  __TI_ATRegion1_src_addr       
00000000  __TI_ATRegion1_trg_addr       
00000000  __TI_ATRegion2_region_sz      
00000000  __TI_ATRegion2_src_addr       
00000000  __TI_ATRegion2_trg_addr       
0001c68c  __TI_CINIT_Base               
0001c69c  __TI_CINIT_Limit              
0001c69c  __TI_CINIT_Warm               
0001c678  __TI_Handler_Table_Base       
0001c684  __TI_Handler_Table_Limit      
0001bafd  __TI_auto_init_nobinit_nopinit
0001bd99  __TI_cleanup                  
202063ec  __TI_cleanup_ptr              
0001ac1d  __TI_closefile                
0001ac99  __TI_decompress_lzss          
0001c317  __TI_decompress_none          
0001b56d  __TI_doflush                  
202063f0  __TI_dtors_ptr                
20206434  __TI_ft_end                   
ffffffff  __TI_pprof_out_hndl           
00017639  __TI_printfi_minimal          
ffffffff  __TI_prof_data_size           
ffffffff  __TI_prof_data_start          
0001bdcd  __TI_readmsg                  
00000000  __TI_static_base__            
20205ce0  __TI_tmpnams                  
0001be01  __TI_writemsg                 
0001b1cd  __TI_wrt_ok                   
0001c369  __TI_zero_init                
00018477  __adddf3                      
0001b741  __aeabi_d2iz                  
00018477  __aeabi_dadd                  
0001b295  __aeabi_dcmpeq                
0001b2d1  __aeabi_dcmpge                
0001b2e5  __aeabi_dcmpgt                
0001b2bd  __aeabi_dcmple                
0001b2a9  __aeabi_dcmplt                
00019019  __aeabi_ddiv                  
000198c5  __aeabi_dmul                  
0001846d  __aeabi_dsub                  
20206438  __aeabi_errno                 
0001a909  __aeabi_errno_addr            
0001bfc1  __aeabi_i2d                   
0001b4c1  __aeabi_idiv                  
000185ff  __aeabi_idiv0                 
0001b4c1  __aeabi_idivmod               
0001c3f5  __aeabi_memclr                
0001c3f5  __aeabi_memclr4               
0001c3f5  __aeabi_memclr8               
0001c475  __aeabi_memcpy                
0001c475  __aeabi_memcpy4               
0001c475  __aeabi_memcpy8               
0001c395  __aeabi_memset                
0001c395  __aeabi_memset4               
0001c395  __aeabi_memset8               
0001c12d  __aeabi_ui2d                  
0001ba41  __aeabi_uidiv                 
0001ba41  __aeabi_uidivmod              
ffffffff  __binit__                     
0001b101  __cmpdf2                      
00019019  __divdf3                      
0001b101  __eqdf2                       
0001b741  __fixdfsi                     
0001bfc1  __floatsidf                   
0001c12d  __floatunsidf                 
0001ae01  __gedf2                       
0001ae01  __gtdf2                       
0001b101  __ledf2                       
0001b101  __ltdf2                       
UNDEFED   __mpu_init                    
000198c5  __muldf3                      
0001bb39  __muldsi3                     
0001b101  __nedf2                       
20207e00  __stack                       
20200000  __start___llvm_prf_bits       
20200000  __start___llvm_prf_cnts       
20200000  __stop___llvm_prf_bits        
20200000  __stop___llvm_prf_cnts        
0001846d  __subdf3                      
0001c0bd  _c_int00_noargs               
20206100  _device                       
20206010  _ftable                       
2020643c  _lock                         
0001a337  _nop                          
20206318  _stream                       
20206468  _sys_memory                   
UNDEFED   _system_post_cinit            
0001c4d5  _system_pre_init              
20206440  _unlock                       
0001c4d9  abort                         
000196f1  add_device                    
00018f05  aligned_alloc                 
20206178  ammo_small                    
ffffffff  binit                         
0001a339  blitBufferToRenderBuffer      
0000b474  circuitBoardTex               
00009474  circuitBoardTex2              
0001a76d  clearRenderBuffer             
0001b5c1  close                         
0001b517  compareSprites                
202063f8  dirX                          
20206400  dirY                          
00019125  drawCharToBuffer              
00017af5  drawForegroundSpriteToBuffer  
0001be35  exit                          
0001bf35  fastCos                       
0001bac1  fastSin                       
0001be69  finddevice                    
20205e68  flag_done                     
00018a51  floor                         
20205d80  floorGradient                 
00018a51  floorl                        
0001bf65  fopen                         
0001a515  fputc                         
0001931d  fputs                         
000197dd  free                          
0001be9d  freopen                       
0001c48d  fseek                         
0001b029  fseeko                        
0001ab21  getUARTPacket                 
0001b095  getdevice                     
20206390  gunFlash                      
0001b6a9  inInventory                   
00000000  interruptVectors              
202063b8  inventory                     
2020645b  isOnTarget                    
20205e78  isShooting                    
202063cc  items                         
2020645d  lastInput                     
00019a89  ldexp                         
00019a89  ldexpl                        
0001c06d  lseek                         
0001a1f1  main                          
0001c401  malloc                        
0000d474  matrix2                       
202061e0  medkit                        
00018f05  memalign                      
0001c151  memccpy                       
20205500  miniMap                       
20205e6c  ms_done                       
20205e70  ms_passed                     
20206448  numsprites                    
0001a3d9  open                          
2020644c  otherHealth                   
00011c46  outofammoSound                
20205e40  parmbuf                       
20206248  pistol                        
000049c0  pistolSound                   
000157cc  pistolsprite                  
20206408  planeX                        
20206410  planeY                        
20206450  playerHealth                  
20206418  posX                          
20206420  posY                          
00015b21  pow                           
00015b21  powl                          
0001b6f5  printAmmo                     
0001bed1  printItem                     
00019ea1  printToBuffer                 
0001b359  printf                        
00018b95  qsort                         
0001bc55  rand                          
000000c0  reloadSound                   
20205e79  reloaded                      
0001c495  remove                        
20200000  renderBuffer                  
00019a89  scalbn                        
00019a89  scalbnl                       
0001a7f9  sendUARTPacket                
0001b3b5  setPixelBuffer                
000199a9  setvbuf                       
202062b0  shotgun                       
0000f474  shotgunSound                  
0001bc8d  sprintf                       
0001878d  sqrt                          
0001878d  sqrtl                         
0001bcc5  start_delay                   
0001a911  strcmp                        
00013d96  target                        
202063dc  textures                      
0001bfed  unlink                        
000112ec  weaploadSound                 
20205980  worldMap                      
0001c095  write                         


GLOBAL SYMBOLS: SORTED BY Symbol Address 

address   name                          
-------   ----                          
00000000  __TI_ATRegion0_region_sz      
00000000  __TI_ATRegion0_src_addr       
00000000  __TI_ATRegion0_trg_addr       
00000000  __TI_ATRegion1_region_sz      
00000000  __TI_ATRegion1_src_addr       
00000000  __TI_ATRegion1_trg_addr       
00000000  __TI_ATRegion2_region_sz      
00000000  __TI_ATRegion2_src_addr       
00000000  __TI_ATRegion2_trg_addr       
00000000  __TI_static_base__            
00000000  interruptVectors              
000000c0  reloadSound                   
00000200  __STACK_SIZE                  
00000200  __SYSMEM_SIZE                 
000049c0  pistolSound                   
00007474  SCBarkley                     
00009474  circuitBoardTex2              
0000b474  circuitBoardTex               
0000d474  matrix2                       
0000f474  shotgunSound                  
000112ec  weaploadSound                 
00011c46  outofammoSound                
00012596  ExplosionImage                
00012d96  PistolImage                   
00013596  ShotgunImage                  
00013d96  target                        
00014f8c  OGMap                         
000151cc  Ammosprite                    
000153cc  Medkitsprite                  
000155cc  Shotgunsprite                 
000157cc  pistolsprite                  
00015b21  pow                           
00015b21  powl                          
00016569  MovePlayer                    
00016b99  RenderSprite                  
00017115  CastRays                      
00017639  __TI_printfi_minimal          
000178bd  DrawCrosshair                 
00017af5  drawForegroundSpriteToBuffer  
00017d0d  ST7735_DrawBitmap             
00017f1d  DrawHealthBar                 
00018111  Clock_Init80MHz               
000182c5  ST7735_DrawChar               
0001846d  __aeabi_dsub                  
0001846d  __subdf3                      
00018477  __adddf3                      
00018477  __aeabi_dadd                  
000185ff  __aeabi_idiv0                 
00018601  RenderSprites                 
0001878d  sqrt                          
0001878d  sqrtl                         
00018a51  floor                         
00018a51  floorl                        
00018b95  qsort                         
00018cc9  ADC_InitDual                  
00018ded  ST7735_FillRect               
00018f05  aligned_alloc                 
00018f05  memalign                      
00019019  __aeabi_ddiv                  
00019019  __divdf3                      
00019125  drawCharToBuffer              
00019225  SPI_Init                      
0001931d  fputs                         
00019415  RenderForegroundSprites       
00019509  RenderSky                     
000195fd  ST7735_SetRotation            
000196f1  add_device                    
000197dd  free                          
000198c5  __aeabi_dmul                  
000198c5  __muldf3                      
000199a9  setvbuf                       
00019a89  ldexp                         
00019a89  ldexpl                        
00019a89  scalbn                        
00019a89  scalbnl                       
00019b61  UART2_Init                    
00019c35  Inventory_add                 
00019d05  ST7735_OutChar                
00019dd5  TIMG12_IRQHandler             
00019ea1  printToBuffer                 
00019f55  DAC_Init                      
00019ffd  RenderInventory               
0001a0a5  TimerG8_IntArm                
0001a14d  TimerG0_IntArm                
0001a1f1  main                          
0001a337  _nop                          
0001a339  blitBufferToRenderBuffer      
0001a3d9  open                          
0001a479  ST7735_InitPrintf             
0001a515  fputc                         
0001a5b1  ST7735_InitR                  
0001a649  TimerG12_IntArm               
0001a6dd  FillMap                       
0001a76d  clearRenderBuffer             
0001a7f9  sendUARTPacket                
0001a909  __aeabi_errno_addr            
0001a911  strcmp                        
0001a999  PrecalculateFloorGradient     
0001aa1d  ST7735_DrawString             
0001aaa1  UART1_Init                    
0001ab21  getUARTPacket                 
0001aba1  LaunchPad_Init                
0001ac1d  __TI_closefile                
0001ac99  __TI_decompress_lzss          
0001ad15  DrawMinimap                   
0001ad8d  Inventory_removeCurrent       
0001ae01  __gedf2                       
0001ae01  __gtdf2                       
0001ae75  RenderHUD                     
0001aee5  HOSTlseek                     
0001af51  HOSTrename                    
0001afbd  UART2_IRQHandler              
0001b029  fseeko                        
0001b095  getdevice                     
0001b101  __cmpdf2                      
0001b101  __eqdf2                       
0001b101  __ledf2                       
0001b101  __ltdf2                       
0001b101  __nedf2                       
0001b169  ADC_InDual                    
0001b1cd  __TI_wrt_ok                   
0001b295  __aeabi_dcmpeq                
0001b2a9  __aeabi_dcmplt                
0001b2bd  __aeabi_dcmple                
0001b2d1  __aeabi_dcmpge                
0001b2e5  __aeabi_dcmpgt                
0001b2f9  HOSTopen                      
0001b359  printf                        
0001b3b5  setPixelBuffer                
0001b411  HOSTread                      
0001b469  HOSTwrite                     
0001b4c1  __aeabi_idiv                  
0001b4c1  __aeabi_idivmod               
0001b517  compareSprites                
0001b56d  __TI_doflush                  
0001b5c1  close                         
0001b611  RxFifo_Get                    
0001b65d  RxFifo_Put                    
0001b6a9  inInventory                   
0001b6f5  printAmmo                     
0001b741  __aeabi_d2iz                  
0001b741  __fixdfsi                     
0001b78d  HOSTclose                     
0001b7d5  HOSTunlink                    
0001b81d  SPI_OutCommand                
0001b865  Sound_Init                    
0001b8ad  TIMG0_IRQHandler              
0001b8f5  Input_Init                    
0001b939  SysTick_Handler               
0001b97d  SystemInit                    
0001b9c1  RenderScene                   
0001ba01  SPI_Reset                     
0001ba41  __aeabi_uidiv                 
0001ba41  __aeabi_uidivmod              
0001bac1  fastSin                       
0001bafd  __TI_auto_init_nobinit_nopinit
0001bb39  __muldsi3                     
0001bb75  ActivatePortA_B               
0001bbad  RenderBuffer                  
0001bbe5  SPI_OutData                   
0001bc1d  Sound_Start                   
0001bc55  rand                          
0001bc8d  sprintf                       
0001bcc5  start_delay                   
0001bcfd  Clock_Delay1ms                
0001bd31  ST7735_SetCursor              
0001bd65  ST7735_write                  
0001bd99  __TI_cleanup                  
0001bdcd  __TI_readmsg                  
0001be01  __TI_writemsg                 
0001be2d  C$$IO$$                       
0001be35  exit                          
0001be69  finddevice                    
0001be9d  freopen                       
0001bed1  printItem                     
0001bf35  fastCos                       
0001bf65  fopen                         
0001bf95  ST7735_FillScreen             
0001bfc1  __aeabi_i2d                   
0001bfc1  __floatsidf                   
0001bfed  unlink                        
0001c019  UART2_InChar                  
0001c06d  lseek                         
0001c095  write                         
0001c0bd  _c_int00_noargs               
0001c0e5  Inventory_next                
0001c109  Joy_Init                      
0001c12d  __aeabi_ui2d                  
0001c12d  __floatunsidf                 
0001c151  memccpy                       
0001c175  Graphics_Init                 
0001c195  Item_isWeapon                 
0001c1d5  ADC0_IRQHandler               
0001c1d5  ADC1_IRQHandler               
0001c1d5  AES_IRQHandler                
0001c1d5  CANFD0_IRQHandler             
0001c1d5  DAC0_IRQHandler               
0001c1d5  DMA_IRQHandler                
0001c1d5  Default_Handler               
0001c1d5  GROUP0_IRQHandler             
0001c1d5  GROUP1_IRQHandler             
0001c1d5  I2C0_IRQHandler               
0001c1d5  I2C1_IRQHandler               
0001c1d5  NMI_Handler                   
0001c1d5  PendSV_Handler                
0001c1d5  RTC_IRQHandler                
0001c1d5  SPI0_IRQHandler               
0001c1d5  SPI1_IRQHandler               
0001c1d5  SVC_Handler                   
0001c1d5  TIMA0_IRQHandler              
0001c1d5  TIMA1_IRQHandler              
0001c1d5  TIMG6_IRQHandler              
0001c1d5  TIMG7_IRQHandler              
0001c1d5  UART0_IRQHandler              
0001c1d5  UART1_IRQHandler              
0001c1d5  UART3_IRQHandler              
0001c1f1  HardFault_Handler             
0001c20d  Joy_In                        
0001c245  TIMG8_IRQHandler              
0001c25d  UART1_OutChar                 
0001c28d  ST7735_open                   
0001c2a3  ST7735_read                   
0001c2b9  DAC_Out                       
0001c2cd  RxFifo_Init                   
0001c2e1  Inventory_currentItem         
0001c2f3  Item_isSpent                  
0001c305  TI_memcpy_small               
0001c317  __TI_decompress_none          
0001c329  Clock_Delay                   
0001c339  Delay                         
0001c349  Joy_InButton                  
0001c359  ReadKeys                      
0001c369  __TI_zero_init                
0001c387  ST7735_lseek                  
0001c395  __aeabi_memset                
0001c395  __aeabi_memset4               
0001c395  __aeabi_memset8               
0001c3cd  TI_memset_small               
0001c3dd  Clock_Freq                    
0001c3e9  ST7735_rename                 
0001c3f5  __aeabi_memclr                
0001c3f5  __aeabi_memclr4               
0001c3f5  __aeabi_memclr8               
0001c401  malloc                        
0001c43d  ST7735_close                  
0001c447  ST7735_unlink                 
0001c475  __aeabi_memcpy                
0001c475  __aeabi_memcpy4               
0001c475  __aeabi_memcpy8               
0001c48d  fseek                         
0001c495  remove                        
0001c4d1  Reset_Handler                 
0001c4d5  _system_pre_init              
0001c4d8  C$$EXIT                       
0001c4d9  abort                         
0001c678  __TI_Handler_Table_Base       
0001c684  __TI_Handler_Table_Limit      
0001c68c  __TI_CINIT_Base               
0001c69c  __TI_CINIT_Limit              
0001c69c  __TI_CINIT_Warm               
20200000  __start___llvm_prf_bits       
20200000  __start___llvm_prf_cnts       
20200000  __stop___llvm_prf_bits        
20200000  __stop___llvm_prf_cnts        
20200000  renderBuffer                  
20205000  ZBuffer                       
20205500  miniMap                       
20205980  worldMap                      
20205bc0  _CIOBUF_                      
20205bc0  __CIOBUF_                     
20205ce0  __TI_tmpnams                  
20205d80  floorGradient                 
20205e40  parmbuf                       
20205e4c  Joy_x                         
20205e50  Joy_y                         
20205e54  Length                        
20205e58  LostData                      
20205e5c  RxGetI                        
20205e60  RxPutI                        
20205e64  SoundPt                       
20205e68  flag_done                     
20205e6c  ms_done                       
20205e70  ms_passed                     
20205e78  isShooting                    
20205e79  reloaded                      
20205e80  Sprites                       
20206010  _ftable                       
20206100  _device                       
20206178  ammo_small                    
202061e0  medkit                        
20206248  pistol                        
202062b0  shotgun                       
20206318  _stream                       
20206368  SoundEffects                  
20206390  gunFlash                      
202063b8  inventory                     
202063cc  items                         
202063dc  textures                      
202063ec  __TI_cleanup_ptr              
202063f0  __TI_dtors_ptr                
202063f4  BusFreq                       
202063f8  dirX                          
20206400  dirY                          
20206408  planeX                        
20206410  planeY                        
20206418  posX                          
20206420  posY                          
2020642c  StX                           
20206430  StY                           
20206434  __TI_ft_end                   
20206438  __aeabi_errno                 
2020643c  _lock                         
20206440  _unlock                       
20206448  numsprites                    
2020644c  otherHealth                   
20206450  playerHealth                  
20206454  StTextColor                   
2020645b  isOnTarget                    
2020645d  lastInput                     
20206468  _sys_memory                   
20207e00  __stack                       
20208000  __STACK_END                   
ffffffff  __TI_pprof_out_hndl           
ffffffff  __TI_prof_data_size           
ffffffff  __TI_prof_data_start          
ffffffff  __binit__                     
ffffffff  binit                         
UNDEFED   __mpu_init                    
UNDEFED   _system_post_cinit            

[329 symbols]
