******************************************************************************
            TI ARM Clang Linker PC v4.0.1                      
******************************************************************************
>> Linked Tue Apr 15 10:13:58 2025

OUTPUT FILE NAME:   <TheM0+rix_Segfaulted.out>
ENTRY POINT SYMBOL: "_c_int00_noargs"  address: 0001dd65


MEMORY CONFIGURATION

         name            origin    length      used     unused   attr    fill
----------------------  --------  ---------  --------  --------  ----  --------
  FLASH                 00000000   00020000  0001e408  00001bf8  R  X
  SRAM                  20200000   00008000  00006a2c  000015d4  RW X
  BCR_CONFIG            41c00000   00000080  00000000  00000080  R   
  BSL_CONFIG            41c00100   00000080  00000000  00000080  R   


SEGMENT ALLOCATION MAP

run origin  load origin   length   init length attrs members
----------  ----------- ---------- ----------- ----- -------
00000000    00000000    0001e408   0001e408    r-x
  00000000    00000000    000000c0   000000c0    r-- .intvecs
  000000c0    000000c0    00016c60   00016c60    r-- .rodata
  00016d20    00016d20    000074c0   000074c0    r-x .text
  0001e1e0    0001e1e0    00000228   00000228    r-- .cinit
20200000    20200000    00006838   00000000    rw-
  20200000    20200000    00005e9b   00000000    rw- .bss
  20205ea0    20205ea0    00000791   00000000    rw- .data
  20206638    20206638    00000200   00000000    rw- .sysmem
20207e00    20207e00    00000200   00000000    rw-
  20207e00    20207e00    00000200   00000000    rw- .stack


SECTION ALLOCATION MAP

 output                                  attributes/
section   page    origin      length       input sections
--------  ----  ----------  ----------   ----------------
.intvecs   0    00000000    000000c0     
                  00000000    000000c0     startup_mspm0g3507_ticlang.o (.intvecs)

.text      0    00016d20    000074c0     
                  00016d20    00000a48     libc.a : e_pow.c.obj (.text.pow)
                  00017768    000006fc     Input.o (.text.MovePlayer)
                  00017e64    000005f8     sprites.o (.text.RenderSprite)
                  0001845c    00000524     Graphics.o (.text.CastRays)
                  00018980    00000284     libc.a : _printfi.c.obj (.text:__TI_printfi_minimal)
                  00018c04    00000238     Graphics.o (.text.DrawCrosshair)
                  00018e3c    00000218     Buffer.o (.text.drawForegroundSpriteToBuffer)
                  00019054    00000210     ST7735.o (.text.ST7735_DrawBitmap)
                  00019264    000001f4     Graphics.o (.text.DrawHealthBar)
                  00019458    000001b4     Clock.o (.text.Clock_Init80MHz)
                  0001960c    000001a8     ST7735.o (.text.ST7735_DrawChar)
                  000197b4    00000192     libclang_rt.builtins.a : adddf3.S.obj (.text.adddf3_subdf3)
                  00019946    00000002                            : aeabi_div0.c.obj (.text.__aeabi_idiv0)
                  00019948    0000018c     sprites.o (.text.RenderSprites)
                  00019ad4    00000170     libc.a : e_sqrt.c.obj (.text.sqrt)
                  00019c44    00000154            : fopen.c.obj (.text._openfile)
                  00019d98    00000154     Sync.o (.text.getDirectionPacket)
                  00019eec    00000144     libc.a : s_floor.c.obj (.text.floor)
                  0001a030    00000134            : qsort.c.obj (.text.qsort)
                  0001a164    00000124     ADC.o (.text.ADC_InitDual)
                  0001a288    0000011c     main.o (.text.main)
                  0001a3a4    00000118     ST7735.o (.text.ST7735_FillRect)
                  0001a4bc    00000114     libc.a : memory.c.obj (.text.aligned_alloc)
                  0001a5d0    0000010c     libclang_rt.builtins.a : divdf3.S.obj (.text.__divdf3)
                  0001a6dc    0000010c     Sync.o (.text.getInfoPacket)
                  0001a7e8    00000100     Buffer.o (.text.drawCharToBuffer)
                  0001a8e8    000000f8     SPI.o (.text.SPI_Init)
                  0001a9e0    000000f8     libc.a : fputs.c.obj (.text.fputs)
                  0001aad8    000000f4     ADC.o (.text.ADC0_Init)
                  0001abcc    000000f4     sprites.o (.text.RenderForegroundSprites)
                  0001acc0    000000f4     Graphics.o (.text.RenderSky)
                  0001adb4    000000f4     ST7735.o (.text.ST7735_SetRotation)
                  0001aea8    000000ec     libsysbm.a : add_device.c.obj (.text.add_device)
                  0001af94    000000e8     libc.a : memory.c.obj (.text.free)
                  0001b07c    000000e4     libclang_rt.builtins.a : muldf3.S.obj (.text.__muldf3)
                  0001b160    000000e0     libc.a : setvbuf.c.obj (.text.setvbuf)
                  0001b240    000000d8            : s_scalbn.c.obj (.text.scalbn)
                  0001b318    000000d0     Inventory.o (.text.Inventory_add)
                  0001b3e8    000000d0     ST7735.o (.text.ST7735_OutChar)
                  0001b4b8    000000d0     UART2.o (.text.UART2_Init)
                  0001b588    000000c4     Input.o (.text.TIMG12_IRQHandler)
                  0001b64c    000000c0     Sync.o (.text.getPositionPacket)
                  0001b70c    000000b4     Buffer.o (.text.printToBuffer)
                  0001b7c0    000000b0     Inventory.o (.text.Inventory_replace)
                  0001b870    000000a8     DAC.o (.text.DAC_Init)
                  0001b918    000000a8     sprites.o (.text.RenderInventory)
                  0001b9c0    000000a8     Timer.o (.text.TimerG6_IntArm)
                  0001ba68    000000a8     Timer.o (.text.TimerG7_IntArm)
                  0001bb10    000000a8     Timer.o (.text.TimerG8_IntArm)
                  0001bbb8    000000a4     Timer.o (.text.TimerG0_IntArm)
                  0001bc5c    000000a2     ST7735.o (.text.commandList)
                  0001bcfe    00000002     libc.a : _lock.c.obj (.text._nop)
                  0001bd00    000000a0     Sync.o (.text.RandomizeSprites)
                  0001bda0    000000a0     Buffer.o (.text.blitBufferToRenderBuffer)
                  0001be40    000000a0     libsysbm.a : open.c.obj (.text.open)
                  0001bee0    0000009c     ST7735.o (.text.ST7735_InitPrintf)
                  0001bf7c    0000009c     libc.a : fputc.c.obj (.text.fputc)
                  0001c018    00000098     ST7735.o (.text.ST7735_InitR)
                  0001c0b0    00000094     Timer.o (.text.TimerG12_IntArm)
                  0001c144    00000090     Graphics.o (.text.FillMap)
                  0001c1d4    0000008c     Buffer.o (.text.clearRenderBuffer)
                  0001c260    00000088     ST7735.o (.text.setAddrWindow)
                  0001c2e8    00000008     libc.a : aeabi_portable.c.obj (.text.__aeabi_errno_addr)
                  0001c2f0    00000088            : strcmp-armv6m.S.obj (.text:strcmp)
                  0001c378    00000084     Buffer.o (.text.PrecalculateFloorGradient)
                  0001c3fc    00000084     ST7735.o (.text.ST7735_DrawString)
                  0001c480    00000080     Sync.o (.text.sendDirectionPacket)
                  0001c500    00000080     Sync.o (.text.sendPositionPacket)
                  0001c580    0000007c     LaunchPad.o (.text.LaunchPad_Init)
                  0001c5fc    0000007c     UART1.o (.text.UART1_Init)
                  0001c678    0000007c     libc.a : fclose.c.obj (.text.__TI_closefile)
                  0001c6f4    0000007c     Sync.o (.text.getRandomMapPos)
                  0001c770    0000007c     libc.a : copy_decompress_lzss.c.obj (.text:decompress:lzss)
                  0001c7ec    00000078     Graphics.o (.text.DrawMinimap)
                  0001c864    00000078     Graphics.o (.text.RenderHUD)
                  0001c8dc    00000074     Inventory.o (.text.Inventory_removeCurrent)
                  0001c950    00000074     Sync.o (.text.TIMG7_IRQHandler)
                  0001c9c4    00000074     libclang_rt.builtins.a : comparedf2.c.obj (.text.__gedf2)
                  0001ca38    0000006c     libsysbm.a : hostlseek.c.obj (.text.HOSTlseek)
                  0001caa4    0000006c                : hostrename.c.obj (.text.HOSTrename)
                  0001cb10    0000006c     UART2.o (.text.UART2_IRQHandler)
                  0001cb7c    0000006c     libc.a : fseek.c.obj (.text.fseeko)
                  0001cbe8    0000006c            : getdevice.c.obj (.text.getdevice)
                  0001cc54    00000068     libclang_rt.builtins.a : comparedf2.c.obj (.text.__ledf2)
                  0001ccbc    00000064     ADC.o (.text.ADC_InDual)
                  0001cd20    00000064     libc.a : _io_perm.c.obj (.text.__TI_wrt_ok)
                  0001cd84    00000064            : memory.c.obj (.text.split)
                  0001cde8    00000062     libclang_rt.builtins.a : aeabi_dcmp.S.obj (.text.__aeabi_dcmp)
                  0001ce4a    00000002     --HOLE-- [fill = 0]
                  0001ce4c    00000060     libsysbm.a : hostopen.c.obj (.text.HOSTopen)
                  0001ceac    0000005c     Sync.o (.text.TIMG8_IRQHandler)
                  0001cf08    0000005c     libc.a : printf.c.obj (.text.printf)
                  0001cf64    0000005c     Buffer.o (.text.setPixelBuffer)
                  0001cfc0    00000058     libsysbm.a : hostread.c.obj (.text.HOSTread)
                  0001d018    00000058                : hostwrite.c.obj (.text.HOSTwrite)
                  0001d070    00000056     libclang_rt.builtins.a : aeabi_idivmod.S.obj (.text.__aeabi_idivmod)
                  0001d0c6    00000056     sprites.o (.text.compareSprites)
                  0001d11c    00000052     libc.a : fflush.c.obj (.text.__TI_doflush)
                  0001d16e    00000002     --HOLE-- [fill = 0]
                  0001d170    00000050     libsysbm.a : close.c.obj (.text.close)
                  0001d1c0    0000004c     FIFO.o (.text.RxFifo_Get)
                  0001d20c    0000004c     FIFO.o (.text.RxFifo_Put)
                  0001d258    0000004c     Inventory.o (.text.inInventory)
                  0001d2a4    0000004c     Graphics.o (.text.printAmmo)
                  0001d2f0    0000004a     libclang_rt.builtins.a : fixdfsi.S.obj (.text.__fixdfsi)
                  0001d33a    00000002     --HOLE-- [fill = 0]
                  0001d33c    00000048     libsysbm.a : hostclose.c.obj (.text.HOSTclose)
                  0001d384    00000048                : hostunlink.c.obj (.text.HOSTunlink)
                  0001d3cc    00000048     SPI.o (.text.SPI_OutCommand)
                  0001d414    00000048     Sounds.o (.text.Sound_Init)
                  0001d45c    00000048     Async_Delay.o (.text.TIMG0_IRQHandler)
                  0001d4a4    00000044     ADC.o (.text.ADC0_In)
                  0001d4e8    00000044     Input.o (.text.Input_Init)
                  0001d52c    00000044     Sounds.o (.text.SysTick_Handler)
                  0001d570    00000044     sprites.o (.text.generateSprite)
                  0001d5b4    00000040     Graphics.o (.text.RenderScene)
                  0001d5f4    00000040     SPI.o (.text.SPI_Reset)
                  0001d634    00000040     Sync.o (.text.TIMG6_IRQHandler)
                  0001d674    00000040     libclang_rt.builtins.a : aeabi_uidivmod.S.obj (.text.__aeabi_uidivmod)
                  0001d6b4    00000040     libc.a : fopen.c.obj (.text._search_fp)
                  0001d6f4    0000003c     Input.o (.text.fastSin)
                  0001d730    0000003c     Sync.o (.text.sendInfoPacket)
                  0001d76c    0000003c     Async_Delay.o (.text.start_delay)
                  0001d7a8    0000003c     libc.a : autoinit.c.obj (.text:__TI_auto_init_nobinit_nopinit)
                  0001d7e4    0000003a     libclang_rt.builtins.a : muldsi3.S.obj (.text.__muldsi3)
                  0001d81e    00000002     --HOLE-- [fill = 0]
                  0001d820    00000038     LaunchPad.o (.text.ActivatePortA_B)
                  0001d858    00000038     Buffer.o (.text.RenderBuffer)
                  0001d890    00000038     SPI.o (.text.SPI_OutData)
                  0001d8c8    00000038     Sounds.o (.text.Sound_Start)
                  0001d900    00000038     libc.a : rand.c.obj (.text.rand)
                  0001d938    00000038            : sprintf.c.obj (.text.sprintf)
                  0001d970    00000034     Clock.o (.text.Clock_Delay1ms)
                  0001d9a4    00000034     ST7735.o (.text.ST7735_SetCursor)
                  0001d9d8    00000034     ST7735.o (.text.ST7735_write)
                  0001da0c    00000034     main.o (.text.SystemInit)
                  0001da40    00000034     libc.a : fopen.c.obj (.text.__TI_cleanup)
                  0001da74    00000034     libsysbm.a : trgmsg.c.obj (.text.__TI_readmsg)
                  0001daa8    00000034                : trgmsg.c.obj (.text.__TI_writemsg)
                  0001dadc    00000034     libc.a : exit.c.obj (.text.exit)
                  0001db10    00000034            : getdevice.c.obj (.text.finddevice)
                  0001db44    00000034            : fopen.c.obj (.text.freopen)
                  0001db78    00000034     Graphics.o (.text.printItem)
                  0001dbac    00000030     ST7735.o (.text.commonInit)
                  0001dbdc    00000030     Input.o (.text.fastCos)
                  0001dc0c    00000030     libc.a : fopen.c.obj (.text.fopen)
                  0001dc3c    0000002c     ST7735.o (.text.ST7735_FillScreen)
                  0001dc68    0000002c     libclang_rt.builtins.a : floatsidf.S.obj (.text.__floatsidf)
                  0001dc94    0000002c     libsysbm.a : unlink.c.obj (.text.unlink)
                  0001dcc0    0000002a     UART2.o (.text.UART2_InChar)
                  0001dcea    00000002     --HOLE-- [fill = 0]
                  0001dcec    00000028     libc.a : memory.c.obj (.text.free_list_insert)
                  0001dd14    00000028     libsysbm.a : lseek.c.obj (.text.lseek)
                  0001dd3c    00000028                : write.c.obj (.text.write)
                  0001dd64    00000028     libc.a : boot_cortex_m.c.obj (.text:_c_int00_noargs)
                  0001dd8c    00000026     main.o (.text.initRandom)
                  0001ddb2    00000024     Inventory.o (.text.Inventory_next)
                  0001ddd6    00000002     --HOLE-- [fill = 0]
                  0001ddd8    00000024     Joy.o (.text.Joy_Init)
                  0001ddfc    00000024     libclang_rt.builtins.a : floatunsidf.S.obj (.text.__floatunsidf)
                  0001de20    00000024     libc.a : rand.c.obj (.text.srand)
                  0001de44    00000022            : memccpy.c.obj (.text.memccpy)
                  0001de66    00000002     --HOLE-- [fill = 0]
                  0001de68    00000020     Graphics.o (.text.Graphics_Init)
                  0001de88    00000020     Inventory.o (.text.Item_isWeapon)
                  0001dea8    0000001e     ST7735.o (.text.pushColor)
                  0001dec6    00000002     --HOLE-- [fill = 0]
                  0001dec8    0000001c     startup_mspm0g3507_ticlang.o (.text.Default_Handler)
                  0001dee4    0000001c     startup_mspm0g3507_ticlang.o (.text.HardFault_Handler)
                  0001df00    0000001c     Joy.o (.text.Joy_In)
                  0001df1c    0000001c     libc.a : memory.c.obj (.text.free_list_remove)
                  0001df38    00000018     FIFO.o (.text.RxFifo_Size)
                  0001df50    00000018     UART1.o (.text.UART1_OutChar)
                  0001df68    00000018     libc.a : sprintf.c.obj (.text._outs)
                  0001df80    00000016     ST7735.o (.text.ST7735_open)
                  0001df96    00000016     ST7735.o (.text.ST7735_read)
                  0001dfac    00000014     DAC.o (.text.DAC_Out)
                  0001dfc0    00000014     FIFO.o (.text.RxFifo_Init)
                  0001dfd4    00000012     Inventory.o (.text.Inventory_currentItem)
                  0001dfe6    00000012     Inventory.o (.text.Item_isSpent)
                  0001dff8    00000012     libc.a : memcpy16.S.obj (.text:TI_memcpy_small)
                  0001e00a    00000012            : copy_decompress_none.c.obj (.text:decompress:none)
                  0001e01c    00000010     Clock.o (.text.Clock_Delay)
                  0001e02c    00000010     LaunchPad.o (.text.Delay)
                  0001e03c    00000010     Joy.o (.text.Joy_InButton)
                  0001e04c    00000010     Input.o (.text.ReadKeys)
                  0001e05c    00000010     libc.a : copy_zero_init.c.obj (.text:decompress:ZI)
                  0001e06c    0000000e            : memory.c.obj (.text.OUTLINED_FUNCTION_0)
                  0001e07a    0000000e     ST7735.o (.text.ST7735_lseek)
                  0001e088    0000000e     libclang_rt.builtins.a : aeabi_memset.S.obj (.text.__aeabi_memset)
                  0001e096    0000000e     libsysbm.a : hostrename.c.obj (.text.strcpy)
                  0001e0a4    0000000e     libc.a : _printfi.c.obj (.text.strlen)
                  0001e0b2    0000000e     libsysbm.a : hostrename.c.obj (.text.strlen)
                  0001e0c0    0000000e     libc.a : memset16.S.obj (.text:TI_memset_small)
                  0001e0ce    00000002     --HOLE-- [fill = 0]
                  0001e0d0    0000000c     Clock.o (.text.Clock_Freq)
                  0001e0dc    0000000c     ST7735.o (.text.ST7735_rename)
                  0001e0e8    0000000c     Sync.o (.text.Sync_Init)
                  0001e0f4    0000000c     libclang_rt.builtins.a : aeabi_memset.S.obj (.text.__aeabi_memclr)
                  0001e100    0000000c     libc.a : memory.c.obj (.text.malloc)
                  0001e10c    0000000a            : e_pow.c.obj (.text.OUTLINED_FUNCTION_0)
                  0001e116    00000002     --HOLE-- [fill = 0]
                  0001e118    00000010     libclang_rt.builtins.a : muldf3.S.obj (.tramp.__aeabi_dmul.1)
                  0001e128    0000000a     libc.a : e_pow.c.obj (.text.OUTLINED_FUNCTION_1)
                  0001e132    0000000a            : e_pow.c.obj (.text.OUTLINED_FUNCTION_6)
                  0001e13c    0000000a     ST7735.o (.text.ST7735_close)
                  0001e146    0000000a     ST7735.o (.text.ST7735_unlink)
                  0001e150    0000000a     libc.a : sprintf.c.obj (.text._outc)
                  0001e15a    00000008            : e_pow.c.obj (.text.OUTLINED_FUNCTION_2)
                  0001e162    00000002     --HOLE-- [fill = 0]
                  0001e164    00000010     libclang_rt.builtins.a : adddf3.S.obj (.tramp.__aeabi_dsub.1)
                  0001e174    00000008                            : aeabi_memcpy.S.obj (.text.__aeabi_memcpy)
                  0001e17c    00000008     libc.a : printf.c.obj (.text._outc)
                  0001e184    00000008            : printf.c.obj (.text._outs)
                  0001e18c    00000008            : fseek.c.obj (.text.fseek)
                  0001e194    00000008     libsysbm.a : remove.c.obj (.text.remove)
                  0001e19c    00000006     libc.a : e_pow.c.obj (.text.OUTLINED_FUNCTION_3)
                  0001e1a2    00000002     --HOLE-- [fill = 0]
                  0001e1a4    00000010     libclang_rt.builtins.a : adddf3.S.obj (.tramp.__aeabi_dadd.1)
                  0001e1b4    00000006     libc.a : e_pow.c.obj (.text.OUTLINED_FUNCTION_4)
                  0001e1ba    00000006            : e_pow.c.obj (.text.OUTLINED_FUNCTION_5)
                  0001e1c0    00000004            : e_pow.c.obj (.text.OUTLINED_FUNCTION_10)
                  0001e1c4    00000004            : e_pow.c.obj (.text.OUTLINED_FUNCTION_7)
                  0001e1c8    00000004            : e_pow.c.obj (.text.OUTLINED_FUNCTION_8)
                  0001e1cc    00000004            : e_pow.c.obj (.text.OUTLINED_FUNCTION_9)
                  0001e1d0    00000004     startup_mspm0g3507_ticlang.o (.text.Reset_Handler)
                  0001e1d4    00000004     libc.a : pre_init.c.obj (.text._system_pre_init)
                  0001e1d8    00000004            : exit.c.obj (.text:abort)
                  0001e1dc    00000004     --HOLE-- [fill = 0]

.cinit     0    0001e1e0    00000228     
                  0001e1e0    00000201     (.cinit..data.load) [load image, compression = lzss]
                  0001e3e1    00000003     --HOLE-- [fill = 0]
                  0001e3e4    0000000c     (__TI_handler_table)
                  0001e3f0    00000008     (.cinit..bss.load) [load image, compression = zero_init]
                  0001e3f8    00000010     (__TI_cinit_table)

.rodata    0    000000c0    00016c60     
                  000000c0    00004900     Sounds.o (.rodata.reloadSound)
                  000049c0    00002ab4     Sounds.o (.rodata.pistolSound)
                  00007474    00002000     Graphics.o (.rodata.SCBarkley)
                  00009474    00002000     Graphics.o (.rodata.circuitBoardTex2)
                  0000b474    00002000     Graphics.o (.rodata.circuitBoardTex)
                  0000d474    00002000     Graphics.o (.rodata.matrix2)
                  0000f474    00001e78     Sounds.o (.rodata.shotgunSound)
                  000112ec    0000095a     Sounds.o (.rodata.weaploadSound)
                  00011c46    0000094f     Sounds.o (.rodata.outofammoSound)
                  00012595    00000001     main.o (.rodata.str1.30235616187663446621)
                  00012596    00000800     main.o (.rodata.AgentPixelBack)
                  00012d96    00000800     main.o (.rodata.AgentPixelFront)
                  00013596    00000800     main.o (.rodata.ExplosionImage)
                  00013d96    00000800     main.o (.rodata.PistolImage)
                  00014596    00000800     main.o (.rodata.RifleImage)
                  00014d96    00000800     main.o (.rodata.ShotgunImage)
                  00015596    000004fb     Buffer.o (.rodata.Font)
                  00015a91    000004fb     ST7735.o (.rodata.Font)
                  00015f8c    00000240     Graphics.o (.rodata.OGMap)
                  000161cc    00000200     main.o (.rodata.Ammosprite)
                  000163cc    00000200     main.o (.rodata.Medkitsprite)
                  000165cc    00000200     main.o (.rodata.Pistolsprite)
                  000167cc    00000200     main.o (.rodata.Riflesprite)
                  000169cc    00000200     main.o (.rodata.Shotgunsprite)
                  00016bcc    0000003b     ST7735.o (.rodata.Rcmd1)
                  00016c07    00000001     --HOLE-- [fill = 0]
                  00016c08    00000030     libc.a : e_pow.c.obj (.rodata.cst16)
                  00016c38    00000030     main.o (.rodata.str1.182731374899196392841)
                  00016c68    0000002b     ST7735.o (.rodata.Rcmd3)
                  00016c93    00000016     ST7735.o (.rodata.str1.180840905664508391481)
                  00016ca9    00000011     libc.a : _printfi.c.obj (.rodata.str1.153638888446227384661)
                  00016cba    0000000d     ST7735.o (.rodata.Rcmd2green)
                  00016cc7    0000000d     ST7735.o (.rodata.Rcmd2red)
                  00016cd4    0000000c     Graphics.o (.rodata.str1.37161536259113115651)
                  00016ce0    00000008     main.o (.rodata.str1.128962870563899395191)
                  00016ce8    00000008     ST7735.o (.rodata.str1.42106280550816602831)
                  00016cf0    00000007     ST7735.o (.rodata.str1.124659516132232304751)
                  00016cf7    00000007     main.o (.rodata.str1.164552152177587026401)
                  00016cfe    00000007     main.o (.rodata.str1.181369900268917052751)
                  00016d05    00000007     ST7735.o (.rodata.str1.97082724960320730491)
                  00016d0c    00000006     Graphics.o (.rodata.str1.2002389610935928081)
                  00016d12    00000006     main.o (.rodata.str1.58265674741439123291)
                  00016d18    00000004     Graphics.o (.rodata.str1.25158831670344200691)
                  00016d1c    00000002     ST7735.o (.rodata.str1.147171064836689809571)
                  00016d1e    00000002     --HOLE-- [fill = 0]

.init_array 
*          0    00000000    00000000     UNINITIALIZED

.binit     0    00000000    00000000     

.bss       0    20200000    00005e9b     UNINITIALIZED
                  20200000    00005000     (.common:renderBuffer)
                  20205000    00000500     (.common:ZBuffer)
                  20205500    00000480     (.common:miniMap)
                  20205980    00000240     (.common:worldMap)
                  20205bc0    00000120     libsysbm.a : trgmsg.c.obj (.bss:_CIOBUF_)
                  20205ce0    000000a0     libc.a : defs.c.obj (.bss.__TI_tmpnams)
                  20205d80    00000080     (.common:floorGradient)
                  20205e00    00000040     FIFO.o (.bss.RxFifo)
                  20205e40    00000008     libsysbm.a : hostopen.c.obj (.bss.parmbuf)
                  20205e48    00000008     (.common:otherDirX)
                  20205e50    00000008     (.common:otherDirY)
                  20205e58    00000008     (.common:otherPosX)
                  20205e60    00000008     (.common:otherPosY)
                  20205e68    00000004     libc.a : memory.c.obj (.bss.sys_free)
                  20205e6c    00000004     (.common:Joy_x)
                  20205e70    00000004     (.common:Joy_y)
                  20205e74    00000004     (.common:Length)
                  20205e78    00000004     (.common:LostData)
                  20205e7c    00000004     (.common:RxGetI)
                  20205e80    00000004     (.common:RxPutI)
                  20205e84    00000004     (.common:SoundPt)
                  20205e88    00000004     (.common:flag_done)
                  20205e8c    00000004     (.common:ms_done)
                  20205e90    00000004     (.common:ms_passed)
                  20205e94    00000001     ST7735.o (.bss.ColStart)
                  20205e95    00000001     ST7735.o (.bss.Rotation)
                  20205e96    00000001     ST7735.o (.bss.RowStart)
                  20205e97    00000001     ST7735.o (.bss.TabColor)
                  20205e98    00000001     (.common:isShooting)
                  20205e99    00000001     (.common:isSwapping)
                  20205e9a    00000001     (.common:reloaded)

.data      0    20205ea0    00000791     UNINITIALIZED
                  20205ea0    00000258     main.o (.data.Sprites)
                  202060f8    000000f0     libc.a : defs.c.obj (.data._ftable)
                  202061e8    00000078     libsysbm.a : host_device.c.obj (.data._device)
                  20206260    00000068     main.o (.data.ammo_big)
                  202062c8    00000068     main.o (.data.ammo_small)
                  20206330    00000068     main.o (.data.medkit)
                  20206398    00000068     main.o (.data.pistol)
                  20206400    00000068     main.o (.data.rifle)
                  20206468    00000068     main.o (.data.shotgun)
                  202064d0    00000050     libsysbm.a : host_device.c.obj (.data._stream)
                  20206520    00000028     Sounds.o (.data.SoundEffects)
                  20206548    00000028     main.o (.data.gunFlash)
                  20206570    00000018     main.o (.data.items)
                  20206588    00000014     main.o (.data.inventory)
                  2020659c    00000010     Graphics.o (.data.textures)
                  202065ac    00000008     libc.a : exit.c.obj (.data..L_MergedGlobals)
                  202065b4    00000004     Clock.o (.data.BusFreq)
                  202065b8    00000008     main.o (.data.dirX)
                  202065c0    00000008     main.o (.data.dirY)
                  202065c8    00000008     main.o (.data.planeX)
                  202065d0    00000008     main.o (.data.planeY)
                  202065d8    00000008     main.o (.data.posX)
                  202065e0    00000008     main.o (.data.posY)
                  202065e8    00000004     Graphics.o (.data.RenderScene.side)
                  202065ec    00000004     ST7735.o (.data.StX)
                  202065f0    00000004     ST7735.o (.data.StY)
                  202065f4    00000004     libc.a : defs.c.obj (.data.__TI_ft_end)
                  202065f8    00000004            : aeabi_portable.c.obj (.data.__aeabi_errno)
                  202065fc    00000004            : _lock.c.obj (.data._lock)
                  20206600    00000004            : _lock.c.obj (.data._unlock)
                  20206604    00000004            : rand.c.obj (.data.next)
                  20206608    00000004     main.o (.data.numsprites)
                  2020660c    00000004     main.o (.data.otherHealth)
                  20206610    00000004     Sync.o (.data.otherPlayer)
                  20206614    00000004     main.o (.data.playerHealth)
                  20206618    00000002     ST7735.o (.data.StTextColor)
                  2020661a    00000002     Sync.o (.data.TIMG6_IRQHandler.timeCt)
                  2020661c    00000002     ST7735.o (.data._height)
                  2020661e    00000002     ST7735.o (.data._width)
                  20206620    00000001     sprites.o (.data.RenderForegroundSprites.sidesDrawn)
                  20206621    00000001     Sync.o (.data.TIMG7_IRQHandler.packetIndex)
                  20206622    00000001     Sync.o (.data.TIMG8_IRQHandler.packetIndex)
                  20206623    00000001     sprites.o (.data.canSwapItems)
                  20206624    00000001     libsysbm.a : add_device.c.obj (.data.add_device.device_init)
                  20206625    00000001     main.o (.data.healthCode)
                  20206626    00000001     main.o (.data.isOnTarget)
                  20206627    00000001     Sync.o (.data.itemsStatus)
                  20206628    00000001     Input.o (.data.lastInput)
                  20206629    00000003     --HOLE--
                  2020662c    00000001     libc.a : memory.c.obj (.data.memory_is_initialized)
                  2020662d    00000003     --HOLE--
                  20206630    00000001     libsysbm.a : open.c.obj (.data.open.stream_init)

.sysmem    0    20206638    00000200     UNINITIALIZED
                  20206638    00000010     libc.a : memory.c.obj (.sysmem)
                  20206648    000001f0     --HOLE--

.stack     0    20207e00    00000200     UNINITIALIZED
                  20207e00    00000004     libc.a : boot_cortex_m.c.obj (.stack)
                  20207e04    000001fc     --HOLE--

__llvm_prf_cnts 
*          0    20200000    00000000     UNINITIALIZED

__llvm_prf_bits 
*          0    20200000    00000000     UNINITIALIZED

MODULE SUMMARY

       Module                         code    ro data   rw data
       ------                         ----    -------   -------
    .\
       Sounds.o                       196     42197     48     
       Graphics.o                     3236    33366     3036   
       Buffer.o                       1552    1275      20608  
       main.o                         374     14925     1402   
       ST7735.o                       2738    1449      18     
       sprites.o                      2490    0         2      
       Input.o                        2176    0         4      
       Sync.o                         1684    0         9      
       Timer.o                        816     0         0      
       ADC.o                          704     0         0      
       Inventory.o                    680     0         0      
       Clock.o                        516     0         4      
       SPI.o                          440     0         0      
       UART2.o                        358     0         4      
       FIFO.o                         196     0         72     
       LaunchPad.o                    196     0         0      
       DAC.o                          188     0         0      
       UART1.o                        148     0         0      
       Async_Delay.o                  132     0         12     
       Joy.o                          80      0         0      
    +--+------------------------------+-------+---------+---------+
       Total:                         18900   93212     25219  
                                                               
    .\ticlang\
       startup_mspm0g3507_ticlang.o   60      192       0      
    +--+------------------------------+-------+---------+---------+
       Total:                         60      192       0      
                                                               
    C:\ti\ccs2000\ccs\tools\compiler\ti-cgt-armllvm_4.0.1.LTS\lib\armv6m-ti-none-eabi/c/libc.a
       e_pow.c.obj                    2704    48        0      
       memory.c.obj                   702     0         5      
       _printfi.c.obj                 658     17        0      
       fopen.c.obj                    556     0         0      
       defs.c.obj                     0       0         404    
       e_sqrt.c.obj                   368     0         0      
       s_floor.c.obj                  324     0         0      
       qsort.c.obj                    308     0         0      
       fputs.c.obj                    248     0         0      
       setvbuf.c.obj                  224     0         0      
       s_scalbn.c.obj                 216     0         0      
       getdevice.c.obj                160     0         0      
       fputc.c.obj                    156     0         0      
       strcmp-armv6m.S.obj            136     0         0      
       copy_decompress_lzss.c.obj     124     0         0      
       fclose.c.obj                   124     0         0      
       fseek.c.obj                    116     0         0      
       printf.c.obj                   108     0         0      
       _io_perm.c.obj                 100     0         0      
       rand.c.obj                     92      0         4      
       sprintf.c.obj                  90      0         0      
       fflush.c.obj                   82      0         0      
       exit.c.obj                     56      0         8      
       autoinit.c.obj                 60      0         0      
       boot_cortex_m.c.obj            40      0         0      
       memccpy.c.obj                  34      0         0      
       copy_decompress_none.c.obj     18      0         0      
       memcpy16.S.obj                 18      0         0      
       copy_zero_init.c.obj           16      0         0      
       memset16.S.obj                 14      0         0      
       aeabi_portable.c.obj           8       0         4      
       _lock.c.obj                    2       0         8      
       pre_init.c.obj                 4       0         0      
    +--+------------------------------+-------+---------+---------+
       Total:                         7866    65        433    
                                                               
    C:\ti\ccs2000\ccs\tools\compiler\ti-cgt-armllvm_4.0.1.LTS\lib\armv6m-ti-none-eabi/c/libsysbm.a
       trgmsg.c.obj                   104     0         288    
       add_device.c.obj               236     0         1      
       host_device.c.obj              0       0         200    
       open.c.obj                     160     0         1      
       hostrename.c.obj               136     0         0      
       hostlseek.c.obj                108     0         0      
       hostopen.c.obj                 96      0         8      
       hostread.c.obj                 88      0         0      
       hostwrite.c.obj                88      0         0      
       close.c.obj                    80      0         0      
       hostclose.c.obj                72      0         0      
       hostunlink.c.obj               72      0         0      
       unlink.c.obj                   44      0         0      
       lseek.c.obj                    40      0         0      
       write.c.obj                    40      0         0      
       remove.c.obj                   8       0         0      
    +--+------------------------------+-------+---------+---------+
       Total:                         1372    0         498    
                                                               
    C:\ti\ccs2000\ccs\tools\compiler\ti-cgt-armllvm_4.0.1.LTS\lib\armv6m-ti-none-eabi/libclang_rt.builtins.a
       adddf3.S.obj                   434     0         0      
       divdf3.S.obj                   268     0         0      
       muldf3.S.obj                   244     0         0      
       comparedf2.c.obj               220     0         0      
       aeabi_dcmp.S.obj               98      0         0      
       aeabi_idivmod.S.obj            86      0         0      
       fixdfsi.S.obj                  74      0         0      
       aeabi_uidivmod.S.obj           64      0         0      
       muldsi3.S.obj                  58      0         0      
       floatsidf.S.obj                44      0         0      
       floatunsidf.S.obj              36      0         0      
       aeabi_memset.S.obj             26      0         0      
       aeabi_memcpy.S.obj             8       0         0      
       aeabi_div0.c.obj               2       0         0      
    +--+------------------------------+-------+---------+---------+
       Total:                         1662    0         0      
                                                               
       Heap:                          0       0         512    
       Stack:                         0       0         512    
       Linker Generated:              0       549       0      
    +--+------------------------------+-------+---------+---------+
       Grand Total:                   29860   94018     27174  


LINKER GENERATED COPY TABLES

__TI_cinit_table @ 0001e3f8 records: 2, size/record: 8, table size: 16
	.data: load addr=0001e1e0, load size=00000201 bytes, run addr=20205ea0, run size=00000791 bytes, compression=lzss
	.bss: load addr=0001e3f0, load size=00000008 bytes, run addr=20200000, run size=00005e9b bytes, compression=zero_init


LINKER GENERATED HANDLER TABLE

__TI_handler_table @ 0001e3e4 records: 3, size/record: 4, table size: 12
	index: 0, handler: __TI_decompress_lzss
	index: 1, handler: __TI_decompress_none
	index: 2, handler: __TI_zero_init


FAR CALL TRAMPOLINES

callee name               trampoline name
   callee addr  tramp addr   call addr  call info
--------------  -----------  ---------  ----------------
__aeabi_dmul              $Tramp$TT$L$PI$$__aeabi_dmul
   0001b07d     0001e118     0001e114   libc.a : e_pow.c.obj (.text.OUTLINED_FUNCTION_0)
                             0001e130          : e_pow.c.obj (.text.OUTLINED_FUNCTION_1)
                             0001e13a          : e_pow.c.obj (.text.OUTLINED_FUNCTION_6)
                             0001e1b8          : e_pow.c.obj (.text.OUTLINED_FUNCTION_4)
                             0001e1be          : e_pow.c.obj (.text.OUTLINED_FUNCTION_5)
                             0001e1ca          : e_pow.c.obj (.text.OUTLINED_FUNCTION_8)
__aeabi_dsub              $Tramp$TT$L$PI$$__aeabi_dsub
   000197b5     0001e164     0001e160   libc.a : e_pow.c.obj (.text.OUTLINED_FUNCTION_2)
__aeabi_dadd              $Tramp$TT$L$PI$$__aeabi_dadd
   000197bf     0001e1a4     0001e1a0   libc.a : e_pow.c.obj (.text.OUTLINED_FUNCTION_3)
                             0001e1c2          : e_pow.c.obj (.text.OUTLINED_FUNCTION_10)
                             0001e1c6          : e_pow.c.obj (.text.OUTLINED_FUNCTION_7)
                             0001e1ce          : e_pow.c.obj (.text.OUTLINED_FUNCTION_9)

[3 trampolines]
[11 trampoline calls]


GLOBAL SYMBOLS: SORTED ALPHABETICALLY BY Name 

address   name                          
-------   ----                          
0001dec9  ADC0_IRQHandler               
0001d4a5  ADC0_In                       
0001aad9  ADC0_Init                     
0001dec9  ADC1_IRQHandler               
0001ccbd  ADC_InDual                    
0001a165  ADC_InitDual                  
0001dec9  AES_IRQHandler                
0001d821  ActivatePortA_B               
00012596  AgentPixelBack                
00012d96  AgentPixelFront               
000161cc  Ammosprite                    
202065b4  BusFreq                       
0001e1d8  C$$EXIT                       
0001dad5  C$$IO$$                       
0001dec9  CANFD0_IRQHandler             
0001845d  CastRays                      
0001e01d  Clock_Delay                   
0001d971  Clock_Delay1ms                
0001e0d1  Clock_Freq                    
00019459  Clock_Init80MHz               
0001dec9  DAC0_IRQHandler               
0001b871  DAC_Init                      
0001dfad  DAC_Out                       
0001dec9  DMA_IRQHandler                
0001dec9  Default_Handler               
0001e02d  Delay                         
00018c05  DrawCrosshair                 
00019265  DrawHealthBar                 
0001c7ed  DrawMinimap                   
00013596  ExplosionImage                
0001c145  FillMap                       
0001dec9  GROUP0_IRQHandler             
0001dec9  GROUP1_IRQHandler             
0001de69  Graphics_Init                 
0001d33d  HOSTclose                     
0001ca39  HOSTlseek                     
0001ce4d  HOSTopen                      
0001cfc1  HOSTread                      
0001caa5  HOSTrename                    
0001d385  HOSTunlink                    
0001d019  HOSTwrite                     
0001dee5  HardFault_Handler             
0001dec9  I2C0_IRQHandler               
0001dec9  I2C1_IRQHandler               
0001d4e9  Input_Init                    
0001b319  Inventory_add                 
0001dfd5  Inventory_currentItem         
0001ddb3  Inventory_next                
0001c8dd  Inventory_removeCurrent       
0001b7c1  Inventory_replace             
0001dfe7  Item_isSpent                  
0001de89  Item_isWeapon                 
0001df01  Joy_In                        
0001e03d  Joy_InButton                  
0001ddd9  Joy_Init                      
20205e6c  Joy_x                         
20205e70  Joy_y                         
0001c581  LaunchPad_Init                
20205e74  Length                        
20205e78  LostData                      
000163cc  Medkitsprite                  
00017769  MovePlayer                    
0001dec9  NMI_Handler                   
00015f8c  OGMap                         
0001dec9  PendSV_Handler                
00013d96  PistolImage                   
000165cc  Pistolsprite                  
0001c379  PrecalculateFloorGradient     
0001dec9  RTC_IRQHandler                
0001bd01  RandomizeSprites              
0001e04d  ReadKeys                      
0001d859  RenderBuffer                  
0001abcd  RenderForegroundSprites       
0001c865  RenderHUD                     
0001b919  RenderInventory               
0001d5b5  RenderScene                   
0001acc1  RenderSky                     
00017e65  RenderSprite                  
00019949  RenderSprites                 
0001e1d1  Reset_Handler                 
00014596  RifleImage                    
000167cc  Riflesprite                   
0001d1c1  RxFifo_Get                    
0001dfc1  RxFifo_Init                   
0001d20d  RxFifo_Put                    
0001df39  RxFifo_Size                   
20205e7c  RxGetI                        
20205e80  RxPutI                        
00007474  SCBarkley                     
0001dec9  SPI0_IRQHandler               
0001dec9  SPI1_IRQHandler               
0001a8e9  SPI_Init                      
0001d3cd  SPI_OutCommand                
0001d891  SPI_OutData                   
0001d5f5  SPI_Reset                     
00019055  ST7735_DrawBitmap             
0001960d  ST7735_DrawChar               
0001c3fd  ST7735_DrawString             
0001a3a5  ST7735_FillRect               
0001dc3d  ST7735_FillScreen             
0001bee1  ST7735_InitPrintf             
0001c019  ST7735_InitR                  
0001b3e9  ST7735_OutChar                
0001d9a5  ST7735_SetCursor              
0001adb5  ST7735_SetRotation            
0001e13d  ST7735_close                  
0001e07b  ST7735_lseek                  
0001df81  ST7735_open                   
0001df97  ST7735_read                   
0001e0dd  ST7735_rename                 
0001e147  ST7735_unlink                 
0001d9d9  ST7735_write                  
0001dec9  SVC_Handler                   
00014d96  ShotgunImage                  
000169cc  Shotgunsprite                 
20206520  SoundEffects                  
20205e84  SoundPt                       
0001d415  Sound_Init                    
0001d8c9  Sound_Start                   
20205ea0  Sprites                       
20206618  StTextColor                   
202065ec  StX                           
202065f0  StY                           
0001e0e9  Sync_Init                     
0001d52d  SysTick_Handler               
0001da0d  SystemInit                    
0001dec9  TIMA0_IRQHandler              
0001dec9  TIMA1_IRQHandler              
0001d45d  TIMG0_IRQHandler              
0001b589  TIMG12_IRQHandler             
0001d635  TIMG6_IRQHandler              
0001c951  TIMG7_IRQHandler              
0001cead  TIMG8_IRQHandler              
0001dff9  TI_memcpy_small               
0001e0c1  TI_memset_small               
0001bbb9  TimerG0_IntArm                
0001c0b1  TimerG12_IntArm               
0001b9c1  TimerG6_IntArm                
0001ba69  TimerG7_IntArm                
0001bb11  TimerG8_IntArm                
0001dec9  UART0_IRQHandler              
0001dec9  UART1_IRQHandler              
0001c5fd  UART1_Init                    
0001df51  UART1_OutChar                 
0001cb11  UART2_IRQHandler              
0001dcc1  UART2_InChar                  
0001b4b9  UART2_Init                    
0001dec9  UART3_IRQHandler              
20205000  ZBuffer                       
20205bc0  _CIOBUF_                      
20205bc0  __CIOBUF_                     
20208000  __STACK_END                   
00000200  __STACK_SIZE                  
00000200  __SYSMEM_SIZE                 
00000000  __TI_ATRegion0_region_sz      
00000000  __TI_ATRegion0_src_addr       
00000000  __TI_ATRegion0_trg_addr       
00000000  __TI_ATRegion1_region_sz      
00000000  __TI_ATRegion1_src_addr       
00000000  __TI_ATRegion1_trg_addr       
00000000  __TI_ATRegion2_region_sz      
00000000  __TI_ATRegion2_src_addr       
00000000  __TI_ATRegion2_trg_addr       
0001e3f8  __TI_CINIT_Base               
0001e408  __TI_CINIT_Limit              
0001e408  __TI_CINIT_Warm               
0001e3e4  __TI_Handler_Table_Base       
0001e3f0  __TI_Handler_Table_Limit      
0001d7a9  __TI_auto_init_nobinit_nopinit
0001da41  __TI_cleanup                  
202065ac  __TI_cleanup_ptr              
0001c679  __TI_closefile                
0001c771  __TI_decompress_lzss          
0001e00b  __TI_decompress_none          
0001d11d  __TI_doflush                  
202065b0  __TI_dtors_ptr                
202065f4  __TI_ft_end                   
ffffffff  __TI_pprof_out_hndl           
00018981  __TI_printfi_minimal          
ffffffff  __TI_prof_data_size           
ffffffff  __TI_prof_data_start          
0001da75  __TI_readmsg                  
00000000  __TI_static_base__            
20205ce0  __TI_tmpnams                  
0001daa9  __TI_writemsg                 
0001cd21  __TI_wrt_ok                   
0001e05d  __TI_zero_init                
000197bf  __adddf3                      
0001d2f1  __aeabi_d2iz                  
000197bf  __aeabi_dadd                  
0001cde9  __aeabi_dcmpeq                
0001ce25  __aeabi_dcmpge                
0001ce39  __aeabi_dcmpgt                
0001ce11  __aeabi_dcmple                
0001cdfd  __aeabi_dcmplt                
0001a5d1  __aeabi_ddiv                  
0001b07d  __aeabi_dmul                  
000197b5  __aeabi_dsub                  
202065f8  __aeabi_errno                 
0001c2e9  __aeabi_errno_addr            
0001dc69  __aeabi_i2d                   
0001d071  __aeabi_idiv                  
00019947  __aeabi_idiv0                 
0001d071  __aeabi_idivmod               
0001e0f5  __aeabi_memclr                
0001e0f5  __aeabi_memclr4               
0001e0f5  __aeabi_memclr8               
0001e175  __aeabi_memcpy                
0001e175  __aeabi_memcpy4               
0001e175  __aeabi_memcpy8               
0001e089  __aeabi_memset                
0001e089  __aeabi_memset4               
0001e089  __aeabi_memset8               
0001ddfd  __aeabi_ui2d                  
0001d675  __aeabi_uidiv                 
0001d675  __aeabi_uidivmod              
ffffffff  __binit__                     
0001cc55  __cmpdf2                      
0001a5d1  __divdf3                      
0001cc55  __eqdf2                       
0001d2f1  __fixdfsi                     
0001dc69  __floatsidf                   
0001ddfd  __floatunsidf                 
0001c9c5  __gedf2                       
0001c9c5  __gtdf2                       
0001cc55  __ledf2                       
0001cc55  __ltdf2                       
UNDEFED   __mpu_init                    
0001b07d  __muldf3                      
0001d7e5  __muldsi3                     
0001cc55  __nedf2                       
20207e00  __stack                       
20200000  __start___llvm_prf_bits       
20200000  __start___llvm_prf_cnts       
20200000  __stop___llvm_prf_bits        
20200000  __stop___llvm_prf_cnts        
000197b5  __subdf3                      
0001dd65  _c_int00_noargs               
202061e8  _device                       
202060f8  _ftable                       
202065fc  _lock                         
0001bcff  _nop                          
202064d0  _stream                       
20206638  _sys_memory                   
UNDEFED   _system_post_cinit            
0001e1d5  _system_pre_init              
20206600  _unlock                       
0001e1d9  abort                         
0001aea9  add_device                    
0001a4bd  aligned_alloc                 
20206260  ammo_big                      
202062c8  ammo_small                    
ffffffff  binit                         
0001bda1  blitBufferToRenderBuffer      
20206623  canSwapItems                  
0000b474  circuitBoardTex               
00009474  circuitBoardTex2              
0001c1d5  clearRenderBuffer             
0001d171  close                         
0001d0c7  compareSprites                
202065b8  dirX                          
202065c0  dirY                          
0001a7e9  drawCharToBuffer              
00018e3d  drawForegroundSpriteToBuffer  
0001dadd  exit                          
0001dbdd  fastCos                       
0001d6f5  fastSin                       
0001db11  finddevice                    
20205e88  flag_done                     
00019eed  floor                         
20205d80  floorGradient                 
00019eed  floorl                        
0001dc0d  fopen                         
0001bf7d  fputc                         
0001a9e1  fputs                         
0001af95  free                          
0001db45  freopen                       
0001e18d  fseek                         
0001cb7d  fseeko                        
0001d571  generateSprite                
00019d99  getDirectionPacket            
0001a6dd  getInfoPacket                 
0001b64d  getPositionPacket             
0001c6f5  getRandomMapPos               
0001cbe9  getdevice                     
20206548  gunFlash                      
20206625  healthCode                    
0001d259  inInventory                   
0001dd8d  initRandom                    
00000000  interruptVectors              
20206588  inventory                     
20206626  isOnTarget                    
20205e98  isShooting                    
20205e99  isSwapping                    
20206570  items                         
20206627  itemsStatus                   
20206628  lastInput                     
0001b241  ldexp                         
0001b241  ldexpl                        
0001dd15  lseek                         
0001a289  main                          
0001e101  malloc                        
0000d474  matrix2                       
20206330  medkit                        
0001a4bd  memalign                      
0001de45  memccpy                       
20205500  miniMap                       
20205e8c  ms_done                       
20205e90  ms_passed                     
20206608  numsprites                    
0001be41  open                          
20205e48  otherDirX                     
20205e50  otherDirY                     
2020660c  otherHealth                   
20206610  otherPlayer                   
20205e58  otherPosX                     
20205e60  otherPosY                     
00011c46  outofammoSound                
20205e40  parmbuf                       
20206398  pistol                        
000049c0  pistolSound                   
202065c8  planeX                        
202065d0  planeY                        
20206614  playerHealth                  
202065d8  posX                          
202065e0  posY                          
00016d21  pow                           
00016d21  powl                          
0001d2a5  printAmmo                     
0001db79  printItem                     
0001b70d  printToBuffer                 
0001cf09  printf                        
0001a031  qsort                         
0001d901  rand                          
000000c0  reloadSound                   
20205e9a  reloaded                      
0001e195  remove                        
20200000  renderBuffer                  
20206400  rifle                         
0001b241  scalbn                        
0001b241  scalbnl                       
0001c481  sendDirectionPacket           
0001d731  sendInfoPacket                
0001c501  sendPositionPacket            
0001cf65  setPixelBuffer                
0001b161  setvbuf                       
20206468  shotgun                       
0000f474  shotgunSound                  
0001d939  sprintf                       
00019ad5  sqrt                          
00019ad5  sqrtl                         
0001de21  srand                         
0001d76d  start_delay                   
0001c2f1  strcmp                        
2020659c  textures                      
0001dc95  unlink                        
000112ec  weaploadSound                 
20205980  worldMap                      
0001dd3d  write                         


GLOBAL SYMBOLS: SORTED BY Symbol Address 

address   name                          
-------   ----                          
00000000  __TI_ATRegion0_region_sz      
00000000  __TI_ATRegion0_src_addr       
00000000  __TI_ATRegion0_trg_addr       
00000000  __TI_ATRegion1_region_sz      
00000000  __TI_ATRegion1_src_addr       
00000000  __TI_ATRegion1_trg_addr       
00000000  __TI_ATRegion2_region_sz      
00000000  __TI_ATRegion2_src_addr       
00000000  __TI_ATRegion2_trg_addr       
00000000  __TI_static_base__            
00000000  interruptVectors              
000000c0  reloadSound                   
00000200  __STACK_SIZE                  
00000200  __SYSMEM_SIZE                 
000049c0  pistolSound                   
00007474  SCBarkley                     
00009474  circuitBoardTex2              
0000b474  circuitBoardTex               
0000d474  matrix2                       
0000f474  shotgunSound                  
000112ec  weaploadSound                 
00011c46  outofammoSound                
00012596  AgentPixelBack                
00012d96  AgentPixelFront               
00013596  ExplosionImage                
00013d96  PistolImage                   
00014596  RifleImage                    
00014d96  ShotgunImage                  
00015f8c  OGMap                         
000161cc  Ammosprite                    
000163cc  Medkitsprite                  
000165cc  Pistolsprite                  
000167cc  Riflesprite                   
000169cc  Shotgunsprite                 
00016d21  pow                           
00016d21  powl                          
00017769  MovePlayer                    
00017e65  RenderSprite                  
0001845d  CastRays                      
00018981  __TI_printfi_minimal          
00018c05  DrawCrosshair                 
00018e3d  drawForegroundSpriteToBuffer  
00019055  ST7735_DrawBitmap             
00019265  DrawHealthBar                 
00019459  Clock_Init80MHz               
0001960d  ST7735_DrawChar               
000197b5  __aeabi_dsub                  
000197b5  __subdf3                      
000197bf  __adddf3                      
000197bf  __aeabi_dadd                  
00019947  __aeabi_idiv0                 
00019949  RenderSprites                 
00019ad5  sqrt                          
00019ad5  sqrtl                         
00019d99  getDirectionPacket            
00019eed  floor                         
00019eed  floorl                        
0001a031  qsort                         
0001a165  ADC_InitDual                  
0001a289  main                          
0001a3a5  ST7735_FillRect               
0001a4bd  aligned_alloc                 
0001a4bd  memalign                      
0001a5d1  __aeabi_ddiv                  
0001a5d1  __divdf3                      
0001a6dd  getInfoPacket                 
0001a7e9  drawCharToBuffer              
0001a8e9  SPI_Init                      
0001a9e1  fputs                         
0001aad9  ADC0_Init                     
0001abcd  RenderForegroundSprites       
0001acc1  RenderSky                     
0001adb5  ST7735_SetRotation            
0001aea9  add_device                    
0001af95  free                          
0001b07d  __aeabi_dmul                  
0001b07d  __muldf3                      
0001b161  setvbuf                       
0001b241  ldexp                         
0001b241  ldexpl                        
0001b241  scalbn                        
0001b241  scalbnl                       
0001b319  Inventory_add                 
0001b3e9  ST7735_OutChar                
0001b4b9  UART2_Init                    
0001b589  TIMG12_IRQHandler             
0001b64d  getPositionPacket             
0001b70d  printToBuffer                 
0001b7c1  Inventory_replace             
0001b871  DAC_Init                      
0001b919  RenderInventory               
0001b9c1  TimerG6_IntArm                
0001ba69  TimerG7_IntArm                
0001bb11  TimerG8_IntArm                
0001bbb9  TimerG0_IntArm                
0001bcff  _nop                          
0001bd01  RandomizeSprites              
0001bda1  blitBufferToRenderBuffer      
0001be41  open                          
0001bee1  ST7735_InitPrintf             
0001bf7d  fputc                         
0001c019  ST7735_InitR                  
0001c0b1  TimerG12_IntArm               
0001c145  FillMap                       
0001c1d5  clearRenderBuffer             
0001c2e9  __aeabi_errno_addr            
0001c2f1  strcmp                        
0001c379  PrecalculateFloorGradient     
0001c3fd  ST7735_DrawString             
0001c481  sendDirectionPacket           
0001c501  sendPositionPacket            
0001c581  LaunchPad_Init                
0001c5fd  UART1_Init                    
0001c679  __TI_closefile                
0001c6f5  getRandomMapPos               
0001c771  __TI_decompress_lzss          
0001c7ed  DrawMinimap                   
0001c865  RenderHUD                     
0001c8dd  Inventory_removeCurrent       
0001c951  TIMG7_IRQHandler              
0001c9c5  __gedf2                       
0001c9c5  __gtdf2                       
0001ca39  HOSTlseek                     
0001caa5  HOSTrename                    
0001cb11  UART2_IRQHandler              
0001cb7d  fseeko                        
0001cbe9  getdevice                     
0001cc55  __cmpdf2                      
0001cc55  __eqdf2                       
0001cc55  __ledf2                       
0001cc55  __ltdf2                       
0001cc55  __nedf2                       
0001ccbd  ADC_InDual                    
0001cd21  __TI_wrt_ok                   
0001cde9  __aeabi_dcmpeq                
0001cdfd  __aeabi_dcmplt                
0001ce11  __aeabi_dcmple                
0001ce25  __aeabi_dcmpge                
0001ce39  __aeabi_dcmpgt                
0001ce4d  HOSTopen                      
0001cead  TIMG8_IRQHandler              
0001cf09  printf                        
0001cf65  setPixelBuffer                
0001cfc1  HOSTread                      
0001d019  HOSTwrite                     
0001d071  __aeabi_idiv                  
0001d071  __aeabi_idivmod               
0001d0c7  compareSprites                
0001d11d  __TI_doflush                  
0001d171  close                         
0001d1c1  RxFifo_Get                    
0001d20d  RxFifo_Put                    
0001d259  inInventory                   
0001d2a5  printAmmo                     
0001d2f1  __aeabi_d2iz                  
0001d2f1  __fixdfsi                     
0001d33d  HOSTclose                     
0001d385  HOSTunlink                    
0001d3cd  SPI_OutCommand                
0001d415  Sound_Init                    
0001d45d  TIMG0_IRQHandler              
0001d4a5  ADC0_In                       
0001d4e9  Input_Init                    
0001d52d  SysTick_Handler               
0001d571  generateSprite                
0001d5b5  RenderScene                   
0001d5f5  SPI_Reset                     
0001d635  TIMG6_IRQHandler              
0001d675  __aeabi_uidiv                 
0001d675  __aeabi_uidivmod              
0001d6f5  fastSin                       
0001d731  sendInfoPacket                
0001d76d  start_delay                   
0001d7a9  __TI_auto_init_nobinit_nopinit
0001d7e5  __muldsi3                     
0001d821  ActivatePortA_B               
0001d859  RenderBuffer                  
0001d891  SPI_OutData                   
0001d8c9  Sound_Start                   
0001d901  rand                          
0001d939  sprintf                       
0001d971  Clock_Delay1ms                
0001d9a5  ST7735_SetCursor              
0001d9d9  ST7735_write                  
0001da0d  SystemInit                    
0001da41  __TI_cleanup                  
0001da75  __TI_readmsg                  
0001daa9  __TI_writemsg                 
0001dad5  C$$IO$$                       
0001dadd  exit                          
0001db11  finddevice                    
0001db45  freopen                       
0001db79  printItem                     
0001dbdd  fastCos                       
0001dc0d  fopen                         
0001dc3d  ST7735_FillScreen             
0001dc69  __aeabi_i2d                   
0001dc69  __floatsidf                   
0001dc95  unlink                        
0001dcc1  UART2_InChar                  
0001dd15  lseek                         
0001dd3d  write                         
0001dd65  _c_int00_noargs               
0001dd8d  initRandom                    
0001ddb3  Inventory_next                
0001ddd9  Joy_Init                      
0001ddfd  __aeabi_ui2d                  
0001ddfd  __floatunsidf                 
0001de21  srand                         
0001de45  memccpy                       
0001de69  Graphics_Init                 
0001de89  Item_isWeapon                 
0001dec9  ADC0_IRQHandler               
0001dec9  ADC1_IRQHandler               
0001dec9  AES_IRQHandler                
0001dec9  CANFD0_IRQHandler             
0001dec9  DAC0_IRQHandler               
0001dec9  DMA_IRQHandler                
0001dec9  Default_Handler               
0001dec9  GROUP0_IRQHandler             
0001dec9  GROUP1_IRQHandler             
0001dec9  I2C0_IRQHandler               
0001dec9  I2C1_IRQHandler               
0001dec9  NMI_Handler                   
0001dec9  PendSV_Handler                
0001dec9  RTC_IRQHandler                
0001dec9  SPI0_IRQHandler               
0001dec9  SPI1_IRQHandler               
0001dec9  SVC_Handler                   
0001dec9  TIMA0_IRQHandler              
0001dec9  TIMA1_IRQHandler              
0001dec9  UART0_IRQHandler              
0001dec9  UART1_IRQHandler              
0001dec9  UART3_IRQHandler              
0001dee5  HardFault_Handler             
0001df01  Joy_In                        
0001df39  RxFifo_Size                   
0001df51  UART1_OutChar                 
0001df81  ST7735_open                   
0001df97  ST7735_read                   
0001dfad  DAC_Out                       
0001dfc1  RxFifo_Init                   
0001dfd5  Inventory_currentItem         
0001dfe7  Item_isSpent                  
0001dff9  TI_memcpy_small               
0001e00b  __TI_decompress_none          
0001e01d  Clock_Delay                   
0001e02d  Delay                         
0001e03d  Joy_InButton                  
0001e04d  ReadKeys                      
0001e05d  __TI_zero_init                
0001e07b  ST7735_lseek                  
0001e089  __aeabi_memset                
0001e089  __aeabi_memset4               
0001e089  __aeabi_memset8               
0001e0c1  TI_memset_small               
0001e0d1  Clock_Freq                    
0001e0dd  ST7735_rename                 
0001e0e9  Sync_Init                     
0001e0f5  __aeabi_memclr                
0001e0f5  __aeabi_memclr4               
0001e0f5  __aeabi_memclr8               
0001e101  malloc                        
0001e13d  ST7735_close                  
0001e147  ST7735_unlink                 
0001e175  __aeabi_memcpy                
0001e175  __aeabi_memcpy4               
0001e175  __aeabi_memcpy8               
0001e18d  fseek                         
0001e195  remove                        
0001e1d1  Reset_Handler                 
0001e1d5  _system_pre_init              
0001e1d8  C$$EXIT                       
0001e1d9  abort                         
0001e3e4  __TI_Handler_Table_Base       
0001e3f0  __TI_Handler_Table_Limit      
0001e3f8  __TI_CINIT_Base               
0001e408  __TI_CINIT_Limit              
0001e408  __TI_CINIT_Warm               
20200000  __start___llvm_prf_bits       
20200000  __start___llvm_prf_cnts       
20200000  __stop___llvm_prf_bits        
20200000  __stop___llvm_prf_cnts        
20200000  renderBuffer                  
20205000  ZBuffer                       
20205500  miniMap                       
20205980  worldMap                      
20205bc0  _CIOBUF_                      
20205bc0  __CIOBUF_                     
20205ce0  __TI_tmpnams                  
20205d80  floorGradient                 
20205e40  parmbuf                       
20205e48  otherDirX                     
20205e50  otherDirY                     
20205e58  otherPosX                     
20205e60  otherPosY                     
20205e6c  Joy_x                         
20205e70  Joy_y                         
20205e74  Length                        
20205e78  LostData                      
20205e7c  RxGetI                        
20205e80  RxPutI                        
20205e84  SoundPt                       
20205e88  flag_done                     
20205e8c  ms_done                       
20205e90  ms_passed                     
20205e98  isShooting                    
20205e99  isSwapping                    
20205e9a  reloaded                      
20205ea0  Sprites                       
202060f8  _ftable                       
202061e8  _device                       
20206260  ammo_big                      
202062c8  ammo_small                    
20206330  medkit                        
20206398  pistol                        
20206400  rifle                         
20206468  shotgun                       
202064d0  _stream                       
20206520  SoundEffects                  
20206548  gunFlash                      
20206570  items                         
20206588  inventory                     
2020659c  textures                      
202065ac  __TI_cleanup_ptr              
202065b0  __TI_dtors_ptr                
202065b4  BusFreq                       
202065b8  dirX                          
202065c0  dirY                          
202065c8  planeX                        
202065d0  planeY                        
202065d8  posX                          
202065e0  posY                          
202065ec  StX                           
202065f0  StY                           
202065f4  __TI_ft_end                   
202065f8  __aeabi_errno                 
202065fc  _lock                         
20206600  _unlock                       
20206608  numsprites                    
2020660c  otherHealth                   
20206610  otherPlayer                   
20206614  playerHealth                  
20206618  StTextColor                   
20206623  canSwapItems                  
20206625  healthCode                    
20206626  isOnTarget                    
20206627  itemsStatus                   
20206628  lastInput                     
20206638  _sys_memory                   
20207e00  __stack                       
20208000  __STACK_END                   
ffffffff  __TI_pprof_out_hndl           
ffffffff  __TI_prof_data_size           
ffffffff  __TI_prof_data_start          
ffffffff  __binit__                     
ffffffff  binit                         
UNDEFED   __mpu_init                    
UNDEFED   _system_post_cinit            

[359 symbols]
