******************************************************************************
            TI ARM Clang Linker PC v4.0.1                      
******************************************************************************
>> Linked Tue Apr 15 13:46:27 2025

OUTPUT FILE NAME:   <TheM0+rix_Segfaulted.out>
ENTRY POINT SYMBOL: "_c_int00_noargs"  address: 0001de15


MEMORY CONFIGURATION

         name            origin    length      used     unused   attr    fill
----------------------  --------  ---------  --------  --------  ----  --------
  FLASH                 00000000   00020000  0001e4b8  00001b48  R  X
  SRAM                  20200000   00008000  00006a2c  000015d4  RW X
  BCR_CONFIG            41c00000   00000080  00000000  00000080  R   
  BSL_CONFIG            41c00100   00000080  00000000  00000080  R   


SEGMENT ALLOCATION MAP

run origin  load origin   length   init length attrs members
----------  ----------- ---------- ----------- ----- -------
00000000    00000000    0001e4b8   0001e4b8    r-x
  00000000    00000000    000000c0   000000c0    r-- .intvecs
  000000c0    000000c0    00016c70   00016c70    r-- .rodata
  00016d30    00016d30    00007560   00007560    r-x .text
  0001e290    0001e290    00000228   00000228    r-- .cinit
20200000    20200000    00006838   00000000    rw-
  20200000    20200000    00005e9b   00000000    rw- .bss
  20205ea0    20205ea0    00000791   00000000    rw- .data
  20206638    20206638    00000200   00000000    rw- .sysmem
20207e00    20207e00    00000200   00000000    rw-
  20207e00    20207e00    00000200   00000000    rw- .stack


SECTION ALLOCATION MAP

 output                                  attributes/
section   page    origin      length       input sections
--------  ----  ----------  ----------   ----------------
.intvecs   0    00000000    000000c0     
                  00000000    000000c0     startup_mspm0g3507_ticlang.o (.intvecs)

.text      0    00016d30    00007560     
                  00016d30    00000a48     libc.a : e_pow.c.obj (.text.pow)
                  00017778    00000708     Input.o (.text.MovePlayer)
                  00017e80    000005f8     sprites.o (.text.RenderSprite)
                  00018478    00000524     Graphics.o (.text.CastRays)
                  0001899c    00000284     libc.a : _printfi.c.obj (.text:__TI_printfi_minimal)
                  00018c20    00000238     Graphics.o (.text.DrawCrosshair)
                  00018e58    00000218     Buffer.o (.text.drawForegroundSpriteToBuffer)
                  00019070    00000210     ST7735.o (.text.ST7735_DrawBitmap)
                  00019280    000001f4     Graphics.o (.text.DrawHealthBar)
                  00019474    000001b4     Clock.o (.text.Clock_Init80MHz)
                  00019628    000001a8     ST7735.o (.text.ST7735_DrawChar)
                  000197d0    00000192     libclang_rt.builtins.a : adddf3.S.obj (.text.adddf3_subdf3)
                  00019962    00000002                            : aeabi_div0.c.obj (.text.__aeabi_idiv0)
                  00019964    0000018c     sprites.o (.text.RenderSprites)
                  00019af0    00000170     libc.a : e_sqrt.c.obj (.text.sqrt)
                  00019c60    00000154            : fopen.c.obj (.text._openfile)
                  00019db4    00000154     Sync.o (.text.getDirectionPacket)
                  00019f08    0000014c     Sync.o (.text.getInfoPacket)
                  0001a054    00000144     libc.a : s_floor.c.obj (.text.floor)
                  0001a198    00000134            : qsort.c.obj (.text.qsort)
                  0001a2cc    00000124     ADC.o (.text.ADC_InitDual)
                  0001a3f0    00000118     ST7735.o (.text.ST7735_FillRect)
                  0001a508    00000114     libc.a : memory.c.obj (.text.aligned_alloc)
                  0001a61c    0000010c     libclang_rt.builtins.a : divdf3.S.obj (.text.__divdf3)
                  0001a728    00000100     Buffer.o (.text.drawCharToBuffer)
                  0001a828    000000f8     SPI.o (.text.SPI_Init)
                  0001a920    000000f8     libc.a : fputs.c.obj (.text.fputs)
                  0001aa18    000000f4     ADC.o (.text.ADC0_Init)
                  0001ab0c    000000f4     sprites.o (.text.RenderForegroundSprites)
                  0001ac00    000000f4     Graphics.o (.text.RenderSky)
                  0001acf4    000000f4     ST7735.o (.text.ST7735_SetRotation)
                  0001ade8    000000ec     libsysbm.a : add_device.c.obj (.text.add_device)
                  0001aed4    000000e8     libc.a : memory.c.obj (.text.free)
                  0001afbc    000000e4     libclang_rt.builtins.a : muldf3.S.obj (.text.__muldf3)
                  0001b0a0    000000e0     libc.a : setvbuf.c.obj (.text.setvbuf)
                  0001b180    000000d8            : s_scalbn.c.obj (.text.scalbn)
                  0001b258    000000d4     main.o (.text.main)
                  0001b32c    000000d0     Inventory.o (.text.Inventory_add)
                  0001b3fc    000000d0     ST7735.o (.text.ST7735_OutChar)
                  0001b4cc    000000d0     UART2.o (.text.UART2_Init)
                  0001b59c    000000c4     Input.o (.text.TIMG12_IRQHandler)
                  0001b660    000000c0     Sync.o (.text.getPositionPacket)
                  0001b720    000000b4     Sync.o (.text.RandomizeSprites)
                  0001b7d4    000000b4     Buffer.o (.text.printToBuffer)
                  0001b888    000000b0     Inventory.o (.text.Inventory_replace)
                  0001b938    000000a8     DAC.o (.text.DAC_Init)
                  0001b9e0    000000a8     sprites.o (.text.RenderInventory)
                  0001ba88    000000a8     Timer.o (.text.TimerG6_IntArm)
                  0001bb30    000000a8     Timer.o (.text.TimerG7_IntArm)
                  0001bbd8    000000a8     Timer.o (.text.TimerG8_IntArm)
                  0001bc80    000000a4     Timer.o (.text.TimerG0_IntArm)
                  0001bd24    000000a2     ST7735.o (.text.commandList)
                  0001bdc6    00000002     libc.a : _lock.c.obj (.text._nop)
                  0001bdc8    000000a0     Buffer.o (.text.blitBufferToRenderBuffer)
                  0001be68    000000a0     libsysbm.a : open.c.obj (.text.open)
                  0001bf08    0000009c     ST7735.o (.text.ST7735_InitPrintf)
                  0001bfa4    0000009c     libc.a : fputc.c.obj (.text.fputc)
                  0001c040    00000098     ST7735.o (.text.ST7735_InitR)
                  0001c0d8    00000094     Timer.o (.text.TimerG12_IntArm)
                  0001c16c    00000090     Graphics.o (.text.FillMap)
                  0001c1fc    0000008c     Buffer.o (.text.clearRenderBuffer)
                  0001c288    0000008c     main.o (.text.respawnPlayer)
                  0001c314    00000088     ST7735.o (.text.setAddrWindow)
                  0001c39c    00000004     libc.a : pre_init.c.obj (.text._system_pre_init)
                  0001c3a0    00000088            : strcmp-armv6m.S.obj (.text:strcmp)
                  0001c428    00000084     Buffer.o (.text.PrecalculateFloorGradient)
                  0001c4ac    00000084     ST7735.o (.text.ST7735_DrawString)
                  0001c530    00000080     Sync.o (.text.sendDirectionPacket)
                  0001c5b0    00000080     Sync.o (.text.sendPositionPacket)
                  0001c630    0000007c     LaunchPad.o (.text.LaunchPad_Init)
                  0001c6ac    0000007c     UART1.o (.text.UART1_Init)
                  0001c728    0000007c     libc.a : fclose.c.obj (.text.__TI_closefile)
                  0001c7a4    0000007c     Sync.o (.text.getRandomMapPos)
                  0001c820    0000007c     libc.a : copy_decompress_lzss.c.obj (.text:decompress:lzss)
                  0001c89c    00000078     Graphics.o (.text.DrawMinimap)
                  0001c914    00000078     Graphics.o (.text.RenderHUD)
                  0001c98c    00000074     Inventory.o (.text.Inventory_removeCurrent)
                  0001ca00    00000074     Sync.o (.text.TIMG7_IRQHandler)
                  0001ca74    00000074     libclang_rt.builtins.a : comparedf2.c.obj (.text.__gedf2)
                  0001cae8    0000006c     libsysbm.a : hostlseek.c.obj (.text.HOSTlseek)
                  0001cb54    0000006c                : hostrename.c.obj (.text.HOSTrename)
                  0001cbc0    0000006c     UART2.o (.text.UART2_IRQHandler)
                  0001cc2c    0000006c     libc.a : fseek.c.obj (.text.fseeko)
                  0001cc98    0000006c            : getdevice.c.obj (.text.getdevice)
                  0001cd04    00000068     libclang_rt.builtins.a : comparedf2.c.obj (.text.__ledf2)
                  0001cd6c    00000064     ADC.o (.text.ADC_InDual)
                  0001cdd0    00000064     libc.a : _io_perm.c.obj (.text.__TI_wrt_ok)
                  0001ce34    00000064            : memory.c.obj (.text.split)
                  0001ce98    00000062     libclang_rt.builtins.a : aeabi_dcmp.S.obj (.text.__aeabi_dcmp)
                  0001cefa    00000002     --HOLE-- [fill = 0]
                  0001cefc    00000060     libsysbm.a : hostopen.c.obj (.text.HOSTopen)
                  0001cf5c    0000005c     Sync.o (.text.TIMG8_IRQHandler)
                  0001cfb8    0000005c     libc.a : printf.c.obj (.text.printf)
                  0001d014    0000005c     Buffer.o (.text.setPixelBuffer)
                  0001d070    00000058     libsysbm.a : hostread.c.obj (.text.HOSTread)
                  0001d0c8    00000058                : hostwrite.c.obj (.text.HOSTwrite)
                  0001d120    00000056     libclang_rt.builtins.a : aeabi_idivmod.S.obj (.text.__aeabi_idivmod)
                  0001d176    00000056     sprites.o (.text.compareSprites)
                  0001d1cc    00000052     libc.a : fflush.c.obj (.text.__TI_doflush)
                  0001d21e    00000002     --HOLE-- [fill = 0]
                  0001d220    00000050     libsysbm.a : close.c.obj (.text.close)
                  0001d270    0000004c     FIFO.o (.text.RxFifo_Get)
                  0001d2bc    0000004c     FIFO.o (.text.RxFifo_Put)
                  0001d308    0000004c     Inventory.o (.text.inInventory)
                  0001d354    0000004c     Graphics.o (.text.printAmmo)
                  0001d3a0    0000004a     libclang_rt.builtins.a : fixdfsi.S.obj (.text.__fixdfsi)
                  0001d3ea    00000002     --HOLE-- [fill = 0]
                  0001d3ec    00000048     libsysbm.a : hostclose.c.obj (.text.HOSTclose)
                  0001d434    00000048                : hostunlink.c.obj (.text.HOSTunlink)
                  0001d47c    00000048     SPI.o (.text.SPI_OutCommand)
                  0001d4c4    00000048     Sounds.o (.text.Sound_Init)
                  0001d50c    00000048     Async_Delay.o (.text.TIMG0_IRQHandler)
                  0001d554    00000044     ADC.o (.text.ADC0_In)
                  0001d598    00000044     Input.o (.text.Input_Init)
                  0001d5dc    00000044     Sounds.o (.text.SysTick_Handler)
                  0001d620    00000044     sprites.o (.text.generateSprite)
                  0001d664    00000040     Graphics.o (.text.RenderScene)
                  0001d6a4    00000040     SPI.o (.text.SPI_Reset)
                  0001d6e4    00000040     Sync.o (.text.TIMG6_IRQHandler)
                  0001d724    00000040     libclang_rt.builtins.a : aeabi_uidivmod.S.obj (.text.__aeabi_uidivmod)
                  0001d764    00000040     libc.a : fopen.c.obj (.text._search_fp)
                  0001d7a4    0000003c     Input.o (.text.fastSin)
                  0001d7e0    0000003c     Sync.o (.text.sendInfoPacket)
                  0001d81c    0000003c     Async_Delay.o (.text.start_delay)
                  0001d858    0000003c     libc.a : autoinit.c.obj (.text:__TI_auto_init_nobinit_nopinit)
                  0001d894    0000003a     libclang_rt.builtins.a : muldsi3.S.obj (.text.__muldsi3)
                  0001d8ce    00000002     --HOLE-- [fill = 0]
                  0001d8d0    00000038     LaunchPad.o (.text.ActivatePortA_B)
                  0001d908    00000038     Buffer.o (.text.RenderBuffer)
                  0001d940    00000038     SPI.o (.text.SPI_OutData)
                  0001d978    00000038     Sounds.o (.text.Sound_Start)
                  0001d9b0    00000038     libc.a : rand.c.obj (.text.rand)
                  0001d9e8    00000038            : sprintf.c.obj (.text.sprintf)
                  0001da20    00000034     Clock.o (.text.Clock_Delay1ms)
                  0001da54    00000034     ST7735.o (.text.ST7735_SetCursor)
                  0001da88    00000034     ST7735.o (.text.ST7735_write)
                  0001dabc    00000034     main.o (.text.SystemInit)
                  0001daf0    00000034     libc.a : fopen.c.obj (.text.__TI_cleanup)
                  0001db24    00000034     libsysbm.a : trgmsg.c.obj (.text.__TI_readmsg)
                  0001db58    00000034                : trgmsg.c.obj (.text.__TI_writemsg)
                  0001db8c    00000034     libc.a : exit.c.obj (.text.exit)
                  0001dbc0    00000034            : getdevice.c.obj (.text.finddevice)
                  0001dbf4    00000034            : fopen.c.obj (.text.freopen)
                  0001dc28    00000034     Graphics.o (.text.printItem)
                  0001dc5c    00000030     ST7735.o (.text.commonInit)
                  0001dc8c    00000030     Input.o (.text.fastCos)
                  0001dcbc    00000030     libc.a : fopen.c.obj (.text.fopen)
                  0001dcec    0000002c     ST7735.o (.text.ST7735_FillScreen)
                  0001dd18    0000002c     libclang_rt.builtins.a : floatsidf.S.obj (.text.__floatsidf)
                  0001dd44    0000002c     libsysbm.a : unlink.c.obj (.text.unlink)
                  0001dd70    0000002a     UART2.o (.text.UART2_InChar)
                  0001dd9a    00000002     --HOLE-- [fill = 0]
                  0001dd9c    00000028     libc.a : memory.c.obj (.text.free_list_insert)
                  0001ddc4    00000028     libsysbm.a : lseek.c.obj (.text.lseek)
                  0001ddec    00000028                : write.c.obj (.text.write)
                  0001de14    00000028     libc.a : boot_cortex_m.c.obj (.text:_c_int00_noargs)
                  0001de3c    00000026     main.o (.text.initRandom)
                  0001de62    00000024     Inventory.o (.text.Inventory_next)
                  0001de86    00000002     --HOLE-- [fill = 0]
                  0001de88    00000024     Joy.o (.text.Joy_Init)
                  0001deac    00000024     libclang_rt.builtins.a : floatunsidf.S.obj (.text.__floatunsidf)
                  0001ded0    00000024     libc.a : rand.c.obj (.text.srand)
                  0001def4    00000022            : memccpy.c.obj (.text.memccpy)
                  0001df16    00000002     --HOLE-- [fill = 0]
                  0001df18    00000020     Graphics.o (.text.Graphics_Init)
                  0001df38    00000020     Inventory.o (.text.Item_isWeapon)
                  0001df58    0000001e     ST7735.o (.text.pushColor)
                  0001df76    00000002     --HOLE-- [fill = 0]
                  0001df78    0000001c     startup_mspm0g3507_ticlang.o (.text.Default_Handler)
                  0001df94    0000001c     startup_mspm0g3507_ticlang.o (.text.HardFault_Handler)
                  0001dfb0    0000001c     Joy.o (.text.Joy_In)
                  0001dfcc    0000001c     libc.a : memory.c.obj (.text.free_list_remove)
                  0001dfe8    00000018     FIFO.o (.text.RxFifo_Size)
                  0001e000    00000018     UART1.o (.text.UART1_OutChar)
                  0001e018    00000018     libc.a : sprintf.c.obj (.text._outs)
                  0001e030    00000016     ST7735.o (.text.ST7735_open)
                  0001e046    00000016     ST7735.o (.text.ST7735_read)
                  0001e05c    00000014     DAC.o (.text.DAC_Out)
                  0001e070    00000014     FIFO.o (.text.RxFifo_Init)
                  0001e084    00000012     Inventory.o (.text.Inventory_currentItem)
                  0001e096    00000012     Inventory.o (.text.Item_isSpent)
                  0001e0a8    00000012     libc.a : memcpy16.S.obj (.text:TI_memcpy_small)
                  0001e0ba    00000012            : copy_decompress_none.c.obj (.text:decompress:none)
                  0001e0cc    00000010     Clock.o (.text.Clock_Delay)
                  0001e0dc    00000010     LaunchPad.o (.text.Delay)
                  0001e0ec    00000010     Joy.o (.text.Joy_InButton)
                  0001e0fc    00000010     Input.o (.text.ReadKeys)
                  0001e10c    00000010     libc.a : copy_zero_init.c.obj (.text:decompress:ZI)
                  0001e11c    0000000e            : memory.c.obj (.text.OUTLINED_FUNCTION_0)
                  0001e12a    0000000e     ST7735.o (.text.ST7735_lseek)
                  0001e138    0000000e     libclang_rt.builtins.a : aeabi_memset.S.obj (.text.__aeabi_memset)
                  0001e146    0000000e     libsysbm.a : hostrename.c.obj (.text.strcpy)
                  0001e154    0000000e     libc.a : _printfi.c.obj (.text.strlen)
                  0001e162    0000000e     libsysbm.a : hostrename.c.obj (.text.strlen)
                  0001e170    0000000e     libc.a : memset16.S.obj (.text:TI_memset_small)
                  0001e17e    00000002     --HOLE-- [fill = 0]
                  0001e180    0000000c     Clock.o (.text.Clock_Freq)
                  0001e18c    0000000c     ST7735.o (.text.ST7735_rename)
                  0001e198    0000000c     Sync.o (.text.Sync_Init)
                  0001e1a4    0000000c     libclang_rt.builtins.a : aeabi_memset.S.obj (.text.__aeabi_memclr)
                  0001e1b0    0000000c     libc.a : memory.c.obj (.text.malloc)
                  0001e1bc    0000000a            : e_pow.c.obj (.text.OUTLINED_FUNCTION_0)
                  0001e1c6    00000002     --HOLE-- [fill = 0]
                  0001e1c8    00000010     libclang_rt.builtins.a : muldf3.S.obj (.tramp.__aeabi_dmul.1)
                  0001e1d8    0000000a     libc.a : e_pow.c.obj (.text.OUTLINED_FUNCTION_1)
                  0001e1e2    0000000a            : e_pow.c.obj (.text.OUTLINED_FUNCTION_6)
                  0001e1ec    0000000a     ST7735.o (.text.ST7735_close)
                  0001e1f6    0000000a     ST7735.o (.text.ST7735_unlink)
                  0001e200    0000000a     libc.a : sprintf.c.obj (.text._outc)
                  0001e20a    00000008            : e_pow.c.obj (.text.OUTLINED_FUNCTION_2)
                  0001e212    00000002     --HOLE-- [fill = 0]
                  0001e214    00000010     libclang_rt.builtins.a : adddf3.S.obj (.tramp.__aeabi_dsub.1)
                  0001e224    00000008     libc.a : aeabi_portable.c.obj (.text.__aeabi_errno_addr)
                  0001e22c    00000008     libclang_rt.builtins.a : aeabi_memcpy.S.obj (.text.__aeabi_memcpy)
                  0001e234    00000008     libc.a : printf.c.obj (.text._outc)
                  0001e23c    00000008            : printf.c.obj (.text._outs)
                  0001e244    00000008            : fseek.c.obj (.text.fseek)
                  0001e24c    00000008     libsysbm.a : remove.c.obj (.text.remove)
                  0001e254    00000006     libc.a : e_pow.c.obj (.text.OUTLINED_FUNCTION_3)
                  0001e25a    00000002     --HOLE-- [fill = 0]
                  0001e25c    00000010     libclang_rt.builtins.a : adddf3.S.obj (.tramp.__aeabi_dadd.1)
                  0001e26c    00000006     libc.a : e_pow.c.obj (.text.OUTLINED_FUNCTION_4)
                  0001e272    00000006            : e_pow.c.obj (.text.OUTLINED_FUNCTION_5)
                  0001e278    00000004            : e_pow.c.obj (.text.OUTLINED_FUNCTION_10)
                  0001e27c    00000004            : e_pow.c.obj (.text.OUTLINED_FUNCTION_7)
                  0001e280    00000004            : e_pow.c.obj (.text.OUTLINED_FUNCTION_8)
                  0001e284    00000004            : e_pow.c.obj (.text.OUTLINED_FUNCTION_9)
                  0001e288    00000004     startup_mspm0g3507_ticlang.o (.text.Reset_Handler)
                  0001e28c    00000004     libc.a : exit.c.obj (.text:abort)

.cinit     0    0001e290    00000228     
                  0001e290    00000204     (.cinit..data.load) [load image, compression = lzss]
                  0001e494    0000000c     (__TI_handler_table)
                  0001e4a0    00000008     (.cinit..bss.load) [load image, compression = zero_init]
                  0001e4a8    00000010     (__TI_cinit_table)

.rodata    0    000000c0    00016c70     
                  000000c0    00004900     Sounds.o (.rodata.reloadSound)
                  000049c0    00002ab4     Sounds.o (.rodata.pistolSound)
                  00007474    00002000     Graphics.o (.rodata.SCBarkley)
                  00009474    00002000     Graphics.o (.rodata.circuitBoardTex2)
                  0000b474    00002000     Graphics.o (.rodata.circuitBoardTex)
                  0000d474    00002000     Graphics.o (.rodata.matrix2)
                  0000f474    00001e78     Sounds.o (.rodata.shotgunSound)
                  000112ec    0000095a     Sounds.o (.rodata.weaploadSound)
                  00011c46    0000094f     Sounds.o (.rodata.outofammoSound)
                  00012595    00000001     main.o (.rodata.str1.30235616187663446621)
                  00012596    00000800     main.o (.rodata.AgentPixelBack)
                  00012d96    00000800     main.o (.rodata.AgentPixelFront)
                  00013596    00000800     main.o (.rodata.ExplosionImage)
                  00013d96    00000800     main.o (.rodata.PistolImage)
                  00014596    00000800     main.o (.rodata.RifleImage)
                  00014d96    00000800     main.o (.rodata.ShotgunImage)
                  00015596    000004fb     Buffer.o (.rodata.Font)
                  00015a91    000004fb     ST7735.o (.rodata.Font)
                  00015f8c    00000240     Graphics.o (.rodata.OGMap)
                  000161cc    00000200     main.o (.rodata.Ammosprite)
                  000163cc    00000200     main.o (.rodata.Medkitsprite)
                  000165cc    00000200     main.o (.rodata.Pistolsprite)
                  000167cc    00000200     main.o (.rodata.Riflesprite)
                  000169cc    00000200     main.o (.rodata.Shotgunsprite)
                  00016bcc    0000003d     main.o (.rodata.str1.182731374899196392841)
                  00016c09    0000003b     ST7735.o (.rodata.Rcmd1)
                  00016c44    00000004     Graphics.o (.rodata.str1.25158831670344200691)
                  00016c48    00000030     libc.a : e_pow.c.obj (.rodata.cst16)
                  00016c78    0000002b     ST7735.o (.rodata.Rcmd3)
                  00016ca3    00000016     ST7735.o (.rodata.str1.180840905664508391481)
                  00016cb9    00000011     libc.a : _printfi.c.obj (.rodata.str1.153638888446227384661)
                  00016cca    0000000d     ST7735.o (.rodata.Rcmd2green)
                  00016cd7    0000000d     ST7735.o (.rodata.Rcmd2red)
                  00016ce4    0000000c     Graphics.o (.rodata.str1.37161536259113115651)
                  00016cf0    00000008     main.o (.rodata.str1.128962870563899395191)
                  00016cf8    00000008     ST7735.o (.rodata.str1.42106280550816602831)
                  00016d00    00000007     ST7735.o (.rodata.str1.124659516132232304751)
                  00016d07    00000007     main.o (.rodata.str1.164552152177587026401)
                  00016d0e    00000007     main.o (.rodata.str1.181369900268917052751)
                  00016d15    00000007     ST7735.o (.rodata.str1.97082724960320730491)
                  00016d1c    00000006     Graphics.o (.rodata.str1.2002389610935928081)
                  00016d22    00000006     main.o (.rodata.str1.58265674741439123291)
                  00016d28    00000002     ST7735.o (.rodata.str1.147171064836689809571)
                  00016d2a    00000006     --HOLE-- [fill = 0]

.init_array 
*          0    00000000    00000000     UNINITIALIZED

.binit     0    00000000    00000000     

.bss       0    20200000    00005e9b     UNINITIALIZED
                  20200000    00005000     (.common:renderBuffer)
                  20205000    00000500     (.common:ZBuffer)
                  20205500    00000480     (.common:miniMap)
                  20205980    00000240     (.common:worldMap)
                  20205bc0    00000120     libsysbm.a : trgmsg.c.obj (.bss:_CIOBUF_)
                  20205ce0    000000a0     libc.a : defs.c.obj (.bss.__TI_tmpnams)
                  20205d80    00000080     (.common:floorGradient)
                  20205e00    00000040     FIFO.o (.bss.RxFifo)
                  20205e40    00000008     libsysbm.a : hostopen.c.obj (.bss.parmbuf)
                  20205e48    00000008     (.common:otherDirX)
                  20205e50    00000008     (.common:otherDirY)
                  20205e58    00000008     (.common:otherPosX)
                  20205e60    00000008     (.common:otherPosY)
                  20205e68    00000004     libc.a : memory.c.obj (.bss.sys_free)
                  20205e6c    00000004     (.common:Joy_x)
                  20205e70    00000004     (.common:Joy_y)
                  20205e74    00000004     (.common:Length)
                  20205e78    00000004     (.common:LostData)
                  20205e7c    00000004     (.common:RxGetI)
                  20205e80    00000004     (.common:RxPutI)
                  20205e84    00000004     (.common:SoundPt)
                  20205e88    00000004     (.common:flag_done)
                  20205e8c    00000004     (.common:ms_done)
                  20205e90    00000004     (.common:ms_passed)
                  20205e94    00000001     ST7735.o (.bss.ColStart)
                  20205e95    00000001     ST7735.o (.bss.Rotation)
                  20205e96    00000001     ST7735.o (.bss.RowStart)
                  20205e97    00000001     ST7735.o (.bss.TabColor)
                  20205e98    00000001     (.common:isShooting)
                  20205e99    00000001     (.common:isSwapping)
                  20205e9a    00000001     (.common:reloaded)

.data      0    20205ea0    00000791     UNINITIALIZED
                  20205ea0    00000258     main.o (.data.Sprites)
                  202060f8    000000f0     libc.a : defs.c.obj (.data._ftable)
                  202061e8    00000078     libsysbm.a : host_device.c.obj (.data._device)
                  20206260    00000068     main.o (.data.ammo_big)
                  202062c8    00000068     main.o (.data.ammo_small)
                  20206330    00000068     main.o (.data.medkit)
                  20206398    00000068     main.o (.data.pistol)
                  20206400    00000068     main.o (.data.rifle)
                  20206468    00000068     main.o (.data.shotgun)
                  202064d0    00000050     libsysbm.a : host_device.c.obj (.data._stream)
                  20206520    00000028     Sounds.o (.data.SoundEffects)
                  20206548    00000028     main.o (.data.gunFlash)
                  20206570    00000018     main.o (.data.items)
                  20206588    00000014     main.o (.data.inventory)
                  2020659c    00000010     Graphics.o (.data.textures)
                  202065ac    00000008     libc.a : exit.c.obj (.data..L_MergedGlobals)
                  202065b4    00000004     Clock.o (.data.BusFreq)
                  202065b8    00000008     main.o (.data.dirX)
                  202065c0    00000008     main.o (.data.dirY)
                  202065c8    00000008     main.o (.data.planeX)
                  202065d0    00000008     main.o (.data.planeY)
                  202065d8    00000008     main.o (.data.posX)
                  202065e0    00000008     main.o (.data.posY)
                  202065e8    00000004     Graphics.o (.data.RenderScene.side)
                  202065ec    00000004     ST7735.o (.data.StX)
                  202065f0    00000004     ST7735.o (.data.StY)
                  202065f4    00000004     libc.a : defs.c.obj (.data.__TI_ft_end)
                  202065f8    00000004            : aeabi_portable.c.obj (.data.__aeabi_errno)
                  202065fc    00000004            : _lock.c.obj (.data._lock)
                  20206600    00000004            : _lock.c.obj (.data._unlock)
                  20206604    00000004            : rand.c.obj (.data.next)
                  20206608    00000004     main.o (.data.numsprites)
                  2020660c    00000004     main.o (.data.otherHealth)
                  20206610    00000004     Sync.o (.data.otherPlayer)
                  20206614    00000004     main.o (.data.playerHealth)
                  20206618    00000002     ST7735.o (.data.StTextColor)
                  2020661a    00000002     Sync.o (.data.TIMG6_IRQHandler.timeCt)
                  2020661c    00000002     ST7735.o (.data._height)
                  2020661e    00000002     ST7735.o (.data._width)
                  20206620    00000001     sprites.o (.data.RenderForegroundSprites.sidesDrawn)
                  20206621    00000001     Sync.o (.data.TIMG7_IRQHandler.packetIndex)
                  20206622    00000001     Sync.o (.data.TIMG8_IRQHandler.packetIndex)
                  20206623    00000001     sprites.o (.data.canSwapItems)
                  20206624    00000001     libsysbm.a : add_device.c.obj (.data.add_device.device_init)
                  20206625    00000001     main.o (.data.healthCode)
                  20206626    00000001     main.o (.data.isOnTarget)
                  20206627    00000001     main.o (.data.isVulnerable)
                  20206628    00000001     Sync.o (.data.itemsStatus)
                  20206629    00000001     Input.o (.data.lastInput)
                  2020662a    00000002     --HOLE--
                  2020662c    00000001     libc.a : memory.c.obj (.data.memory_is_initialized)
                  2020662d    00000003     --HOLE--
                  20206630    00000001     libsysbm.a : open.c.obj (.data.open.stream_init)

.sysmem    0    20206638    00000200     UNINITIALIZED
                  20206638    00000010     libc.a : memory.c.obj (.sysmem)
                  20206648    000001f0     --HOLE--

.stack     0    20207e00    00000200     UNINITIALIZED
                  20207e00    00000004     libc.a : boot_cortex_m.c.obj (.stack)
                  20207e04    000001fc     --HOLE--

__llvm_prf_cnts 
*          0    20200000    00000000     UNINITIALIZED

__llvm_prf_bits 
*          0    20200000    00000000     UNINITIALIZED

MODULE SUMMARY

       Module                         code    ro data   rw data
       ------                         ----    -------   -------
    .\
       Sounds.o                       196     42197     48     
       Graphics.o                     3236    33366     3036   
       Buffer.o                       1552    1275      20608  
       main.o                         442     14938     1403   
       ST7735.o                       2738    1449      18     
       sprites.o                      2490    0         2      
       Input.o                        2188    0         4      
       Sync.o                         1768    0         9      
       Timer.o                        816     0         0      
       ADC.o                          704     0         0      
       Inventory.o                    680     0         0      
       Clock.o                        516     0         4      
       SPI.o                          440     0         0      
       UART2.o                        358     0         4      
       FIFO.o                         196     0         72     
       LaunchPad.o                    196     0         0      
       DAC.o                          188     0         0      
       UART1.o                        148     0         0      
       Async_Delay.o                  132     0         12     
       Joy.o                          80      0         0      
    +--+------------------------------+-------+---------+---------+
       Total:                         19064   93225     25220  
                                                               
    .\ticlang\
       startup_mspm0g3507_ticlang.o   60      192       0      
    +--+------------------------------+-------+---------+---------+
       Total:                         60      192       0      
                                                               
    C:\ti\ccs2000\ccs\tools\compiler\ti-cgt-armllvm_4.0.1.LTS\lib\armv6m-ti-none-eabi/c/libc.a
       e_pow.c.obj                    2704    48        0      
       memory.c.obj                   702     0         5      
       _printfi.c.obj                 658     17        0      
       fopen.c.obj                    556     0         0      
       defs.c.obj                     0       0         404    
       e_sqrt.c.obj                   368     0         0      
       s_floor.c.obj                  324     0         0      
       qsort.c.obj                    308     0         0      
       fputs.c.obj                    248     0         0      
       setvbuf.c.obj                  224     0         0      
       s_scalbn.c.obj                 216     0         0      
       getdevice.c.obj                160     0         0      
       fputc.c.obj                    156     0         0      
       strcmp-armv6m.S.obj            136     0         0      
       copy_decompress_lzss.c.obj     124     0         0      
       fclose.c.obj                   124     0         0      
       fseek.c.obj                    116     0         0      
       printf.c.obj                   108     0         0      
       _io_perm.c.obj                 100     0         0      
       rand.c.obj                     92      0         4      
       sprintf.c.obj                  90      0         0      
       fflush.c.obj                   82      0         0      
       exit.c.obj                     56      0         8      
       autoinit.c.obj                 60      0         0      
       boot_cortex_m.c.obj            40      0         0      
       memccpy.c.obj                  34      0         0      
       copy_decompress_none.c.obj     18      0         0      
       memcpy16.S.obj                 18      0         0      
       copy_zero_init.c.obj           16      0         0      
       memset16.S.obj                 14      0         0      
       aeabi_portable.c.obj           8       0         4      
       _lock.c.obj                    2       0         8      
       pre_init.c.obj                 4       0         0      
    +--+------------------------------+-------+---------+---------+
       Total:                         7866    65        433    
                                                               
    C:\ti\ccs2000\ccs\tools\compiler\ti-cgt-armllvm_4.0.1.LTS\lib\armv6m-ti-none-eabi/c/libsysbm.a
       trgmsg.c.obj                   104     0         288    
       add_device.c.obj               236     0         1      
       host_device.c.obj              0       0         200    
       open.c.obj                     160     0         1      
       hostrename.c.obj               136     0         0      
       hostlseek.c.obj                108     0         0      
       hostopen.c.obj                 96      0         8      
       hostread.c.obj                 88      0         0      
       hostwrite.c.obj                88      0         0      
       close.c.obj                    80      0         0      
       hostclose.c.obj                72      0         0      
       hostunlink.c.obj               72      0         0      
       unlink.c.obj                   44      0         0      
       lseek.c.obj                    40      0         0      
       write.c.obj                    40      0         0      
       remove.c.obj                   8       0         0      
    +--+------------------------------+-------+---------+---------+
       Total:                         1372    0         498    
                                                               
    C:\ti\ccs2000\ccs\tools\compiler\ti-cgt-armllvm_4.0.1.LTS\lib\armv6m-ti-none-eabi/libclang_rt.builtins.a
       adddf3.S.obj                   434     0         0      
       divdf3.S.obj                   268     0         0      
       muldf3.S.obj                   244     0         0      
       comparedf2.c.obj               220     0         0      
       aeabi_dcmp.S.obj               98      0         0      
       aeabi_idivmod.S.obj            86      0         0      
       fixdfsi.S.obj                  74      0         0      
       aeabi_uidivmod.S.obj           64      0         0      
       muldsi3.S.obj                  58      0         0      
       floatsidf.S.obj                44      0         0      
       floatunsidf.S.obj              36      0         0      
       aeabi_memset.S.obj             26      0         0      
       aeabi_memcpy.S.obj             8       0         0      
       aeabi_div0.c.obj               2       0         0      
    +--+------------------------------+-------+---------+---------+
       Total:                         1662    0         0      
                                                               
       Heap:                          0       0         512    
       Stack:                         0       0         512    
       Linker Generated:              0       552       0      
    +--+------------------------------+-------+---------+---------+
       Grand Total:                   30024   94034     27175  


LINKER GENERATED COPY TABLES

__TI_cinit_table @ 0001e4a8 records: 2, size/record: 8, table size: 16
	.data: load addr=0001e290, load size=00000204 bytes, run addr=20205ea0, run size=00000791 bytes, compression=lzss
	.bss: load addr=0001e4a0, load size=00000008 bytes, run addr=20200000, run size=00005e9b bytes, compression=zero_init


LINKER GENERATED HANDLER TABLE

__TI_handler_table @ 0001e494 records: 3, size/record: 4, table size: 12
	index: 0, handler: __TI_decompress_lzss
	index: 1, handler: __TI_decompress_none
	index: 2, handler: __TI_zero_init


FAR CALL TRAMPOLINES

callee name               trampoline name
   callee addr  tramp addr   call addr  call info
--------------  -----------  ---------  ----------------
__aeabi_dmul              $Tramp$TT$L$PI$$__aeabi_dmul
   0001afbd     0001e1c8     0001e1c4   libc.a : e_pow.c.obj (.text.OUTLINED_FUNCTION_0)
                             0001e1e0          : e_pow.c.obj (.text.OUTLINED_FUNCTION_1)
                             0001e1ea          : e_pow.c.obj (.text.OUTLINED_FUNCTION_6)
                             0001e270          : e_pow.c.obj (.text.OUTLINED_FUNCTION_4)
                             0001e276          : e_pow.c.obj (.text.OUTLINED_FUNCTION_5)
                             0001e282          : e_pow.c.obj (.text.OUTLINED_FUNCTION_8)
__aeabi_dsub              $Tramp$TT$L$PI$$__aeabi_dsub
   000197d1     0001e214     0001e210   libc.a : e_pow.c.obj (.text.OUTLINED_FUNCTION_2)
__aeabi_dadd              $Tramp$TT$L$PI$$__aeabi_dadd
   000197db     0001e25c     0001e258   libc.a : e_pow.c.obj (.text.OUTLINED_FUNCTION_3)
                             0001e27a          : e_pow.c.obj (.text.OUTLINED_FUNCTION_10)
                             0001e27e          : e_pow.c.obj (.text.OUTLINED_FUNCTION_7)
                             0001e286          : e_pow.c.obj (.text.OUTLINED_FUNCTION_9)

[3 trampolines]
[11 trampoline calls]


GLOBAL SYMBOLS: SORTED ALPHABETICALLY BY Name 

address   name                          
-------   ----                          
0001df79  ADC0_IRQHandler               
0001d555  ADC0_In                       
0001aa19  ADC0_Init                     
0001df79  ADC1_IRQHandler               
0001cd6d  ADC_InDual                    
0001a2cd  ADC_InitDual                  
0001df79  AES_IRQHandler                
0001d8d1  ActivatePortA_B               
00012596  AgentPixelBack                
00012d96  AgentPixelFront               
000161cc  Ammosprite                    
202065b4  BusFreq                       
0001e28c  C$$EXIT                       
0001db85  C$$IO$$                       
0001df79  CANFD0_IRQHandler             
00018479  CastRays                      
0001e0cd  Clock_Delay                   
0001da21  Clock_Delay1ms                
0001e181  Clock_Freq                    
00019475  Clock_Init80MHz               
0001df79  DAC0_IRQHandler               
0001b939  DAC_Init                      
0001e05d  DAC_Out                       
0001df79  DMA_IRQHandler                
0001df79  Default_Handler               
0001e0dd  Delay                         
00018c21  DrawCrosshair                 
00019281  DrawHealthBar                 
0001c89d  DrawMinimap                   
00013596  ExplosionImage                
0001c16d  FillMap                       
0001df79  GROUP0_IRQHandler             
0001df79  GROUP1_IRQHandler             
0001df19  Graphics_Init                 
0001d3ed  HOSTclose                     
0001cae9  HOSTlseek                     
0001cefd  HOSTopen                      
0001d071  HOSTread                      
0001cb55  HOSTrename                    
0001d435  HOSTunlink                    
0001d0c9  HOSTwrite                     
0001df95  HardFault_Handler             
0001df79  I2C0_IRQHandler               
0001df79  I2C1_IRQHandler               
0001d599  Input_Init                    
0001b32d  Inventory_add                 
0001e085  Inventory_currentItem         
0001de63  Inventory_next                
0001c98d  Inventory_removeCurrent       
0001b889  Inventory_replace             
0001e097  Item_isSpent                  
0001df39  Item_isWeapon                 
0001dfb1  Joy_In                        
0001e0ed  Joy_InButton                  
0001de89  Joy_Init                      
20205e6c  Joy_x                         
20205e70  Joy_y                         
0001c631  LaunchPad_Init                
20205e74  Length                        
20205e78  LostData                      
000163cc  Medkitsprite                  
00017779  MovePlayer                    
0001df79  NMI_Handler                   
00015f8c  OGMap                         
0001df79  PendSV_Handler                
00013d96  PistolImage                   
000165cc  Pistolsprite                  
0001c429  PrecalculateFloorGradient     
0001df79  RTC_IRQHandler                
0001b721  RandomizeSprites              
0001e0fd  ReadKeys                      
0001d909  RenderBuffer                  
0001ab0d  RenderForegroundSprites       
0001c915  RenderHUD                     
0001b9e1  RenderInventory               
0001d665  RenderScene                   
0001ac01  RenderSky                     
00017e81  RenderSprite                  
00019965  RenderSprites                 
0001e289  Reset_Handler                 
00014596  RifleImage                    
000167cc  Riflesprite                   
0001d271  RxFifo_Get                    
0001e071  RxFifo_Init                   
0001d2bd  RxFifo_Put                    
0001dfe9  RxFifo_Size                   
20205e7c  RxGetI                        
20205e80  RxPutI                        
00007474  SCBarkley                     
0001df79  SPI0_IRQHandler               
0001df79  SPI1_IRQHandler               
0001a829  SPI_Init                      
0001d47d  SPI_OutCommand                
0001d941  SPI_OutData                   
0001d6a5  SPI_Reset                     
00019071  ST7735_DrawBitmap             
00019629  ST7735_DrawChar               
0001c4ad  ST7735_DrawString             
0001a3f1  ST7735_FillRect               
0001dced  ST7735_FillScreen             
0001bf09  ST7735_InitPrintf             
0001c041  ST7735_InitR                  
0001b3fd  ST7735_OutChar                
0001da55  ST7735_SetCursor              
0001acf5  ST7735_SetRotation            
0001e1ed  ST7735_close                  
0001e12b  ST7735_lseek                  
0001e031  ST7735_open                   
0001e047  ST7735_read                   
0001e18d  ST7735_rename                 
0001e1f7  ST7735_unlink                 
0001da89  ST7735_write                  
0001df79  SVC_Handler                   
00014d96  ShotgunImage                  
000169cc  Shotgunsprite                 
20206520  SoundEffects                  
20205e84  SoundPt                       
0001d4c5  Sound_Init                    
0001d979  Sound_Start                   
20205ea0  Sprites                       
20206618  StTextColor                   
202065ec  StX                           
202065f0  StY                           
0001e199  Sync_Init                     
0001d5dd  SysTick_Handler               
0001dabd  SystemInit                    
0001df79  TIMA0_IRQHandler              
0001df79  TIMA1_IRQHandler              
0001d50d  TIMG0_IRQHandler              
0001b59d  TIMG12_IRQHandler             
0001d6e5  TIMG6_IRQHandler              
0001ca01  TIMG7_IRQHandler              
0001cf5d  TIMG8_IRQHandler              
0001e0a9  TI_memcpy_small               
0001e171  TI_memset_small               
0001bc81  TimerG0_IntArm                
0001c0d9  TimerG12_IntArm               
0001ba89  TimerG6_IntArm                
0001bb31  TimerG7_IntArm                
0001bbd9  TimerG8_IntArm                
0001df79  UART0_IRQHandler              
0001df79  UART1_IRQHandler              
0001c6ad  UART1_Init                    
0001e001  UART1_OutChar                 
0001cbc1  UART2_IRQHandler              
0001dd71  UART2_InChar                  
0001b4cd  UART2_Init                    
0001df79  UART3_IRQHandler              
20205000  ZBuffer                       
20205bc0  _CIOBUF_                      
20205bc0  __CIOBUF_                     
20208000  __STACK_END                   
00000200  __STACK_SIZE                  
00000200  __SYSMEM_SIZE                 
00000000  __TI_ATRegion0_region_sz      
00000000  __TI_ATRegion0_src_addr       
00000000  __TI_ATRegion0_trg_addr       
00000000  __TI_ATRegion1_region_sz      
00000000  __TI_ATRegion1_src_addr       
00000000  __TI_ATRegion1_trg_addr       
00000000  __TI_ATRegion2_region_sz      
00000000  __TI_ATRegion2_src_addr       
00000000  __TI_ATRegion2_trg_addr       
0001e4a8  __TI_CINIT_Base               
0001e4b8  __TI_CINIT_Limit              
0001e4b8  __TI_CINIT_Warm               
0001e494  __TI_Handler_Table_Base       
0001e4a0  __TI_Handler_Table_Limit      
0001d859  __TI_auto_init_nobinit_nopinit
0001daf1  __TI_cleanup                  
202065ac  __TI_cleanup_ptr              
0001c729  __TI_closefile                
0001c821  __TI_decompress_lzss          
0001e0bb  __TI_decompress_none          
0001d1cd  __TI_doflush                  
202065b0  __TI_dtors_ptr                
202065f4  __TI_ft_end                   
ffffffff  __TI_pprof_out_hndl           
0001899d  __TI_printfi_minimal          
ffffffff  __TI_prof_data_size           
ffffffff  __TI_prof_data_start          
0001db25  __TI_readmsg                  
00000000  __TI_static_base__            
20205ce0  __TI_tmpnams                  
0001db59  __TI_writemsg                 
0001cdd1  __TI_wrt_ok                   
0001e10d  __TI_zero_init                
000197db  __adddf3                      
0001d3a1  __aeabi_d2iz                  
000197db  __aeabi_dadd                  
0001ce99  __aeabi_dcmpeq                
0001ced5  __aeabi_dcmpge                
0001cee9  __aeabi_dcmpgt                
0001cec1  __aeabi_dcmple                
0001cead  __aeabi_dcmplt                
0001a61d  __aeabi_ddiv                  
0001afbd  __aeabi_dmul                  
000197d1  __aeabi_dsub                  
202065f8  __aeabi_errno                 
0001e225  __aeabi_errno_addr            
0001dd19  __aeabi_i2d                   
0001d121  __aeabi_idiv                  
00019963  __aeabi_idiv0                 
0001d121  __aeabi_idivmod               
0001e1a5  __aeabi_memclr                
0001e1a5  __aeabi_memclr4               
0001e1a5  __aeabi_memclr8               
0001e22d  __aeabi_memcpy                
0001e22d  __aeabi_memcpy4               
0001e22d  __aeabi_memcpy8               
0001e139  __aeabi_memset                
0001e139  __aeabi_memset4               
0001e139  __aeabi_memset8               
0001dead  __aeabi_ui2d                  
0001d725  __aeabi_uidiv                 
0001d725  __aeabi_uidivmod              
ffffffff  __binit__                     
0001cd05  __cmpdf2                      
0001a61d  __divdf3                      
0001cd05  __eqdf2                       
0001d3a1  __fixdfsi                     
0001dd19  __floatsidf                   
0001dead  __floatunsidf                 
0001ca75  __gedf2                       
0001ca75  __gtdf2                       
0001cd05  __ledf2                       
0001cd05  __ltdf2                       
UNDEFED   __mpu_init                    
0001afbd  __muldf3                      
0001d895  __muldsi3                     
0001cd05  __nedf2                       
20207e00  __stack                       
20200000  __start___llvm_prf_bits       
20200000  __start___llvm_prf_cnts       
20200000  __stop___llvm_prf_bits        
20200000  __stop___llvm_prf_cnts        
000197d1  __subdf3                      
0001de15  _c_int00_noargs               
202061e8  _device                       
202060f8  _ftable                       
202065fc  _lock                         
0001bdc7  _nop                          
202064d0  _stream                       
20206638  _sys_memory                   
UNDEFED   _system_post_cinit            
0001c39d  _system_pre_init              
20206600  _unlock                       
0001e28d  abort                         
0001ade9  add_device                    
0001a509  aligned_alloc                 
20206260  ammo_big                      
202062c8  ammo_small                    
ffffffff  binit                         
0001bdc9  blitBufferToRenderBuffer      
20206623  canSwapItems                  
0000b474  circuitBoardTex               
00009474  circuitBoardTex2              
0001c1fd  clearRenderBuffer             
0001d221  close                         
0001d177  compareSprites                
202065b8  dirX                          
202065c0  dirY                          
0001a729  drawCharToBuffer              
00018e59  drawForegroundSpriteToBuffer  
0001db8d  exit                          
0001dc8d  fastCos                       
0001d7a5  fastSin                       
0001dbc1  finddevice                    
20205e88  flag_done                     
0001a055  floor                         
20205d80  floorGradient                 
0001a055  floorl                        
0001dcbd  fopen                         
0001bfa5  fputc                         
0001a921  fputs                         
0001aed5  free                          
0001dbf5  freopen                       
0001e245  fseek                         
0001cc2d  fseeko                        
0001d621  generateSprite                
00019db5  getDirectionPacket            
00019f09  getInfoPacket                 
0001b661  getPositionPacket             
0001c7a5  getRandomMapPos               
0001cc99  getdevice                     
20206548  gunFlash                      
20206625  healthCode                    
0001d309  inInventory                   
0001de3d  initRandom                    
00000000  interruptVectors              
20206588  inventory                     
20206626  isOnTarget                    
20205e98  isShooting                    
20205e99  isSwapping                    
20206627  isVulnerable                  
20206570  items                         
20206628  itemsStatus                   
20206629  lastInput                     
0001b181  ldexp                         
0001b181  ldexpl                        
0001ddc5  lseek                         
0001b259  main                          
0001e1b1  malloc                        
0000d474  matrix2                       
20206330  medkit                        
0001a509  memalign                      
0001def5  memccpy                       
20205500  miniMap                       
20205e8c  ms_done                       
20205e90  ms_passed                     
20206608  numsprites                    
0001be69  open                          
20205e48  otherDirX                     
20205e50  otherDirY                     
2020660c  otherHealth                   
20206610  otherPlayer                   
20205e58  otherPosX                     
20205e60  otherPosY                     
00011c46  outofammoSound                
20205e40  parmbuf                       
20206398  pistol                        
000049c0  pistolSound                   
202065c8  planeX                        
202065d0  planeY                        
20206614  playerHealth                  
202065d8  posX                          
202065e0  posY                          
00016d31  pow                           
00016d31  powl                          
0001d355  printAmmo                     
0001dc29  printItem                     
0001b7d5  printToBuffer                 
0001cfb9  printf                        
0001a199  qsort                         
0001d9b1  rand                          
000000c0  reloadSound                   
20205e9a  reloaded                      
0001e24d  remove                        
20200000  renderBuffer                  
0001c289  respawnPlayer                 
20206400  rifle                         
0001b181  scalbn                        
0001b181  scalbnl                       
0001c531  sendDirectionPacket           
0001d7e1  sendInfoPacket                
0001c5b1  sendPositionPacket            
0001d015  setPixelBuffer                
0001b0a1  setvbuf                       
20206468  shotgun                       
0000f474  shotgunSound                  
0001d9e9  sprintf                       
00019af1  sqrt                          
00019af1  sqrtl                         
0001ded1  srand                         
0001d81d  start_delay                   
0001c3a1  strcmp                        
2020659c  textures                      
0001dd45  unlink                        
000112ec  weaploadSound                 
20205980  worldMap                      
0001dded  write                         


GLOBAL SYMBOLS: SORTED BY Symbol Address 

address   name                          
-------   ----                          
00000000  __TI_ATRegion0_region_sz      
00000000  __TI_ATRegion0_src_addr       
00000000  __TI_ATRegion0_trg_addr       
00000000  __TI_ATRegion1_region_sz      
00000000  __TI_ATRegion1_src_addr       
00000000  __TI_ATRegion1_trg_addr       
00000000  __TI_ATRegion2_region_sz      
00000000  __TI_ATRegion2_src_addr       
00000000  __TI_ATRegion2_trg_addr       
00000000  __TI_static_base__            
00000000  interruptVectors              
000000c0  reloadSound                   
00000200  __STACK_SIZE                  
00000200  __SYSMEM_SIZE                 
000049c0  pistolSound                   
00007474  SCBarkley                     
00009474  circuitBoardTex2              
0000b474  circuitBoardTex               
0000d474  matrix2                       
0000f474  shotgunSound                  
000112ec  weaploadSound                 
00011c46  outofammoSound                
00012596  AgentPixelBack                
00012d96  AgentPixelFront               
00013596  ExplosionImage                
00013d96  PistolImage                   
00014596  RifleImage                    
00014d96  ShotgunImage                  
00015f8c  OGMap                         
000161cc  Ammosprite                    
000163cc  Medkitsprite                  
000165cc  Pistolsprite                  
000167cc  Riflesprite                   
000169cc  Shotgunsprite                 
00016d31  pow                           
00016d31  powl                          
00017779  MovePlayer                    
00017e81  RenderSprite                  
00018479  CastRays                      
0001899d  __TI_printfi_minimal          
00018c21  DrawCrosshair                 
00018e59  drawForegroundSpriteToBuffer  
00019071  ST7735_DrawBitmap             
00019281  DrawHealthBar                 
00019475  Clock_Init80MHz               
00019629  ST7735_DrawChar               
000197d1  __aeabi_dsub                  
000197d1  __subdf3                      
000197db  __adddf3                      
000197db  __aeabi_dadd                  
00019963  __aeabi_idiv0                 
00019965  RenderSprites                 
00019af1  sqrt                          
00019af1  sqrtl                         
00019db5  getDirectionPacket            
00019f09  getInfoPacket                 
0001a055  floor                         
0001a055  floorl                        
0001a199  qsort                         
0001a2cd  ADC_InitDual                  
0001a3f1  ST7735_FillRect               
0001a509  aligned_alloc                 
0001a509  memalign                      
0001a61d  __aeabi_ddiv                  
0001a61d  __divdf3                      
0001a729  drawCharToBuffer              
0001a829  SPI_Init                      
0001a921  fputs                         
0001aa19  ADC0_Init                     
0001ab0d  RenderForegroundSprites       
0001ac01  RenderSky                     
0001acf5  ST7735_SetRotation            
0001ade9  add_device                    
0001aed5  free                          
0001afbd  __aeabi_dmul                  
0001afbd  __muldf3                      
0001b0a1  setvbuf                       
0001b181  ldexp                         
0001b181  ldexpl                        
0001b181  scalbn                        
0001b181  scalbnl                       
0001b259  main                          
0001b32d  Inventory_add                 
0001b3fd  ST7735_OutChar                
0001b4cd  UART2_Init                    
0001b59d  TIMG12_IRQHandler             
0001b661  getPositionPacket             
0001b721  RandomizeSprites              
0001b7d5  printToBuffer                 
0001b889  Inventory_replace             
0001b939  DAC_Init                      
0001b9e1  RenderInventory               
0001ba89  TimerG6_IntArm                
0001bb31  TimerG7_IntArm                
0001bbd9  TimerG8_IntArm                
0001bc81  TimerG0_IntArm                
0001bdc7  _nop                          
0001bdc9  blitBufferToRenderBuffer      
0001be69  open                          
0001bf09  ST7735_InitPrintf             
0001bfa5  fputc                         
0001c041  ST7735_InitR                  
0001c0d9  TimerG12_IntArm               
0001c16d  FillMap                       
0001c1fd  clearRenderBuffer             
0001c289  respawnPlayer                 
0001c39d  _system_pre_init              
0001c3a1  strcmp                        
0001c429  PrecalculateFloorGradient     
0001c4ad  ST7735_DrawString             
0001c531  sendDirectionPacket           
0001c5b1  sendPositionPacket            
0001c631  LaunchPad_Init                
0001c6ad  UART1_Init                    
0001c729  __TI_closefile                
0001c7a5  getRandomMapPos               
0001c821  __TI_decompress_lzss          
0001c89d  DrawMinimap                   
0001c915  RenderHUD                     
0001c98d  Inventory_removeCurrent       
0001ca01  TIMG7_IRQHandler              
0001ca75  __gedf2                       
0001ca75  __gtdf2                       
0001cae9  HOSTlseek                     
0001cb55  HOSTrename                    
0001cbc1  UART2_IRQHandler              
0001cc2d  fseeko                        
0001cc99  getdevice                     
0001cd05  __cmpdf2                      
0001cd05  __eqdf2                       
0001cd05  __ledf2                       
0001cd05  __ltdf2                       
0001cd05  __nedf2                       
0001cd6d  ADC_InDual                    
0001cdd1  __TI_wrt_ok                   
0001ce99  __aeabi_dcmpeq                
0001cead  __aeabi_dcmplt                
0001cec1  __aeabi_dcmple                
0001ced5  __aeabi_dcmpge                
0001cee9  __aeabi_dcmpgt                
0001cefd  HOSTopen                      
0001cf5d  TIMG8_IRQHandler              
0001cfb9  printf                        
0001d015  setPixelBuffer                
0001d071  HOSTread                      
0001d0c9  HOSTwrite                     
0001d121  __aeabi_idiv                  
0001d121  __aeabi_idivmod               
0001d177  compareSprites                
0001d1cd  __TI_doflush                  
0001d221  close                         
0001d271  RxFifo_Get                    
0001d2bd  RxFifo_Put                    
0001d309  inInventory                   
0001d355  printAmmo                     
0001d3a1  __aeabi_d2iz                  
0001d3a1  __fixdfsi                     
0001d3ed  HOSTclose                     
0001d435  HOSTunlink                    
0001d47d  SPI_OutCommand                
0001d4c5  Sound_Init                    
0001d50d  TIMG0_IRQHandler              
0001d555  ADC0_In                       
0001d599  Input_Init                    
0001d5dd  SysTick_Handler               
0001d621  generateSprite                
0001d665  RenderScene                   
0001d6a5  SPI_Reset                     
0001d6e5  TIMG6_IRQHandler              
0001d725  __aeabi_uidiv                 
0001d725  __aeabi_uidivmod              
0001d7a5  fastSin                       
0001d7e1  sendInfoPacket                
0001d81d  start_delay                   
0001d859  __TI_auto_init_nobinit_nopinit
0001d895  __muldsi3                     
0001d8d1  ActivatePortA_B               
0001d909  RenderBuffer                  
0001d941  SPI_OutData                   
0001d979  Sound_Start                   
0001d9b1  rand                          
0001d9e9  sprintf                       
0001da21  Clock_Delay1ms                
0001da55  ST7735_SetCursor              
0001da89  ST7735_write                  
0001dabd  SystemInit                    
0001daf1  __TI_cleanup                  
0001db25  __TI_readmsg                  
0001db59  __TI_writemsg                 
0001db85  C$$IO$$                       
0001db8d  exit                          
0001dbc1  finddevice                    
0001dbf5  freopen                       
0001dc29  printItem                     
0001dc8d  fastCos                       
0001dcbd  fopen                         
0001dced  ST7735_FillScreen             
0001dd19  __aeabi_i2d                   
0001dd19  __floatsidf                   
0001dd45  unlink                        
0001dd71  UART2_InChar                  
0001ddc5  lseek                         
0001dded  write                         
0001de15  _c_int00_noargs               
0001de3d  initRandom                    
0001de63  Inventory_next                
0001de89  Joy_Init                      
0001dead  __aeabi_ui2d                  
0001dead  __floatunsidf                 
0001ded1  srand                         
0001def5  memccpy                       
0001df19  Graphics_Init                 
0001df39  Item_isWeapon                 
0001df79  ADC0_IRQHandler               
0001df79  ADC1_IRQHandler               
0001df79  AES_IRQHandler                
0001df79  CANFD0_IRQHandler             
0001df79  DAC0_IRQHandler               
0001df79  DMA_IRQHandler                
0001df79  Default_Handler               
0001df79  GROUP0_IRQHandler             
0001df79  GROUP1_IRQHandler             
0001df79  I2C0_IRQHandler               
0001df79  I2C1_IRQHandler               
0001df79  NMI_Handler                   
0001df79  PendSV_Handler                
0001df79  RTC_IRQHandler                
0001df79  SPI0_IRQHandler               
0001df79  SPI1_IRQHandler               
0001df79  SVC_Handler                   
0001df79  TIMA0_IRQHandler              
0001df79  TIMA1_IRQHandler              
0001df79  UART0_IRQHandler              
0001df79  UART1_IRQHandler              
0001df79  UART3_IRQHandler              
0001df95  HardFault_Handler             
0001dfb1  Joy_In                        
0001dfe9  RxFifo_Size                   
0001e001  UART1_OutChar                 
0001e031  ST7735_open                   
0001e047  ST7735_read                   
0001e05d  DAC_Out                       
0001e071  RxFifo_Init                   
0001e085  Inventory_currentItem         
0001e097  Item_isSpent                  
0001e0a9  TI_memcpy_small               
0001e0bb  __TI_decompress_none          
0001e0cd  Clock_Delay                   
0001e0dd  Delay                         
0001e0ed  Joy_InButton                  
0001e0fd  ReadKeys                      
0001e10d  __TI_zero_init                
0001e12b  ST7735_lseek                  
0001e139  __aeabi_memset                
0001e139  __aeabi_memset4               
0001e139  __aeabi_memset8               
0001e171  TI_memset_small               
0001e181  Clock_Freq                    
0001e18d  ST7735_rename                 
0001e199  Sync_Init                     
0001e1a5  __aeabi_memclr                
0001e1a5  __aeabi_memclr4               
0001e1a5  __aeabi_memclr8               
0001e1b1  malloc                        
0001e1ed  ST7735_close                  
0001e1f7  ST7735_unlink                 
0001e225  __aeabi_errno_addr            
0001e22d  __aeabi_memcpy                
0001e22d  __aeabi_memcpy4               
0001e22d  __aeabi_memcpy8               
0001e245  fseek                         
0001e24d  remove                        
0001e289  Reset_Handler                 
0001e28c  C$$EXIT                       
0001e28d  abort                         
0001e494  __TI_Handler_Table_Base       
0001e4a0  __TI_Handler_Table_Limit      
0001e4a8  __TI_CINIT_Base               
0001e4b8  __TI_CINIT_Limit              
0001e4b8  __TI_CINIT_Warm               
20200000  __start___llvm_prf_bits       
20200000  __start___llvm_prf_cnts       
20200000  __stop___llvm_prf_bits        
20200000  __stop___llvm_prf_cnts        
20200000  renderBuffer                  
20205000  ZBuffer                       
20205500  miniMap                       
20205980  worldMap                      
20205bc0  _CIOBUF_                      
20205bc0  __CIOBUF_                     
20205ce0  __TI_tmpnams                  
20205d80  floorGradient                 
20205e40  parmbuf                       
20205e48  otherDirX                     
20205e50  otherDirY                     
20205e58  otherPosX                     
20205e60  otherPosY                     
20205e6c  Joy_x                         
20205e70  Joy_y                         
20205e74  Length                        
20205e78  LostData                      
20205e7c  RxGetI                        
20205e80  RxPutI                        
20205e84  SoundPt                       
20205e88  flag_done                     
20205e8c  ms_done                       
20205e90  ms_passed                     
20205e98  isShooting                    
20205e99  isSwapping                    
20205e9a  reloaded                      
20205ea0  Sprites                       
202060f8  _ftable                       
202061e8  _device                       
20206260  ammo_big                      
202062c8  ammo_small                    
20206330  medkit                        
20206398  pistol                        
20206400  rifle                         
20206468  shotgun                       
202064d0  _stream                       
20206520  SoundEffects                  
20206548  gunFlash                      
20206570  items                         
20206588  inventory                     
2020659c  textures                      
202065ac  __TI_cleanup_ptr              
202065b0  __TI_dtors_ptr                
202065b4  BusFreq                       
202065b8  dirX                          
202065c0  dirY                          
202065c8  planeX                        
202065d0  planeY                        
202065d8  posX                          
202065e0  posY                          
202065ec  StX                           
202065f0  StY                           
202065f4  __TI_ft_end                   
202065f8  __aeabi_errno                 
202065fc  _lock                         
20206600  _unlock                       
20206608  numsprites                    
2020660c  otherHealth                   
20206610  otherPlayer                   
20206614  playerHealth                  
20206618  StTextColor                   
20206623  canSwapItems                  
20206625  healthCode                    
20206626  isOnTarget                    
20206627  isVulnerable                  
20206628  itemsStatus                   
20206629  lastInput                     
20206638  _sys_memory                   
20207e00  __stack                       
20208000  __STACK_END                   
ffffffff  __TI_pprof_out_hndl           
ffffffff  __TI_prof_data_size           
ffffffff  __TI_prof_data_start          
ffffffff  __binit__                     
ffffffff  binit                         
UNDEFED   __mpu_init                    
UNDEFED   _system_post_cinit            

[361 symbols]
