******************************************************************************
            TI ARM Clang Linker PC v4.0.1                      
******************************************************************************
>> Linked Mon Apr 14 11:15:40 2025

OUTPUT FILE NAME:   <TheM0+rix_Segfaulted.out>
ENTRY POINT SYMBOL: "_c_int00_noargs"  address: 0001d995


MEMORY CONFIGURATION

         name            origin    length      used     unused   attr    fill
----------------------  --------  ---------  --------  --------  ----  --------
  FLASH                 00000000   00020000  0001dfd0  00002030  R  X
  SRAM                  20200000   00008000  000068cb  00001735  RW X
  BCR_CONFIG            41c00000   00000080  00000000  00000080  R   
  BSL_CONFIG            41c00100   00000080  00000000  00000080  R   


SEGMENT ALLOCATION MAP

run origin  load origin   length   init length attrs members
----------  ----------- ---------- ----------- ----- -------
00000000    00000000    0001dfd0   0001dfd0    r-x
  00000000    00000000    000000c0   000000c0    r-- .intvecs
  000000c0    000000c0    00016c70   00016c70    r-- .rodata
  00016d30    00016d30    00007090   00007090    r-x .text
  0001ddc0    0001ddc0    00000210   00000210    r-- .cinit
20200000    20200000    000066d8   00000000    rw-
  20200000    20200000    00005e9a   00000000    rw- .bss
  20205ea0    20205ea0    00000631   00000000    rw- .data
  202064d8    202064d8    00000200   00000000    rw- .sysmem
20207e00    20207e00    00000200   00000000    rw-
  20207e00    20207e00    00000200   00000000    rw- .stack


SECTION ALLOCATION MAP

 output                                  attributes/
section   page    origin      length       input sections
--------  ----  ----------  ----------   ----------------
.intvecs   0    00000000    000000c0     
                  00000000    000000c0     startup_mspm0g3507_ticlang.o (.intvecs)

.text      0    00016d30    00007090     
                  00016d30    00000a48     libc.a : e_pow.c.obj (.text.pow)
                  00017778    000006cc     Input.o (.text.MovePlayer)
                  00017e44    00000580     sprites.o (.text.RenderSprite)
                  000183c4    00000524     Graphics.o (.text.CastRays)
                  000188e8    00000284     libc.a : _printfi.c.obj (.text:__TI_printfi_minimal)
                  00018b6c    00000238     Graphics.o (.text.DrawCrosshair)
                  00018da4    00000218     Buffer.o (.text.drawForegroundSpriteToBuffer)
                  00018fbc    00000210     ST7735.o (.text.ST7735_DrawBitmap)
                  000191cc    000001f4     Graphics.o (.text.DrawHealthBar)
                  000193c0    000001b4     Clock.o (.text.Clock_Init80MHz)
                  00019574    000001a8     ST7735.o (.text.ST7735_DrawChar)
                  0001971c    00000192     libclang_rt.builtins.a : adddf3.S.obj (.text.adddf3_subdf3)
                  000198ae    00000002                            : aeabi_div0.c.obj (.text.__aeabi_idiv0)
                  000198b0    0000018c     sprites.o (.text.RenderSprites)
                  00019a3c    00000170     libc.a : e_sqrt.c.obj (.text.sqrt)
                  00019bac    00000154            : fopen.c.obj (.text._openfile)
                  00019d00    00000154     Sync.o (.text.getDirectionPacket)
                  00019e54    00000144     libc.a : s_floor.c.obj (.text.floor)
                  00019f98    00000134            : qsort.c.obj (.text.qsort)
                  0001a0cc    00000124     ADC.o (.text.ADC_InitDual)
                  0001a1f0    00000118     ST7735.o (.text.ST7735_FillRect)
                  0001a308    00000114     libc.a : memory.c.obj (.text.aligned_alloc)
                  0001a41c    0000010c     libclang_rt.builtins.a : divdf3.S.obj (.text.__divdf3)
                  0001a528    0000010c     Sync.o (.text.getInfoPacket)
                  0001a634    00000100     Buffer.o (.text.drawCharToBuffer)
                  0001a734    000000f8     SPI.o (.text.SPI_Init)
                  0001a82c    000000f8     libc.a : fputs.c.obj (.text.fputs)
                  0001a924    000000f4     sprites.o (.text.RenderForegroundSprites)
                  0001aa18    000000f4     Graphics.o (.text.RenderSky)
                  0001ab0c    000000f4     ST7735.o (.text.ST7735_SetRotation)
                  0001ac00    000000ec     libsysbm.a : add_device.c.obj (.text.add_device)
                  0001acec    000000e8     libc.a : memory.c.obj (.text.free)
                  0001add4    000000e4     libclang_rt.builtins.a : muldf3.S.obj (.text.__muldf3)
                  0001aeb8    000000e0     libc.a : setvbuf.c.obj (.text.setvbuf)
                  0001af98    000000d8            : s_scalbn.c.obj (.text.scalbn)
                  0001b070    000000d0     Inventory.o (.text.Inventory_add)
                  0001b140    000000d0     ST7735.o (.text.ST7735_OutChar)
                  0001b210    000000d0     UART2.o (.text.UART2_Init)
                  0001b2e0    000000c4     Input.o (.text.TIMG12_IRQHandler)
                  0001b3a4    000000c0     Sync.o (.text.getPositionPacket)
                  0001b464    000000c0     main.o (.text.main)
                  0001b524    000000b4     Buffer.o (.text.printToBuffer)
                  0001b5d8    000000a8     DAC.o (.text.DAC_Init)
                  0001b680    000000a8     sprites.o (.text.RenderInventory)
                  0001b728    000000a8     Timer.o (.text.TimerG6_IntArm)
                  0001b7d0    000000a8     Timer.o (.text.TimerG7_IntArm)
                  0001b878    000000a8     Timer.o (.text.TimerG8_IntArm)
                  0001b920    000000a4     Timer.o (.text.TimerG0_IntArm)
                  0001b9c4    000000a2     ST7735.o (.text.commandList)
                  0001ba66    00000002     libc.a : _lock.c.obj (.text._nop)
                  0001ba68    000000a0     Buffer.o (.text.blitBufferToRenderBuffer)
                  0001bb08    000000a0     libsysbm.a : open.c.obj (.text.open)
                  0001bba8    0000009c     ST7735.o (.text.ST7735_InitPrintf)
                  0001bc44    0000009c     libc.a : fputc.c.obj (.text.fputc)
                  0001bce0    00000098     ST7735.o (.text.ST7735_InitR)
                  0001bd78    00000094     Timer.o (.text.TimerG12_IntArm)
                  0001be0c    00000090     Graphics.o (.text.FillMap)
                  0001be9c    0000008c     Buffer.o (.text.clearRenderBuffer)
                  0001bf28    00000088     ST7735.o (.text.setAddrWindow)
                  0001bfb0    00000088     libc.a : strcmp-armv6m.S.obj (.text:strcmp)
                  0001c038    00000084     Buffer.o (.text.PrecalculateFloorGradient)
                  0001c0bc    00000084     ST7735.o (.text.ST7735_DrawString)
                  0001c140    00000080     Sync.o (.text.sendDirectionPacket)
                  0001c1c0    00000080     Sync.o (.text.sendPositionPacket)
                  0001c240    0000007c     LaunchPad.o (.text.LaunchPad_Init)
                  0001c2bc    0000007c     UART1.o (.text.UART1_Init)
                  0001c338    0000007c     libc.a : fclose.c.obj (.text.__TI_closefile)
                  0001c3b4    0000007c            : copy_decompress_lzss.c.obj (.text:decompress:lzss)
                  0001c430    00000078     Graphics.o (.text.DrawMinimap)
                  0001c4a8    00000074     Inventory.o (.text.Inventory_removeCurrent)
                  0001c51c    00000074     Sync.o (.text.TIMG7_IRQHandler)
                  0001c590    00000074     libclang_rt.builtins.a : comparedf2.c.obj (.text.__gedf2)
                  0001c604    00000070     Graphics.o (.text.RenderHUD)
                  0001c674    0000006c     libsysbm.a : hostlseek.c.obj (.text.HOSTlseek)
                  0001c6e0    0000006c                : hostrename.c.obj (.text.HOSTrename)
                  0001c74c    0000006c     UART2.o (.text.UART2_IRQHandler)
                  0001c7b8    0000006c     libc.a : fseek.c.obj (.text.fseeko)
                  0001c824    0000006c            : getdevice.c.obj (.text.getdevice)
                  0001c890    00000068     libclang_rt.builtins.a : comparedf2.c.obj (.text.__ledf2)
                  0001c8f8    00000064     ADC.o (.text.ADC_InDual)
                  0001c95c    00000064     libc.a : _io_perm.c.obj (.text.__TI_wrt_ok)
                  0001c9c0    00000064            : memory.c.obj (.text.split)
                  0001ca24    00000062     libclang_rt.builtins.a : aeabi_dcmp.S.obj (.text.__aeabi_dcmp)
                  0001ca86    00000002     --HOLE-- [fill = 0]
                  0001ca88    00000060     libsysbm.a : hostopen.c.obj (.text.HOSTopen)
                  0001cae8    0000005c     Sync.o (.text.TIMG8_IRQHandler)
                  0001cb44    0000005c     libc.a : printf.c.obj (.text.printf)
                  0001cba0    0000005c     Buffer.o (.text.setPixelBuffer)
                  0001cbfc    00000058     libsysbm.a : hostread.c.obj (.text.HOSTread)
                  0001cc54    00000058                : hostwrite.c.obj (.text.HOSTwrite)
                  0001ccac    00000056     libclang_rt.builtins.a : aeabi_idivmod.S.obj (.text.__aeabi_idivmod)
                  0001cd02    00000056     sprites.o (.text.compareSprites)
                  0001cd58    00000052     libc.a : fflush.c.obj (.text.__TI_doflush)
                  0001cdaa    00000002     --HOLE-- [fill = 0]
                  0001cdac    00000050     libsysbm.a : close.c.obj (.text.close)
                  0001cdfc    0000004c     FIFO.o (.text.RxFifo_Get)
                  0001ce48    0000004c     FIFO.o (.text.RxFifo_Put)
                  0001ce94    0000004c     Inventory.o (.text.inInventory)
                  0001cee0    0000004c     Graphics.o (.text.printAmmo)
                  0001cf2c    0000004a     libclang_rt.builtins.a : fixdfsi.S.obj (.text.__fixdfsi)
                  0001cf76    00000002     --HOLE-- [fill = 0]
                  0001cf78    00000048     libsysbm.a : hostclose.c.obj (.text.HOSTclose)
                  0001cfc0    00000048                : hostunlink.c.obj (.text.HOSTunlink)
                  0001d008    00000048     SPI.o (.text.SPI_OutCommand)
                  0001d050    00000048     Sounds.o (.text.Sound_Init)
                  0001d098    00000048     Async_Delay.o (.text.TIMG0_IRQHandler)
                  0001d0e0    00000044     Input.o (.text.Input_Init)
                  0001d124    00000044     Sounds.o (.text.SysTick_Handler)
                  0001d168    00000044     sprites.o (.text.generateSprite)
                  0001d1ac    00000040     Graphics.o (.text.RenderScene)
                  0001d1ec    00000040     SPI.o (.text.SPI_Reset)
                  0001d22c    00000040     Sync.o (.text.TIMG6_IRQHandler)
                  0001d26c    00000040     libclang_rt.builtins.a : aeabi_uidivmod.S.obj (.text.__aeabi_uidivmod)
                  0001d2ac    00000040     libc.a : fopen.c.obj (.text._search_fp)
                  0001d2ec    0000003c     Sync.o (.text.Sync_Init)
                  0001d328    0000003c     Input.o (.text.fastSin)
                  0001d364    0000003c     Sync.o (.text.sendInfoPacket)
                  0001d3a0    0000003c     Async_Delay.o (.text.start_delay)
                  0001d3dc    0000003c     libc.a : autoinit.c.obj (.text:__TI_auto_init_nobinit_nopinit)
                  0001d418    0000003a     libclang_rt.builtins.a : muldsi3.S.obj (.text.__muldsi3)
                  0001d452    00000002     --HOLE-- [fill = 0]
                  0001d454    00000038     LaunchPad.o (.text.ActivatePortA_B)
                  0001d48c    00000038     Buffer.o (.text.RenderBuffer)
                  0001d4c4    00000038     SPI.o (.text.SPI_OutData)
                  0001d4fc    00000038     Sounds.o (.text.Sound_Start)
                  0001d534    00000038     libc.a : rand.c.obj (.text.rand)
                  0001d56c    00000038            : sprintf.c.obj (.text.sprintf)
                  0001d5a4    00000034     Clock.o (.text.Clock_Delay1ms)
                  0001d5d8    00000034     ST7735.o (.text.ST7735_SetCursor)
                  0001d60c    00000034     ST7735.o (.text.ST7735_write)
                  0001d640    00000034     libc.a : fopen.c.obj (.text.__TI_cleanup)
                  0001d674    00000034     libsysbm.a : trgmsg.c.obj (.text.__TI_readmsg)
                  0001d6a8    00000034                : trgmsg.c.obj (.text.__TI_writemsg)
                  0001d6dc    00000034     libc.a : exit.c.obj (.text.exit)
                  0001d710    00000034            : getdevice.c.obj (.text.finddevice)
                  0001d744    00000034            : fopen.c.obj (.text.freopen)
                  0001d778    00000034     Graphics.o (.text.printItem)
                  0001d7ac    00000030     main.o (.text.SystemInit)
                  0001d7dc    00000030     ST7735.o (.text.commonInit)
                  0001d80c    00000030     Input.o (.text.fastCos)
                  0001d83c    00000030     libc.a : fopen.c.obj (.text.fopen)
                  0001d86c    0000002c     ST7735.o (.text.ST7735_FillScreen)
                  0001d898    0000002c     libclang_rt.builtins.a : floatsidf.S.obj (.text.__floatsidf)
                  0001d8c4    0000002c     libsysbm.a : unlink.c.obj (.text.unlink)
                  0001d8f0    0000002a     UART2.o (.text.UART2_InChar)
                  0001d91a    00000002     --HOLE-- [fill = 0]
                  0001d91c    00000028     libc.a : memory.c.obj (.text.free_list_insert)
                  0001d944    00000028     libsysbm.a : lseek.c.obj (.text.lseek)
                  0001d96c    00000028                : write.c.obj (.text.write)
                  0001d994    00000028     libc.a : boot_cortex_m.c.obj (.text:_c_int00_noargs)
                  0001d9bc    00000024     Inventory.o (.text.Inventory_next)
                  0001d9e0    00000024     Joy.o (.text.Joy_Init)
                  0001da04    00000024     libclang_rt.builtins.a : floatunsidf.S.obj (.text.__floatunsidf)
                  0001da28    00000022     libc.a : memccpy.c.obj (.text.memccpy)
                  0001da4a    00000002     --HOLE-- [fill = 0]
                  0001da4c    00000020     Graphics.o (.text.Graphics_Init)
                  0001da6c    00000020     Inventory.o (.text.Item_isWeapon)
                  0001da8c    0000001e     ST7735.o (.text.pushColor)
                  0001daaa    00000002     --HOLE-- [fill = 0]
                  0001daac    0000001c     startup_mspm0g3507_ticlang.o (.text.Default_Handler)
                  0001dac8    0000001c     startup_mspm0g3507_ticlang.o (.text.HardFault_Handler)
                  0001dae4    0000001c     Joy.o (.text.Joy_In)
                  0001db00    0000001c     libc.a : memory.c.obj (.text.free_list_remove)
                  0001db1c    00000018     FIFO.o (.text.RxFifo_Size)
                  0001db34    00000018     UART1.o (.text.UART1_OutChar)
                  0001db4c    00000018     libc.a : sprintf.c.obj (.text._outs)
                  0001db64    00000016     ST7735.o (.text.ST7735_open)
                  0001db7a    00000016     ST7735.o (.text.ST7735_read)
                  0001db90    00000014     DAC.o (.text.DAC_Out)
                  0001dba4    00000014     FIFO.o (.text.RxFifo_Init)
                  0001dbb8    00000012     Inventory.o (.text.Inventory_currentItem)
                  0001dbca    00000012     Inventory.o (.text.Item_isSpent)
                  0001dbdc    00000012     libc.a : memcpy16.S.obj (.text:TI_memcpy_small)
                  0001dbee    00000012            : copy_decompress_none.c.obj (.text:decompress:none)
                  0001dc00    00000010     Clock.o (.text.Clock_Delay)
                  0001dc10    00000010     LaunchPad.o (.text.Delay)
                  0001dc20    00000010     Joy.o (.text.Joy_InButton)
                  0001dc30    00000010     Input.o (.text.ReadKeys)
                  0001dc40    00000010     libc.a : copy_zero_init.c.obj (.text:decompress:ZI)
                  0001dc50    0000000e            : memory.c.obj (.text.OUTLINED_FUNCTION_0)
                  0001dc5e    0000000e     ST7735.o (.text.ST7735_lseek)
                  0001dc6c    0000000e     libclang_rt.builtins.a : aeabi_memset.S.obj (.text.__aeabi_memset)
                  0001dc7a    0000000e     libsysbm.a : hostrename.c.obj (.text.strcpy)
                  0001dc88    0000000e     libc.a : _printfi.c.obj (.text.strlen)
                  0001dc96    0000000e     libsysbm.a : hostrename.c.obj (.text.strlen)
                  0001dca4    0000000e     libc.a : memset16.S.obj (.text:TI_memset_small)
                  0001dcb2    00000002     --HOLE-- [fill = 0]
                  0001dcb4    0000000c     Clock.o (.text.Clock_Freq)
                  0001dcc0    0000000c     ST7735.o (.text.ST7735_rename)
                  0001dccc    0000000c     libclang_rt.builtins.a : aeabi_memset.S.obj (.text.__aeabi_memclr)
                  0001dcd8    0000000c     libc.a : memory.c.obj (.text.malloc)
                  0001dce4    0000000a            : e_pow.c.obj (.text.OUTLINED_FUNCTION_0)
                  0001dcee    00000002     --HOLE-- [fill = 0]
                  0001dcf0    00000010     libclang_rt.builtins.a : muldf3.S.obj (.tramp.__aeabi_dmul.1)
                  0001dd00    0000000a     libc.a : e_pow.c.obj (.text.OUTLINED_FUNCTION_1)
                  0001dd0a    0000000a            : e_pow.c.obj (.text.OUTLINED_FUNCTION_6)
                  0001dd14    0000000a     ST7735.o (.text.ST7735_close)
                  0001dd1e    0000000a     ST7735.o (.text.ST7735_unlink)
                  0001dd28    0000000a     libc.a : sprintf.c.obj (.text._outc)
                  0001dd32    00000008            : e_pow.c.obj (.text.OUTLINED_FUNCTION_2)
                  0001dd3a    00000002     --HOLE-- [fill = 0]
                  0001dd3c    00000010     libclang_rt.builtins.a : adddf3.S.obj (.tramp.__aeabi_dsub.1)
                  0001dd4c    00000008     libc.a : aeabi_portable.c.obj (.text.__aeabi_errno_addr)
                  0001dd54    00000008     libclang_rt.builtins.a : aeabi_memcpy.S.obj (.text.__aeabi_memcpy)
                  0001dd5c    00000008     libc.a : printf.c.obj (.text._outc)
                  0001dd64    00000008            : printf.c.obj (.text._outs)
                  0001dd6c    00000008            : fseek.c.obj (.text.fseek)
                  0001dd74    00000008     libsysbm.a : remove.c.obj (.text.remove)
                  0001dd7c    00000006     libc.a : e_pow.c.obj (.text.OUTLINED_FUNCTION_3)
                  0001dd82    00000002     --HOLE-- [fill = 0]
                  0001dd84    00000010     libclang_rt.builtins.a : adddf3.S.obj (.tramp.__aeabi_dadd.1)
                  0001dd94    00000006     libc.a : e_pow.c.obj (.text.OUTLINED_FUNCTION_4)
                  0001dd9a    00000006            : e_pow.c.obj (.text.OUTLINED_FUNCTION_5)
                  0001dda0    00000004            : e_pow.c.obj (.text.OUTLINED_FUNCTION_10)
                  0001dda4    00000004            : e_pow.c.obj (.text.OUTLINED_FUNCTION_7)
                  0001dda8    00000004            : e_pow.c.obj (.text.OUTLINED_FUNCTION_8)
                  0001ddac    00000004            : e_pow.c.obj (.text.OUTLINED_FUNCTION_9)
                  0001ddb0    00000004     startup_mspm0g3507_ticlang.o (.text.Reset_Handler)
                  0001ddb4    00000004     libc.a : pre_init.c.obj (.text._system_pre_init)
                  0001ddb8    00000004            : exit.c.obj (.text:abort)
                  0001ddbc    00000004     --HOLE-- [fill = 0]

.cinit     0    0001ddc0    00000210     
                  0001ddc0    000001e5     (.cinit..data.load) [load image, compression = lzss]
                  0001dfa5    00000003     --HOLE-- [fill = 0]
                  0001dfa8    0000000c     (__TI_handler_table)
                  0001dfb4    00000008     (.cinit..bss.load) [load image, compression = zero_init]
                  0001dfbc    00000010     (__TI_cinit_table)
                  0001dfcc    00000004     --HOLE-- [fill = 0]

.rodata    0    000000c0    00016c70     
                  000000c0    00004900     Sounds.o (.rodata.reloadSound)
                  000049c0    00002ab4     Sounds.o (.rodata.pistolSound)
                  00007474    00002000     Graphics.o (.rodata.SCBarkley)
                  00009474    00002000     Graphics.o (.rodata.circuitBoardTex2)
                  0000b474    00002000     Graphics.o (.rodata.circuitBoardTex)
                  0000d474    00002000     Graphics.o (.rodata.matrix2)
                  0000f474    00001e78     Sounds.o (.rodata.shotgunSound)
                  000112ec    0000095a     Sounds.o (.rodata.weaploadSound)
                  00011c46    0000094f     Sounds.o (.rodata.outofammoSound)
                  00012595    00000001     main.o (.rodata.str1.30235616187663446621)
                  00012596    00000800     main.o (.rodata.AgentPixelBack)
                  00012d96    00000800     main.o (.rodata.AgentPixelFront)
                  00013596    00000800     main.o (.rodata.ExplosionImage)
                  00013d96    00000800     main.o (.rodata.PistolImage)
                  00014596    00000800     main.o (.rodata.RifleImage)
                  00014d96    00000800     main.o (.rodata.ShotgunImage)
                  00015596    000004fb     Buffer.o (.rodata.Font)
                  00015a91    000004fb     ST7735.o (.rodata.Font)
                  00015f8c    00000240     Graphics.o (.rodata.OGMap)
                  000161cc    00000200     main.o (.rodata.Ammosprite)
                  000163cc    00000200     main.o (.rodata.Medkitsprite)
                  000165cc    00000200     main.o (.rodata.Pistolsprite)
                  000167cc    00000200     main.o (.rodata.Riflesprite)
                  000169cc    00000200     main.o (.rodata.Shotgunsprite)
                  00016bcc    0000003b     ST7735.o (.rodata.Rcmd1)
                  00016c07    00000001     --HOLE-- [fill = 0]
                  00016c08    00000030     libc.a : e_pow.c.obj (.rodata.cst16)
                  00016c38    0000002b     ST7735.o (.rodata.Rcmd3)
                  00016c63    00000016     ST7735.o (.rodata.str1.34463358291801157781)
                  00016c79    00000014     main.o (.rodata.str1.54842681482495761191)
                  00016c8d    00000011     libc.a : _printfi.c.obj (.rodata.str1.153638888446227384661)
                  00016c9e    00000011     main.o (.rodata.str1.42835430280232758001)
                  00016caf    00000010     main.o (.rodata.str1.157592557656998809351)
                  00016cbf    0000000d     ST7735.o (.rodata.Rcmd2green)
                  00016ccc    0000000d     ST7735.o (.rodata.Rcmd2red)
                  00016cd9    0000000c     main.o (.rodata.str1.182731374899196392841)
                  00016ce5    0000000c     Graphics.o (.rodata.str1.37161536259113115651)
                  00016cf1    00000008     main.o (.rodata.str1.128962870563899395191)
                  00016cf9    00000008     ST7735.o (.rodata.str1.13377609362592607341)
                  00016d01    00000007     main.o (.rodata.str1.164552152177587026401)
                  00016d08    00000007     ST7735.o (.rodata.str1.164899970313532044791)
                  00016d0f    00000007     main.o (.rodata.str1.181369900268917052751)
                  00016d16    00000007     ST7735.o (.rodata.str1.182928941987730884031)
                  00016d1d    00000006     Graphics.o (.rodata.str1.2002389610935928081)
                  00016d23    00000006     main.o (.rodata.str1.58265674741439123291)
                  00016d29    00000004     Graphics.o (.rodata.str1.25158831670344200691)
                  00016d2d    00000002     ST7735.o (.rodata.str1.180568451967534337741)
                  00016d2f    00000001     --HOLE-- [fill = 0]

.init_array 
*          0    00000000    00000000     UNINITIALIZED

.binit     0    00000000    00000000     

.bss       0    20200000    00005e9a     UNINITIALIZED
                  20200000    00005000     (.common:renderBuffer)
                  20205000    00000500     (.common:ZBuffer)
                  20205500    00000480     (.common:miniMap)
                  20205980    00000240     (.common:worldMap)
                  20205bc0    00000120     libsysbm.a : trgmsg.c.obj (.bss:_CIOBUF_)
                  20205ce0    000000a0     libc.a : defs.c.obj (.bss.__TI_tmpnams)
                  20205d80    00000080     (.common:floorGradient)
                  20205e00    00000040     FIFO.o (.bss.RxFifo)
                  20205e40    00000008     libsysbm.a : hostopen.c.obj (.bss.parmbuf)
                  20205e48    00000008     (.common:otherDirX)
                  20205e50    00000008     (.common:otherDirY)
                  20205e58    00000008     (.common:otherPosX)
                  20205e60    00000008     (.common:otherPosY)
                  20205e68    00000004     libc.a : memory.c.obj (.bss.sys_free)
                  20205e6c    00000004     (.common:Joy_x)
                  20205e70    00000004     (.common:Joy_y)
                  20205e74    00000004     (.common:Length)
                  20205e78    00000004     (.common:LostData)
                  20205e7c    00000004     (.common:RxGetI)
                  20205e80    00000004     (.common:RxPutI)
                  20205e84    00000004     (.common:SoundPt)
                  20205e88    00000004     (.common:flag_done)
                  20205e8c    00000004     (.common:ms_done)
                  20205e90    00000004     (.common:ms_passed)
                  20205e94    00000001     ST7735.o (.bss.ColStart)
                  20205e95    00000001     ST7735.o (.bss.Rotation)
                  20205e96    00000001     ST7735.o (.bss.RowStart)
                  20205e97    00000001     ST7735.o (.bss.TabColor)
                  20205e98    00000001     (.common:isShooting)
                  20205e99    00000001     (.common:reloaded)

.data      0    20205ea0    00000631     UNINITIALIZED
                  20205ea0    00000168     main.o (.data.Sprites)
                  20206008    000000f0     libc.a : defs.c.obj (.data._ftable)
                  202060f8    00000078     libsysbm.a : host_device.c.obj (.data._device)
                  20206170    00000068     main.o (.data.ammo_small)
                  202061d8    00000068     main.o (.data.medkit)
                  20206240    00000068     main.o (.data.pistol)
                  202062a8    00000068     main.o (.data.rifle)
                  20206310    00000068     main.o (.data.shotgun)
                  20206378    00000050     libsysbm.a : host_device.c.obj (.data._stream)
                  202063c8    00000028     Sounds.o (.data.SoundEffects)
                  202063f0    00000028     main.o (.data.gunFlash)
                  20206418    00000014     main.o (.data.inventory)
                  2020642c    00000014     main.o (.data.items)
                  20206440    00000010     Graphics.o (.data.textures)
                  20206450    00000008     libc.a : exit.c.obj (.data..L_MergedGlobals)
                  20206458    00000008     main.o (.data.dirX)
                  20206460    00000008     main.o (.data.dirY)
                  20206468    00000008     main.o (.data.planeX)
                  20206470    00000008     main.o (.data.planeY)
                  20206478    00000008     main.o (.data.posX)
                  20206480    00000008     main.o (.data.posY)
                  20206488    00000004     Clock.o (.data.BusFreq)
                  2020648c    00000004     Graphics.o (.data.RenderScene.side)
                  20206490    00000004     ST7735.o (.data.StX)
                  20206494    00000004     ST7735.o (.data.StY)
                  20206498    00000004     libc.a : defs.c.obj (.data.__TI_ft_end)
                  2020649c    00000004            : aeabi_portable.c.obj (.data.__aeabi_errno)
                  202064a0    00000004            : _lock.c.obj (.data._lock)
                  202064a4    00000004            : _lock.c.obj (.data._unlock)
                  202064a8    00000004            : rand.c.obj (.data.next)
                  202064ac    00000004     main.o (.data.numsprites)
                  202064b0    00000004     main.o (.data.otherHealth)
                  202064b4    00000004     Sync.o (.data.otherPlayer)
                  202064b8    00000004     main.o (.data.playerHealth)
                  202064bc    00000002     ST7735.o (.data.StTextColor)
                  202064be    00000002     ST7735.o (.data._height)
                  202064c0    00000002     ST7735.o (.data._width)
                  202064c2    00000001     sprites.o (.data.RenderForegroundSprites.sidesDrawn)
                  202064c3    00000001     Sync.o (.data.TIMG6_IRQHandler.timeCt)
                  202064c4    00000001     Sync.o (.data.TIMG7_IRQHandler.packetIndex)
                  202064c5    00000001     Sync.o (.data.TIMG8_IRQHandler.packetIndex)
                  202064c6    00000001     main.o (.data.healthCode)
                  202064c7    00000001     main.o (.data.isOnTarget)
                  202064c8    00000001     libsysbm.a : add_device.c.obj (.data.add_device.device_init)
                  202064c9    00000001     Sync.o (.data.itemsStatus)
                  202064ca    00000001     Input.o (.data.lastInput)
                  202064cb    00000001     --HOLE--
                  202064cc    00000001     libc.a : memory.c.obj (.data.memory_is_initialized)
                  202064cd    00000003     --HOLE--
                  202064d0    00000001     libsysbm.a : open.c.obj (.data.open.stream_init)

.sysmem    0    202064d8    00000200     UNINITIALIZED
                  202064d8    00000010     libc.a : memory.c.obj (.sysmem)
                  202064e8    000001f0     --HOLE--

.stack     0    20207e00    00000200     UNINITIALIZED
                  20207e00    00000004     libc.a : boot_cortex_m.c.obj (.stack)
                  20207e04    000001fc     --HOLE--

__llvm_prf_cnts 
*          0    20200000    00000000     UNINITIALIZED

__llvm_prf_bits 
*          0    20200000    00000000     UNINITIALIZED

MODULE SUMMARY

       Module                         code    ro data   rw data
       ------                         ----    -------   -------
    .\
       Sounds.o                       196     42197     48     
       Graphics.o                     3228    33366     3036   
       Buffer.o                       1552    1275      20608  
       main.o                         240     14942     1054   
       ST7735.o                       2738    1449      18     
       sprites.o                      2370    0         1      
       Input.o                        2128    0         3      
       Sync.o                         1448    0         8      
       Timer.o                        816     0         0      
       Clock.o                        516     0         4      
       Inventory.o                    504     0         0      
       SPI.o                          440     0         0      
       ADC.o                          392     0         0      
       UART2.o                        358     0         4      
       FIFO.o                         196     0         72     
       LaunchPad.o                    196     0         0      
       DAC.o                          188     0         0      
       UART1.o                        148     0         0      
       Async_Delay.o                  132     0         12     
       Joy.o                          80      0         0      
    +--+------------------------------+-------+---------+---------+
       Total:                         17866   93229     24868  
                                                               
    .\ticlang\
       startup_mspm0g3507_ticlang.o   60      192       0      
    +--+------------------------------+-------+---------+---------+
       Total:                         60      192       0      
                                                               
    C:\ti\ccs2000\ccs\tools\compiler\ti-cgt-armllvm_4.0.1.LTS\lib\armv6m-ti-none-eabi/c/libc.a
       e_pow.c.obj                    2704    48        0      
       memory.c.obj                   702     0         5      
       _printfi.c.obj                 658     17        0      
       fopen.c.obj                    556     0         0      
       defs.c.obj                     0       0         404    
       e_sqrt.c.obj                   368     0         0      
       s_floor.c.obj                  324     0         0      
       qsort.c.obj                    308     0         0      
       fputs.c.obj                    248     0         0      
       setvbuf.c.obj                  224     0         0      
       s_scalbn.c.obj                 216     0         0      
       getdevice.c.obj                160     0         0      
       fputc.c.obj                    156     0         0      
       strcmp-armv6m.S.obj            136     0         0      
       copy_decompress_lzss.c.obj     124     0         0      
       fclose.c.obj                   124     0         0      
       fseek.c.obj                    116     0         0      
       printf.c.obj                   108     0         0      
       _io_perm.c.obj                 100     0         0      
       sprintf.c.obj                  90      0         0      
       fflush.c.obj                   82      0         0      
       exit.c.obj                     56      0         8      
       autoinit.c.obj                 60      0         0      
       rand.c.obj                     56      0         4      
       boot_cortex_m.c.obj            40      0         0      
       memccpy.c.obj                  34      0         0      
       copy_decompress_none.c.obj     18      0         0      
       memcpy16.S.obj                 18      0         0      
       copy_zero_init.c.obj           16      0         0      
       memset16.S.obj                 14      0         0      
       aeabi_portable.c.obj           8       0         4      
       _lock.c.obj                    2       0         8      
       pre_init.c.obj                 4       0         0      
    +--+------------------------------+-------+---------+---------+
       Total:                         7830    65        433    
                                                               
    C:\ti\ccs2000\ccs\tools\compiler\ti-cgt-armllvm_4.0.1.LTS\lib\armv6m-ti-none-eabi/c/libsysbm.a
       trgmsg.c.obj                   104     0         288    
       add_device.c.obj               236     0         1      
       host_device.c.obj              0       0         200    
       open.c.obj                     160     0         1      
       hostrename.c.obj               136     0         0      
       hostlseek.c.obj                108     0         0      
       hostopen.c.obj                 96      0         8      
       hostread.c.obj                 88      0         0      
       hostwrite.c.obj                88      0         0      
       close.c.obj                    80      0         0      
       hostclose.c.obj                72      0         0      
       hostunlink.c.obj               72      0         0      
       unlink.c.obj                   44      0         0      
       lseek.c.obj                    40      0         0      
       write.c.obj                    40      0         0      
       remove.c.obj                   8       0         0      
    +--+------------------------------+-------+---------+---------+
       Total:                         1372    0         498    
                                                               
    C:\ti\ccs2000\ccs\tools\compiler\ti-cgt-armllvm_4.0.1.LTS\lib\armv6m-ti-none-eabi/libclang_rt.builtins.a
       adddf3.S.obj                   434     0         0      
       divdf3.S.obj                   268     0         0      
       muldf3.S.obj                   244     0         0      
       comparedf2.c.obj               220     0         0      
       aeabi_dcmp.S.obj               98      0         0      
       aeabi_idivmod.S.obj            86      0         0      
       fixdfsi.S.obj                  74      0         0      
       aeabi_uidivmod.S.obj           64      0         0      
       muldsi3.S.obj                  58      0         0      
       floatsidf.S.obj                44      0         0      
       floatunsidf.S.obj              36      0         0      
       aeabi_memset.S.obj             26      0         0      
       aeabi_memcpy.S.obj             8       0         0      
       aeabi_div0.c.obj               2       0         0      
    +--+------------------------------+-------+---------+---------+
       Total:                         1662    0         0      
                                                               
       Heap:                          0       0         512    
       Stack:                         0       0         512    
       Linker Generated:              0       521       0      
    +--+------------------------------+-------+---------+---------+
       Grand Total:                   28790   94007     26823  


LINKER GENERATED COPY TABLES

__TI_cinit_table @ 0001dfbc records: 2, size/record: 8, table size: 16
	.data: load addr=0001ddc0, load size=000001e5 bytes, run addr=20205ea0, run size=00000631 bytes, compression=lzss
	.bss: load addr=0001dfb4, load size=00000008 bytes, run addr=20200000, run size=00005e9a bytes, compression=zero_init


LINKER GENERATED HANDLER TABLE

__TI_handler_table @ 0001dfa8 records: 3, size/record: 4, table size: 12
	index: 0, handler: __TI_decompress_lzss
	index: 1, handler: __TI_decompress_none
	index: 2, handler: __TI_zero_init


FAR CALL TRAMPOLINES

callee name               trampoline name
   callee addr  tramp addr   call addr  call info
--------------  -----------  ---------  ----------------
__aeabi_dmul              $Tramp$TT$L$PI$$__aeabi_dmul
   0001add5     0001dcf0     0001dcec   libc.a : e_pow.c.obj (.text.OUTLINED_FUNCTION_0)
                             0001dd08          : e_pow.c.obj (.text.OUTLINED_FUNCTION_1)
                             0001dd12          : e_pow.c.obj (.text.OUTLINED_FUNCTION_6)
                             0001dd98          : e_pow.c.obj (.text.OUTLINED_FUNCTION_4)
                             0001dd9e          : e_pow.c.obj (.text.OUTLINED_FUNCTION_5)
                             0001ddaa          : e_pow.c.obj (.text.OUTLINED_FUNCTION_8)
__aeabi_dsub              $Tramp$TT$L$PI$$__aeabi_dsub
   0001971d     0001dd3c     0001dd38   libc.a : e_pow.c.obj (.text.OUTLINED_FUNCTION_2)
__aeabi_dadd              $Tramp$TT$L$PI$$__aeabi_dadd
   00019727     0001dd84     0001dd80   libc.a : e_pow.c.obj (.text.OUTLINED_FUNCTION_3)
                             0001dda2          : e_pow.c.obj (.text.OUTLINED_FUNCTION_10)
                             0001dda6          : e_pow.c.obj (.text.OUTLINED_FUNCTION_7)
                             0001ddae          : e_pow.c.obj (.text.OUTLINED_FUNCTION_9)

[3 trampolines]
[11 trampoline calls]


GLOBAL SYMBOLS: SORTED ALPHABETICALLY BY Name 

address   name                          
-------   ----                          
0001daad  ADC0_IRQHandler               
0001daad  ADC1_IRQHandler               
0001c8f9  ADC_InDual                    
0001a0cd  ADC_InitDual                  
0001daad  AES_IRQHandler                
0001d455  ActivatePortA_B               
00012596  AgentPixelBack                
00012d96  AgentPixelFront               
000161cc  Ammosprite                    
20206488  BusFreq                       
0001ddb8  C$$EXIT                       
0001d6d5  C$$IO$$                       
0001daad  CANFD0_IRQHandler             
000183c5  CastRays                      
0001dc01  Clock_Delay                   
0001d5a5  Clock_Delay1ms                
0001dcb5  Clock_Freq                    
000193c1  Clock_Init80MHz               
0001daad  DAC0_IRQHandler               
0001b5d9  DAC_Init                      
0001db91  DAC_Out                       
0001daad  DMA_IRQHandler                
0001daad  Default_Handler               
0001dc11  Delay                         
00018b6d  DrawCrosshair                 
000191cd  DrawHealthBar                 
0001c431  DrawMinimap                   
00013596  ExplosionImage                
0001be0d  FillMap                       
0001daad  GROUP0_IRQHandler             
0001daad  GROUP1_IRQHandler             
0001da4d  Graphics_Init                 
0001cf79  HOSTclose                     
0001c675  HOSTlseek                     
0001ca89  HOSTopen                      
0001cbfd  HOSTread                      
0001c6e1  HOSTrename                    
0001cfc1  HOSTunlink                    
0001cc55  HOSTwrite                     
0001dac9  HardFault_Handler             
0001daad  I2C0_IRQHandler               
0001daad  I2C1_IRQHandler               
0001d0e1  Input_Init                    
0001b071  Inventory_add                 
0001dbb9  Inventory_currentItem         
0001d9bd  Inventory_next                
0001c4a9  Inventory_removeCurrent       
0001dbcb  Item_isSpent                  
0001da6d  Item_isWeapon                 
0001dae5  Joy_In                        
0001dc21  Joy_InButton                  
0001d9e1  Joy_Init                      
20205e6c  Joy_x                         
20205e70  Joy_y                         
0001c241  LaunchPad_Init                
20205e74  Length                        
20205e78  LostData                      
000163cc  Medkitsprite                  
00017779  MovePlayer                    
0001daad  NMI_Handler                   
00015f8c  OGMap                         
0001daad  PendSV_Handler                
00013d96  PistolImage                   
000165cc  Pistolsprite                  
0001c039  PrecalculateFloorGradient     
0001daad  RTC_IRQHandler                
0001dc31  ReadKeys                      
0001d48d  RenderBuffer                  
0001a925  RenderForegroundSprites       
0001c605  RenderHUD                     
0001b681  RenderInventory               
0001d1ad  RenderScene                   
0001aa19  RenderSky                     
00017e45  RenderSprite                  
000198b1  RenderSprites                 
0001ddb1  Reset_Handler                 
00014596  RifleImage                    
000167cc  Riflesprite                   
0001cdfd  RxFifo_Get                    
0001dba5  RxFifo_Init                   
0001ce49  RxFifo_Put                    
0001db1d  RxFifo_Size                   
20205e7c  RxGetI                        
20205e80  RxPutI                        
00007474  SCBarkley                     
0001daad  SPI0_IRQHandler               
0001daad  SPI1_IRQHandler               
0001a735  SPI_Init                      
0001d009  SPI_OutCommand                
0001d4c5  SPI_OutData                   
0001d1ed  SPI_Reset                     
00018fbd  ST7735_DrawBitmap             
00019575  ST7735_DrawChar               
0001c0bd  ST7735_DrawString             
0001a1f1  ST7735_FillRect               
0001d86d  ST7735_FillScreen             
0001bba9  ST7735_InitPrintf             
0001bce1  ST7735_InitR                  
0001b141  ST7735_OutChar                
0001d5d9  ST7735_SetCursor              
0001ab0d  ST7735_SetRotation            
0001dd15  ST7735_close                  
0001dc5f  ST7735_lseek                  
0001db65  ST7735_open                   
0001db7b  ST7735_read                   
0001dcc1  ST7735_rename                 
0001dd1f  ST7735_unlink                 
0001d60d  ST7735_write                  
0001daad  SVC_Handler                   
00014d96  ShotgunImage                  
000169cc  Shotgunsprite                 
202063c8  SoundEffects                  
20205e84  SoundPt                       
0001d051  Sound_Init                    
0001d4fd  Sound_Start                   
20205ea0  Sprites                       
202064bc  StTextColor                   
20206490  StX                           
20206494  StY                           
0001d2ed  Sync_Init                     
0001d125  SysTick_Handler               
0001d7ad  SystemInit                    
0001daad  TIMA0_IRQHandler              
0001daad  TIMA1_IRQHandler              
0001d099  TIMG0_IRQHandler              
0001b2e1  TIMG12_IRQHandler             
0001d22d  TIMG6_IRQHandler              
0001c51d  TIMG7_IRQHandler              
0001cae9  TIMG8_IRQHandler              
0001dbdd  TI_memcpy_small               
0001dca5  TI_memset_small               
0001b921  TimerG0_IntArm                
0001bd79  TimerG12_IntArm               
0001b729  TimerG6_IntArm                
0001b7d1  TimerG7_IntArm                
0001b879  TimerG8_IntArm                
0001daad  UART0_IRQHandler              
0001daad  UART1_IRQHandler              
0001c2bd  UART1_Init                    
0001db35  UART1_OutChar                 
0001c74d  UART2_IRQHandler              
0001d8f1  UART2_InChar                  
0001b211  UART2_Init                    
0001daad  UART3_IRQHandler              
20205000  ZBuffer                       
20205bc0  _CIOBUF_                      
20205bc0  __CIOBUF_                     
20208000  __STACK_END                   
00000200  __STACK_SIZE                  
00000200  __SYSMEM_SIZE                 
00000000  __TI_ATRegion0_region_sz      
00000000  __TI_ATRegion0_src_addr       
00000000  __TI_ATRegion0_trg_addr       
00000000  __TI_ATRegion1_region_sz      
00000000  __TI_ATRegion1_src_addr       
00000000  __TI_ATRegion1_trg_addr       
00000000  __TI_ATRegion2_region_sz      
00000000  __TI_ATRegion2_src_addr       
00000000  __TI_ATRegion2_trg_addr       
0001dfbc  __TI_CINIT_Base               
0001dfcc  __TI_CINIT_Limit              
0001dfcc  __TI_CINIT_Warm               
0001dfa8  __TI_Handler_Table_Base       
0001dfb4  __TI_Handler_Table_Limit      
0001d3dd  __TI_auto_init_nobinit_nopinit
0001d641  __TI_cleanup                  
20206450  __TI_cleanup_ptr              
0001c339  __TI_closefile                
0001c3b5  __TI_decompress_lzss          
0001dbef  __TI_decompress_none          
0001cd59  __TI_doflush                  
20206454  __TI_dtors_ptr                
20206498  __TI_ft_end                   
ffffffff  __TI_pprof_out_hndl           
000188e9  __TI_printfi_minimal          
ffffffff  __TI_prof_data_size           
ffffffff  __TI_prof_data_start          
0001d675  __TI_readmsg                  
00000000  __TI_static_base__            
20205ce0  __TI_tmpnams                  
0001d6a9  __TI_writemsg                 
0001c95d  __TI_wrt_ok                   
0001dc41  __TI_zero_init                
00019727  __adddf3                      
0001cf2d  __aeabi_d2iz                  
00019727  __aeabi_dadd                  
0001ca25  __aeabi_dcmpeq                
0001ca61  __aeabi_dcmpge                
0001ca75  __aeabi_dcmpgt                
0001ca4d  __aeabi_dcmple                
0001ca39  __aeabi_dcmplt                
0001a41d  __aeabi_ddiv                  
0001add5  __aeabi_dmul                  
0001971d  __aeabi_dsub                  
2020649c  __aeabi_errno                 
0001dd4d  __aeabi_errno_addr            
0001d899  __aeabi_i2d                   
0001ccad  __aeabi_idiv                  
000198af  __aeabi_idiv0                 
0001ccad  __aeabi_idivmod               
0001dccd  __aeabi_memclr                
0001dccd  __aeabi_memclr4               
0001dccd  __aeabi_memclr8               
0001dd55  __aeabi_memcpy                
0001dd55  __aeabi_memcpy4               
0001dd55  __aeabi_memcpy8               
0001dc6d  __aeabi_memset                
0001dc6d  __aeabi_memset4               
0001dc6d  __aeabi_memset8               
0001da05  __aeabi_ui2d                  
0001d26d  __aeabi_uidiv                 
0001d26d  __aeabi_uidivmod              
ffffffff  __binit__                     
0001c891  __cmpdf2                      
0001a41d  __divdf3                      
0001c891  __eqdf2                       
0001cf2d  __fixdfsi                     
0001d899  __floatsidf                   
0001da05  __floatunsidf                 
0001c591  __gedf2                       
0001c591  __gtdf2                       
0001c891  __ledf2                       
0001c891  __ltdf2                       
UNDEFED   __mpu_init                    
0001add5  __muldf3                      
0001d419  __muldsi3                     
0001c891  __nedf2                       
20207e00  __stack                       
20200000  __start___llvm_prf_bits       
20200000  __start___llvm_prf_cnts       
20200000  __stop___llvm_prf_bits        
20200000  __stop___llvm_prf_cnts        
0001971d  __subdf3                      
0001d995  _c_int00_noargs               
202060f8  _device                       
20206008  _ftable                       
202064a0  _lock                         
0001ba67  _nop                          
20206378  _stream                       
202064d8  _sys_memory                   
UNDEFED   _system_post_cinit            
0001ddb5  _system_pre_init              
202064a4  _unlock                       
0001ddb9  abort                         
0001ac01  add_device                    
0001a309  aligned_alloc                 
20206170  ammo_small                    
ffffffff  binit                         
0001ba69  blitBufferToRenderBuffer      
0000b474  circuitBoardTex               
00009474  circuitBoardTex2              
0001be9d  clearRenderBuffer             
0001cdad  close                         
0001cd03  compareSprites                
20206458  dirX                          
20206460  dirY                          
0001a635  drawCharToBuffer              
00018da5  drawForegroundSpriteToBuffer  
0001d6dd  exit                          
0001d80d  fastCos                       
0001d329  fastSin                       
0001d711  finddevice                    
20205e88  flag_done                     
00019e55  floor                         
20205d80  floorGradient                 
00019e55  floorl                        
0001d83d  fopen                         
0001bc45  fputc                         
0001a82d  fputs                         
0001aced  free                          
0001d745  freopen                       
0001dd6d  fseek                         
0001c7b9  fseeko                        
0001d169  generateSprite                
00019d01  getDirectionPacket            
0001a529  getInfoPacket                 
0001b3a5  getPositionPacket             
0001c825  getdevice                     
202063f0  gunFlash                      
202064c6  healthCode                    
0001ce95  inInventory                   
00000000  interruptVectors              
20206418  inventory                     
202064c7  isOnTarget                    
20205e98  isShooting                    
2020642c  items                         
202064c9  itemsStatus                   
202064ca  lastInput                     
0001af99  ldexp                         
0001af99  ldexpl                        
0001d945  lseek                         
0001b465  main                          
0001dcd9  malloc                        
0000d474  matrix2                       
202061d8  medkit                        
0001a309  memalign                      
0001da29  memccpy                       
20205500  miniMap                       
20205e8c  ms_done                       
20205e90  ms_passed                     
202064ac  numsprites                    
0001bb09  open                          
20205e48  otherDirX                     
20205e50  otherDirY                     
202064b0  otherHealth                   
202064b4  otherPlayer                   
20205e58  otherPosX                     
20205e60  otherPosY                     
00011c46  outofammoSound                
20205e40  parmbuf                       
20206240  pistol                        
000049c0  pistolSound                   
20206468  planeX                        
20206470  planeY                        
202064b8  playerHealth                  
20206478  posX                          
20206480  posY                          
00016d31  pow                           
00016d31  powl                          
0001cee1  printAmmo                     
0001d779  printItem                     
0001b525  printToBuffer                 
0001cb45  printf                        
00019f99  qsort                         
0001d535  rand                          
000000c0  reloadSound                   
20205e99  reloaded                      
0001dd75  remove                        
20200000  renderBuffer                  
202062a8  rifle                         
0001af99  scalbn                        
0001af99  scalbnl                       
0001c141  sendDirectionPacket           
0001d365  sendInfoPacket                
0001c1c1  sendPositionPacket            
0001cba1  setPixelBuffer                
0001aeb9  setvbuf                       
20206310  shotgun                       
0000f474  shotgunSound                  
0001d56d  sprintf                       
00019a3d  sqrt                          
00019a3d  sqrtl                         
0001d3a1  start_delay                   
0001bfb1  strcmp                        
20206440  textures                      
0001d8c5  unlink                        
000112ec  weaploadSound                 
20205980  worldMap                      
0001d96d  write                         


GLOBAL SYMBOLS: SORTED BY Symbol Address 

address   name                          
-------   ----                          
00000000  __TI_ATRegion0_region_sz      
00000000  __TI_ATRegion0_src_addr       
00000000  __TI_ATRegion0_trg_addr       
00000000  __TI_ATRegion1_region_sz      
00000000  __TI_ATRegion1_src_addr       
00000000  __TI_ATRegion1_trg_addr       
00000000  __TI_ATRegion2_region_sz      
00000000  __TI_ATRegion2_src_addr       
00000000  __TI_ATRegion2_trg_addr       
00000000  __TI_static_base__            
00000000  interruptVectors              
000000c0  reloadSound                   
00000200  __STACK_SIZE                  
00000200  __SYSMEM_SIZE                 
000049c0  pistolSound                   
00007474  SCBarkley                     
00009474  circuitBoardTex2              
0000b474  circuitBoardTex               
0000d474  matrix2                       
0000f474  shotgunSound                  
000112ec  weaploadSound                 
00011c46  outofammoSound                
00012596  AgentPixelBack                
00012d96  AgentPixelFront               
00013596  ExplosionImage                
00013d96  PistolImage                   
00014596  RifleImage                    
00014d96  ShotgunImage                  
00015f8c  OGMap                         
000161cc  Ammosprite                    
000163cc  Medkitsprite                  
000165cc  Pistolsprite                  
000167cc  Riflesprite                   
000169cc  Shotgunsprite                 
00016d31  pow                           
00016d31  powl                          
00017779  MovePlayer                    
00017e45  RenderSprite                  
000183c5  CastRays                      
000188e9  __TI_printfi_minimal          
00018b6d  DrawCrosshair                 
00018da5  drawForegroundSpriteToBuffer  
00018fbd  ST7735_DrawBitmap             
000191cd  DrawHealthBar                 
000193c1  Clock_Init80MHz               
00019575  ST7735_DrawChar               
0001971d  __aeabi_dsub                  
0001971d  __subdf3                      
00019727  __adddf3                      
00019727  __aeabi_dadd                  
000198af  __aeabi_idiv0                 
000198b1  RenderSprites                 
00019a3d  sqrt                          
00019a3d  sqrtl                         
00019d01  getDirectionPacket            
00019e55  floor                         
00019e55  floorl                        
00019f99  qsort                         
0001a0cd  ADC_InitDual                  
0001a1f1  ST7735_FillRect               
0001a309  aligned_alloc                 
0001a309  memalign                      
0001a41d  __aeabi_ddiv                  
0001a41d  __divdf3                      
0001a529  getInfoPacket                 
0001a635  drawCharToBuffer              
0001a735  SPI_Init                      
0001a82d  fputs                         
0001a925  RenderForegroundSprites       
0001aa19  RenderSky                     
0001ab0d  ST7735_SetRotation            
0001ac01  add_device                    
0001aced  free                          
0001add5  __aeabi_dmul                  
0001add5  __muldf3                      
0001aeb9  setvbuf                       
0001af99  ldexp                         
0001af99  ldexpl                        
0001af99  scalbn                        
0001af99  scalbnl                       
0001b071  Inventory_add                 
0001b141  ST7735_OutChar                
0001b211  UART2_Init                    
0001b2e1  TIMG12_IRQHandler             
0001b3a5  getPositionPacket             
0001b465  main                          
0001b525  printToBuffer                 
0001b5d9  DAC_Init                      
0001b681  RenderInventory               
0001b729  TimerG6_IntArm                
0001b7d1  TimerG7_IntArm                
0001b879  TimerG8_IntArm                
0001b921  TimerG0_IntArm                
0001ba67  _nop                          
0001ba69  blitBufferToRenderBuffer      
0001bb09  open                          
0001bba9  ST7735_InitPrintf             
0001bc45  fputc                         
0001bce1  ST7735_InitR                  
0001bd79  TimerG12_IntArm               
0001be0d  FillMap                       
0001be9d  clearRenderBuffer             
0001bfb1  strcmp                        
0001c039  PrecalculateFloorGradient     
0001c0bd  ST7735_DrawString             
0001c141  sendDirectionPacket           
0001c1c1  sendPositionPacket            
0001c241  LaunchPad_Init                
0001c2bd  UART1_Init                    
0001c339  __TI_closefile                
0001c3b5  __TI_decompress_lzss          
0001c431  DrawMinimap                   
0001c4a9  Inventory_removeCurrent       
0001c51d  TIMG7_IRQHandler              
0001c591  __gedf2                       
0001c591  __gtdf2                       
0001c605  RenderHUD                     
0001c675  HOSTlseek                     
0001c6e1  HOSTrename                    
0001c74d  UART2_IRQHandler              
0001c7b9  fseeko                        
0001c825  getdevice                     
0001c891  __cmpdf2                      
0001c891  __eqdf2                       
0001c891  __ledf2                       
0001c891  __ltdf2                       
0001c891  __nedf2                       
0001c8f9  ADC_InDual                    
0001c95d  __TI_wrt_ok                   
0001ca25  __aeabi_dcmpeq                
0001ca39  __aeabi_dcmplt                
0001ca4d  __aeabi_dcmple                
0001ca61  __aeabi_dcmpge                
0001ca75  __aeabi_dcmpgt                
0001ca89  HOSTopen                      
0001cae9  TIMG8_IRQHandler              
0001cb45  printf                        
0001cba1  setPixelBuffer                
0001cbfd  HOSTread                      
0001cc55  HOSTwrite                     
0001ccad  __aeabi_idiv                  
0001ccad  __aeabi_idivmod               
0001cd03  compareSprites                
0001cd59  __TI_doflush                  
0001cdad  close                         
0001cdfd  RxFifo_Get                    
0001ce49  RxFifo_Put                    
0001ce95  inInventory                   
0001cee1  printAmmo                     
0001cf2d  __aeabi_d2iz                  
0001cf2d  __fixdfsi                     
0001cf79  HOSTclose                     
0001cfc1  HOSTunlink                    
0001d009  SPI_OutCommand                
0001d051  Sound_Init                    
0001d099  TIMG0_IRQHandler              
0001d0e1  Input_Init                    
0001d125  SysTick_Handler               
0001d169  generateSprite                
0001d1ad  RenderScene                   
0001d1ed  SPI_Reset                     
0001d22d  TIMG6_IRQHandler              
0001d26d  __aeabi_uidiv                 
0001d26d  __aeabi_uidivmod              
0001d2ed  Sync_Init                     
0001d329  fastSin                       
0001d365  sendInfoPacket                
0001d3a1  start_delay                   
0001d3dd  __TI_auto_init_nobinit_nopinit
0001d419  __muldsi3                     
0001d455  ActivatePortA_B               
0001d48d  RenderBuffer                  
0001d4c5  SPI_OutData                   
0001d4fd  Sound_Start                   
0001d535  rand                          
0001d56d  sprintf                       
0001d5a5  Clock_Delay1ms                
0001d5d9  ST7735_SetCursor              
0001d60d  ST7735_write                  
0001d641  __TI_cleanup                  
0001d675  __TI_readmsg                  
0001d6a9  __TI_writemsg                 
0001d6d5  C$$IO$$                       
0001d6dd  exit                          
0001d711  finddevice                    
0001d745  freopen                       
0001d779  printItem                     
0001d7ad  SystemInit                    
0001d80d  fastCos                       
0001d83d  fopen                         
0001d86d  ST7735_FillScreen             
0001d899  __aeabi_i2d                   
0001d899  __floatsidf                   
0001d8c5  unlink                        
0001d8f1  UART2_InChar                  
0001d945  lseek                         
0001d96d  write                         
0001d995  _c_int00_noargs               
0001d9bd  Inventory_next                
0001d9e1  Joy_Init                      
0001da05  __aeabi_ui2d                  
0001da05  __floatunsidf                 
0001da29  memccpy                       
0001da4d  Graphics_Init                 
0001da6d  Item_isWeapon                 
0001daad  ADC0_IRQHandler               
0001daad  ADC1_IRQHandler               
0001daad  AES_IRQHandler                
0001daad  CANFD0_IRQHandler             
0001daad  DAC0_IRQHandler               
0001daad  DMA_IRQHandler                
0001daad  Default_Handler               
0001daad  GROUP0_IRQHandler             
0001daad  GROUP1_IRQHandler             
0001daad  I2C0_IRQHandler               
0001daad  I2C1_IRQHandler               
0001daad  NMI_Handler                   
0001daad  PendSV_Handler                
0001daad  RTC_IRQHandler                
0001daad  SPI0_IRQHandler               
0001daad  SPI1_IRQHandler               
0001daad  SVC_Handler                   
0001daad  TIMA0_IRQHandler              
0001daad  TIMA1_IRQHandler              
0001daad  UART0_IRQHandler              
0001daad  UART1_IRQHandler              
0001daad  UART3_IRQHandler              
0001dac9  HardFault_Handler             
0001dae5  Joy_In                        
0001db1d  RxFifo_Size                   
0001db35  UART1_OutChar                 
0001db65  ST7735_open                   
0001db7b  ST7735_read                   
0001db91  DAC_Out                       
0001dba5  RxFifo_Init                   
0001dbb9  Inventory_currentItem         
0001dbcb  Item_isSpent                  
0001dbdd  TI_memcpy_small               
0001dbef  __TI_decompress_none          
0001dc01  Clock_Delay                   
0001dc11  Delay                         
0001dc21  Joy_InButton                  
0001dc31  ReadKeys                      
0001dc41  __TI_zero_init                
0001dc5f  ST7735_lseek                  
0001dc6d  __aeabi_memset                
0001dc6d  __aeabi_memset4               
0001dc6d  __aeabi_memset8               
0001dca5  TI_memset_small               
0001dcb5  Clock_Freq                    
0001dcc1  ST7735_rename                 
0001dccd  __aeabi_memclr                
0001dccd  __aeabi_memclr4               
0001dccd  __aeabi_memclr8               
0001dcd9  malloc                        
0001dd15  ST7735_close                  
0001dd1f  ST7735_unlink                 
0001dd4d  __aeabi_errno_addr            
0001dd55  __aeabi_memcpy                
0001dd55  __aeabi_memcpy4               
0001dd55  __aeabi_memcpy8               
0001dd6d  fseek                         
0001dd75  remove                        
0001ddb1  Reset_Handler                 
0001ddb5  _system_pre_init              
0001ddb8  C$$EXIT                       
0001ddb9  abort                         
0001dfa8  __TI_Handler_Table_Base       
0001dfb4  __TI_Handler_Table_Limit      
0001dfbc  __TI_CINIT_Base               
0001dfcc  __TI_CINIT_Limit              
0001dfcc  __TI_CINIT_Warm               
20200000  __start___llvm_prf_bits       
20200000  __start___llvm_prf_cnts       
20200000  __stop___llvm_prf_bits        
20200000  __stop___llvm_prf_cnts        
20200000  renderBuffer                  
20205000  ZBuffer                       
20205500  miniMap                       
20205980  worldMap                      
20205bc0  _CIOBUF_                      
20205bc0  __CIOBUF_                     
20205ce0  __TI_tmpnams                  
20205d80  floorGradient                 
20205e40  parmbuf                       
20205e48  otherDirX                     
20205e50  otherDirY                     
20205e58  otherPosX                     
20205e60  otherPosY                     
20205e6c  Joy_x                         
20205e70  Joy_y                         
20205e74  Length                        
20205e78  LostData                      
20205e7c  RxGetI                        
20205e80  RxPutI                        
20205e84  SoundPt                       
20205e88  flag_done                     
20205e8c  ms_done                       
20205e90  ms_passed                     
20205e98  isShooting                    
20205e99  reloaded                      
20205ea0  Sprites                       
20206008  _ftable                       
202060f8  _device                       
20206170  ammo_small                    
202061d8  medkit                        
20206240  pistol                        
202062a8  rifle                         
20206310  shotgun                       
20206378  _stream                       
202063c8  SoundEffects                  
202063f0  gunFlash                      
20206418  inventory                     
2020642c  items                         
20206440  textures                      
20206450  __TI_cleanup_ptr              
20206454  __TI_dtors_ptr                
20206458  dirX                          
20206460  dirY                          
20206468  planeX                        
20206470  planeY                        
20206478  posX                          
20206480  posY                          
20206488  BusFreq                       
20206490  StX                           
20206494  StY                           
20206498  __TI_ft_end                   
2020649c  __aeabi_errno                 
202064a0  _lock                         
202064a4  _unlock                       
202064ac  numsprites                    
202064b0  otherHealth                   
202064b4  otherPlayer                   
202064b8  playerHealth                  
202064bc  StTextColor                   
202064c6  healthCode                    
202064c7  isOnTarget                    
202064c9  itemsStatus                   
202064ca  lastInput                     
202064d8  _sys_memory                   
20207e00  __stack                       
20208000  __STACK_END                   
ffffffff  __TI_pprof_out_hndl           
ffffffff  __TI_prof_data_size           
ffffffff  __TI_prof_data_start          
ffffffff  __binit__                     
ffffffff  binit                         
UNDEFED   __mpu_init                    
UNDEFED   _system_post_cinit            

[349 symbols]
