******************************************************************************
            TI ARM Clang Linker PC v4.0.1                      
******************************************************************************
>> Linked Sun Apr  6 15:25:11 2025

OUTPUT FILE NAME:   <TheM0+rix_Segfaulted.out>
ENTRY POINT SYMBOL: "_c_int00_noargs"  address: 0001b269


MEMORY CONFIGURATION

         name            origin    length      used     unused   attr    fill
----------------------  --------  ---------  --------  --------  ----  --------
  FLASH                 00000000   00020000  0001b7c8  00004838  R  X
  SRAM                  20200000   00008000  0000682b  000017d5  RW X
  BCR_CONFIG            41c00000   00000080  00000000  00000080  R   
  BSL_CONFIG            41c00100   00000080  00000000  00000080  R   


SEGMENT ALLOCATION MAP

run origin  load origin   length   init length attrs members
----------  ----------- ---------- ----------- ----- -------
00000000    00000000    000155f8   000155f8    r--
  00000000    00000000    000000c0   000000c0    r-- .intvecs
  000000c0    000000c0    00015538   00015538    r-- .rodata
00015600    00015600    000061d0   000061d0    r-x
  00015600    00015600    00006010   00006010    r-x .text
  0001b610    0001b610    000001c0   000001c0    r-- .cinit
20200000    20200000    00006638   00000000    rw-
  20200000    20200000    00005e4a   00000000    rw- .bss
  20205e50    20205e50    000005e1   00000000    rw- .data
  20206438    20206438    00000200   00000000    rw- .sysmem
20207e00    20207e00    00000200   00000000    rw-
  20207e00    20207e00    00000200   00000000    rw- .stack


SECTION ALLOCATION MAP

 output                                  attributes/
section   page    origin      length       input sections
--------  ----  ----------  ----------   ----------------
.intvecs   0    00000000    000000c0     
                  00000000    000000c0     startup_mspm0g3507_ticlang.o (.intvecs)

.text      0    00015600    00006010     
                  00015600    00000a48     libc.a : e_pow.c.obj (.text.pow)
                  00016048    000006a0     Input.o (.text.MovePlayer)
                  000166e8    0000057c     sprites.o (.text.RenderSprite)
                  00016c64    00000524     Graphics.o (.text.CastRays)
                  00017188    00000284     libc.a : _printfi.c.obj (.text:__TI_printfi_minimal)
                  0001740c    00000238     Graphics.o (.text.DrawCrosshair)
                  00017644    00000218     Buffer.o (.text.drawForegroundSpriteToBuffer)
                  0001785c    00000210     ST7735.o (.text.ST7735_DrawBitmap)
                  00017a6c    000001f4     Graphics.o (.text.DrawHealthBar)
                  00017c60    000001b4     Clock.o (.text.Clock_Init80MHz)
                  00017e14    00000192     libclang_rt.builtins.a : adddf3.S.obj (.text.adddf3_subdf3)
                  00017fa6    00000002                            : aeabi_div0.c.obj (.text.__aeabi_idiv0)
                  00017fa8    0000018c     sprites.o (.text.RenderSprites)
                  00018134    00000170     libc.a : e_sqrt.c.obj (.text.sqrt)
                  000182a4    00000144            : s_floor.c.obj (.text.floor)
                  000183e8    00000134            : qsort.c.obj (.text.qsort)
                  0001851c    00000124     ADC.o (.text.ADC_InitDual)
                  00018640    00000118     ST7735.o (.text.ST7735_FillRect)
                  00018758    00000114     libc.a : memory.c.obj (.text.aligned_alloc)
                  0001886c    0000010c     libclang_rt.builtins.a : divdf3.S.obj (.text.__divdf3)
                  00018978    00000100     Buffer.o (.text.drawCharToBuffer)
                  00018a78    000000f8     SPI.o (.text.SPI_Init)
                  00018b70    000000f8     libc.a : fputs.c.obj (.text.fputs)
                  00018c68    000000f4     sprites.o (.text.RenderForegroundSprites)
                  00018d5c    000000f4     Graphics.o (.text.RenderSky)
                  00018e50    000000f4     ST7735.o (.text.ST7735_SetRotation)
                  00018f44    000000e8     libc.a : memory.c.obj (.text.free)
                  0001902c    000000e4     libclang_rt.builtins.a : muldf3.S.obj (.text.__muldf3)
                  00019110    000000e0     libc.a : setvbuf.c.obj (.text.setvbuf)
                  000191f0    000000d8            : s_scalbn.c.obj (.text.scalbn)
                  000192c8    000000d4     UART2.o (.text.UART2_Init)
                  0001939c    000000d0     Inventory.o (.text.Inventory_add)
                  0001946c    000000cc     Input.o (.text.TIMG12_IRQHandler)
                  00019538    000000b4     Buffer.o (.text.printToBuffer)
                  000195ec    000000a8     DAC.o (.text.DAC_Init)
                  00019694    000000a8     sprites.o (.text.RenderInventory)
                  0001973c    000000a4     Timer.o (.text.TimerG0_IntArm)
                  000197e0    000000a2     ST7735.o (.text.commandList)
                  00019882    00000002     libc.a : _lock.c.obj (.text._nop)
                  00019884    000000a0     Buffer.o (.text.blitBufferToRenderBuffer)
                  00019924    0000009c     libc.a : fputc.c.obj (.text.fputc)
                  000199c0    00000098     ST7735.o (.text.ST7735_InitR)
                  00019a58    00000094     Timer.o (.text.TimerG12_IntArm)
                  00019aec    00000090     Graphics.o (.text.FillMap)
                  00019b7c    00000090     main.o (.text.main)
                  00019c0c    0000008c     Buffer.o (.text.clearRenderBuffer)
                  00019c98    00000088     ST7735.o (.text.setAddrWindow)
                  00019d20    00000088     libc.a : strcmp-armv6m.S.obj (.text:strcmp)
                  00019da8    00000084     Buffer.o (.text.PrecalculateFloorGradient)
                  00019e2c    00000080     UART1.o (.text.UART1_Init)
                  00019eac    0000007c     LaunchPad.o (.text.LaunchPad_Init)
                  00019f28    0000007c     libc.a : fclose.c.obj (.text.__TI_closefile)
                  00019fa4    0000007c            : copy_decompress_lzss.c.obj (.text:decompress:lzss)
                  0001a020    00000078     Graphics.o (.text.DrawMinimap)
                  0001a098    00000074     Inventory.o (.text.Inventory_removeCurrent)
                  0001a10c    00000074     libclang_rt.builtins.a : comparedf2.c.obj (.text.__gedf2)
                  0001a180    00000070     Graphics.o (.text.RenderHUD)
                  0001a1f0    0000006c     libsysbm.a : hostlseek.c.obj (.text.HOSTlseek)
                  0001a25c    0000006c                : hostrename.c.obj (.text.HOSTrename)
                  0001a2c8    0000006c     UART2.o (.text.UART2_IRQHandler)
                  0001a334    0000006c     libc.a : fseek.c.obj (.text.fseeko)
                  0001a3a0    0000006c            : getdevice.c.obj (.text.getdevice)
                  0001a40c    00000068     libclang_rt.builtins.a : comparedf2.c.obj (.text.__ledf2)
                  0001a474    00000064     ADC.o (.text.ADC_InDual)
                  0001a4d8    00000064     libc.a : _io_perm.c.obj (.text.__TI_wrt_ok)
                  0001a53c    00000064            : memory.c.obj (.text.split)
                  0001a5a0    00000062     libclang_rt.builtins.a : aeabi_dcmp.S.obj (.text.__aeabi_dcmp)
                  0001a602    00000002     --HOLE-- [fill = 0]
                  0001a604    00000060     libsysbm.a : hostopen.c.obj (.text.HOSTopen)
                  0001a664    0000005c     libc.a : printf.c.obj (.text.printf)
                  0001a6c0    0000005c     Buffer.o (.text.setPixelBuffer)
                  0001a71c    00000058     libsysbm.a : hostread.c.obj (.text.HOSTread)
                  0001a774    00000058                : hostwrite.c.obj (.text.HOSTwrite)
                  0001a7cc    00000056     libclang_rt.builtins.a : aeabi_idivmod.S.obj (.text.__aeabi_idivmod)
                  0001a822    00000056     sprites.o (.text.compareSprites)
                  0001a878    00000052     libc.a : fflush.c.obj (.text.__TI_doflush)
                  0001a8ca    00000002     --HOLE-- [fill = 0]
                  0001a8cc    00000050     libsysbm.a : close.c.obj (.text.close)
                  0001a91c    0000004c     FIFO.o (.text.RxFifo_Put)
                  0001a968    0000004c     Inventory.o (.text.inInventory)
                  0001a9b4    0000004c     Graphics.o (.text.printAmmo)
                  0001aa00    0000004a     libclang_rt.builtins.a : fixdfsi.S.obj (.text.__fixdfsi)
                  0001aa4a    00000002     --HOLE-- [fill = 0]
                  0001aa4c    00000048     libsysbm.a : hostclose.c.obj (.text.HOSTclose)
                  0001aa94    00000048                : hostunlink.c.obj (.text.HOSTunlink)
                  0001aadc    00000048     SPI.o (.text.SPI_OutCommand)
                  0001ab24    00000048     Sounds.o (.text.Sound_Init)
                  0001ab6c    00000048     Async_Delay.o (.text.TIMG0_IRQHandler)
                  0001abb4    00000044     Input.o (.text.Input_Init)
                  0001abf8    00000044     Sounds.o (.text.SysTick_Handler)
                  0001ac3c    00000040     Graphics.o (.text.RenderScene)
                  0001ac7c    00000040     SPI.o (.text.SPI_Reset)
                  0001acbc    00000040     libclang_rt.builtins.a : aeabi_uidivmod.S.obj (.text.__aeabi_uidivmod)
                  0001acfc    0000003c     Input.o (.text.fastSin)
                  0001ad38    0000003c     libc.a : autoinit.c.obj (.text:__TI_auto_init_nobinit_nopinit)
                  0001ad74    0000003a     libclang_rt.builtins.a : muldsi3.S.obj (.text.__muldsi3)
                  0001adae    00000002     --HOLE-- [fill = 0]
                  0001adb0    00000038     LaunchPad.o (.text.ActivatePortA_B)
                  0001ade8    00000038     Buffer.o (.text.RenderBuffer)
                  0001ae20    00000038     SPI.o (.text.SPI_OutData)
                  0001ae58    00000038     Sounds.o (.text.Sound_Start)
                  0001ae90    00000038     libc.a : rand.c.obj (.text.rand)
                  0001aec8    00000038            : sprintf.c.obj (.text.sprintf)
                  0001af00    00000038     Async_Delay.o (.text.start_delay)
                  0001af38    00000034     Clock.o (.text.Clock_Delay1ms)
                  0001af6c    00000034     ST7735.o (.text.ST7735_SetCursor)
                  0001afa0    00000034     main.o (.text.SystemInit)
                  0001afd4    00000034     libc.a : fopen.c.obj (.text.__TI_cleanup)
                  0001b008    00000034     libsysbm.a : trgmsg.c.obj (.text.__TI_readmsg)
                  0001b03c    00000034                : trgmsg.c.obj (.text.__TI_writemsg)
                  0001b070    00000034     libc.a : exit.c.obj (.text.exit)
                  0001b0a4    00000034            : getdevice.c.obj (.text.finddevice)
                  0001b0d8    00000034     Graphics.o (.text.printItem)
                  0001b10c    00000030     ST7735.o (.text.commonInit)
                  0001b13c    00000030     Input.o (.text.fastCos)
                  0001b16c    0000002c     ST7735.o (.text.ST7735_FillScreen)
                  0001b198    0000002c     libclang_rt.builtins.a : floatsidf.S.obj (.text.__floatsidf)
                  0001b1c4    0000002c     libsysbm.a : unlink.c.obj (.text.unlink)
                  0001b1f0    00000028     libc.a : memory.c.obj (.text.free_list_insert)
                  0001b218    00000028     libsysbm.a : lseek.c.obj (.text.lseek)
                  0001b240    00000028                : write.c.obj (.text.write)
                  0001b268    00000028     libc.a : boot_cortex_m.c.obj (.text:_c_int00_noargs)
                  0001b290    00000024     Graphics.o (.text.Graphics_Init)
                  0001b2b4    00000024     Inventory.o (.text.Inventory_next)
                  0001b2d8    00000024     Joy.o (.text.Joy_Init)
                  0001b2fc    00000024     libclang_rt.builtins.a : floatunsidf.S.obj (.text.__floatunsidf)
                  0001b320    00000022     libc.a : memccpy.c.obj (.text.memccpy)
                  0001b342    00000020     Inventory.o (.text.Item_isWeapon)
                  0001b362    00000002     --HOLE-- [fill = 0]
                  0001b364    0000001c     startup_mspm0g3507_ticlang.o (.text.Default_Handler)
                  0001b380    0000001c     startup_mspm0g3507_ticlang.o (.text.HardFault_Handler)
                  0001b39c    0000001c     Joy.o (.text.Joy_In)
                  0001b3b8    0000001c     libc.a : memory.c.obj (.text.free_list_remove)
                  0001b3d4    00000018     UART1.o (.text.UART1_OutChar)
                  0001b3ec    00000018     libc.a : sprintf.c.obj (.text._outs)
                  0001b404    00000014     DAC.o (.text.DAC_Out)
                  0001b418    00000014     FIFO.o (.text.RxFifo_Init)
                  0001b42c    00000012     Inventory.o (.text.Inventory_currentItem)
                  0001b43e    00000012     Inventory.o (.text.Item_isSpent)
                  0001b450    00000012     libc.a : memcpy16.S.obj (.text:TI_memcpy_small)
                  0001b462    00000012            : copy_decompress_none.c.obj (.text:decompress:none)
                  0001b474    00000010     Clock.o (.text.Clock_Delay)
                  0001b484    00000010     LaunchPad.o (.text.Delay)
                  0001b494    00000010     Joy.o (.text.Joy_InButton)
                  0001b4a4    00000010     Input.o (.text.ReadKeys)
                  0001b4b4    00000010     libc.a : copy_zero_init.c.obj (.text:decompress:ZI)
                  0001b4c4    0000000e            : memory.c.obj (.text.OUTLINED_FUNCTION_0)
                  0001b4d2    00000002     --HOLE-- [fill = 0]
                  0001b4d4    0000000e     libclang_rt.builtins.a : aeabi_memset.S.obj (.text.__aeabi_memset)
                  0001b4e2    0000000e     libsysbm.a : hostrename.c.obj (.text.strcpy)
                  0001b4f0    0000000e     libc.a : _printfi.c.obj (.text.strlen)
                  0001b4fe    0000000e     libsysbm.a : hostrename.c.obj (.text.strlen)
                  0001b50c    0000000e     libc.a : memset16.S.obj (.text:TI_memset_small)
                  0001b51a    00000002     --HOLE-- [fill = 0]
                  0001b51c    0000000c     Clock.o (.text.Clock_Freq)
                  0001b528    0000000c     libclang_rt.builtins.a : aeabi_memset.S.obj (.text.__aeabi_memclr)
                  0001b534    0000000c     libc.a : memory.c.obj (.text.malloc)
                  0001b540    0000000a            : e_pow.c.obj (.text.OUTLINED_FUNCTION_0)
                  0001b54a    00000002     --HOLE-- [fill = 0]
                  0001b54c    00000010     libclang_rt.builtins.a : muldf3.S.obj (.tramp.__aeabi_dmul.1)
                  0001b55c    0000000a     libc.a : e_pow.c.obj (.text.OUTLINED_FUNCTION_1)
                  0001b566    0000000a            : e_pow.c.obj (.text.OUTLINED_FUNCTION_6)
                  0001b570    0000000a            : sprintf.c.obj (.text._outc)
                  0001b57a    00000008            : e_pow.c.obj (.text.OUTLINED_FUNCTION_2)
                  0001b582    00000002     --HOLE-- [fill = 0]
                  0001b584    00000010     libclang_rt.builtins.a : adddf3.S.obj (.tramp.__aeabi_dsub.1)
                  0001b594    00000008     libc.a : aeabi_portable.c.obj (.text.__aeabi_errno_addr)
                  0001b59c    00000008     libclang_rt.builtins.a : aeabi_memcpy.S.obj (.text.__aeabi_memcpy)
                  0001b5a4    00000008     libc.a : printf.c.obj (.text._outc)
                  0001b5ac    00000008            : printf.c.obj (.text._outs)
                  0001b5b4    00000008            : fseek.c.obj (.text.fseek)
                  0001b5bc    00000008     libsysbm.a : remove.c.obj (.text.remove)
                  0001b5c4    00000006     libc.a : e_pow.c.obj (.text.OUTLINED_FUNCTION_3)
                  0001b5ca    00000002     --HOLE-- [fill = 0]
                  0001b5cc    00000010     libclang_rt.builtins.a : adddf3.S.obj (.tramp.__aeabi_dadd.1)
                  0001b5dc    00000006     libc.a : e_pow.c.obj (.text.OUTLINED_FUNCTION_4)
                  0001b5e2    00000006            : e_pow.c.obj (.text.OUTLINED_FUNCTION_5)
                  0001b5e8    00000004            : e_pow.c.obj (.text.OUTLINED_FUNCTION_10)
                  0001b5ec    00000004            : e_pow.c.obj (.text.OUTLINED_FUNCTION_7)
                  0001b5f0    00000004            : e_pow.c.obj (.text.OUTLINED_FUNCTION_8)
                  0001b5f4    00000004            : e_pow.c.obj (.text.OUTLINED_FUNCTION_9)
                  0001b5f8    00000004     startup_mspm0g3507_ticlang.o (.text.Reset_Handler)
                  0001b5fc    00000004     libc.a : pre_init.c.obj (.text._system_pre_init)
                  0001b600    00000004            : exit.c.obj (.text:abort)
                  0001b604    0000000c     --HOLE-- [fill = 0]

.cinit     0    0001b610    000001c0     
                  0001b610    0000019c     (.cinit..data.load) [load image, compression = lzss]
                  0001b7ac    0000000c     (__TI_handler_table)
                  0001b7b8    00000008     (.cinit..bss.load) [load image, compression = zero_init]
                  0001b7c0    00000010     (__TI_cinit_table)

.rodata    0    000000c0    00015538     
                  000000c0    00004900     Sounds.o (.rodata.reloadSound)
                  000049c0    00002ab4     Sounds.o (.rodata.pistolSound)
                  00007474    00002000     Graphics.o (.rodata.SCBarkley)
                  00009474    00002000     Graphics.o (.rodata.circuitBoardTex2)
                  0000b474    00002000     Graphics.o (.rodata.circuitBoardTex)
                  0000d474    00002000     Graphics.o (.rodata.matrix2)
                  0000f474    00001e78     Sounds.o (.rodata.shotgunSound)
                  000112ec    0000095a     Sounds.o (.rodata.weaploadSound)
                  00011c46    0000094f     Sounds.o (.rodata.outofammoSound)
                  00012595    00000001     main.o (.rodata.str1.164552152177587026401)
                  00012596    00000800     main.o (.rodata.ExplosionImage)
                  00012d96    00000800     main.o (.rodata.PistolImage)
                  00013596    00000800     main.o (.rodata.ShotgunImage)
                  00013d96    00000800     main.o (.rodata.target)
                  00014596    000004fb     Buffer.o (.rodata.Font)
                  00014a91    00000240     Graphics.o (.rodata.OGMap)
                  00014cd1    00000001     --HOLE-- [fill = 0]
                  00014cd2    00000200     main.o (.rodata.Ammosprite)
                  00014ed2    00000200     main.o (.rodata.Medkitsprite)
                  000150d2    00000200     main.o (.rodata.Shotgunsprite)
                  000152d2    00000200     main.o (.rodata.pistolsprite)
                  000154d2    0000003b     ST7735.o (.rodata.Rcmd1)
                  0001550d    00000003     --HOLE-- [fill = 0]
                  00015510    00000030     libc.a : e_pow.c.obj (.rodata.cst16)
                  00015540    0000002b     ST7735.o (.rodata.Rcmd3)
                  0001556b    00000014     main.o (.rodata.str1.157592557656998809351)
                  0001557f    00000011     libc.a : _printfi.c.obj (.rodata.str1.153638888446227384661)
                  00015590    00000010     main.o (.rodata.str1.182731374899196392841)
                  000155a0    0000000d     ST7735.o (.rodata.Rcmd2green)
                  000155ad    0000000d     ST7735.o (.rodata.Rcmd2red)
                  000155ba    0000000c     main.o (.rodata.str1.30235616187663446621)
                  000155c6    0000000c     Graphics.o (.rodata.str1.37161536259113115651)
                  000155d2    00000008     main.o (.rodata.str1.128962870563899395191)
                  000155da    00000007     main.o (.rodata.str1.181369900268917052751)
                  000155e1    00000007     main.o (.rodata.str1.58265674741439123291)
                  000155e8    00000006     Graphics.o (.rodata.str1.2002389610935928081)
                  000155ee    00000004     Graphics.o (.rodata.str1.25158831670344200691)
                  000155f2    00000006     --HOLE-- [fill = 0]

.init_array 
*          0    00000000    00000000     UNINITIALIZED

.binit     0    00000000    00000000     

.bss       0    20200000    00005e4a     UNINITIALIZED
                  20200000    00005000     (.common:renderBuffer)
                  20205000    00000500     (.common:ZBuffer)
                  20205500    00000480     (.common:miniMap)
                  20205980    00000240     (.common:worldMap)
                  20205bc0    00000120     libsysbm.a : trgmsg.c.obj (.bss:_CIOBUF_)
                  20205ce0    000000a0     libc.a : defs.c.obj (.bss.__TI_tmpnams)
                  20205d80    00000080     (.common:floorGradient)
                  20205e00    00000010     FIFO.o (.bss.RxFifo)
                  20205e10    00000008     libsysbm.a : hostopen.c.obj (.bss.parmbuf)
                  20205e18    00000004     libc.a : memory.c.obj (.bss.sys_free)
                  20205e1c    00000004     (.common:Joy_x)
                  20205e20    00000004     (.common:Joy_y)
                  20205e24    00000004     (.common:Length)
                  20205e28    00000004     (.common:LostData)
                  20205e2c    00000004     (.common:RxGetI)
                  20205e30    00000004     (.common:RxPutI)
                  20205e34    00000004     (.common:SoundPt)
                  20205e38    00000004     (.common:flag_done)
                  20205e3c    00000004     (.common:ms_done)
                  20205e40    00000004     (.common:ms_passed)
                  20205e44    00000001     ST7735.o (.bss.ColStart)
                  20205e45    00000001     ST7735.o (.bss.Rotation)
                  20205e46    00000001     ST7735.o (.bss.RowStart)
                  20205e47    00000001     ST7735.o (.bss.TabColor)
                  20205e48    00000001     (.common:isShooting)
                  20205e49    00000001     (.common:reloaded)

.data      0    20205e50    000005e1     UNINITIALIZED
                  20205e50    00000190     main.o (.data.Sprites)
                  20205fe0    000000f0     libc.a : defs.c.obj (.data._ftable)
                  202060d0    00000078     libsysbm.a : host_device.c.obj (.data._device)
                  20206148    00000068     main.o (.data.ammo_small)
                  202061b0    00000068     main.o (.data.medkit)
                  20206218    00000068     main.o (.data.pistol)
                  20206280    00000068     main.o (.data.shotgun)
                  202062e8    00000050     libsysbm.a : host_device.c.obj (.data._stream)
                  20206338    00000028     Sounds.o (.data.SoundEffects)
                  20206360    00000028     main.o (.data.gunFlash)
                  20206388    00000014     main.o (.data.inventory)
                  2020639c    00000010     main.o (.data.items)
                  202063ac    00000010     Graphics.o (.data.textures)
                  202063bc    00000008     libc.a : exit.c.obj (.data..L_MergedGlobals)
                  202063c4    00000004     Clock.o (.data.BusFreq)
                  202063c8    00000008     main.o (.data.dirX)
                  202063d0    00000008     main.o (.data.dirY)
                  202063d8    00000008     main.o (.data.planeX)
                  202063e0    00000008     main.o (.data.planeY)
                  202063e8    00000008     main.o (.data.posX)
                  202063f0    00000008     main.o (.data.posY)
                  202063f8    00000004     Graphics.o (.data.RenderScene.side)
                  202063fc    00000004     ST7735.o (.data.StX)
                  20206400    00000004     ST7735.o (.data.StY)
                  20206404    00000004     libc.a : defs.c.obj (.data.__TI_ft_end)
                  20206408    00000004            : aeabi_portable.c.obj (.data.__aeabi_errno)
                  2020640c    00000004            : _lock.c.obj (.data._lock)
                  20206410    00000004            : _lock.c.obj (.data._unlock)
                  20206414    00000004            : rand.c.obj (.data.next)
                  20206418    00000004     main.o (.data.numsprites)
                  2020641c    00000004     main.o (.data.otherHealth)
                  20206420    00000004     main.o (.data.playerHealth)
                  20206424    00000002     ST7735.o (.data.StTextColor)
                  20206426    00000002     ST7735.o (.data._height)
                  20206428    00000002     ST7735.o (.data._width)
                  2020642a    00000001     sprites.o (.data.RenderForegroundSprites.sidesDrawn)
                  2020642b    00000001     main.o (.data.isOnTarget)
                  2020642c    00000001     Input.o (.data.lastInput)
                  2020642d    00000003     --HOLE--
                  20206430    00000001     libc.a : memory.c.obj (.data.memory_is_initialized)

.sysmem    0    20206438    00000200     UNINITIALIZED
                  20206438    00000010     libc.a : memory.c.obj (.sysmem)
                  20206448    000001f0     --HOLE--

.stack     0    20207e00    00000200     UNINITIALIZED
                  20207e00    00000004     libc.a : boot_cortex_m.c.obj (.stack)
                  20207e04    000001fc     --HOLE--

__llvm_prf_cnts 
*          0    20200000    00000000     UNINITIALIZED

__llvm_prf_bits 
*          0    20200000    00000000     UNINITIALIZED

MODULE SUMMARY

       Module                         code    ro data   rw data
       ------                         ----    -------   -------
    .\
       Sounds.o                       196     42197     48     
       Graphics.o                     3232    33366     3036   
       Buffer.o                       1552    1275      20608  
       main.o                         196     10311     953    
       sprites.o                      2298    0         1      
       Input.o                        2092    0         3      
       ST7735.o                       1646    128       18     
       Clock.o                        516     0         4      
       Inventory.o                    504     0         0      
       SPI.o                          440     0         0      
       ADC.o                          392     0         0      
       UART2.o                        320     0         4      
       Timer.o                        312     0         0      
       LaunchPad.o                    196     0         0      
       DAC.o                          188     0         0      
       UART1.o                        152     0         0      
       Async_Delay.o                  128     0         12     
       FIFO.o                         96      0         24     
       Joy.o                          80      0         0      
    +--+------------------------------+-------+---------+---------+
       Total:                         14536   87277     24711  
                                                               
    .\ticlang\
       startup_mspm0g3507_ticlang.o   60      192       0      
    +--+------------------------------+-------+---------+---------+
       Total:                         60      192       0      
                                                               
    C:\ti\ccs2000\ccs\tools\compiler\ti-cgt-armllvm_4.0.1.LTS\lib\armv6m-ti-none-eabi/c/libc.a
       e_pow.c.obj                    2704    48        0      
       memory.c.obj                   702     0         5      
       _printfi.c.obj                 658     17        0      
       defs.c.obj                     0       0         404    
       e_sqrt.c.obj                   368     0         0      
       s_floor.c.obj                  324     0         0      
       qsort.c.obj                    308     0         0      
       fputs.c.obj                    248     0         0      
       setvbuf.c.obj                  224     0         0      
       s_scalbn.c.obj                 216     0         0      
       getdevice.c.obj                160     0         0      
       fputc.c.obj                    156     0         0      
       strcmp-armv6m.S.obj            136     0         0      
       copy_decompress_lzss.c.obj     124     0         0      
       fclose.c.obj                   124     0         0      
       fseek.c.obj                    116     0         0      
       printf.c.obj                   108     0         0      
       _io_perm.c.obj                 100     0         0      
       sprintf.c.obj                  90      0         0      
       fflush.c.obj                   82      0         0      
       exit.c.obj                     56      0         8      
       autoinit.c.obj                 60      0         0      
       rand.c.obj                     56      0         4      
       fopen.c.obj                    52      0         0      
       boot_cortex_m.c.obj            40      0         0      
       memccpy.c.obj                  34      0         0      
       copy_decompress_none.c.obj     18      0         0      
       memcpy16.S.obj                 18      0         0      
       copy_zero_init.c.obj           16      0         0      
       memset16.S.obj                 14      0         0      
       aeabi_portable.c.obj           8       0         4      
       _lock.c.obj                    2       0         8      
       pre_init.c.obj                 4       0         0      
    +--+------------------------------+-------+---------+---------+
       Total:                         7326    65        433    
                                                               
    C:\ti\ccs2000\ccs\tools\compiler\ti-cgt-armllvm_4.0.1.LTS\lib\armv6m-ti-none-eabi/c/libsysbm.a
       trgmsg.c.obj                   104     0         288    
       host_device.c.obj              0       0         200    
       hostrename.c.obj               136     0         0      
       hostlseek.c.obj                108     0         0      
       hostopen.c.obj                 96      0         8      
       hostread.c.obj                 88      0         0      
       hostwrite.c.obj                88      0         0      
       close.c.obj                    80      0         0      
       hostclose.c.obj                72      0         0      
       hostunlink.c.obj               72      0         0      
       unlink.c.obj                   44      0         0      
       lseek.c.obj                    40      0         0      
       write.c.obj                    40      0         0      
       remove.c.obj                   8       0         0      
    +--+------------------------------+-------+---------+---------+
       Total:                         976     0         496    
                                                               
    C:\ti\ccs2000\ccs\tools\compiler\ti-cgt-armllvm_4.0.1.LTS\lib\armv6m-ti-none-eabi/libclang_rt.builtins.a
       adddf3.S.obj                   434     0         0      
       divdf3.S.obj                   268     0         0      
       muldf3.S.obj                   244     0         0      
       comparedf2.c.obj               220     0         0      
       aeabi_dcmp.S.obj               98      0         0      
       aeabi_idivmod.S.obj            86      0         0      
       fixdfsi.S.obj                  74      0         0      
       aeabi_uidivmod.S.obj           64      0         0      
       muldsi3.S.obj                  58      0         0      
       floatsidf.S.obj                44      0         0      
       floatunsidf.S.obj              36      0         0      
       aeabi_memset.S.obj             26      0         0      
       aeabi_memcpy.S.obj             8       0         0      
       aeabi_div0.c.obj               2       0         0      
    +--+------------------------------+-------+---------+---------+
       Total:                         1662    0         0      
                                                               
       Heap:                          0       0         512    
       Stack:                         0       0         512    
       Linker Generated:              0       448       0      
    +--+------------------------------+-------+---------+---------+
       Grand Total:                   24560   87982     26664  


LINKER GENERATED COPY TABLES

__TI_cinit_table @ 0001b7c0 records: 2, size/record: 8, table size: 16
	.data: load addr=0001b610, load size=0000019c bytes, run addr=20205e50, run size=000005e1 bytes, compression=lzss
	.bss: load addr=0001b7b8, load size=00000008 bytes, run addr=20200000, run size=00005e4a bytes, compression=zero_init


LINKER GENERATED HANDLER TABLE

__TI_handler_table @ 0001b7ac records: 3, size/record: 4, table size: 12
	index: 0, handler: __TI_decompress_lzss
	index: 1, handler: __TI_decompress_none
	index: 2, handler: __TI_zero_init


FAR CALL TRAMPOLINES

callee name               trampoline name
   callee addr  tramp addr   call addr  call info
--------------  -----------  ---------  ----------------
__aeabi_dmul              $Tramp$TT$L$PI$$__aeabi_dmul
   0001902d     0001b54c     0001b548   libc.a : e_pow.c.obj (.text.OUTLINED_FUNCTION_0)
                             0001b564          : e_pow.c.obj (.text.OUTLINED_FUNCTION_1)
                             0001b56e          : e_pow.c.obj (.text.OUTLINED_FUNCTION_6)
                             0001b5e0          : e_pow.c.obj (.text.OUTLINED_FUNCTION_4)
                             0001b5e6          : e_pow.c.obj (.text.OUTLINED_FUNCTION_5)
                             0001b5f2          : e_pow.c.obj (.text.OUTLINED_FUNCTION_8)
__aeabi_dsub              $Tramp$TT$L$PI$$__aeabi_dsub
   00017e15     0001b584     0001b580   libc.a : e_pow.c.obj (.text.OUTLINED_FUNCTION_2)
__aeabi_dadd              $Tramp$TT$L$PI$$__aeabi_dadd
   00017e1f     0001b5cc     0001b5c8   libc.a : e_pow.c.obj (.text.OUTLINED_FUNCTION_3)
                             0001b5ea          : e_pow.c.obj (.text.OUTLINED_FUNCTION_10)
                             0001b5ee          : e_pow.c.obj (.text.OUTLINED_FUNCTION_7)
                             0001b5f6          : e_pow.c.obj (.text.OUTLINED_FUNCTION_9)

[3 trampolines]
[11 trampoline calls]


GLOBAL SYMBOLS: SORTED ALPHABETICALLY BY Name 

address   name                          
-------   ----                          
0001b365  ADC0_IRQHandler               
0001b365  ADC1_IRQHandler               
0001a475  ADC_InDual                    
0001851d  ADC_InitDual                  
0001b365  AES_IRQHandler                
0001adb1  ActivatePortA_B               
00014cd2  Ammosprite                    
202063c4  BusFreq                       
0001b600  C$$EXIT                       
0001b069  C$$IO$$                       
0001b365  CANFD0_IRQHandler             
00016c65  CastRays                      
0001b475  Clock_Delay                   
0001af39  Clock_Delay1ms                
0001b51d  Clock_Freq                    
00017c61  Clock_Init80MHz               
0001b365  DAC0_IRQHandler               
000195ed  DAC_Init                      
0001b405  DAC_Out                       
0001b365  DMA_IRQHandler                
0001b365  Default_Handler               
0001b485  Delay                         
0001740d  DrawCrosshair                 
00017a6d  DrawHealthBar                 
0001a021  DrawMinimap                   
00012596  ExplosionImage                
00019aed  FillMap                       
0001b365  GROUP0_IRQHandler             
0001b365  GROUP1_IRQHandler             
0001b291  Graphics_Init                 
0001aa4d  HOSTclose                     
0001a1f1  HOSTlseek                     
0001a605  HOSTopen                      
0001a71d  HOSTread                      
0001a25d  HOSTrename                    
0001aa95  HOSTunlink                    
0001a775  HOSTwrite                     
0001b381  HardFault_Handler             
0001b365  I2C0_IRQHandler               
0001b365  I2C1_IRQHandler               
0001abb5  Input_Init                    
0001939d  Inventory_add                 
0001b42d  Inventory_currentItem         
0001b2b5  Inventory_next                
0001a099  Inventory_removeCurrent       
0001b43f  Item_isSpent                  
0001b343  Item_isWeapon                 
0001b39d  Joy_In                        
0001b495  Joy_InButton                  
0001b2d9  Joy_Init                      
20205e1c  Joy_x                         
20205e20  Joy_y                         
00019ead  LaunchPad_Init                
20205e24  Length                        
20205e28  LostData                      
00014ed2  Medkitsprite                  
00016049  MovePlayer                    
0001b365  NMI_Handler                   
00014a91  OGMap                         
0001b365  PendSV_Handler                
00012d96  PistolImage                   
00019da9  PrecalculateFloorGradient     
0001b365  RTC_IRQHandler                
0001b4a5  ReadKeys                      
0001ade9  RenderBuffer                  
00018c69  RenderForegroundSprites       
0001a181  RenderHUD                     
00019695  RenderInventory               
0001ac3d  RenderScene                   
00018d5d  RenderSky                     
000166e9  RenderSprite                  
00017fa9  RenderSprites                 
0001b5f9  Reset_Handler                 
0001b419  RxFifo_Init                   
0001a91d  RxFifo_Put                    
20205e2c  RxGetI                        
20205e30  RxPutI                        
00007474  SCBarkley                     
0001b365  SPI0_IRQHandler               
0001b365  SPI1_IRQHandler               
00018a79  SPI_Init                      
0001aadd  SPI_OutCommand                
0001ae21  SPI_OutData                   
0001ac7d  SPI_Reset                     
0001785d  ST7735_DrawBitmap             
00018641  ST7735_FillRect               
0001b16d  ST7735_FillScreen             
000199c1  ST7735_InitR                  
0001af6d  ST7735_SetCursor              
00018e51  ST7735_SetRotation            
0001b365  SVC_Handler                   
00013596  ShotgunImage                  
000150d2  Shotgunsprite                 
20206338  SoundEffects                  
20205e34  SoundPt                       
0001ab25  Sound_Init                    
0001ae59  Sound_Start                   
20205e50  Sprites                       
20206424  StTextColor                   
202063fc  StX                           
20206400  StY                           
0001abf9  SysTick_Handler               
0001afa1  SystemInit                    
0001b365  TIMA0_IRQHandler              
0001b365  TIMA1_IRQHandler              
0001ab6d  TIMG0_IRQHandler              
0001946d  TIMG12_IRQHandler             
0001b365  TIMG6_IRQHandler              
0001b365  TIMG7_IRQHandler              
0001b365  TIMG8_IRQHandler              
0001b451  TI_memcpy_small               
0001b50d  TI_memset_small               
0001973d  TimerG0_IntArm                
00019a59  TimerG12_IntArm               
0001b365  UART0_IRQHandler              
0001b365  UART1_IRQHandler              
00019e2d  UART1_Init                    
0001b3d5  UART1_OutChar                 
0001a2c9  UART2_IRQHandler              
000192c9  UART2_Init                    
0001b365  UART3_IRQHandler              
20205000  ZBuffer                       
20205bc0  _CIOBUF_                      
20205bc0  __CIOBUF_                     
20208000  __STACK_END                   
00000200  __STACK_SIZE                  
00000200  __SYSMEM_SIZE                 
00000000  __TI_ATRegion0_region_sz      
00000000  __TI_ATRegion0_src_addr       
00000000  __TI_ATRegion0_trg_addr       
00000000  __TI_ATRegion1_region_sz      
00000000  __TI_ATRegion1_src_addr       
00000000  __TI_ATRegion1_trg_addr       
00000000  __TI_ATRegion2_region_sz      
00000000  __TI_ATRegion2_src_addr       
00000000  __TI_ATRegion2_trg_addr       
0001b7c0  __TI_CINIT_Base               
0001b7d0  __TI_CINIT_Limit              
0001b7d0  __TI_CINIT_Warm               
0001b7ac  __TI_Handler_Table_Base       
0001b7b8  __TI_Handler_Table_Limit      
0001ad39  __TI_auto_init_nobinit_nopinit
0001afd5  __TI_cleanup                  
202063bc  __TI_cleanup_ptr              
00019f29  __TI_closefile                
00019fa5  __TI_decompress_lzss          
0001b463  __TI_decompress_none          
0001a879  __TI_doflush                  
202063c0  __TI_dtors_ptr                
20206404  __TI_ft_end                   
ffffffff  __TI_pprof_out_hndl           
00017189  __TI_printfi_minimal          
ffffffff  __TI_prof_data_size           
ffffffff  __TI_prof_data_start          
0001b009  __TI_readmsg                  
00000000  __TI_static_base__            
20205ce0  __TI_tmpnams                  
0001b03d  __TI_writemsg                 
0001a4d9  __TI_wrt_ok                   
0001b4b5  __TI_zero_init                
00017e1f  __adddf3                      
0001aa01  __aeabi_d2iz                  
00017e1f  __aeabi_dadd                  
0001a5a1  __aeabi_dcmpeq                
0001a5dd  __aeabi_dcmpge                
0001a5f1  __aeabi_dcmpgt                
0001a5c9  __aeabi_dcmple                
0001a5b5  __aeabi_dcmplt                
0001886d  __aeabi_ddiv                  
0001902d  __aeabi_dmul                  
00017e15  __aeabi_dsub                  
20206408  __aeabi_errno                 
0001b595  __aeabi_errno_addr            
0001b199  __aeabi_i2d                   
0001a7cd  __aeabi_idiv                  
00017fa7  __aeabi_idiv0                 
0001a7cd  __aeabi_idivmod               
0001b529  __aeabi_memclr                
0001b529  __aeabi_memclr4               
0001b529  __aeabi_memclr8               
0001b59d  __aeabi_memcpy                
0001b59d  __aeabi_memcpy4               
0001b59d  __aeabi_memcpy8               
0001b4d5  __aeabi_memset                
0001b4d5  __aeabi_memset4               
0001b4d5  __aeabi_memset8               
0001b2fd  __aeabi_ui2d                  
0001acbd  __aeabi_uidiv                 
0001acbd  __aeabi_uidivmod              
ffffffff  __binit__                     
0001a40d  __cmpdf2                      
0001886d  __divdf3                      
0001a40d  __eqdf2                       
0001aa01  __fixdfsi                     
0001b199  __floatsidf                   
0001b2fd  __floatunsidf                 
0001a10d  __gedf2                       
0001a10d  __gtdf2                       
0001a40d  __ledf2                       
0001a40d  __ltdf2                       
UNDEFED   __mpu_init                    
0001902d  __muldf3                      
0001ad75  __muldsi3                     
0001a40d  __nedf2                       
20207e00  __stack                       
20200000  __start___llvm_prf_bits       
20200000  __start___llvm_prf_cnts       
20200000  __stop___llvm_prf_bits        
20200000  __stop___llvm_prf_cnts        
00017e15  __subdf3                      
0001b269  _c_int00_noargs               
202060d0  _device                       
20205fe0  _ftable                       
2020640c  _lock                         
00019883  _nop                          
202062e8  _stream                       
20206438  _sys_memory                   
UNDEFED   _system_post_cinit            
0001b5fd  _system_pre_init              
20206410  _unlock                       
0001b601  abort                         
00018759  aligned_alloc                 
20206148  ammo_small                    
ffffffff  binit                         
00019885  blitBufferToRenderBuffer      
0000b474  circuitBoardTex               
00009474  circuitBoardTex2              
00019c0d  clearRenderBuffer             
0001a8cd  close                         
0001a823  compareSprites                
202063c8  dirX                          
202063d0  dirY                          
00018979  drawCharToBuffer              
00017645  drawForegroundSpriteToBuffer  
0001b071  exit                          
0001b13d  fastCos                       
0001acfd  fastSin                       
0001b0a5  finddevice                    
20205e38  flag_done                     
000182a5  floor                         
20205d80  floorGradient                 
000182a5  floorl                        
00019925  fputc                         
00018b71  fputs                         
00018f45  free                          
0001b5b5  fseek                         
0001a335  fseeko                        
0001a3a1  getdevice                     
20206360  gunFlash                      
0001a969  inInventory                   
00000000  interruptVectors              
20206388  inventory                     
2020642b  isOnTarget                    
20205e48  isShooting                    
2020639c  items                         
2020642c  lastInput                     
000191f1  ldexp                         
000191f1  ldexpl                        
0001b219  lseek                         
00019b7d  main                          
0001b535  malloc                        
0000d474  matrix2                       
202061b0  medkit                        
00018759  memalign                      
0001b321  memccpy                       
20205500  miniMap                       
20205e3c  ms_done                       
20205e40  ms_passed                     
20206418  numsprites                    
2020641c  otherHealth                   
00011c46  outofammoSound                
20205e10  parmbuf                       
20206218  pistol                        
000049c0  pistolSound                   
000152d2  pistolsprite                  
202063d8  planeX                        
202063e0  planeY                        
20206420  playerHealth                  
202063e8  posX                          
202063f0  posY                          
00015601  pow                           
00015601  powl                          
0001a9b5  printAmmo                     
0001b0d9  printItem                     
00019539  printToBuffer                 
0001a665  printf                        
000183e9  qsort                         
0001ae91  rand                          
000000c0  reloadSound                   
20205e49  reloaded                      
0001b5bd  remove                        
20200000  renderBuffer                  
000191f1  scalbn                        
000191f1  scalbnl                       
0001a6c1  setPixelBuffer                
00019111  setvbuf                       
20206280  shotgun                       
0000f474  shotgunSound                  
0001aec9  sprintf                       
00018135  sqrt                          
00018135  sqrtl                         
0001af01  start_delay                   
00019d21  strcmp                        
00013d96  target                        
202063ac  textures                      
0001b1c5  unlink                        
000112ec  weaploadSound                 
20205980  worldMap                      
0001b241  write                         


GLOBAL SYMBOLS: SORTED BY Symbol Address 

address   name                          
-------   ----                          
00000000  __TI_ATRegion0_region_sz      
00000000  __TI_ATRegion0_src_addr       
00000000  __TI_ATRegion0_trg_addr       
00000000  __TI_ATRegion1_region_sz      
00000000  __TI_ATRegion1_src_addr       
00000000  __TI_ATRegion1_trg_addr       
00000000  __TI_ATRegion2_region_sz      
00000000  __TI_ATRegion2_src_addr       
00000000  __TI_ATRegion2_trg_addr       
00000000  __TI_static_base__            
00000000  interruptVectors              
000000c0  reloadSound                   
00000200  __STACK_SIZE                  
00000200  __SYSMEM_SIZE                 
000049c0  pistolSound                   
00007474  SCBarkley                     
00009474  circuitBoardTex2              
0000b474  circuitBoardTex               
0000d474  matrix2                       
0000f474  shotgunSound                  
000112ec  weaploadSound                 
00011c46  outofammoSound                
00012596  ExplosionImage                
00012d96  PistolImage                   
00013596  ShotgunImage                  
00013d96  target                        
00014a91  OGMap                         
00014cd2  Ammosprite                    
00014ed2  Medkitsprite                  
000150d2  Shotgunsprite                 
000152d2  pistolsprite                  
00015601  pow                           
00015601  powl                          
00016049  MovePlayer                    
000166e9  RenderSprite                  
00016c65  CastRays                      
00017189  __TI_printfi_minimal          
0001740d  DrawCrosshair                 
00017645  drawForegroundSpriteToBuffer  
0001785d  ST7735_DrawBitmap             
00017a6d  DrawHealthBar                 
00017c61  Clock_Init80MHz               
00017e15  __aeabi_dsub                  
00017e15  __subdf3                      
00017e1f  __adddf3                      
00017e1f  __aeabi_dadd                  
00017fa7  __aeabi_idiv0                 
00017fa9  RenderSprites                 
00018135  sqrt                          
00018135  sqrtl                         
000182a5  floor                         
000182a5  floorl                        
000183e9  qsort                         
0001851d  ADC_InitDual                  
00018641  ST7735_FillRect               
00018759  aligned_alloc                 
00018759  memalign                      
0001886d  __aeabi_ddiv                  
0001886d  __divdf3                      
00018979  drawCharToBuffer              
00018a79  SPI_Init                      
00018b71  fputs                         
00018c69  RenderForegroundSprites       
00018d5d  RenderSky                     
00018e51  ST7735_SetRotation            
00018f45  free                          
0001902d  __aeabi_dmul                  
0001902d  __muldf3                      
00019111  setvbuf                       
000191f1  ldexp                         
000191f1  ldexpl                        
000191f1  scalbn                        
000191f1  scalbnl                       
000192c9  UART2_Init                    
0001939d  Inventory_add                 
0001946d  TIMG12_IRQHandler             
00019539  printToBuffer                 
000195ed  DAC_Init                      
00019695  RenderInventory               
0001973d  TimerG0_IntArm                
00019883  _nop                          
00019885  blitBufferToRenderBuffer      
00019925  fputc                         
000199c1  ST7735_InitR                  
00019a59  TimerG12_IntArm               
00019aed  FillMap                       
00019b7d  main                          
00019c0d  clearRenderBuffer             
00019d21  strcmp                        
00019da9  PrecalculateFloorGradient     
00019e2d  UART1_Init                    
00019ead  LaunchPad_Init                
00019f29  __TI_closefile                
00019fa5  __TI_decompress_lzss          
0001a021  DrawMinimap                   
0001a099  Inventory_removeCurrent       
0001a10d  __gedf2                       
0001a10d  __gtdf2                       
0001a181  RenderHUD                     
0001a1f1  HOSTlseek                     
0001a25d  HOSTrename                    
0001a2c9  UART2_IRQHandler              
0001a335  fseeko                        
0001a3a1  getdevice                     
0001a40d  __cmpdf2                      
0001a40d  __eqdf2                       
0001a40d  __ledf2                       
0001a40d  __ltdf2                       
0001a40d  __nedf2                       
0001a475  ADC_InDual                    
0001a4d9  __TI_wrt_ok                   
0001a5a1  __aeabi_dcmpeq                
0001a5b5  __aeabi_dcmplt                
0001a5c9  __aeabi_dcmple                
0001a5dd  __aeabi_dcmpge                
0001a5f1  __aeabi_dcmpgt                
0001a605  HOSTopen                      
0001a665  printf                        
0001a6c1  setPixelBuffer                
0001a71d  HOSTread                      
0001a775  HOSTwrite                     
0001a7cd  __aeabi_idiv                  
0001a7cd  __aeabi_idivmod               
0001a823  compareSprites                
0001a879  __TI_doflush                  
0001a8cd  close                         
0001a91d  RxFifo_Put                    
0001a969  inInventory                   
0001a9b5  printAmmo                     
0001aa01  __aeabi_d2iz                  
0001aa01  __fixdfsi                     
0001aa4d  HOSTclose                     
0001aa95  HOSTunlink                    
0001aadd  SPI_OutCommand                
0001ab25  Sound_Init                    
0001ab6d  TIMG0_IRQHandler              
0001abb5  Input_Init                    
0001abf9  SysTick_Handler               
0001ac3d  RenderScene                   
0001ac7d  SPI_Reset                     
0001acbd  __aeabi_uidiv                 
0001acbd  __aeabi_uidivmod              
0001acfd  fastSin                       
0001ad39  __TI_auto_init_nobinit_nopinit
0001ad75  __muldsi3                     
0001adb1  ActivatePortA_B               
0001ade9  RenderBuffer                  
0001ae21  SPI_OutData                   
0001ae59  Sound_Start                   
0001ae91  rand                          
0001aec9  sprintf                       
0001af01  start_delay                   
0001af39  Clock_Delay1ms                
0001af6d  ST7735_SetCursor              
0001afa1  SystemInit                    
0001afd5  __TI_cleanup                  
0001b009  __TI_readmsg                  
0001b03d  __TI_writemsg                 
0001b069  C$$IO$$                       
0001b071  exit                          
0001b0a5  finddevice                    
0001b0d9  printItem                     
0001b13d  fastCos                       
0001b16d  ST7735_FillScreen             
0001b199  __aeabi_i2d                   
0001b199  __floatsidf                   
0001b1c5  unlink                        
0001b219  lseek                         
0001b241  write                         
0001b269  _c_int00_noargs               
0001b291  Graphics_Init                 
0001b2b5  Inventory_next                
0001b2d9  Joy_Init                      
0001b2fd  __aeabi_ui2d                  
0001b2fd  __floatunsidf                 
0001b321  memccpy                       
0001b343  Item_isWeapon                 
0001b365  ADC0_IRQHandler               
0001b365  ADC1_IRQHandler               
0001b365  AES_IRQHandler                
0001b365  CANFD0_IRQHandler             
0001b365  DAC0_IRQHandler               
0001b365  DMA_IRQHandler                
0001b365  Default_Handler               
0001b365  GROUP0_IRQHandler             
0001b365  GROUP1_IRQHandler             
0001b365  I2C0_IRQHandler               
0001b365  I2C1_IRQHandler               
0001b365  NMI_Handler                   
0001b365  PendSV_Handler                
0001b365  RTC_IRQHandler                
0001b365  SPI0_IRQHandler               
0001b365  SPI1_IRQHandler               
0001b365  SVC_Handler                   
0001b365  TIMA0_IRQHandler              
0001b365  TIMA1_IRQHandler              
0001b365  TIMG6_IRQHandler              
0001b365  TIMG7_IRQHandler              
0001b365  TIMG8_IRQHandler              
0001b365  UART0_IRQHandler              
0001b365  UART1_IRQHandler              
0001b365  UART3_IRQHandler              
0001b381  HardFault_Handler             
0001b39d  Joy_In                        
0001b3d5  UART1_OutChar                 
0001b405  DAC_Out                       
0001b419  RxFifo_Init                   
0001b42d  Inventory_currentItem         
0001b43f  Item_isSpent                  
0001b451  TI_memcpy_small               
0001b463  __TI_decompress_none          
0001b475  Clock_Delay                   
0001b485  Delay                         
0001b495  Joy_InButton                  
0001b4a5  ReadKeys                      
0001b4b5  __TI_zero_init                
0001b4d5  __aeabi_memset                
0001b4d5  __aeabi_memset4               
0001b4d5  __aeabi_memset8               
0001b50d  TI_memset_small               
0001b51d  Clock_Freq                    
0001b529  __aeabi_memclr                
0001b529  __aeabi_memclr4               
0001b529  __aeabi_memclr8               
0001b535  malloc                        
0001b595  __aeabi_errno_addr            
0001b59d  __aeabi_memcpy                
0001b59d  __aeabi_memcpy4               
0001b59d  __aeabi_memcpy8               
0001b5b5  fseek                         
0001b5bd  remove                        
0001b5f9  Reset_Handler                 
0001b5fd  _system_pre_init              
0001b600  C$$EXIT                       
0001b601  abort                         
0001b7ac  __TI_Handler_Table_Base       
0001b7b8  __TI_Handler_Table_Limit      
0001b7c0  __TI_CINIT_Base               
0001b7d0  __TI_CINIT_Limit              
0001b7d0  __TI_CINIT_Warm               
20200000  __start___llvm_prf_bits       
20200000  __start___llvm_prf_cnts       
20200000  __stop___llvm_prf_bits        
20200000  __stop___llvm_prf_cnts        
20200000  renderBuffer                  
20205000  ZBuffer                       
20205500  miniMap                       
20205980  worldMap                      
20205bc0  _CIOBUF_                      
20205bc0  __CIOBUF_                     
20205ce0  __TI_tmpnams                  
20205d80  floorGradient                 
20205e10  parmbuf                       
20205e1c  Joy_x                         
20205e20  Joy_y                         
20205e24  Length                        
20205e28  LostData                      
20205e2c  RxGetI                        
20205e30  RxPutI                        
20205e34  SoundPt                       
20205e38  flag_done                     
20205e3c  ms_done                       
20205e40  ms_passed                     
20205e48  isShooting                    
20205e49  reloaded                      
20205e50  Sprites                       
20205fe0  _ftable                       
202060d0  _device                       
20206148  ammo_small                    
202061b0  medkit                        
20206218  pistol                        
20206280  shotgun                       
202062e8  _stream                       
20206338  SoundEffects                  
20206360  gunFlash                      
20206388  inventory                     
2020639c  items                         
202063ac  textures                      
202063bc  __TI_cleanup_ptr              
202063c0  __TI_dtors_ptr                
202063c4  BusFreq                       
202063c8  dirX                          
202063d0  dirY                          
202063d8  planeX                        
202063e0  planeY                        
202063e8  posX                          
202063f0  posY                          
202063fc  StX                           
20206400  StY                           
20206404  __TI_ft_end                   
20206408  __aeabi_errno                 
2020640c  _lock                         
20206410  _unlock                       
20206418  numsprites                    
2020641c  otherHealth                   
20206420  playerHealth                  
20206424  StTextColor                   
2020642b  isOnTarget                    
2020642c  lastInput                     
20206438  _sys_memory                   
20207e00  __stack                       
20208000  __STACK_END                   
ffffffff  __TI_pprof_out_hndl           
ffffffff  __TI_prof_data_size           
ffffffff  __TI_prof_data_start          
ffffffff  __binit__                     
ffffffff  binit                         
UNDEFED   __mpu_init                    
UNDEFED   _system_post_cinit            

[309 symbols]
