******************************************************************************
            TI ARM Clang Linker PC v4.0.1                      
******************************************************************************
>> Linked Mon Apr 28 20:17:03 2025

OUTPUT FILE NAME:   <TheM0+rix_Segfaulted.out>
ENTRY POINT SYMBOL: "_c_int00_noargs"  address: 0001f549


MEMORY CONFIGURATION

         name            origin    length      used     unused   attr    fill
----------------------  --------  ---------  --------  --------  ----  --------
  FLASH                 00000000   00020000  0001fe98  00000168  R  X
  SRAM                  20200000   00008000  00007788  00000878  RW X
  BCR_CONFIG            41c00000   00000080  00000000  00000080  R   
  BSL_CONFIG            41c00100   00000080  00000000  00000080  R   


SEGMENT ALLOCATION MAP

run origin  load origin   length   init length attrs members
----------  ----------- ---------- ----------- ----- -------
00000000    00000000    00014ed8   00014ed8    r--
  00000000    00000000    000000c0   000000c0    r-- .intvecs
  000000c0    000000c0    00014e18   00014e18    r-- .rodata
00014ee0    00014ee0    0000afc0   0000afc0    r-x
  00014ee0    00014ee0    0000abf0   0000abf0    r-x .text
  0001fad0    0001fad0    000003d0   000003d0    r-- .cinit
20200000    20200000    00007590   00000000    rw-
  20200000    20200000    0000693c   00000000    rw- .bss
  20206940    20206940    00000a4c   00000000    rw- .data
  20207390    20207390    00000200   00000000    rw- .sysmem
20207e00    20207e00    00000200   00000000    rw-
  20207e00    20207e00    00000200   00000000    rw- .stack


SECTION ALLOCATION MAP

 output                                  attributes/
section   page    origin      length       input sections
--------  ----  ----------  ----------   ----------------
.intvecs   0    00000000    000000c0     
                  00000000    000000c0     startup_mspm0g3507_ticlang.o (.intvecs)

.text      0    00014ee0    0000abf0     
                  00014ee0    00000734     Input.o (.text.MovePlayer)
                  00015614    00000604     sprites.o (.text.RenderSprite)
                  00015c18    00000598     ff.o (.text.find_volume)
                  000161b0    0000050c     Graphics.o (.text.CastRays)
                  000166bc    00000330     menus.o (.text.Menus_Run)
                  000169ec    00000318     ff.o (.text.create_name)
                  00016d04    000002b8     diskio.o (.text.disk_ioctl)
                  00016fbc    000002a4     ff.o (.text.f_lseek)
                  00017260    00000298     ff.o (.text.f_read)
                  000174f8    00000284     libc.a : _printfi.c.obj (.text:__TI_printfi_minimal)
                  0001777c    00000270     ff.o (.text.f_open)
                  000179ec    00000228     diskio.o (.text.disk_initialize)
                  00017c14    00000218     Buffer.o (.text.drawForegroundSpriteToBuffer)
                  00017e2c    00000214     ST7735_SDC.o (.text.ST7735_DrawTextBoxS_IF)
                  00018040    00000210     ST7735_SDC.o (.text.ST7735_DrawBitmap)
                  00018250    000001f0     ST7735_SDC.o (.text.ST7735_DrawTextBoxS)
                  00018440    000001d0     ff.o (.text.put_fat)
                  00018610    000001cc     ff.o (.text.dir_next)
                  000187dc    000001b4     Clock.o (.text.Clock_Init80MHz)
                  00018990    000001a0     ST7735_SDC.o (.text.ST7735_DrawCharS)
                  00018b30    0000019c     Sync.o (.text.getDirectionPacket)
                  00018ccc    00000194     Graphics.o (.text.DrawCrosshair)
                  00018e60    00000192     libclang_rt.builtins.a : adddf3.S.obj (.text.adddf3_subdf3)
                  00018ff2    00000002                            : aeabi_div0.c.obj (.text.__aeabi_idiv0)
                  00018ff4    00000184     sprites.o (.text.RenderSprites)
                  00019178    0000016c     ff.o (.text.create_chain)
                  000192e4    00000160     main.o (.text.DeathScreen)
                  00019444    00000158     ff.o (.text.get_fat)
                  0001959c    00000154     libc.a : fopen.c.obj (.text._openfile)
                  000196f0    00000144            : s_floor.c.obj (.text.floor)
                  00019834    00000144     ff.o (.text.sync_fs)
                  00019978    00000140     diskio.o (.text.SPI1_Init)
                  00019ab8    00000138     Sync.o (.text.getInfoPacket)
                  00019bf0    00000134     libc.a : qsort.c.obj (.text.qsort)
                  00019d24    00000126     diskio.o (.text.send_cmd)
                  00019e4a    00000002     libc.a : _lock.c.obj (.text._nop)
                  00019e4c    00000124     ADC.o (.text.ADC_InitDual)
                  00019f70    00000124     ff.o (.text.dir_sdi)
                  0001a094    00000120     ff.o (.text.follow_path)
                  0001a1b4    0000011c     menus.o (.text.dialogueScreen)
                  0001a2d0    00000118     Sync.o (.text.ComputeHitDirection)
                  0001a3e8    00000118     ST7735_SDC.o (.text.ST7735_FillRect)
                  0001a500    00000118     diskio.o (.text.disk_write)
                  0001a618    00000114     ST7735_SDC.o (.text.ST7735_DrawBitmapFromSDC)
                  0001a72c    00000114     libc.a : memory.c.obj (.text.aligned_alloc)
                  0001a840    00000114     ff.o (.text.f_sync)
                  0001a954    0000010c     libclang_rt.builtins.a : divdf3.S.obj (.text.__divdf3)
                  0001aa60    00000100     Buffer.o (.text.drawCharToBuffer)
                  0001ab60    000000f8     SPI.o (.text.SPI_Init)
                  0001ac58    000000f4     ADC.o (.text.ADC0_Init)
                  0001ad4c    000000f4     sprites.o (.text.RenderForegroundSprites)
                  0001ae40    000000f4     Graphics.o (.text.RenderSky)
                  0001af34    000000f4     ST7735_SDC.o (.text.ST7735_SetRotation)
                  0001b028    000000f0     Inventory.o (.text.Inventory_add)
                  0001b118    000000ec     libsysbm.a : add_device.c.obj (.text.add_device)
                  0001b204    000000e8     libc.a : memory.c.obj (.text.free)
                  0001b2ec    000000e4     libclang_rt.builtins.a : muldf3.S.obj (.text.__muldf3)
                  0001b3d0    000000e4     diskio.o (.text.disk_read)
                  0001b4b4    000000e0     Inventory.o (.text.Inventory_replace)
                  0001b594    000000e0     libc.a : setvbuf.c.obj (.text.setvbuf)
                  0001b674    000000dc     Graphics.o (.text.DrawHitIndicator)
                  0001b750    000000dc     Sync.o (.text.RandomizeSprites)
                  0001b82c    000000d0     ST7735_SDC.o (.text.ST7735_OutChar)
                  0001b8fc    000000d0     UART2.o (.text.UART2_Init)
                  0001b9cc    000000c4     main.o (.text.GameLoop)
                  0001ba90    000000c4     Input.o (.text.TIMG12_IRQHandler)
                  0001bb54    000000bc     Sync.o (.text.getPositionPacket)
                  0001bc10    000000b8     ff.o (.text.remove_chain)
                  0001bcc8    000000b8     main.o (.text.respawnPlayer)
                  0001bd80    000000b4     Graphics.o (.text.DrawBar)
                  0001be34    000000b4     Buffer.o (.text.printToBuffer)
                  0001bee8    000000ae     ff.o (.text.get_ldnumber)
                  0001bf96    00000002     --HOLE-- [fill = 0]
                  0001bf98    000000ac     Timer.o (.text.TimerA1_IntArm)
                  0001c044    000000ac     ff.o (.text.check_fs)
                  0001c0f0    000000ac     ST7735_SDC.o (.text.diskError)
                  0001c19c    000000a8     DAC.o (.text.DAC_Init)
                  0001c244    000000a8     sprites.o (.text.RenderInventory)
                  0001c2ec    000000a8     Timer.o (.text.TimerA0_IntArm)
                  0001c394    000000a8     Timer.o (.text.TimerG6_IntArm)
                  0001c43c    000000a8     Timer.o (.text.TimerG7_IntArm)
                  0001c4e4    000000a8     Timer.o (.text.TimerG8_IntArm)
                  0001c58c    000000a8     sprites.o (.text.generateSprite)
                  0001c634    000000a6     ff.o (.text.dir_find)
                  0001c6da    00000002     --HOLE-- [fill = 0]
                  0001c6dc    000000a4     Timer.o (.text.TimerG0_IntArm)
                  0001c780    000000a2     ST7735_SDC.o (.text.commandList)
                  0001c822    000000a2     ff.o (.text.dir_alloc)
                  0001c8c4    000000a0     Buffer.o (.text.blitBufferToRenderBuffer)
                  0001c964    000000a0     libsysbm.a : open.c.obj (.text.open)
                  0001ca04    0000009c     ST7735_SDC.o (.text.ST7735_InitPrintf)
                  0001caa0    00000098     ST7735_SDC.o (.text.ST7735_InitR)
                  0001cb38    00000098     ff.o (.text.f_mount)
                  0001cbd0    00000094     SoundSD.o (.text.SoundSD_Service)
                  0001cc64    00000094     SoundSD.o (.text.SysTick_Handler)
                  0001ccf8    00000094     Timer.o (.text.TimerG12_IntArm)
                  0001cd8c    00000090     Graphics.o (.text.FillMap)
                  0001ce1c    00000090     Graphics.o (.text.printLeaderboard)
                  0001ceac    0000008e     ff.o (.text.sync_window)
                  0001cf3a    00000002     --HOLE-- [fill = 0]
                  0001cf3c    0000008c     Buffer.o (.text.clearRenderBuffer)
                  0001cfc8    00000088     Graphics.o (.text.RenderHUD)
                  0001d050    00000088     ST7735_SDC.o (.text.setAddrWindow)
                  0001d0d8    00000008     UART2.o (.text.UART2_InChar0)
                  0001d0e0    00000088     libc.a : strcmp-armv6m.S.obj (.text:strcmp)
                  0001d168    00000084     Buffer.o (.text.PrecalculateFloorGradient)
                  0001d1ec    00000084     ST7735_SDC.o (.text.ST7735_DrawString)
                  0001d270    00000084     ST7735_SDC.o (.text.ST7735_OutUDec)
                  0001d2f4    00000080     Graphics.o (.text.printAmmo)
                  0001d374    00000080     Sync.o (.text.sendDirectionPacket)
                  0001d3f4    00000080     Sync.o (.text.sendPositionPacket)
                  0001d474    0000007c     LaunchPad.o (.text.LaunchPad_Init)
                  0001d4f0    0000007c     UART1.o (.text.UART1_Init)
                  0001d56c    0000007c     libc.a : fclose.c.obj (.text.__TI_closefile)
                  0001d5e8    0000007c     Sync.o (.text.getRandomMapPos)
                  0001d664    0000007c     libc.a : copy_decompress_lzss.c.obj (.text:decompress:lzss)
                  0001d6e0    00000078     Graphics.o (.text.DrawHealthBar)
                  0001d758    00000078     Graphics.o (.text.DrawMinimap)
                  0001d7d0    00000078     diskio.o (.text.rcvr_datablock)
                  0001d848    00000076     diskio.o (.text.xmit_datablock)
                  0001d8be    00000074     Inventory.o (.text.Inventory_removeCurrent)
                  0001d932    00000002     --HOLE-- [fill = 0]
                  0001d934    00000074     Sync.o (.text.TIMG7_IRQHandler)
                  0001d9a8    00000074     libclang_rt.builtins.a : comparedf2.c.obj (.text.__gedf2)
                  0001da1c    00000070     Graphics.o (.text.Graphics_Init)
                  0001da8c    00000070     ST7735_SDC.o (.text.ST7735_DrawPixel)
                  0001dafc    00000070     SoundSD.o (.text.SoundSD_Play)
                  0001db6c    00000070     ST7735_SDC.o (.text.TFT_OutCommand)
                  0001dbdc    00000070     diskio.o (.text.disk_timerproc)
                  0001dc4c    0000006c     menus.o (.text.GetTriggerPressed)
                  0001dcb8    0000006c     libsysbm.a : hostlseek.c.obj (.text.HOSTlseek)
                  0001dd24    0000006c                : hostrename.c.obj (.text.HOSTrename)
                  0001dd90    0000006c     ST7735_SDC.o (.text.TFT_OutData)
                  0001ddfc    0000006c     UART2.o (.text.UART2_IRQHandler)
                  0001de68    0000006c     libc.a : getdevice.c.obj (.text.getdevice)
                  0001ded4    00000068     libclang_rt.builtins.a : comparedf2.c.obj (.text.__ledf2)
                  0001df3c    00000068     ff.o (.text.validate)
                  0001dfa4    00000064     ADC.o (.text.ADC_InDual)
                  0001e008    00000064     libc.a : memory.c.obj (.text.split)
                  0001e06c    00000062     libclang_rt.builtins.a : aeabi_dcmp.S.obj (.text.__aeabi_dcmp)
                  0001e0ce    00000062     ff.o (.text.move_window)
                  0001e130    00000060     libsysbm.a : hostopen.c.obj (.text.HOSTopen)
                  0001e190    00000060     ff.o (.text.dir_register)
                  0001e1f0    0000005c     Sync.o (.text.TIMG8_IRQHandler)
                  0001e24c    0000005c     Buffer.o (.text.setPixelBuffer)
                  0001e2a8    00000058     libsysbm.a : hostread.c.obj (.text.HOSTread)
                  0001e300    00000058                : hostwrite.c.obj (.text.HOSTwrite)
                  0001e358    00000056     ST7735_SDC.o (.text.ST7735_ClearScreenBlack)
                  0001e3ae    00000002     --HOLE-- [fill = 0]
                  0001e3b0    00000056     libclang_rt.builtins.a : aeabi_idivmod.S.obj (.text.__aeabi_idivmod)
                  0001e406    00000056     sprites.o (.text.compareSprites)
                  0001e45c    00000054     ST7735_SDC.o (.text.fillmessage)
                  0001e4b0    00000054     ff.o (.text.mem_cmp)
                  0001e504    00000052     libc.a : fflush.c.obj (.text.__TI_doflush)
                  0001e556    00000002     --HOLE-- [fill = 0]
                  0001e558    00000050     libsysbm.a : close.c.obj (.text.close)
                  0001e5a8    00000050     diskio.o (.text.wait_ready)
                  0001e5f8    00000050     diskio.o (.text.xmit_spi_multi)
                  0001e648    0000004c     FIFO.o (.text.RxFifo_Get)
                  0001e694    0000004c     FIFO.o (.text.RxFifo_Put)
                  0001e6e0    0000004c     Inventory.o (.text.inInventory)
                  0001e72c    0000004a     libclang_rt.builtins.a : fixdfsi.S.obj (.text.__fixdfsi)
                  0001e776    00000002     --HOLE-- [fill = 0]
                  0001e778    00000048     libsysbm.a : hostclose.c.obj (.text.HOSTclose)
                  0001e7c0    00000048                : hostunlink.c.obj (.text.HOSTunlink)
                  0001e808    00000048     SoundSD.o (.text.SoundSD_Init)
                  0001e850    00000048     Sounds.o (.text.Sound_Init)
                  0001e898    00000048     Sounds.o (.text.Sound_Start)
                  0001e8e0    00000048     menus.o (.text.TIMA1_IRQHandler)
                  0001e928    00000048     Async_Delay.o (.text.TIMG0_IRQHandler)
                  0001e970    00000048     Sync.o (.text.handshake)
                  0001e9b8    00000048     diskio.o (.text.xchg_spi)
                  0001ea00    00000044     ADC.o (.text.ADC0_In)
                  0001ea44    00000044     Input.o (.text.Input_Init)
                  0001ea88    00000044     Graphics.o (.text.RenderScene)
                  0001eacc    00000044     diskio.o (.text.select)
                  0001eb10    00000040     SPI.o (.text.SPI_Reset)
                  0001eb50    00000040     Sync.o (.text.TIMA0_IRQHandler)
                  0001eb90    00000040     libclang_rt.builtins.a : aeabi_uidivmod.S.obj (.text.__aeabi_uidivmod)
                  0001ebd0    00000040     libc.a : fopen.c.obj (.text._search_fp)
                  0001ec10    00000040     ff.o (.text.chk_chr)
                  0001ec50    00000040     ff.o (.text.f_close)
                  0001ec90    0000003c     Buffer.o (.text.RenderBuffer)
                  0001eccc    0000003c     Input.o (.text.fastSin)
                  0001ed08    0000003c     diskio.o (.text.rcvr_spi)
                  0001ed44    0000003c     Sync.o (.text.sendInfoPacket)
                  0001ed80    0000003c     libc.a : autoinit.c.obj (.text:__TI_auto_init_nobinit_nopinit)
                  0001edbc    0000003a     libclang_rt.builtins.a : muldsi3.S.obj (.text.__muldsi3)
                  0001edf6    00000002     --HOLE-- [fill = 0]
                  0001edf8    00000038     LaunchPad.o (.text.ActivatePortA_B)
                  0001ee30    00000038     Sync.o (.text.processHit)
                  0001ee68    00000038     libc.a : rand.c.obj (.text.rand)
                  0001eea0    00000038            : sprintf.c.obj (.text.sprintf)
                  0001eed8    00000038     Async_Delay.o (.text.start_delay)
                  0001ef10    00000036     ff.o (.text.clust2sect)
                  0001ef46    00000036     ff.o (.text.ld_clust)
                  0001ef7c    00000034     Clock.o (.text.Clock_Delay1ms)
                  0001efb0    00000034     ST7735_SDC.o (.text.ST7735_SetCursor)
                  0001efe4    00000034     ST7735_SDC.o (.text.ST7735_write)
                  0001f018    00000034     main.o (.text.SystemInit)
                  0001f04c    00000034     libc.a : fopen.c.obj (.text.__TI_cleanup)
                  0001f080    00000034     libsysbm.a : trgmsg.c.obj (.text.__TI_readmsg)
                  0001f0b4    00000034                : trgmsg.c.obj (.text.__TI_writemsg)
                  0001f0e8    00000034     libc.a : exit.c.obj (.text.exit)
                  0001f11c    00000034            : getdevice.c.obj (.text.finddevice)
                  0001f150    00000034            : fopen.c.obj (.text.freopen)
                  0001f184    00000034     ff.o (.text.mem_cpy)
                  0001f1b8    00000034     Graphics.o (.text.printItem)
                  0001f1ec    00000034     menus.o (.text.typeDialogueLine)
                  0001f220    00000032     ST7735_SDC.o (.text.ST7735_Color565)
                  0001f252    00000002     --HOLE-- [fill = 0]
                  0001f254    00000030     diskio.o (.text.disk_status)
                  0001f284    00000030     Input.o (.text.fastCos)
                  0001f2b4    00000030     libc.a : fopen.c.obj (.text.fopen)
                  0001f2e4    00000030     menus.o (.text.sendMenuState)
                  0001f314    0000002e     SoundSD.o (.text.friendlyDelay)
                  0001f342    00000002     --HOLE-- [fill = 0]
                  0001f344    0000002c     menus.o (.text.GetJoystickY)
                  0001f370    0000002c     menus.o (.text.Menu_Delay)
                  0001f39c    0000002c     ST7735_SDC.o (.text.ST7735_FillScreen)
                  0001f3c8    0000002c     libclang_rt.builtins.a : floatsidf.S.obj (.text.__floatsidf)
                  0001f3f4    0000002c     ST7735_SDC.o (.text.commonInit)
                  0001f420    0000002c     diskio.o (.text.init_spi)
                  0001f44c    0000002c     diskio.o (.text.rcvr_spi_multi)
                  0001f478    0000002c     libsysbm.a : unlink.c.obj (.text.unlink)
                  0001f4a4    0000002a     UART2.o (.text.UART2_InChar)
                  0001f4ce    0000002a     ff.o (.text.mem_set)
                  0001f4f8    00000028     libc.a : memory.c.obj (.text.free_list_insert)
                  0001f520    00000028     libsysbm.a : write.c.obj (.text.write)
                  0001f548    00000028     libc.a : boot_cortex_m.c.obj (.text:_c_int00_noargs)
                  0001f570    00000026     main.o (.text.initRandom)
                  0001f596    00000026     ff.o (.text.st_clust)
                  0001f5bc    00000024     diskio.o (.text.CS_Init)
                  0001f5e0    00000024     Inventory.o (.text.Inventory_next)
                  0001f604    00000024     Joy.o (.text.Joy_Init)
                  0001f628    00000024     libclang_rt.builtins.a : floatunsidf.S.obj (.text.__floatunsidf)
                  0001f64c    00000024     libc.a : rand.c.obj (.text.srand)
                  0001f670    00000022            : memccpy.c.obj (.text.memccpy)
                  0001f692    00000020     Inventory.o (.text.Item_isWeapon)
                  0001f6b2    00000002     --HOLE-- [fill = 0]
                  0001f6b4    00000020     menus.o (.text.LinkMenus)
                  0001f6d4    00000020     SoundSD.o (.text.SoundSD_Stop)
                  0001f6f4    00000020     SoundSD.o (.text.SoundSD_Stream)
                  0001f714    0000001e     ST7735_SDC.o (.text.pushColor)
                  0001f732    00000002     --HOLE-- [fill = 0]
                  0001f734    0000001c     menus.o (.text.Action_SelectMap2)
                  0001f750    0000001c     menus.o (.text.Action_SelectOGMap)
                  0001f76c    0000001c     startup_mspm0g3507_ticlang.o (.text.Default_Handler)
                  0001f788    0000001c     startup_mspm0g3507_ticlang.o (.text.HardFault_Handler)
                  0001f7a4    0000001c     Joy.o (.text.Joy_In)
                  0001f7c0    0000001c     libc.a : memory.c.obj (.text.free_list_remove)
                  0001f7dc    00000018     FIFO.o (.text.RxFifo_Size)
                  0001f7f4    00000018     Sounds.o (.text.SoundEffects_disable)
                  0001f80c    00000018     Sounds.o (.text.SoundEffects_enable)
                  0001f824    00000018     SoundSD.o (.text.SoundSD_Mount)
                  0001f83c    00000018     diskio.o (.text.TIMG6_IRQHandler)
                  0001f854    00000018     UART1.o (.text.UART1_OutChar)
                  0001f86c    00000018     libc.a : sprintf.c.obj (.text._outs)
                  0001f884    00000018     diskio.o (.text.deselect)
                  0001f89c    00000018     main.o (.text.main)
                  0001f8b4    00000016     ST7735_SDC.o (.text.ST7735_open)
                  0001f8ca    00000016     ST7735_SDC.o (.text.ST7735_read)
                  0001f8e0    00000016     menus.o (.text.clearDialogueLine)
                  0001f8f6    00000002     --HOLE-- [fill = 0]
                  0001f8f8    00000014     DAC.o (.text.DAC_Out)
                  0001f90c    00000014     FIFO.o (.text.RxFifo_Init)
                  0001f920    00000014     ST7735_SDC.o (.text.ST7735_SetTextColor)
                  0001f934    00000012     Inventory.o (.text.Inventory_currentItem)
                  0001f946    00000012     Inventory.o (.text.Item_isSpent)
                  0001f958    00000012     libc.a : memcpy16.S.obj (.text:TI_memcpy_small)
                  0001f96a    00000012            : copy_decompress_none.c.obj (.text:decompress:none)
                  0001f97c    00000010     Clock.o (.text.Clock_Delay)
                  0001f98c    00000010     LaunchPad.o (.text.Delay)
                  0001f99c    00000010     Joy.o (.text.Joy_InButton)
                  0001f9ac    00000010     Input.o (.text.ReadKeys)
                  0001f9bc    00000010     libc.a : copy_zero_init.c.obj (.text:decompress:ZI)
                  0001f9cc    0000000e            : memory.c.obj (.text.OUTLINED_FUNCTION_0)
                  0001f9da    0000000e     ST7735_SDC.o (.text.ST7735_lseek)
                  0001f9e8    0000000e     libclang_rt.builtins.a : aeabi_memset.S.obj (.text.__aeabi_memset)
                  0001f9f6    0000000e     libsysbm.a : hostrename.c.obj (.text.strcpy)
                  0001fa04    0000000e     libc.a : _printfi.c.obj (.text.strlen)
                  0001fa12    0000000e     libsysbm.a : hostrename.c.obj (.text.strlen)
                  0001fa20    0000000e     libc.a : memset16.S.obj (.text:TI_memset_small)
                  0001fa2e    00000002     --HOLE-- [fill = 0]
                  0001fa30    0000000c     menus.o (.text.Action_SetEnglish)
                  0001fa3c    0000000c     menus.o (.text.Action_SetGleeb)
                  0001fa48    0000000c     menus.o (.text.Action_SetSpanish)
                  0001fa54    0000000c     Clock.o (.text.Clock_Freq)
                  0001fa60    0000000c     ST7735_SDC.o (.text.ST7735_rename)
                  0001fa6c    0000000c     Sync.o (.text.Sync_Init)
                  0001fa78    0000000c     libclang_rt.builtins.a : aeabi_memset.S.obj (.text.__aeabi_memclr)
                  0001fa84    0000000c     libc.a : memory.c.obj (.text.malloc)
                  0001fa90    0000000a     ST7735_SDC.o (.text.ST7735_close)
                  0001fa9a    0000000a     ST7735_SDC.o (.text.ST7735_unlink)
                  0001faa4    0000000a     libc.a : sprintf.c.obj (.text._outc)
                  0001faae    00000002     --HOLE-- [fill = 0]
                  0001fab0    00000008     libclang_rt.builtins.a : aeabi_memcpy.S.obj (.text.__aeabi_memcpy)
                  0001fab8    00000008     libsysbm.a : remove.c.obj (.text.remove)
                  0001fac0    00000004     startup_mspm0g3507_ticlang.o (.text.Reset_Handler)
                  0001fac4    00000004     libc.a : pre_init.c.obj (.text._system_pre_init)
                  0001fac8    00000004            : exit.c.obj (.text:abort)
                  0001facc    00000004     --HOLE-- [fill = 0]

.cinit     0    0001fad0    000003d0     
                  0001fad0    000003a8     (.cinit..data.load) [load image, compression = lzss]
                  0001fe78    0000000c     (__TI_handler_table)
                  0001fe84    00000008     (.cinit..bss.load) [load image, compression = zero_init]
                  0001fe8c    00000010     (__TI_cinit_table)
                  0001fe9c    00000004     --HOLE-- [fill = 0]

.rodata    0    000000c0    00014e18     
                  000000c0    000023c0     Sounds.o (.rodata.reloadSound)
                  00002480    00002000     main.o (.rodata.DrM0Back)
                  00004480    00002000     main.o (.rodata.DrM0Front)
                  00006480    00002000     Graphics.o (.rodata.SCBarkley)
                  00008480    00002000     Graphics.o (.rodata.circuitBoardTex)
                  0000a480    00002000     Graphics.o (.rodata.matrix2)
                  0000c480    00001e78     Sounds.o (.rodata.shotgunSound)
                  0000e2f8    00000b9e     Sounds.o (.rodata.pistolSound)
                  0000ee96    0000095a     Sounds.o (.rodata.weaploadSound)
                  0000f7f0    0000094f     Sounds.o (.rodata.outofammoSound)
                  0001013f    00000001     SoundSD.o (.rodata.str1.13527524778485116141)
                  00010140    00000800     main.o (.rodata.ExplosionImage)
                  00010940    00000800     main.o (.rodata.PistolImage)
                  00011140    00000800     main.o (.rodata.RailgunImage)
                  00011940    00000800     main.o (.rodata.RifleImage)
                  00012140    00000800     main.o (.rodata.ShotgunImage)
                  00012940    000004fb     Buffer.o (.rodata.Font)
                  00012e3b    000004fb     ST7735_SDC.o (.rodata.Font)
                  00013336    00000240     menus.o (.rodata.Map2)
                  00013576    00000240     menus.o (.rodata.OGMap)
                  000137b6    00000200     main.o (.rodata.Ammosprite)
                  000139b6    00000200     main.o (.rodata.Medkitsprite)
                  00013bb6    00000200     main.o (.rodata.Pistolsprite)
                  00013db6    00000200     main.o (.rodata.Railgunsprite)
                  00013fb6    00000200     main.o (.rodata.Riflesprite)
                  000141b6    00000200     main.o (.rodata.Shotgunsprite)
                  000143b6    0000003b     ST7735_SDC.o (.rodata.Rcmd1)
                  000143f1    00000032     menus.o (.rodata.str1.140621334512231269711)
                  00014423    0000002b     ST7735_SDC.o (.rodata.Rcmd3)
                  0001444e    00000027     menus.o (.rodata.str1.113208849695285104791)
                  00014475    00000027     menus.o (.rodata.str1.135451846495834937441)
                  0001449c    00000027     menus.o (.rodata.str1.63376827379146411741)
                  000144c3    00000026     menus.o (.rodata.str1.81404906354475078651)
                  000144e9    00000025     menus.o (.rodata.str1.74614961083098936291)
                  0001450e    00000024     menus.o (.rodata.str1.81177776277792909121)
                  00014532    00000024     menus.o (.rodata.str1.86700769201746917021)
                  00014556    00000022     menus.o (.rodata.str1.28033218574308728561)
                  00014578    00000022     menus.o (.rodata.str1.34948758358822006441)
                  0001459a    00000022     menus.o (.rodata.str1.55360927250541822621)
                  000145bc    00000021     menus.o (.rodata.str1.103034702921672743001)
                  000145dd    00000021     menus.o (.rodata.str1.107784091255264005081)
                  000145fe    00000021     menus.o (.rodata.str1.160586392388085771341)
                  0001461f    00000021     menus.o (.rodata.str1.170337161734721347371)
                  00014640    00000021     menus.o (.rodata.str1.40053628090355857951)
                  00014661    00000021     menus.o (.rodata.str1.91637467315877147451)
                  00014682    00000020     menus.o (.rodata.str1.4306366311675199791)
                  000146a2    00000020     menus.o (.rodata.str1.95077909458665779181)
                  000146c2    0000001f     menus.o (.rodata.str1.155748364177603385871)
                  000146e1    0000001f     menus.o (.rodata.str1.46791887376355826491)
                  00014700    0000001f     menus.o (.rodata.str1.81225833644655331251)
                  0001471f    0000001f     menus.o (.rodata.str1.8688139744131616041)
                  0001473e    0000001e     menus.o (.rodata.str1.175264794883146963711)
                  0001475c    0000001e     menus.o (.rodata.str1.183748597771052718781)
                  0001477a    0000001e     menus.o (.rodata.str1.20971027457514090791)
                  00014798    0000001e     menus.o (.rodata.str1.22956198075487105381)
                  000147b6    0000001e     menus.o (.rodata.str1.73655613655739932531)
                  000147d4    0000001e     menus.o (.rodata.str1.74080566058812520991)
                  000147f2    0000001d     menus.o (.rodata.str1.3228888584161505541)
                  0001480f    0000001d     menus.o (.rodata.str1.44513436441731468601)
                  0001482c    0000001d     menus.o (.rodata.str1.52873050588701785371)
                  00014849    0000001d     menus.o (.rodata.str1.7928282895222706721)
                  00014866    0000001b     menus.o (.rodata.str1.144980752061332484721)
                  00014881    0000001a     menus.o (.rodata.str1.176007049082984491021)
                  0001489b    0000001a     menus.o (.rodata.str1.2994111456399018321)
                  000148b5    0000001a     menus.o (.rodata.str1.33030937131787990801)
                  000148cf    0000001a     menus.o (.rodata.str1.60159363485278518821)
                  000148e9    0000001a     menus.o (.rodata.str1.8567118370385674241)
                  00014903    00000019     menus.o (.rodata.str1.136979913868584775891)
                  0001491c    00000019     menus.o (.rodata.str1.98146970493463322371)
                  00014935    00000018     menus.o (.rodata.str1.154678455264525287611)
                  0001494d    00000018     menus.o (.rodata.str1.165174548395597112901)
                  00014965    00000018     menus.o (.rodata.str1.26106900523259431471)
                  0001497d    00000018     menus.o (.rodata.str1.95972786851599416241)
                  00014995    00000017     menus.o (.rodata.str1.123781003589582358431)
                  000149ac    00000017     menus.o (.rodata.str1.136911105019720578541)
                  000149c3    00000017     menus.o (.rodata.str1.180461724852559652731)
                  000149da    00000017     menus.o (.rodata.str1.30431070038252418861)
                  000149f1    00000017     menus.o (.rodata.str1.32972604204622997601)
                  00014a08    00000017     menus.o (.rodata.str1.84226594383225847461)
                  00014a1f    00000017     menus.o (.rodata.str1.88687122040722189621)
                  00014a36    00000016     ST7735_SDC.o (.rodata.str1.28433820059943190321)
                  00014a4c    00000015     menus.o (.rodata.str1.143962844449559802791)
                  00014a61    00000015     menus.o (.rodata.str1.158802905182404206651)
                  00014a76    00000015     menus.o (.rodata.str1.15971142441765235821)
                  00014a8b    00000015     menus.o (.rodata.str1.170996034951354877861)
                  00014aa0    00000015     menus.o (.rodata.str1.4214942804051900751)
                  00014ab5    00000014     menus.o (.rodata.str1.183427259283358497691)
                  00014ac9    00000014     menus.o (.rodata.str1.27961984965217310221)
                  00014add    00000014     menus.o (.rodata.str1.38444633762129813501)
                  00014af1    00000013     menus.o (.rodata.str1.133114563533038133421)
                  00014b04    00000013     menus.o (.rodata.str1.52580392435264777181)
                  00014b17    00000012     menus.o (.rodata.str1.160115412195507249741)
                  00014b29    00000012     menus.o (.rodata.str1.29537622648338285051)
                  00014b3b    00000011     menus.o (.rodata.str1.119775304940909566111)
                  00014b4c    00000011     libc.a : _printfi.c.obj (.rodata.str1.153638888446227384661)
                  00014b5d    00000011     menus.o (.rodata.str1.52558102856280783751)
                  00014b6e    00000010     menus.o (.rodata.str1.121894215555781854721)
                  00014b7e    00000010     menus.o (.rodata.str1.157020737410788849921)
                  00014b8e    00000010     menus.o (.rodata.str1.6049594314190078561)
                  00014b9e    0000000f     ff.o (.rodata.str1.113280866994296648041)
                  00014bad    0000000f     menus.o (.rodata.str1.92639813083400278031)
                  00014bbc    0000000e     Graphics.o (.rodata.str1.101815359073638397881)
                  00014bca    0000000e     menus.o (.rodata.str1.105692775232363439901)
                  00014bd8    0000000e     menus.o (.rodata.str1.109323214156024499631)
                  00014be6    0000000e     menus.o (.rodata.str1.128989763563720414811)
                  00014bf4    0000000e     menus.o (.rodata.str1.153972598488747820211)
                  00014c02    0000000e     menus.o (.rodata.str1.28534660028422600551)
                  00014c10    0000000d     ST7735_SDC.o (.rodata.Rcmd2green)
                  00014c1d    0000000d     ST7735_SDC.o (.rodata.Rcmd2red)
                  00014c2a    0000000d     menus.o (.rodata.str1.149748156457843606111)
                  00014c37    0000000d     menus.o (.rodata.str1.18587315262870873111)
                  00014c44    0000000c     menus.o (.rodata.backText)
                  00014c50    0000000c     menus.o (.rodata.englishText)
                  00014c5c    0000000c     menus.o (.rodata.gleebText)
                  00014c68    0000000c     menus.o (.rodata.languageMenuTitle)
                  00014c74    0000000c     menus.o (.rodata.languageText)
                  00014c80    0000000c     menus.o (.rodata.mainTitleText)
                  00014c8c    0000000c     menus.o (.rodata.map2Text)
                  00014c98    0000000c     main.o (.rodata.medkitName)
                  00014ca4    0000000c     menus.o (.rodata.ogMapText)
                  00014cb0    0000000c     main.o (.rodata.pistolName)
                  00014cbc    0000000c     main.o (.rodata.railgunName)
                  00014cc8    0000000c     main.o (.rodata.rifleName)
                  00014cd4    0000000c     menus.o (.rodata.selectMapText)
                  00014ce0    0000000c     main.o (.rodata.shotgunName)
                  00014cec    0000000c     menus.o (.rodata.spanishText)
                  00014cf8    0000000c     menus.o (.rodata.startGameText)
                  00014d04    0000000c     menus.o (.rodata.str1.147465653251047986931)
                  00014d10    0000000c     menus.o (.rodata.str1.53289981759703125101)
                  00014d1c    0000000c     menus.o (.rodata.str1.55310129449917907021)
                  00014d28    0000000b     Graphics.o (.rodata.str1.111845795882479080211)
                  00014d33    0000000b     menus.o (.rodata.str1.124198988536565629501)
                  00014d3e    0000000b     menus.o (.rodata.str1.20226054460873807351)
                  00014d49    0000000b     menus.o (.rodata.str1.37298010153340831671)
                  00014d54    0000000b     menus.o (.rodata.str1.63063412741383656541)
                  00014d5f    0000000a     Graphics.o (.rodata.str1.45937735617970562101)
                  00014d69    0000000a     menus.o (.rodata.str1.67344958428517426261)
                  00014d73    00000009     menus.o (.rodata.str1.11748345053224590121)
                  00014d7c    00000009     ST7735_SDC.o (.rodata.str1.119827176004061594541)
                  00014d85    00000009     main.o (.rodata.str1.121071377670202666191)
                  00014d8e    00000009     menus.o (.rodata.str1.121123247888127407721)
                  00014d97    00000009     menus.o (.rodata.str1.127816206145025086161)
                  00014da0    00000009     main.o (.rodata.str1.139123098054563454261)
                  00014da9    00000009     menus.o (.rodata.str1.164003342849016447201)
                  00014db2    00000009     Graphics.o (.rodata.str1.174670005707905455781)
                  00014dbb    00000009     main.o (.rodata.str1.30235616187663446621)
                  00014dc4    00000009     menus.o (.rodata.str1.63580008137743042971)
                  00014dcd    00000009     Graphics.o (.rodata.str1.67127546031375070101)
                  00014dd6    00000009     menus.o (.rodata.str1.82245934695475978981)
                  00014ddf    00000009     ST7735_SDC.o (.rodata.str1.96930949990895218701)
                  00014de8    00000009     menus.o (.rodata.str1.97646962490272984001)
                  00014df1    00000008     main.o (.rodata.str1.128962870563899395191)
                  00014df9    00000008     menus.o (.rodata.str1.155228271783013021831)
                  00014e01    00000008     main.o (.rodata.str1.164552152177587026401)
                  00014e09    00000008     ST7735_SDC.o (.rodata.str1.165812335033060454901)
                  00014e11    00000008     main.o (.rodata.str1.42835430280232758001)
                  00014e19    00000008     menus.o (.rodata.str1.65750054775735849871)
                  00014e21    00000008     menus.o (.rodata.str1.69999045451270665711)
                  00014e29    00000007     ST7735_SDC.o (.rodata.str1.108798170232719549071)
                  00014e30    00000007     main.o (.rodata.str1.115890148426537372251)
                  00014e37    00000007     menus.o (.rodata.str1.1277942910637927151)
                  00014e3e    00000007     main.o (.rodata.str1.181369900268917052751)
                  00014e45    00000007     main.o (.rodata.str1.4040285661218773341)
                  00014e4c    00000007     menus.o (.rodata.str1.44852280986964266461)
                  00014e53    00000007     ST7735_SDC.o (.rodata.str1.48346598350755635861)
                  00014e5a    00000007     menus.o (.rodata.str1.59382714011411076131)
                  00014e61    00000007     ST7735_SDC.o (.rodata.str1.65157548236227532931)
                  00014e68    00000007     menus.o (.rodata.str1.80119958098595689001)
                  00014e6f    00000006     ST7735_SDC.o (.rodata.str1.105453447318699584981)
                  00014e75    00000006     menus.o (.rodata.str1.107618944876940139201)
                  00014e7b    00000006     menus.o (.rodata.str1.151812138345797082741)
                  00014e81    00000006     main.o (.rodata.str1.157592557656998809351)
                  00014e87    00000006     ST7735_SDC.o (.rodata.str1.175182287407566781581)
                  00014e8d    00000006     main.o (.rodata.str1.182731374899196392841)
                  00014e93    00000006     Graphics.o (.rodata.str1.46143995295070766951)
                  00014e99    00000006     main.o (.rodata.str1.58265674741439123291)
                  00014e9f    00000006     menus.o (.rodata.str1.59493562986345245221)
                  00014ea5    00000006     menus.o (.rodata.str1.70705070438164780481)
                  00014eab    00000006     menus.o (.rodata.str1.74484252914149724171)
                  00014eb1    00000005     main.o (.rodata.str1.102198819253266672751)
                  00014eb6    00000005     main.o (.rodata.str1.140962207062303880201)
                  00014ebb    00000005     Graphics.o (.rodata.str1.37161536259113115651)
                  00014ec0    00000005     main.o (.rodata.str1.54842681482495761191)
                  00014ec5    00000005     menus.o (.rodata.str1.71614747585608304151)
                  00014eca    00000003     Graphics.o (.rodata.str1.25158831670344200691)
                  00014ecd    00000002     ST7735_SDC.o (.rodata.str1.139922138757215469871)
                  00014ecf    00000002     Graphics.o (.rodata.str1.2002389610935928081)
                  00014ed1    00000001     Graphics.o (.rodata.str1.86410570762347020181)
                  00014ed2    00000006     --HOLE-- [fill = 0]

.init_array 
*          0    00000000    00000000     UNINITIALIZED

.binit     0    00000000    00000000     

.bss       0    20200000    0000693c     UNINITIALIZED
                  20200000    00005000     (.common:renderBuffer)
                  20205000    00000500     (.common:ZBuffer)
                  20205500    00000480     (.common:miniMap)
                  20205980    00000240     (.common:worldMap)
                  20205bc0    00000234     SoundSD.o (.bss.fs)
                  20205df4    00000234     Graphics.o (.bss.g_sFatFs)
                  20206028    00000224     SoundSD.o (.bss.fil)
                  2020624c    00000200     SoundSD.o (.bss.buf1)
                  2020644c    00000200     SoundSD.o (.bss.buf2)
                  2020664c    00000120     libsysbm.a : trgmsg.c.obj (.bss:_CIOBUF_)
                  2020676c    000000a0     libc.a : defs.c.obj (.bss.__TI_tmpnams)
                  2020680c    00000080     (.common:floorGradient)
                  2020688c    00000040     FIFO.o (.bss.RxFifo)
                  202068cc    0000000c     (.common:Message)
                  202068d8    00000008     libsysbm.a : hostopen.c.obj (.bss.parmbuf)
                  202068e0    00000004     ff.o (.bss.FatFs)
                  202068e4    00000004     diskio.o (.bss.Timer1)
                  202068e8    00000004     diskio.o (.bss.Timer2)
                  202068ec    00000004     SoundSD.o (.bss.blockCount)
                  202068f0    00000004     SoundSD.o (.bss.bytesRead)
                  202068f4    00000004     SoundSD.o (.bss.needRefill)
                  202068f8    00000004     libc.a : memory.c.obj (.bss.sys_free)
                  202068fc    00000004     (.common:Joy_x)
                  20206900    00000004     (.common:Joy_y)
                  20206904    00000004     (.common:LCDresetFlag)
                  20206908    00000004     (.common:Length)
                  2020690c    00000004     (.common:LostData)
                  20206910    00000004     (.common:Messageindex)
                  20206914    00000004     (.common:RxGetI)
                  20206918    00000004     (.common:RxPutI)
                  2020691c    00000004     (.common:SoundPt)
                  20206920    00000004     (.common:flag_done)
                  20206924    00000004     (.common:ms_done)
                  20206928    00000004     (.common:ms_passed)
                  2020692c    00000002     ff.o (.bss.Fsid)
                  2020692e    00000002     ST7735_SDC.o (.bss.sdcBuffer)
                  20206930    00000001     diskio.o (.bss.CardType)
                  20206931    00000001     ST7735_SDC.o (.bss.ColStart)
                  20206932    00000001     ST7735_SDC.o (.bss.Rotation)
                  20206933    00000001     ST7735_SDC.o (.bss.RowStart)
                  20206934    00000001     ST7735_SDC.o (.bss.TabColor)
                  20206935    00000001     (.common:InitStatus)
                  20206936    00000001     (.common:MountFresult)
                  20206937    00000001     (.common:isPlaying)
                  20206938    00000001     (.common:isShooting)
                  20206939    00000001     (.common:isSwapping)
                  2020693a    00000001     (.common:needSync)
                  2020693b    00000001     (.common:reloaded)

.data      0    20206940    00000a4c     UNINITIALIZED
                  20206940    00000258     main.o (.data.Sprites)
                  20206b98    000000f0     libc.a : defs.c.obj (.data._ftable)
                  20206c88    00000078     libsysbm.a : host_device.c.obj (.data._device)
                  20206d00    00000068     main.o (.data.bigammo)
                  20206d68    00000068     main.o (.data.medkit)
                  20206dd0    00000068     main.o (.data.pistol)
                  20206e38    00000068     main.o (.data.railgun)
                  20206ea0    00000068     main.o (.data.rifle)
                  20206f08    00000068     main.o (.data.shotgun)
                  20206f70    00000068     main.o (.data.smallammo)
                  20206fd8    00000050     libsysbm.a : host_device.c.obj (.data._stream)
                  20207028    0000004c     menus.o (.data.geebleGeneralDialogueEnglish)
                  20207074    0000004c     menus.o (.data.geebleGeneralDialogueGleeb)
                  202070c0    0000004c     menus.o (.data.geebleGeneralDialogueSpanish)
                  2020710c    00000004     Clock.o (.data.BusFreq)
                  20207110    00000040     main.o (.data.other)
                  20207150    00000040     main.o (.data.self)
                  20207190    00000030     menus.o (.data.languageMenuItems)
                  202071c0    00000028     Sounds.o (.data.SoundEffects)
                  202071e8    00000028     main.o (.data.gunFlash)
                  20207210    00000024     menus.o (.data.mapMenuItems)
                  20207234    0000001c     menus.o (.data.deathScreenTextEnglish)
                  20207250    0000001c     menus.o (.data.deathScreenTextGleeb)
                  2020726c    0000001c     menus.o (.data.deathScreenTextSpanish)
                  20207288    0000001c     main.o (.data.items)
                  202072a4    00000018     menus.o (.data.mainMenuItems)
                  202072bc    00000014     main.o (.data.inventory)
                  202072d0    00000010     menus.o (.data.languageMenu)
                  202072e0    00000010     menus.o (.data.mainMenu)
                  202072f0    00000010     menus.o (.data.mapMenu)
                  20207300    00000010     Graphics.o (.data.textures)
                  20207310    0000000c     Graphics.o (.data.ammoText)
                  2020731c    0000000c     menus.o (.data.deathScreenTexts)
                  20207328    0000000c     menus.o (.data.geebleGeneralDialogues)
                  20207334    00000008     libc.a : exit.c.obj (.data..L_MergedGlobals)
                  2020733c    00000004     Graphics.o (.data.RenderScene.side)
                  20207340    00000004     ST7735_SDC.o (.data.StX)
                  20207344    00000004     ST7735_SDC.o (.data.StY)
                  20207348    00000004     libc.a : defs.c.obj (.data.__TI_ft_end)
                  2020734c    00000004            : _lock.c.obj (.data._lock)
                  20207350    00000004            : _lock.c.obj (.data._unlock)
                  20207354    00000004     SoundSD.o (.data.back)
                  20207358    00000004     SoundSD.o (.data.front)
                  2020735c    00000004     SoundSD.o (.data.idx)
                  20207360    00000004     libc.a : rand.c.obj (.data.next)
                  20207364    00000004     main.o (.data.numsprites)
                  20207368    00000004     Sync.o (.data.otherPlayer)
                  2020736c    00000002     ST7735_SDC.o (.data.StTextColor)
                  2020736e    00000002     Sync.o (.data.TIMA0_IRQHandler.timeCt)
                  20207370    00000002     ST7735_SDC.o (.data._height)
                  20207372    00000002     ST7735_SDC.o (.data._width)
                  20207374    00000002     Sync.o (.data.hitTimer)
                  20207376    00000001     menus.o (.data.GetTriggerPressed.last)
                  20207377    00000001     sprites.o (.data.RenderForegroundSprites.sidesDrawn)
                  20207378    00000001     Sounds.o (.data.SoundMode)
                  20207379    00000001     diskio.o (.data.Stat)
                  2020737a    00000001     Sync.o (.data.TIMG7_IRQHandler.packetIndex)
                  2020737b    00000001     Sync.o (.data.TIMG8_IRQHandler.packetIndex)
                  2020737c    00000001     libsysbm.a : add_device.c.obj (.data.add_device.device_init)
                  2020737d    00000001     sprites.o (.data.canSwapItems)
                  2020737e    00000001     Sounds.o (.data.enabled)
                  2020737f    00000001     main.o (.data.healthCode)
                  20207380    00000001     Sync.o (.data.hitDir)
                  20207381    00000001     Sync.o (.data.itemsStatus)
                  20207382    00000001     menus.o (.data.language)
                  20207383    00000001     Input.o (.data.lastInput)
                  20207384    00000001     libc.a : memory.c.obj (.data.memory_is_initialized)
                  20207385    00000001     Input.o (.data.rifleCanShoot)
                  20207386    00000001     menus.o (.data.selection)
                  20207387    00000001     menus.o (.data.startGameSelected)
                  20207388    00000001     libsysbm.a : open.c.obj (.data.open.stream_init)
                  20207389    00000001     menus.o (.data.triggerMode)
                  2020738a    00000001     menus.o (.data.triggerPressed)
                  2020738b    00000001     menus.o (.data.y)

.sysmem    0    20207390    00000200     UNINITIALIZED
                  20207390    00000010     libc.a : memory.c.obj (.sysmem)
                  202073a0    000001f0     --HOLE--

.stack     0    20207e00    00000200     UNINITIALIZED
                  20207e00    00000004     libc.a : boot_cortex_m.c.obj (.stack)
                  20207e04    000001fc     --HOLE--

__llvm_prf_cnts 
*          0    20200000    00000000     UNINITIALIZED

__llvm_prf_bits 
*          0    20200000    00000000     UNINITIALIZED

MODULE SUMMARY

       Module                         code    ro data   rw data
       ------                         ----    -------   -------
    .\
       main.o                         846     29861     1550   
       Graphics.o                     3364    24646     3614   
       Sounds.o                       192     24703     50     
       Buffer.o                       1556    1275      20608  
       ff.o                           8902    15        6      
       ST7735_SDC.o                   4906    1486      36     
       menus.o                        1614    3518      500    
       diskio.o                       3300    0         14     
       SoundSD.o                      614     1         2160   
       sprites.o                      2594    0         2      
       Sync.o                         2264    0         12     
       Input.o                        2232    0         5      
       Timer.o                        1156    0         0      
       Inventory.o                    760     0         0      
       ADC.o                          704     0         0      
       Clock.o                        516     0         4      
       UART2.o                        366     0         4      
       SPI.o                          312     0         0      
       FIFO.o                         196     0         72     
       LaunchPad.o                    196     0         0      
       DAC.o                          188     0         0      
       UART1.o                        148     0         0      
       Async_Delay.o                  128     0         12     
       Joy.o                          80      0         0      
    +--+------------------------------+-------+---------+---------+
       Total:                         37134   85505     28649  
                                                               
    .\ticlang\
       startup_mspm0g3507_ticlang.o   60      192       0      
    +--+------------------------------+-------+---------+---------+
       Total:                         60      192       0      
                                                               
    C:\ti\ccs2000\ccs\tools\compiler\ti-cgt-armllvm_4.0.1.LTS\lib\armv6m-ti-none-eabi/c/libc.a
       memory.c.obj                   702     0         5      
       _printfi.c.obj                 658     17        0      
       fopen.c.obj                    556     0         0      
       defs.c.obj                     0       0         404    
       s_floor.c.obj                  324     0         0      
       qsort.c.obj                    308     0         0      
       setvbuf.c.obj                  224     0         0      
       getdevice.c.obj                160     0         0      
       strcmp-armv6m.S.obj            136     0         0      
       copy_decompress_lzss.c.obj     124     0         0      
       fclose.c.obj                   124     0         0      
       rand.c.obj                     92      0         4      
       sprintf.c.obj                  90      0         0      
       fflush.c.obj                   82      0         0      
       exit.c.obj                     56      0         8      
       autoinit.c.obj                 60      0         0      
       boot_cortex_m.c.obj            40      0         0      
       memccpy.c.obj                  34      0         0      
       copy_decompress_none.c.obj     18      0         0      
       memcpy16.S.obj                 18      0         0      
       copy_zero_init.c.obj           16      0         0      
       memset16.S.obj                 14      0         0      
       _lock.c.obj                    2       0         8      
       pre_init.c.obj                 4       0         0      
    +--+------------------------------+-------+---------+---------+
       Total:                         3842    17        429    
                                                               
    C:\ti\ccs2000\ccs\tools\compiler\ti-cgt-armllvm_4.0.1.LTS\lib\armv6m-ti-none-eabi/c/libsysbm.a
       trgmsg.c.obj                   104     0         288    
       add_device.c.obj               236     0         1      
       host_device.c.obj              0       0         200    
       open.c.obj                     160     0         1      
       hostrename.c.obj               136     0         0      
       hostlseek.c.obj                108     0         0      
       hostopen.c.obj                 96      0         8      
       hostread.c.obj                 88      0         0      
       hostwrite.c.obj                88      0         0      
       close.c.obj                    80      0         0      
       hostclose.c.obj                72      0         0      
       hostunlink.c.obj               72      0         0      
       unlink.c.obj                   44      0         0      
       write.c.obj                    40      0         0      
       remove.c.obj                   8       0         0      
    +--+------------------------------+-------+---------+---------+
       Total:                         1332    0         498    
                                                               
    C:\ti\ccs2000\ccs\tools\compiler\ti-cgt-armllvm_4.0.1.LTS\lib\armv6m-ti-none-eabi/libclang_rt.builtins.a
       adddf3.S.obj                   402     0         0      
       divdf3.S.obj                   268     0         0      
       muldf3.S.obj                   228     0         0      
       comparedf2.c.obj               220     0         0      
       aeabi_dcmp.S.obj               98      0         0      
       aeabi_idivmod.S.obj            86      0         0      
       fixdfsi.S.obj                  74      0         0      
       aeabi_uidivmod.S.obj           64      0         0      
       muldsi3.S.obj                  58      0         0      
       floatsidf.S.obj                44      0         0      
       floatunsidf.S.obj              36      0         0      
       aeabi_memset.S.obj             26      0         0      
       aeabi_memcpy.S.obj             8       0         0      
       aeabi_div0.c.obj               2       0         0      
    +--+------------------------------+-------+---------+---------+
       Total:                         1614    0         0      
                                                               
       Heap:                          0       0         512    
       Stack:                         0       0         512    
       Linker Generated:              0       972       0      
    +--+------------------------------+-------+---------+---------+
       Grand Total:                   43982   86686     30600  


LINKER GENERATED COPY TABLES

__TI_cinit_table @ 0001fe8c records: 2, size/record: 8, table size: 16
	.data: load addr=0001fad0, load size=000003a8 bytes, run addr=20206940, run size=00000a4c bytes, compression=lzss
	.bss: load addr=0001fe84, load size=00000008 bytes, run addr=20200000, run size=0000693c bytes, compression=zero_init


LINKER GENERATED HANDLER TABLE

__TI_handler_table @ 0001fe78 records: 3, size/record: 4, table size: 12
	index: 0, handler: __TI_decompress_lzss
	index: 1, handler: __TI_decompress_none
	index: 2, handler: __TI_zero_init


GLOBAL SYMBOLS: SORTED ALPHABETICALLY BY Name 

address   name                          
-------   ----                          
0001f76d  ADC0_IRQHandler               
0001ea01  ADC0_In                       
0001ac59  ADC0_Init                     
0001f76d  ADC1_IRQHandler               
0001dfa5  ADC_InDual                    
00019e4d  ADC_InitDual                  
0001f76d  AES_IRQHandler                
0001edf9  ActivatePortA_B               
000137b6  Ammosprite                    
2020710c  BusFreq                       
0001fac8  C$$EXIT                       
0001f0e1  C$$IO$$                       
0001f76d  CANFD0_IRQHandler             
0001f5bd  CS_Init                       
000161b1  CastRays                      
0001f97d  Clock_Delay                   
0001ef7d  Clock_Delay1ms                
0001fa55  Clock_Freq                    
000187dd  Clock_Init80MHz               
0001f76d  DAC0_IRQHandler               
0001c19d  DAC_Init                      
0001f8f9  DAC_Out                       
0001f76d  DMA_IRQHandler                
000192e5  DeathScreen                   
0001f76d  Default_Handler               
0001f98d  Delay                         
00002480  DrM0Back                      
00004480  DrM0Front                     
00018ccd  DrawCrosshair                 
0001d6e1  DrawHealthBar                 
0001b675  DrawHitIndicator              
0001d759  DrawMinimap                   
00010140  ExplosionImage                
0001cd8d  FillMap                       
0001f76d  GROUP0_IRQHandler             
0001f76d  GROUP1_IRQHandler             
0001b9cd  GameLoop                      
0001da1d  Graphics_Init                 
0001e779  HOSTclose                     
0001dcb9  HOSTlseek                     
0001e131  HOSTopen                      
0001e2a9  HOSTread                      
0001dd25  HOSTrename                    
0001e7c1  HOSTunlink                    
0001e301  HOSTwrite                     
0001f789  HardFault_Handler             
0001f76d  I2C0_IRQHandler               
0001f76d  I2C1_IRQHandler               
20206935  InitStatus                    
0001ea45  Input_Init                    
0001b029  Inventory_add                 
0001f935  Inventory_currentItem         
0001f5e1  Inventory_next                
0001d8bf  Inventory_removeCurrent       
0001b4b5  Inventory_replace             
0001f947  Item_isSpent                  
0001f693  Item_isWeapon                 
0001f7a5  Joy_In                        
0001f99d  Joy_InButton                  
0001f605  Joy_Init                      
202068fc  Joy_x                         
20206900  Joy_y                         
20206904  LCDresetFlag                  
0001d475  LaunchPad_Init                
20206908  Length                        
2020690c  LostData                      
00013336  Map2                          
000139b6  Medkitsprite                  
000166bd  Menus_Run                     
202068cc  Message                       
20206910  Messageindex                  
20206936  MountFresult                  
00014ee1  MovePlayer                    
0001f76d  NMI_Handler                   
00013576  OGMap                         
0001f76d  PendSV_Handler                
00010940  PistolImage                   
00013bb6  Pistolsprite                  
0001d169  PrecalculateFloorGradient     
0001f76d  RTC_IRQHandler                
00011140  RailgunImage                  
00013db6  Railgunsprite                 
0001b751  RandomizeSprites              
0001f9ad  ReadKeys                      
0001ec91  RenderBuffer                  
0001ad4d  RenderForegroundSprites       
0001cfc9  RenderHUD                     
0001c245  RenderInventory               
0001ea89  RenderScene                   
0001ae41  RenderSky                     
00015615  RenderSprite                  
00018ff5  RenderSprites                 
0001fac1  Reset_Handler                 
00011940  RifleImage                    
00013fb6  Riflesprite                   
0001e649  RxFifo_Get                    
0001f90d  RxFifo_Init                   
0001e695  RxFifo_Put                    
0001f7dd  RxFifo_Size                   
20206914  RxGetI                        
20206918  RxPutI                        
00006480  SCBarkley                     
0001f76d  SPI0_IRQHandler               
0001f76d  SPI1_IRQHandler               
00019979  SPI1_Init                     
0001ab61  SPI_Init                      
0001eb11  SPI_Reset                     
0001e359  ST7735_ClearScreenBlack       
0001f221  ST7735_Color565               
00018041  ST7735_DrawBitmap             
0001a619  ST7735_DrawBitmapFromSDC      
00018991  ST7735_DrawCharS              
0001da8d  ST7735_DrawPixel              
0001d1ed  ST7735_DrawString             
00018251  ST7735_DrawTextBoxS           
00017e2d  ST7735_DrawTextBoxS_IF        
0001a3e9  ST7735_FillRect               
0001f39d  ST7735_FillScreen             
0001ca05  ST7735_InitPrintf             
0001caa1  ST7735_InitR                  
0001b82d  ST7735_OutChar                
0001d271  ST7735_OutUDec                
0001efb1  ST7735_SetCursor              
0001af35  ST7735_SetRotation            
0001f921  ST7735_SetTextColor           
0001fa91  ST7735_close                  
0001f9db  ST7735_lseek                  
0001f8b5  ST7735_open                   
0001f8cb  ST7735_read                   
0001fa61  ST7735_rename                 
0001fa9b  ST7735_unlink                 
0001efe5  ST7735_write                  
0001f76d  SVC_Handler                   
00012140  ShotgunImage                  
000141b6  Shotgunsprite                 
202071c0  SoundEffects                  
0001f7f5  SoundEffects_disable          
0001f80d  SoundEffects_enable           
20207378  SoundMode                     
2020691c  SoundPt                       
0001e809  SoundSD_Init                  
0001f825  SoundSD_Mount                 
0001dafd  SoundSD_Play                  
0001cbd1  SoundSD_Service               
0001f6d5  SoundSD_Stop                  
0001f6f5  SoundSD_Stream                
0001e851  Sound_Init                    
0001e899  Sound_Start                   
20206940  Sprites                       
2020736c  StTextColor                   
20207340  StX                           
20207344  StY                           
0001fa6d  Sync_Init                     
0001cc65  SysTick_Handler               
0001f019  SystemInit                    
0001db6d  TFT_OutCommand                
0001dd91  TFT_OutData                   
0001eb51  TIMA0_IRQHandler              
0001e8e1  TIMA1_IRQHandler              
0001e929  TIMG0_IRQHandler              
0001ba91  TIMG12_IRQHandler             
0001f83d  TIMG6_IRQHandler              
0001d935  TIMG7_IRQHandler              
0001e1f1  TIMG8_IRQHandler              
0001f959  TI_memcpy_small               
0001fa21  TI_memset_small               
0001c2ed  TimerA0_IntArm                
0001bf99  TimerA1_IntArm                
0001c6dd  TimerG0_IntArm                
0001ccf9  TimerG12_IntArm               
0001c395  TimerG6_IntArm                
0001c43d  TimerG7_IntArm                
0001c4e5  TimerG8_IntArm                
0001f76d  UART0_IRQHandler              
0001f76d  UART1_IRQHandler              
0001d4f1  UART1_Init                    
0001f855  UART1_OutChar                 
0001ddfd  UART2_IRQHandler              
0001f4a5  UART2_InChar                  
0001d0d9  UART2_InChar0                 
0001b8fd  UART2_Init                    
0001f76d  UART3_IRQHandler              
20205000  ZBuffer                       
2020664c  _CIOBUF_                      
2020664c  __CIOBUF_                     
20208000  __STACK_END                   
00000200  __STACK_SIZE                  
00000200  __SYSMEM_SIZE                 
00000000  __TI_ATRegion0_region_sz      
00000000  __TI_ATRegion0_src_addr       
00000000  __TI_ATRegion0_trg_addr       
00000000  __TI_ATRegion1_region_sz      
00000000  __TI_ATRegion1_src_addr       
00000000  __TI_ATRegion1_trg_addr       
00000000  __TI_ATRegion2_region_sz      
00000000  __TI_ATRegion2_src_addr       
00000000  __TI_ATRegion2_trg_addr       
0001fe8c  __TI_CINIT_Base               
0001fe9c  __TI_CINIT_Limit              
0001fe9c  __TI_CINIT_Warm               
0001fe78  __TI_Handler_Table_Base       
0001fe84  __TI_Handler_Table_Limit      
0001ed81  __TI_auto_init_nobinit_nopinit
0001f04d  __TI_cleanup                  
20207334  __TI_cleanup_ptr              
0001d56d  __TI_closefile                
0001d665  __TI_decompress_lzss          
0001f96b  __TI_decompress_none          
0001e505  __TI_doflush                  
20207338  __TI_dtors_ptr                
20207348  __TI_ft_end                   
ffffffff  __TI_pprof_out_hndl           
000174f9  __TI_printfi_minimal          
ffffffff  __TI_prof_data_size           
ffffffff  __TI_prof_data_start          
0001f081  __TI_readmsg                  
00000000  __TI_static_base__            
2020676c  __TI_tmpnams                  
0001f0b5  __TI_writemsg                 
0001f9bd  __TI_zero_init                
00018e6b  __adddf3                      
0001e72d  __aeabi_d2iz                  
00018e6b  __aeabi_dadd                  
0001e06d  __aeabi_dcmpeq                
0001e0a9  __aeabi_dcmpge                
0001e0bd  __aeabi_dcmpgt                
0001e095  __aeabi_dcmple                
0001e081  __aeabi_dcmplt                
0001a955  __aeabi_ddiv                  
0001b2ed  __aeabi_dmul                  
00018e61  __aeabi_dsub                  
0001f3c9  __aeabi_i2d                   
0001e3b1  __aeabi_idiv                  
00018ff3  __aeabi_idiv0                 
0001e3b1  __aeabi_idivmod               
0001fa79  __aeabi_memclr                
0001fa79  __aeabi_memclr4               
0001fa79  __aeabi_memclr8               
0001fab1  __aeabi_memcpy                
0001fab1  __aeabi_memcpy4               
0001fab1  __aeabi_memcpy8               
0001f9e9  __aeabi_memset                
0001f9e9  __aeabi_memset4               
0001f9e9  __aeabi_memset8               
0001f629  __aeabi_ui2d                  
0001eb91  __aeabi_uidiv                 
0001eb91  __aeabi_uidivmod              
ffffffff  __binit__                     
0001ded5  __cmpdf2                      
0001a955  __divdf3                      
0001ded5  __eqdf2                       
0001e72d  __fixdfsi                     
0001f3c9  __floatsidf                   
0001f629  __floatunsidf                 
0001d9a9  __gedf2                       
0001d9a9  __gtdf2                       
0001ded5  __ledf2                       
0001ded5  __ltdf2                       
UNDEFED   __mpu_init                    
0001b2ed  __muldf3                      
0001edbd  __muldsi3                     
0001ded5  __nedf2                       
20207e00  __stack                       
20200000  __start___llvm_prf_bits       
20200000  __start___llvm_prf_cnts       
20200000  __stop___llvm_prf_bits        
20200000  __stop___llvm_prf_cnts        
00018e61  __subdf3                      
0001f549  _c_int00_noargs               
20206c88  _device                       
20206b98  _ftable                       
2020734c  _lock                         
00019e4b  _nop                          
20206fd8  _stream                       
20207390  _sys_memory                   
UNDEFED   _system_post_cinit            
0001fac5  _system_pre_init              
20207350  _unlock                       
0001fac9  abort                         
0001b119  add_device                    
0001a72d  aligned_alloc                 
20207310  ammoText                      
00014c44  backText                      
20206d00  bigammo                       
ffffffff  binit                         
0001c8c5  blitBufferToRenderBuffer      
2020737d  canSwapItems                  
00008480  circuitBoardTex               
0001f8e1  clearDialogueLine             
0001cf3d  clearRenderBuffer             
0001e559  close                         
0001ef11  clust2sect                    
0001e407  compareSprites                
20207234  deathScreenTextEnglish        
20207250  deathScreenTextGleeb          
2020726c  deathScreenTextSpanish        
2020731c  deathScreenTexts              
0001a1b5  dialogueScreen                
0001c0f1  diskError                     
000179ed  disk_initialize               
00016d05  disk_ioctl                    
0001b3d1  disk_read                     
0001f255  disk_status                   
0001dbdd  disk_timerproc                
0001a501  disk_write                    
0001aa61  drawCharToBuffer              
00017c15  drawForegroundSpriteToBuffer  
2020737e  enabled                       
00014c50  englishText                   
0001f0e9  exit                          
0001ec51  f_close                       
00016fbd  f_lseek                       
0001cb39  f_mount                       
0001777d  f_open                        
00017261  f_read                        
0001a841  f_sync                        
0001f285  fastCos                       
0001eccd  fastSin                       
0001e45d  fillmessage                   
0001f11d  finddevice                    
20206920  flag_done                     
000196f1  floor                         
2020680c  floorGradient                 
000196f1  floorl                        
0001f2b5  fopen                         
0001b205  free                          
0001f151  freopen                       
0001f315  friendlyDelay                 
20207028  geebleGeneralDialogueEnglish  
20207074  geebleGeneralDialogueGleeb    
202070c0  geebleGeneralDialogueSpanish  
20207328  geebleGeneralDialogues        
0001c58d  generateSprite                
00018b31  getDirectionPacket            
00019ab9  getInfoPacket                 
0001bb55  getPositionPacket             
0001d5e9  getRandomMapPos               
00019445  get_fat                       
0001de69  getdevice                     
00014c5c  gleebText                     
202071e8  gunFlash                      
0001e971  handshake                     
2020737f  healthCode                    
20207380  hitDir                        
20207374  hitTimer                      
2020735c  idx                           
0001e6e1  inInventory                   
0001f571  initRandom                    
00000000  interruptVectors              
202072bc  inventory                     
20206937  isPlaying                     
20206938  isShooting                    
20206939  isSwapping                    
20207288  items                         
20207381  itemsStatus                   
20207382  language                      
00014c68  languageMenuTitle             
00014c74  languageText                  
20207383  lastInput                     
0001f89d  main                          
00014c80  mainTitleText                 
0001fa85  malloc                        
00014c8c  map2Text                      
0000a480  matrix2                       
20206d68  medkit                        
00014c98  medkitName                    
0001a72d  memalign                      
0001f671  memccpy                       
20205500  miniMap                       
20206924  ms_done                       
20206928  ms_passed                     
2020693a  needSync                      
20207364  numsprites                    
00014ca4  ogMapText                     
0001c965  open                          
20207110  other                         
20207368  otherPlayer                   
0000f7f0  outofammoSound                
202068d8  parmbuf                       
20206dd0  pistol                        
00014cb0  pistolName                    
0000e2f8  pistolSound                   
0001d2f5  printAmmo                     
0001f1b9  printItem                     
0001ce1d  printLeaderboard              
0001be35  printToBuffer                 
0001ee31  processHit                    
00018441  put_fat                       
00019bf1  qsort                         
20206e38  railgun                       
00014cbc  railgunName                   
0001ee69  rand                          
000000c0  reloadSound                   
2020693b  reloaded                      
0001fab9  remove                        
20200000  renderBuffer                  
0001bcc9  respawnPlayer                 
20206ea0  rifle                         
20207385  rifleCanShoot                 
00014cc8  rifleName                     
00014cd4  selectMapText                 
20207386  selection                     
20207150  self                          
0001d375  sendDirectionPacket           
0001ed45  sendInfoPacket                
0001f2e5  sendMenuState                 
0001d3f5  sendPositionPacket            
0001e24d  setPixelBuffer                
0001b595  setvbuf                       
20206f08  shotgun                       
00014ce0  shotgunName                   
0000c480  shotgunSound                  
20206f70  smallammo                     
00014cec  spanishText                   
0001eea1  sprintf                       
0001f64d  srand                         
00014cf8  startGameText                 
0001eed9  start_delay                   
0001d0e1  strcmp                        
20207300  textures                      
20207389  triggerMode                   
2020738a  triggerPressed                
0001f1ed  typeDialogueLine              
0001f479  unlink                        
0000ee96  weaploadSound                 
20205980  worldMap                      
0001f521  write                         


GLOBAL SYMBOLS: SORTED BY Symbol Address 

address   name                          
-------   ----                          
00000000  __TI_ATRegion0_region_sz      
00000000  __TI_ATRegion0_src_addr       
00000000  __TI_ATRegion0_trg_addr       
00000000  __TI_ATRegion1_region_sz      
00000000  __TI_ATRegion1_src_addr       
00000000  __TI_ATRegion1_trg_addr       
00000000  __TI_ATRegion2_region_sz      
00000000  __TI_ATRegion2_src_addr       
00000000  __TI_ATRegion2_trg_addr       
00000000  __TI_static_base__            
00000000  interruptVectors              
000000c0  reloadSound                   
00000200  __STACK_SIZE                  
00000200  __SYSMEM_SIZE                 
00002480  DrM0Back                      
00004480  DrM0Front                     
00006480  SCBarkley                     
00008480  circuitBoardTex               
0000a480  matrix2                       
0000c480  shotgunSound                  
0000e2f8  pistolSound                   
0000ee96  weaploadSound                 
0000f7f0  outofammoSound                
00010140  ExplosionImage                
00010940  PistolImage                   
00011140  RailgunImage                  
00011940  RifleImage                    
00012140  ShotgunImage                  
00013336  Map2                          
00013576  OGMap                         
000137b6  Ammosprite                    
000139b6  Medkitsprite                  
00013bb6  Pistolsprite                  
00013db6  Railgunsprite                 
00013fb6  Riflesprite                   
000141b6  Shotgunsprite                 
00014c44  backText                      
00014c50  englishText                   
00014c5c  gleebText                     
00014c68  languageMenuTitle             
00014c74  languageText                  
00014c80  mainTitleText                 
00014c8c  map2Text                      
00014c98  medkitName                    
00014ca4  ogMapText                     
00014cb0  pistolName                    
00014cbc  railgunName                   
00014cc8  rifleName                     
00014cd4  selectMapText                 
00014ce0  shotgunName                   
00014cec  spanishText                   
00014cf8  startGameText                 
00014ee1  MovePlayer                    
00015615  RenderSprite                  
000161b1  CastRays                      
000166bd  Menus_Run                     
00016d05  disk_ioctl                    
00016fbd  f_lseek                       
00017261  f_read                        
000174f9  __TI_printfi_minimal          
0001777d  f_open                        
000179ed  disk_initialize               
00017c15  drawForegroundSpriteToBuffer  
00017e2d  ST7735_DrawTextBoxS_IF        
00018041  ST7735_DrawBitmap             
00018251  ST7735_DrawTextBoxS           
00018441  put_fat                       
000187dd  Clock_Init80MHz               
00018991  ST7735_DrawCharS              
00018b31  getDirectionPacket            
00018ccd  DrawCrosshair                 
00018e61  __aeabi_dsub                  
00018e61  __subdf3                      
00018e6b  __adddf3                      
00018e6b  __aeabi_dadd                  
00018ff3  __aeabi_idiv0                 
00018ff5  RenderSprites                 
000192e5  DeathScreen                   
00019445  get_fat                       
000196f1  floor                         
000196f1  floorl                        
00019979  SPI1_Init                     
00019ab9  getInfoPacket                 
00019bf1  qsort                         
00019e4b  _nop                          
00019e4d  ADC_InitDual                  
0001a1b5  dialogueScreen                
0001a3e9  ST7735_FillRect               
0001a501  disk_write                    
0001a619  ST7735_DrawBitmapFromSDC      
0001a72d  aligned_alloc                 
0001a72d  memalign                      
0001a841  f_sync                        
0001a955  __aeabi_ddiv                  
0001a955  __divdf3                      
0001aa61  drawCharToBuffer              
0001ab61  SPI_Init                      
0001ac59  ADC0_Init                     
0001ad4d  RenderForegroundSprites       
0001ae41  RenderSky                     
0001af35  ST7735_SetRotation            
0001b029  Inventory_add                 
0001b119  add_device                    
0001b205  free                          
0001b2ed  __aeabi_dmul                  
0001b2ed  __muldf3                      
0001b3d1  disk_read                     
0001b4b5  Inventory_replace             
0001b595  setvbuf                       
0001b675  DrawHitIndicator              
0001b751  RandomizeSprites              
0001b82d  ST7735_OutChar                
0001b8fd  UART2_Init                    
0001b9cd  GameLoop                      
0001ba91  TIMG12_IRQHandler             
0001bb55  getPositionPacket             
0001bcc9  respawnPlayer                 
0001be35  printToBuffer                 
0001bf99  TimerA1_IntArm                
0001c0f1  diskError                     
0001c19d  DAC_Init                      
0001c245  RenderInventory               
0001c2ed  TimerA0_IntArm                
0001c395  TimerG6_IntArm                
0001c43d  TimerG7_IntArm                
0001c4e5  TimerG8_IntArm                
0001c58d  generateSprite                
0001c6dd  TimerG0_IntArm                
0001c8c5  blitBufferToRenderBuffer      
0001c965  open                          
0001ca05  ST7735_InitPrintf             
0001caa1  ST7735_InitR                  
0001cb39  f_mount                       
0001cbd1  SoundSD_Service               
0001cc65  SysTick_Handler               
0001ccf9  TimerG12_IntArm               
0001cd8d  FillMap                       
0001ce1d  printLeaderboard              
0001cf3d  clearRenderBuffer             
0001cfc9  RenderHUD                     
0001d0d9  UART2_InChar0                 
0001d0e1  strcmp                        
0001d169  PrecalculateFloorGradient     
0001d1ed  ST7735_DrawString             
0001d271  ST7735_OutUDec                
0001d2f5  printAmmo                     
0001d375  sendDirectionPacket           
0001d3f5  sendPositionPacket            
0001d475  LaunchPad_Init                
0001d4f1  UART1_Init                    
0001d56d  __TI_closefile                
0001d5e9  getRandomMapPos               
0001d665  __TI_decompress_lzss          
0001d6e1  DrawHealthBar                 
0001d759  DrawMinimap                   
0001d8bf  Inventory_removeCurrent       
0001d935  TIMG7_IRQHandler              
0001d9a9  __gedf2                       
0001d9a9  __gtdf2                       
0001da1d  Graphics_Init                 
0001da8d  ST7735_DrawPixel              
0001dafd  SoundSD_Play                  
0001db6d  TFT_OutCommand                
0001dbdd  disk_timerproc                
0001dcb9  HOSTlseek                     
0001dd25  HOSTrename                    
0001dd91  TFT_OutData                   
0001ddfd  UART2_IRQHandler              
0001de69  getdevice                     
0001ded5  __cmpdf2                      
0001ded5  __eqdf2                       
0001ded5  __ledf2                       
0001ded5  __ltdf2                       
0001ded5  __nedf2                       
0001dfa5  ADC_InDual                    
0001e06d  __aeabi_dcmpeq                
0001e081  __aeabi_dcmplt                
0001e095  __aeabi_dcmple                
0001e0a9  __aeabi_dcmpge                
0001e0bd  __aeabi_dcmpgt                
0001e131  HOSTopen                      
0001e1f1  TIMG8_IRQHandler              
0001e24d  setPixelBuffer                
0001e2a9  HOSTread                      
0001e301  HOSTwrite                     
0001e359  ST7735_ClearScreenBlack       
0001e3b1  __aeabi_idiv                  
0001e3b1  __aeabi_idivmod               
0001e407  compareSprites                
0001e45d  fillmessage                   
0001e505  __TI_doflush                  
0001e559  close                         
0001e649  RxFifo_Get                    
0001e695  RxFifo_Put                    
0001e6e1  inInventory                   
0001e72d  __aeabi_d2iz                  
0001e72d  __fixdfsi                     
0001e779  HOSTclose                     
0001e7c1  HOSTunlink                    
0001e809  SoundSD_Init                  
0001e851  Sound_Init                    
0001e899  Sound_Start                   
0001e8e1  TIMA1_IRQHandler              
0001e929  TIMG0_IRQHandler              
0001e971  handshake                     
0001ea01  ADC0_In                       
0001ea45  Input_Init                    
0001ea89  RenderScene                   
0001eb11  SPI_Reset                     
0001eb51  TIMA0_IRQHandler              
0001eb91  __aeabi_uidiv                 
0001eb91  __aeabi_uidivmod              
0001ec51  f_close                       
0001ec91  RenderBuffer                  
0001eccd  fastSin                       
0001ed45  sendInfoPacket                
0001ed81  __TI_auto_init_nobinit_nopinit
0001edbd  __muldsi3                     
0001edf9  ActivatePortA_B               
0001ee31  processHit                    
0001ee69  rand                          
0001eea1  sprintf                       
0001eed9  start_delay                   
0001ef11  clust2sect                    
0001ef7d  Clock_Delay1ms                
0001efb1  ST7735_SetCursor              
0001efe5  ST7735_write                  
0001f019  SystemInit                    
0001f04d  __TI_cleanup                  
0001f081  __TI_readmsg                  
0001f0b5  __TI_writemsg                 
0001f0e1  C$$IO$$                       
0001f0e9  exit                          
0001f11d  finddevice                    
0001f151  freopen                       
0001f1b9  printItem                     
0001f1ed  typeDialogueLine              
0001f221  ST7735_Color565               
0001f255  disk_status                   
0001f285  fastCos                       
0001f2b5  fopen                         
0001f2e5  sendMenuState                 
0001f315  friendlyDelay                 
0001f39d  ST7735_FillScreen             
0001f3c9  __aeabi_i2d                   
0001f3c9  __floatsidf                   
0001f479  unlink                        
0001f4a5  UART2_InChar                  
0001f521  write                         
0001f549  _c_int00_noargs               
0001f571  initRandom                    
0001f5bd  CS_Init                       
0001f5e1  Inventory_next                
0001f605  Joy_Init                      
0001f629  __aeabi_ui2d                  
0001f629  __floatunsidf                 
0001f64d  srand                         
0001f671  memccpy                       
0001f693  Item_isWeapon                 
0001f6d5  SoundSD_Stop                  
0001f6f5  SoundSD_Stream                
0001f76d  ADC0_IRQHandler               
0001f76d  ADC1_IRQHandler               
0001f76d  AES_IRQHandler                
0001f76d  CANFD0_IRQHandler             
0001f76d  DAC0_IRQHandler               
0001f76d  DMA_IRQHandler                
0001f76d  Default_Handler               
0001f76d  GROUP0_IRQHandler             
0001f76d  GROUP1_IRQHandler             
0001f76d  I2C0_IRQHandler               
0001f76d  I2C1_IRQHandler               
0001f76d  NMI_Handler                   
0001f76d  PendSV_Handler                
0001f76d  RTC_IRQHandler                
0001f76d  SPI0_IRQHandler               
0001f76d  SPI1_IRQHandler               
0001f76d  SVC_Handler                   
0001f76d  UART0_IRQHandler              
0001f76d  UART1_IRQHandler              
0001f76d  UART3_IRQHandler              
0001f789  HardFault_Handler             
0001f7a5  Joy_In                        
0001f7dd  RxFifo_Size                   
0001f7f5  SoundEffects_disable          
0001f80d  SoundEffects_enable           
0001f825  SoundSD_Mount                 
0001f83d  TIMG6_IRQHandler              
0001f855  UART1_OutChar                 
0001f89d  main                          
0001f8b5  ST7735_open                   
0001f8cb  ST7735_read                   
0001f8e1  clearDialogueLine             
0001f8f9  DAC_Out                       
0001f90d  RxFifo_Init                   
0001f921  ST7735_SetTextColor           
0001f935  Inventory_currentItem         
0001f947  Item_isSpent                  
0001f959  TI_memcpy_small               
0001f96b  __TI_decompress_none          
0001f97d  Clock_Delay                   
0001f98d  Delay                         
0001f99d  Joy_InButton                  
0001f9ad  ReadKeys                      
0001f9bd  __TI_zero_init                
0001f9db  ST7735_lseek                  
0001f9e9  __aeabi_memset                
0001f9e9  __aeabi_memset4               
0001f9e9  __aeabi_memset8               
0001fa21  TI_memset_small               
0001fa55  Clock_Freq                    
0001fa61  ST7735_rename                 
0001fa6d  Sync_Init                     
0001fa79  __aeabi_memclr                
0001fa79  __aeabi_memclr4               
0001fa79  __aeabi_memclr8               
0001fa85  malloc                        
0001fa91  ST7735_close                  
0001fa9b  ST7735_unlink                 
0001fab1  __aeabi_memcpy                
0001fab1  __aeabi_memcpy4               
0001fab1  __aeabi_memcpy8               
0001fab9  remove                        
0001fac1  Reset_Handler                 
0001fac5  _system_pre_init              
0001fac8  C$$EXIT                       
0001fac9  abort                         
0001fe78  __TI_Handler_Table_Base       
0001fe84  __TI_Handler_Table_Limit      
0001fe8c  __TI_CINIT_Base               
0001fe9c  __TI_CINIT_Limit              
0001fe9c  __TI_CINIT_Warm               
20200000  __start___llvm_prf_bits       
20200000  __start___llvm_prf_cnts       
20200000  __stop___llvm_prf_bits        
20200000  __stop___llvm_prf_cnts        
20200000  renderBuffer                  
20205000  ZBuffer                       
20205500  miniMap                       
20205980  worldMap                      
2020664c  _CIOBUF_                      
2020664c  __CIOBUF_                     
2020676c  __TI_tmpnams                  
2020680c  floorGradient                 
202068cc  Message                       
202068d8  parmbuf                       
202068fc  Joy_x                         
20206900  Joy_y                         
20206904  LCDresetFlag                  
20206908  Length                        
2020690c  LostData                      
20206910  Messageindex                  
20206914  RxGetI                        
20206918  RxPutI                        
2020691c  SoundPt                       
20206920  flag_done                     
20206924  ms_done                       
20206928  ms_passed                     
20206935  InitStatus                    
20206936  MountFresult                  
20206937  isPlaying                     
20206938  isShooting                    
20206939  isSwapping                    
2020693a  needSync                      
2020693b  reloaded                      
20206940  Sprites                       
20206b98  _ftable                       
20206c88  _device                       
20206d00  bigammo                       
20206d68  medkit                        
20206dd0  pistol                        
20206e38  railgun                       
20206ea0  rifle                         
20206f08  shotgun                       
20206f70  smallammo                     
20206fd8  _stream                       
20207028  geebleGeneralDialogueEnglish  
20207074  geebleGeneralDialogueGleeb    
202070c0  geebleGeneralDialogueSpanish  
2020710c  BusFreq                       
20207110  other                         
20207150  self                          
202071c0  SoundEffects                  
202071e8  gunFlash                      
20207234  deathScreenTextEnglish        
20207250  deathScreenTextGleeb          
2020726c  deathScreenTextSpanish        
20207288  items                         
202072bc  inventory                     
20207300  textures                      
20207310  ammoText                      
2020731c  deathScreenTexts              
20207328  geebleGeneralDialogues        
20207334  __TI_cleanup_ptr              
20207338  __TI_dtors_ptr                
20207340  StX                           
20207344  StY                           
20207348  __TI_ft_end                   
2020734c  _lock                         
20207350  _unlock                       
2020735c  idx                           
20207364  numsprites                    
20207368  otherPlayer                   
2020736c  StTextColor                   
20207374  hitTimer                      
20207378  SoundMode                     
2020737d  canSwapItems                  
2020737e  enabled                       
2020737f  healthCode                    
20207380  hitDir                        
20207381  itemsStatus                   
20207382  language                      
20207383  lastInput                     
20207385  rifleCanShoot                 
20207386  selection                     
20207389  triggerMode                   
2020738a  triggerPressed                
20207390  _sys_memory                   
20207e00  __stack                       
20208000  __STACK_END                   
ffffffff  __TI_pprof_out_hndl           
ffffffff  __TI_prof_data_size           
ffffffff  __TI_prof_data_start          
ffffffff  __binit__                     
ffffffff  binit                         
UNDEFED   __mpu_init                    
UNDEFED   _system_post_cinit            

[427 symbols]
