******************************************************************************
            TI ARM Clang Linker PC v4.0.1                      
******************************************************************************
>> Linked Mon Mar 31 12:45:44 2025

OUTPUT FILE NAME:   <TheM0+rix_Segfaulted.out>
ENTRY POINT SYMBOL: "_c_int00_noargs"  address: 0001c9f5


MEMORY CONFIGURATION

         name            origin    length      used     unused   attr    fill
----------------------  --------  ---------  --------  --------  ----  --------
  FLASH                 00000000   00020000  0001cdd8  00003228  R  X
  SRAM                  20200000   00008000  000064f9  00001b07  RW X
  BCR_CONFIG            41c00000   00000080  00000000  00000080  R   
  BSL_CONFIG            41c00100   00000080  00000000  00000080  R   


SEGMENT ALLOCATION MAP

run origin  load origin   length   init length attrs members
----------  ----------- ---------- ----------- ----- -------
00000000    00000000    000178b8   000178b8    r--
  00000000    00000000    000000c0   000000c0    r-- .intvecs
  000000c0    000000c0    000177f8   000177f8    r-- .rodata
000178c0    000178c0    00005520   00005520    r-x
  000178c0    000178c0    00005400   00005400    r-x .text
  0001ccc0    0001ccc0    00000120   00000120    r-- .cinit
20200000    20200000    00006300   00000000    rw-
  20200000    20200000    000059a0   00000000    rw- .bss
  202059a0    202059a0    00000759   00000000    rw- .data
  20206100    20206100    00000200   00000000    rw- .sysmem
20207e00    20207e00    00000200   00000000    rw-
  20207e00    20207e00    00000200   00000000    rw- .stack


SECTION ALLOCATION MAP

 output                                  attributes/
section   page    origin      length       input sections
--------  ----  ----------  ----------   ----------------
.intvecs   0    00000000    000000c0     
                  00000000    000000c0     startup_mspm0g3507_ticlang.o (.intvecs)

.text      0    000178c0    00005400     
                  000178c0    00000a48     libc.a : e_pow.c.obj (.text.pow)
                  00018308    00000524     Graphics.o (.text.CastRays)
                  0001882c    0000049c     Input.o (.text.MovePlayer)
                  00018cc8    00000460     sprites.o (.text.RenderSprite)
                  00019128    00000284     libc.a : _printfi.c.obj (.text:__TI_printfi_minimal)
                  000193ac    00000224     Graphics.o (.text.DrawCrosshair)
                  000195d0    00000210     ST7735.o (.text.ST7735_DrawBitmap)
                  000197e0    0000020c     Buffer.o (.text.drawForegroundSpriteToBuffer)
                  000199ec    000001b4     Clock.o (.text.Clock_Init80MHz)
                  00019ba0    00000192     libclang_rt.builtins.a : adddf3.S.obj (.text.adddf3_subdf3)
                  00019d32    00000002                            : aeabi_div0.c.obj (.text.__aeabi_idiv0)
                  00019d34    00000170     libc.a : e_sqrt.c.obj (.text.sqrt)
                  00019ea4    00000144            : s_floor.c.obj (.text.floor)
                  00019fe8    00000134            : qsort.c.obj (.text.qsort)
                  0001a11c    00000124     ADC.o (.text.ADC_InitDual)
                  0001a240    00000118     ST7735.o (.text.ST7735_FillRect)
                  0001a358    00000114     sprites.o (.text.RenderSprites)
                  0001a46c    00000114     libc.a : memory.c.obj (.text.aligned_alloc)
                  0001a580    0000010c     libclang_rt.builtins.a : divdf3.S.obj (.text.__divdf3)
                  0001a68c    00000100     Buffer.o (.text.drawCharToBuffer)
                  0001a78c    000000f8     Graphics.o (.text.DrawHealthBar)
                  0001a884    000000f8     SPI.o (.text.SPI_Init)
                  0001a97c    000000f8     libc.a : fputs.c.obj (.text.fputs)
                  0001aa74    000000f4     Graphics.o (.text.RenderSky)
                  0001ab68    000000f4     ST7735.o (.text.ST7735_SetRotation)
                  0001ac5c    000000e8     libc.a : memory.c.obj (.text.free)
                  0001ad44    000000e4     libclang_rt.builtins.a : muldf3.S.obj (.text.__muldf3)
                  0001ae28    000000e0     libc.a : setvbuf.c.obj (.text.setvbuf)
                  0001af08    000000d8            : s_scalbn.c.obj (.text.scalbn)
                  0001afe0    000000cc     Input.o (.text.TIMG12_IRQHandler)
                  0001b0ac    000000b4     Buffer.o (.text.printToBuffer)
                  0001b160    000000a8     DAC.o (.text.DAC_Init)
                  0001b208    000000a2     ST7735.o (.text.commandList)
                  0001b2aa    00000002     libc.a : _lock.c.obj (.text._nop)
                  0001b2ac    000000a0     Buffer.o (.text.blitBufferToRenderBuffer)
                  0001b34c    0000009c     libc.a : fputc.c.obj (.text.fputc)
                  0001b3e8    00000098     ST7735.o (.text.ST7735_InitR)
                  0001b480    00000094     Timer.o (.text.TimerG12_IntArm)
                  0001b514    00000090     Graphics.o (.text.FillMap)
                  0001b5a4    00000090     Graphics.o (.text.main)
                  0001b634    0000008c     Buffer.o (.text.clearRenderBuffer)
                  0001b6c0    00000088     ST7735.o (.text.setAddrWindow)
                  0001b748    00000008     libc.a : aeabi_portable.c.obj (.text.__aeabi_errno_addr)
                  0001b750    00000088            : strcmp-armv6m.S.obj (.text:strcmp)
                  0001b7d8    00000084     Buffer.o (.text.PrecalculateFloorGradient)
                  0001b85c    0000007c     LaunchPad.o (.text.LaunchPad_Init)
                  0001b8d8    0000007c     libc.a : fclose.c.obj (.text.__TI_closefile)
                  0001b954    0000007c            : copy_decompress_lzss.c.obj (.text:decompress:lzss)
                  0001b9d0    00000078     Graphics.o (.text.DrawMinimap)
                  0001ba48    00000074     libclang_rt.builtins.a : comparedf2.c.obj (.text.__gedf2)
                  0001babc    0000006c     libsysbm.a : hostlseek.c.obj (.text.HOSTlseek)
                  0001bb28    0000006c                : hostrename.c.obj (.text.HOSTrename)
                  0001bb94    0000006c     libc.a : fseek.c.obj (.text.fseeko)
                  0001bc00    0000006c            : getdevice.c.obj (.text.getdevice)
                  0001bc6c    00000068     libclang_rt.builtins.a : comparedf2.c.obj (.text.__ledf2)
                  0001bcd4    00000064     ADC.o (.text.ADC_InDual)
                  0001bd38    00000064     libc.a : _io_perm.c.obj (.text.__TI_wrt_ok)
                  0001bd9c    00000064            : memory.c.obj (.text.split)
                  0001be00    00000062     libclang_rt.builtins.a : aeabi_dcmp.S.obj (.text.__aeabi_dcmp)
                  0001be62    00000002     --HOLE-- [fill = 0]
                  0001be64    00000060     libsysbm.a : hostopen.c.obj (.text.HOSTopen)
                  0001bec4    0000005c     libc.a : printf.c.obj (.text.printf)
                  0001bf20    0000005c     Buffer.o (.text.setPixelBuffer)
                  0001bf7c    00000058     libsysbm.a : hostread.c.obj (.text.HOSTread)
                  0001bfd4    00000058                : hostwrite.c.obj (.text.HOSTwrite)
                  0001c02c    00000058     Graphics.o (.text.RenderHUD)
                  0001c084    00000056     libclang_rt.builtins.a : aeabi_idivmod.S.obj (.text.__aeabi_idivmod)
                  0001c0da    00000056     sprites.o (.text.compareSprites)
                  0001c130    00000052     libc.a : fflush.c.obj (.text.__TI_doflush)
                  0001c182    00000002     --HOLE-- [fill = 0]
                  0001c184    00000050     libsysbm.a : close.c.obj (.text.close)
                  0001c1d4    0000004c     sprites.o (.text.RenderForegroundSprites)
                  0001c220    0000004a     libclang_rt.builtins.a : fixdfsi.S.obj (.text.__fixdfsi)
                  0001c26a    00000002     --HOLE-- [fill = 0]
                  0001c26c    00000048     libsysbm.a : hostclose.c.obj (.text.HOSTclose)
                  0001c2b4    00000048                : hostunlink.c.obj (.text.HOSTunlink)
                  0001c2fc    00000048     SPI.o (.text.SPI_OutCommand)
                  0001c344    00000048     Sounds.o (.text.Sound_Init)
                  0001c38c    00000044     Input.o (.text.Input_Init)
                  0001c3d0    00000044     Sounds.o (.text.SysTick_Handler)
                  0001c414    00000040     SPI.o (.text.SPI_Reset)
                  0001c454    00000040     libclang_rt.builtins.a : aeabi_uidivmod.S.obj (.text.__aeabi_uidivmod)
                  0001c494    0000003c     Input.o (.text.fastSin)
                  0001c4d0    0000003c     Graphics.o (.text.printAmmo)
                  0001c50c    0000003c     libc.a : autoinit.c.obj (.text:__TI_auto_init_nobinit_nopinit)
                  0001c548    0000003a     libclang_rt.builtins.a : muldsi3.S.obj (.text.__muldsi3)
                  0001c582    00000002     --HOLE-- [fill = 0]
                  0001c584    00000038     LaunchPad.o (.text.ActivatePortA_B)
                  0001c5bc    00000038     Buffer.o (.text.RenderBuffer)
                  0001c5f4    00000038     SPI.o (.text.SPI_OutData)
                  0001c62c    00000038     Sounds.o (.text.Sound_Start)
                  0001c664    00000038     libc.a : rand.c.obj (.text.rand)
                  0001c69c    00000038            : sprintf.c.obj (.text.sprintf)
                  0001c6d4    00000034     Clock.o (.text.Clock_Delay1ms)
                  0001c708    00000034     ST7735.o (.text.ST7735_SetCursor)
                  0001c73c    00000034     libc.a : fopen.c.obj (.text.__TI_cleanup)
                  0001c770    00000034     libsysbm.a : trgmsg.c.obj (.text.__TI_readmsg)
                  0001c7a4    00000034                : trgmsg.c.obj (.text.__TI_writemsg)
                  0001c7d8    00000034     libc.a : exit.c.obj (.text.exit)
                  0001c80c    00000034            : getdevice.c.obj (.text.finddevice)
                  0001c840    00000030     ST7735.o (.text.commonInit)
                  0001c870    00000030     Input.o (.text.fastCos)
                  0001c8a0    0000002c     ST7735.o (.text.ST7735_FillScreen)
                  0001c8cc    0000002c     Graphics.o (.text.SystemInit)
                  0001c8f8    0000002c     libclang_rt.builtins.a : floatsidf.S.obj (.text.__floatsidf)
                  0001c924    0000002c     libsysbm.a : unlink.c.obj (.text.unlink)
                  0001c950    0000002a     Graphics.o (.text.RenderScene)
                  0001c97a    00000002     --HOLE-- [fill = 0]
                  0001c97c    00000028     libc.a : memory.c.obj (.text.free_list_insert)
                  0001c9a4    00000028     libsysbm.a : lseek.c.obj (.text.lseek)
                  0001c9cc    00000028                : write.c.obj (.text.write)
                  0001c9f4    00000028     libc.a : boot_cortex_m.c.obj (.text:_c_int00_noargs)
                  0001ca1c    00000024     Graphics.o (.text.Graphics_Init)
                  0001ca40    00000024     Joy.o (.text.Joy_Init)
                  0001ca64    00000022     libc.a : memccpy.c.obj (.text.memccpy)
                  0001ca86    00000002     --HOLE-- [fill = 0]
                  0001ca88    0000001c     startup_mspm0g3507_ticlang.o (.text.Default_Handler)
                  0001caa4    0000001c     startup_mspm0g3507_ticlang.o (.text.HardFault_Handler)
                  0001cac0    0000001c     Joy.o (.text.Joy_In)
                  0001cadc    0000001c     libc.a : memory.c.obj (.text.free_list_remove)
                  0001caf8    00000018            : sprintf.c.obj (.text._outs)
                  0001cb10    00000014     DAC.o (.text.DAC_Out)
                  0001cb24    00000012     libc.a : memcpy16.S.obj (.text:TI_memcpy_small)
                  0001cb36    00000012            : copy_decompress_none.c.obj (.text:decompress:none)
                  0001cb48    00000010     Clock.o (.text.Clock_Delay)
                  0001cb58    00000010     LaunchPad.o (.text.Delay)
                  0001cb68    00000010     Input.o (.text.ReadKeys)
                  0001cb78    00000010     libc.a : copy_zero_init.c.obj (.text:decompress:ZI)
                  0001cb88    0000000e            : memory.c.obj (.text.OUTLINED_FUNCTION_0)
                  0001cb96    00000002     --HOLE-- [fill = 0]
                  0001cb98    0000000e     libclang_rt.builtins.a : aeabi_memset.S.obj (.text.__aeabi_memset)
                  0001cba6    0000000e     libsysbm.a : hostrename.c.obj (.text.strcpy)
                  0001cbb4    0000000e     libc.a : _printfi.c.obj (.text.strlen)
                  0001cbc2    0000000e     libsysbm.a : hostrename.c.obj (.text.strlen)
                  0001cbd0    0000000e     libc.a : memset16.S.obj (.text:TI_memset_small)
                  0001cbde    00000002     --HOLE-- [fill = 0]
                  0001cbe0    0000000c     Clock.o (.text.Clock_Freq)
                  0001cbec    0000000c     libclang_rt.builtins.a : aeabi_memset.S.obj (.text.__aeabi_memclr)
                  0001cbf8    0000000c     libc.a : memory.c.obj (.text.malloc)
                  0001cc04    0000000a            : e_pow.c.obj (.text.OUTLINED_FUNCTION_0)
                  0001cc0e    00000002     --HOLE-- [fill = 0]
                  0001cc10    00000010     libclang_rt.builtins.a : muldf3.S.obj (.tramp.__aeabi_dmul.1)
                  0001cc20    0000000a     libc.a : e_pow.c.obj (.text.OUTLINED_FUNCTION_1)
                  0001cc2a    0000000a            : e_pow.c.obj (.text.OUTLINED_FUNCTION_6)
                  0001cc34    0000000a            : sprintf.c.obj (.text._outc)
                  0001cc3e    00000008            : e_pow.c.obj (.text.OUTLINED_FUNCTION_2)
                  0001cc46    00000002     --HOLE-- [fill = 0]
                  0001cc48    00000010     libclang_rt.builtins.a : adddf3.S.obj (.tramp.__aeabi_dsub.1)
                  0001cc58    00000008                            : aeabi_memcpy.S.obj (.text.__aeabi_memcpy)
                  0001cc60    00000008     libc.a : printf.c.obj (.text._outc)
                  0001cc68    00000008            : printf.c.obj (.text._outs)
                  0001cc70    00000008            : fseek.c.obj (.text.fseek)
                  0001cc78    00000008     libsysbm.a : remove.c.obj (.text.remove)
                  0001cc80    00000006     libc.a : e_pow.c.obj (.text.OUTLINED_FUNCTION_3)
                  0001cc86    00000002     --HOLE-- [fill = 0]
                  0001cc88    00000010     libclang_rt.builtins.a : adddf3.S.obj (.tramp.__aeabi_dadd.1)
                  0001cc98    00000006     libc.a : e_pow.c.obj (.text.OUTLINED_FUNCTION_4)
                  0001cc9e    00000006            : e_pow.c.obj (.text.OUTLINED_FUNCTION_5)
                  0001cca4    00000004            : e_pow.c.obj (.text.OUTLINED_FUNCTION_10)
                  0001cca8    00000004            : e_pow.c.obj (.text.OUTLINED_FUNCTION_7)
                  0001ccac    00000004            : e_pow.c.obj (.text.OUTLINED_FUNCTION_8)
                  0001ccb0    00000004            : e_pow.c.obj (.text.OUTLINED_FUNCTION_9)
                  0001ccb4    00000004     startup_mspm0g3507_ticlang.o (.text.Reset_Handler)
                  0001ccb8    00000004     libc.a : pre_init.c.obj (.text._system_pre_init)
                  0001ccbc    00000004            : exit.c.obj (.text:abort)

.cinit     0    0001ccc0    00000120     
                  0001ccc0    000000f6     (.cinit..data.load) [load image, compression = lzss]
                  0001cdb6    00000002     --HOLE-- [fill = 0]
                  0001cdb8    0000000c     (__TI_handler_table)
                  0001cdc4    00000008     (.cinit..bss.load) [load image, compression = zero_init]
                  0001cdcc    00000010     (__TI_cinit_table)
                  0001cddc    00000004     --HOLE-- [fill = 0]

.rodata    0    000000c0    000177f8     
                  000000c0    00004900     Sounds.o (.rodata.reload)
                  000049c0    00003753     Sounds.o (.rodata.shotgun)
                  00008113    00002ab4     Sounds.o (.rodata.pistol)
                  0000abc7    00000001     --HOLE-- [fill = 0]
                  0000abc8    00002000     Graphics.o (.rodata.SCBarkley)
                  0000cbc8    00002000     Graphics.o (.rodata.circuitBoardTex2)
                  0000ebc8    00002000     Graphics.o (.rodata.circuitBoardTex)
                  00010bc8    00002000     Graphics.o (.rodata.matrix2)
                  00012bc8    00002000     Graphics.o (.rodata.matrix)
                  00014bc8    0000095a     Sounds.o (.rodata.weapload)
                  00015522    0000094f     Sounds.o (.rodata.outofammo)
                  00015e71    00000001     --HOLE-- [fill = 0]
                  00015e72    00000800     sprites.o (.rodata.Shotgun)
                  00016672    00000800     sprites.o (.rodata.target)
                  00016e72    000004fb     Buffer.o (.rodata.Font)
                  0001736d    00000240     Graphics.o (.rodata.OGMap)
                  000175ad    00000001     --HOLE-- [fill = 0]
                  000175ae    00000200     sprites.o (.rodata.Ammo)
                  000177ae    0000003b     ST7735.o (.rodata.Rcmd1)
                  000177e9    00000007     --HOLE-- [fill = 0]
                  000177f0    00000030     libc.a : e_pow.c.obj (.rodata.cst16)
                  00017820    0000002b     ST7735.o (.rodata.Rcmd3)
                  0001784b    00000014     Graphics.o (.rodata.str1.67127546031375070101)
                  0001785f    00000011     libc.a : _printfi.c.obj (.rodata.str1.153638888446227384661)
                  00017870    00000010     Graphics.o (.rodata.str1.37161536259113115651)
                  00017880    0000000d     ST7735.o (.rodata.Rcmd2green)
                  0001788d    0000000d     ST7735.o (.rodata.Rcmd2red)
                  0001789a    0000000c     Graphics.o (.rodata.str1.2002389610935928081)
                  000178a6    0000000c     Graphics.o (.rodata.str1.25158831670344200691)
                  000178b2    00000006     --HOLE-- [fill = 0]

.init_array 
*          0    00000000    00000000     UNINITIALIZED

.binit     0    00000000    00000000     

.bss       0    20200000    000059a0     UNINITIALIZED
                  20200000    00005000     (.common:renderBuffer)
                  20205000    00000500     (.common:ZBuffer)
                  20205500    00000240     (.common:worldMap)
                  20205740    00000120     libsysbm.a : trgmsg.c.obj (.bss:_CIOBUF_)
                  20205860    000000a0     libc.a : defs.c.obj (.bss.__TI_tmpnams)
                  20205900    00000080     (.common:floorGradient)
                  20205980    00000008     libsysbm.a : hostopen.c.obj (.bss.parmbuf)
                  20205988    00000004     libc.a : memory.c.obj (.bss.sys_free)
                  2020598c    00000004     (.common:Joy_x)
                  20205990    00000004     (.common:Joy_y)
                  20205994    00000004     (.common:Length)
                  20205998    00000004     (.common:SoundPt)
                  2020599c    00000001     ST7735.o (.bss.ColStart)
                  2020599d    00000001     ST7735.o (.bss.Rotation)
                  2020599e    00000001     ST7735.o (.bss.RowStart)
                  2020599f    00000001     ST7735.o (.bss.TabColor)

.data      0    202059a0    00000759     UNINITIALIZED
                  202059a0    00000480     Graphics.o (.data.miniMap)
                  20205e20    000000f0     libc.a : defs.c.obj (.data._ftable)
                  20205f10    00000078     libsysbm.a : host_device.c.obj (.data._device)
                  20205f88    00000050     sprites.o (.data.Sprites)
                  20205fd8    00000050     libsysbm.a : host_device.c.obj (.data._stream)
                  20206028    00000028     Sounds.o (.data.SoundEffects)
                  20206050    00000028     sprites.o (.data.weapon)
                  20206078    00000014     Graphics.o (.data.textures)
                  2020608c    00000008     libc.a : exit.c.obj (.data..L_MergedGlobals)
                  20206094    00000004     Clock.o (.data.BusFreq)
                  20206098    00000008     Graphics.o (.data.dirX)
                  202060a0    00000008     Graphics.o (.data.dirY)
                  202060a8    00000008     Graphics.o (.data.planeX)
                  202060b0    00000008     Graphics.o (.data.planeY)
                  202060b8    00000008     Graphics.o (.data.posX)
                  202060c0    00000008     Graphics.o (.data.posY)
                  202060c8    00000004     ST7735.o (.data.StX)
                  202060cc    00000004     ST7735.o (.data.StY)
                  202060d0    00000004     libc.a : defs.c.obj (.data.__TI_ft_end)
                  202060d4    00000004            : aeabi_portable.c.obj (.data.__aeabi_errno)
                  202060d8    00000004            : _lock.c.obj (.data._lock)
                  202060dc    00000004            : _lock.c.obj (.data._unlock)
                  202060e0    00000004     Graphics.o (.data.lastHealth)
                  202060e4    00000004     libc.a : rand.c.obj (.data.next)
                  202060e8    00000004     Graphics.o (.data.playerHealth)
                  202060ec    00000002     ST7735.o (.data.StTextColor)
                  202060ee    00000002     ST7735.o (.data._height)
                  202060f0    00000002     ST7735.o (.data._width)
                  202060f2    00000001     Graphics.o (.data.accuracyRad)
                  202060f3    00000001     Graphics.o (.data.ammo)
                  202060f4    00000001     Graphics.o (.data.isOnTarget)
                  202060f5    00000001     Input.o (.data.lastInput)
                  202060f6    00000001     Graphics.o (.data.max_ammo)
                  202060f7    00000001     --HOLE--
                  202060f8    00000001     libc.a : memory.c.obj (.data.memory_is_initialized)

.sysmem    0    20206100    00000200     UNINITIALIZED
                  20206100    00000010     libc.a : memory.c.obj (.sysmem)
                  20206110    000001f0     --HOLE--

.stack     0    20207e00    00000200     UNINITIALIZED
                  20207e00    00000004     libc.a : boot_cortex_m.c.obj (.stack)
                  20207e04    000001fc     --HOLE--

__llvm_prf_cnts 
*          0    20200000    00000000     UNINITIALIZED

__llvm_prf_bits 
*          0    20200000    00000000     UNINITIALIZED

MODULE SUMMARY

       Module                         code    ro data   rw data
       ------                         ----    -------   -------
    .\
       Sounds.o                       196     48560     48     
       Graphics.o                     3034    41596     3096   
       Buffer.o                       1540    1275      20608  
       sprites.o                      1558    4608      120    
       ST7735.o                       1646    128       18     
       Input.o                        1576    0         1      
       Clock.o                        516     0         4      
       SPI.o                          440     0         0      
       ADC.o                          392     0         0      
       LaunchPad.o                    196     0         0      
       DAC.o                          188     0         0      
       Timer.o                        148     0         0      
       Joy.o                          64      0         0      
    +--+------------------------------+-------+---------+---------+
       Total:                         11494   96167     23895  
                                                               
    .\ticlang\
       startup_mspm0g3507_ticlang.o   60      192       0      
    +--+------------------------------+-------+---------+---------+
       Total:                         60      192       0      
                                                               
    C:\ti\ccs2000\ccs\tools\compiler\ti-cgt-armllvm_4.0.1.LTS\lib\armv6m-ti-none-eabi/c/libc.a
       e_pow.c.obj                    2704    48        0      
       memory.c.obj                   702     0         5      
       _printfi.c.obj                 658     17        0      
       defs.c.obj                     0       0         404    
       e_sqrt.c.obj                   368     0         0      
       s_floor.c.obj                  324     0         0      
       qsort.c.obj                    308     0         0      
       fputs.c.obj                    248     0         0      
       setvbuf.c.obj                  224     0         0      
       s_scalbn.c.obj                 216     0         0      
       getdevice.c.obj                160     0         0      
       fputc.c.obj                    156     0         0      
       strcmp-armv6m.S.obj            136     0         0      
       copy_decompress_lzss.c.obj     124     0         0      
       fclose.c.obj                   124     0         0      
       fseek.c.obj                    116     0         0      
       printf.c.obj                   108     0         0      
       _io_perm.c.obj                 100     0         0      
       sprintf.c.obj                  90      0         0      
       fflush.c.obj                   82      0         0      
       exit.c.obj                     56      0         8      
       autoinit.c.obj                 60      0         0      
       rand.c.obj                     56      0         4      
       fopen.c.obj                    52      0         0      
       boot_cortex_m.c.obj            40      0         0      
       memccpy.c.obj                  34      0         0      
       copy_decompress_none.c.obj     18      0         0      
       memcpy16.S.obj                 18      0         0      
       copy_zero_init.c.obj           16      0         0      
       memset16.S.obj                 14      0         0      
       aeabi_portable.c.obj           8       0         4      
       _lock.c.obj                    2       0         8      
       pre_init.c.obj                 4       0         0      
    +--+------------------------------+-------+---------+---------+
       Total:                         7326    65        433    
                                                               
    C:\ti\ccs2000\ccs\tools\compiler\ti-cgt-armllvm_4.0.1.LTS\lib\armv6m-ti-none-eabi/c/libsysbm.a
       trgmsg.c.obj                   104     0         288    
       host_device.c.obj              0       0         200    
       hostrename.c.obj               136     0         0      
       hostlseek.c.obj                108     0         0      
       hostopen.c.obj                 96      0         8      
       hostread.c.obj                 88      0         0      
       hostwrite.c.obj                88      0         0      
       close.c.obj                    80      0         0      
       hostclose.c.obj                72      0         0      
       hostunlink.c.obj               72      0         0      
       unlink.c.obj                   44      0         0      
       lseek.c.obj                    40      0         0      
       write.c.obj                    40      0         0      
       remove.c.obj                   8       0         0      
    +--+------------------------------+-------+---------+---------+
       Total:                         976     0         496    
                                                               
    C:\ti\ccs2000\ccs\tools\compiler\ti-cgt-armllvm_4.0.1.LTS\lib\armv6m-ti-none-eabi/libclang_rt.builtins.a
       adddf3.S.obj                   434     0         0      
       divdf3.S.obj                   268     0         0      
       muldf3.S.obj                   244     0         0      
       comparedf2.c.obj               220     0         0      
       aeabi_dcmp.S.obj               98      0         0      
       aeabi_idivmod.S.obj            86      0         0      
       fixdfsi.S.obj                  74      0         0      
       aeabi_uidivmod.S.obj           64      0         0      
       muldsi3.S.obj                  58      0         0      
       floatsidf.S.obj                44      0         0      
       aeabi_memset.S.obj             26      0         0      
       aeabi_memcpy.S.obj             8       0         0      
       aeabi_div0.c.obj               2       0         0      
    +--+------------------------------+-------+---------+---------+
       Total:                         1626    0         0      
                                                               
       Heap:                          0       0         512    
       Stack:                         0       0         512    
       Linker Generated:              0       282       0      
    +--+------------------------------+-------+---------+---------+
       Grand Total:                   21482   96706     25848  


LINKER GENERATED COPY TABLES

__TI_cinit_table @ 0001cdcc records: 2, size/record: 8, table size: 16
	.data: load addr=0001ccc0, load size=000000f6 bytes, run addr=202059a0, run size=00000759 bytes, compression=lzss
	.bss: load addr=0001cdc4, load size=00000008 bytes, run addr=20200000, run size=000059a0 bytes, compression=zero_init


LINKER GENERATED HANDLER TABLE

__TI_handler_table @ 0001cdb8 records: 3, size/record: 4, table size: 12
	index: 0, handler: __TI_decompress_lzss
	index: 1, handler: __TI_decompress_none
	index: 2, handler: __TI_zero_init


FAR CALL TRAMPOLINES

callee name               trampoline name
   callee addr  tramp addr   call addr  call info
--------------  -----------  ---------  ----------------
__aeabi_dmul              $Tramp$TT$L$PI$$__aeabi_dmul
   0001ad45     0001cc10     0001cc0c   libc.a : e_pow.c.obj (.text.OUTLINED_FUNCTION_0)
                             0001cc28          : e_pow.c.obj (.text.OUTLINED_FUNCTION_1)
                             0001cc32          : e_pow.c.obj (.text.OUTLINED_FUNCTION_6)
                             0001cc9c          : e_pow.c.obj (.text.OUTLINED_FUNCTION_4)
                             0001cca2          : e_pow.c.obj (.text.OUTLINED_FUNCTION_5)
                             0001ccae          : e_pow.c.obj (.text.OUTLINED_FUNCTION_8)
__aeabi_dsub              $Tramp$TT$L$PI$$__aeabi_dsub
   00019ba1     0001cc48     0001cc44   libc.a : e_pow.c.obj (.text.OUTLINED_FUNCTION_2)
__aeabi_dadd              $Tramp$TT$L$PI$$__aeabi_dadd
   00019bab     0001cc88     0001cc84   libc.a : e_pow.c.obj (.text.OUTLINED_FUNCTION_3)
                             0001cca6          : e_pow.c.obj (.text.OUTLINED_FUNCTION_10)
                             0001ccaa          : e_pow.c.obj (.text.OUTLINED_FUNCTION_7)
                             0001ccb2          : e_pow.c.obj (.text.OUTLINED_FUNCTION_9)

[3 trampolines]
[11 trampoline calls]


GLOBAL SYMBOLS: SORTED ALPHABETICALLY BY Name 

address   name                          
-------   ----                          
0001ca89  ADC0_IRQHandler               
0001ca89  ADC1_IRQHandler               
0001bcd5  ADC_InDual                    
0001a11d  ADC_InitDual                  
0001ca89  AES_IRQHandler                
0001c585  ActivatePortA_B               
000175ae  Ammo                          
20206094  BusFreq                       
0001ccbc  C$$EXIT                       
0001c7d1  C$$IO$$                       
0001ca89  CANFD0_IRQHandler             
00018309  CastRays                      
0001cb49  Clock_Delay                   
0001c6d5  Clock_Delay1ms                
0001cbe1  Clock_Freq                    
000199ed  Clock_Init80MHz               
0001ca89  DAC0_IRQHandler               
0001b161  DAC_Init                      
0001cb11  DAC_Out                       
0001ca89  DMA_IRQHandler                
0001ca89  Default_Handler               
0001cb59  Delay                         
000193ad  DrawCrosshair                 
0001a78d  DrawHealthBar                 
0001b9d1  DrawMinimap                   
0001b515  FillMap                       
0001ca89  GROUP0_IRQHandler             
0001ca89  GROUP1_IRQHandler             
0001ca1d  Graphics_Init                 
0001c26d  HOSTclose                     
0001babd  HOSTlseek                     
0001be65  HOSTopen                      
0001bf7d  HOSTread                      
0001bb29  HOSTrename                    
0001c2b5  HOSTunlink                    
0001bfd5  HOSTwrite                     
0001caa5  HardFault_Handler             
0001ca89  I2C0_IRQHandler               
0001ca89  I2C1_IRQHandler               
0001c38d  Input_Init                    
0001cac1  Joy_In                        
0001ca41  Joy_Init                      
2020598c  Joy_x                         
20205990  Joy_y                         
0001b85d  LaunchPad_Init                
20205994  Length                        
0001882d  MovePlayer                    
0001ca89  NMI_Handler                   
0001736d  OGMap                         
0001ca89  PendSV_Handler                
0001b7d9  PrecalculateFloorGradient     
0001ca89  RTC_IRQHandler                
0001cb69  ReadKeys                      
0001c5bd  RenderBuffer                  
0001c1d5  RenderForegroundSprites       
0001c02d  RenderHUD                     
0001c951  RenderScene                   
0001aa75  RenderSky                     
00018cc9  RenderSprite                  
0001a359  RenderSprites                 
0001ccb5  Reset_Handler                 
0000abc8  SCBarkley                     
0001ca89  SPI0_IRQHandler               
0001ca89  SPI1_IRQHandler               
0001a885  SPI_Init                      
0001c2fd  SPI_OutCommand                
0001c5f5  SPI_OutData                   
0001c415  SPI_Reset                     
000195d1  ST7735_DrawBitmap             
0001a241  ST7735_FillRect               
0001c8a1  ST7735_FillScreen             
0001b3e9  ST7735_InitR                  
0001c709  ST7735_SetCursor              
0001ab69  ST7735_SetRotation            
0001ca89  SVC_Handler                   
00015e72  Shotgun                       
20206028  SoundEffects                  
20205998  SoundPt                       
0001c345  Sound_Init                    
0001c62d  Sound_Start                   
20205f88  Sprites                       
202060ec  StTextColor                   
202060c8  StX                           
202060cc  StY                           
0001c3d1  SysTick_Handler               
0001c8cd  SystemInit                    
0001ca89  TIMA0_IRQHandler              
0001ca89  TIMA1_IRQHandler              
0001ca89  TIMG0_IRQHandler              
0001afe1  TIMG12_IRQHandler             
0001ca89  TIMG6_IRQHandler              
0001ca89  TIMG7_IRQHandler              
0001ca89  TIMG8_IRQHandler              
0001cb25  TI_memcpy_small               
0001cbd1  TI_memset_small               
0001b481  TimerG12_IntArm               
0001ca89  UART0_IRQHandler              
0001ca89  UART1_IRQHandler              
0001ca89  UART2_IRQHandler              
0001ca89  UART3_IRQHandler              
20205000  ZBuffer                       
20205740  _CIOBUF_                      
20205740  __CIOBUF_                     
20208000  __STACK_END                   
00000200  __STACK_SIZE                  
00000200  __SYSMEM_SIZE                 
00000000  __TI_ATRegion0_region_sz      
00000000  __TI_ATRegion0_src_addr       
00000000  __TI_ATRegion0_trg_addr       
00000000  __TI_ATRegion1_region_sz      
00000000  __TI_ATRegion1_src_addr       
00000000  __TI_ATRegion1_trg_addr       
00000000  __TI_ATRegion2_region_sz      
00000000  __TI_ATRegion2_src_addr       
00000000  __TI_ATRegion2_trg_addr       
0001cdcc  __TI_CINIT_Base               
0001cddc  __TI_CINIT_Limit              
0001cddc  __TI_CINIT_Warm               
0001cdb8  __TI_Handler_Table_Base       
0001cdc4  __TI_Handler_Table_Limit      
0001c50d  __TI_auto_init_nobinit_nopinit
0001c73d  __TI_cleanup                  
2020608c  __TI_cleanup_ptr              
0001b8d9  __TI_closefile                
0001b955  __TI_decompress_lzss          
0001cb37  __TI_decompress_none          
0001c131  __TI_doflush                  
20206090  __TI_dtors_ptr                
202060d0  __TI_ft_end                   
ffffffff  __TI_pprof_out_hndl           
00019129  __TI_printfi_minimal          
ffffffff  __TI_prof_data_size           
ffffffff  __TI_prof_data_start          
0001c771  __TI_readmsg                  
00000000  __TI_static_base__            
20205860  __TI_tmpnams                  
0001c7a5  __TI_writemsg                 
0001bd39  __TI_wrt_ok                   
0001cb79  __TI_zero_init                
00019bab  __adddf3                      
0001c221  __aeabi_d2iz                  
00019bab  __aeabi_dadd                  
0001be01  __aeabi_dcmpeq                
0001be3d  __aeabi_dcmpge                
0001be51  __aeabi_dcmpgt                
0001be29  __aeabi_dcmple                
0001be15  __aeabi_dcmplt                
0001a581  __aeabi_ddiv                  
0001ad45  __aeabi_dmul                  
00019ba1  __aeabi_dsub                  
202060d4  __aeabi_errno                 
0001b749  __aeabi_errno_addr            
0001c8f9  __aeabi_i2d                   
0001c085  __aeabi_idiv                  
00019d33  __aeabi_idiv0                 
0001c085  __aeabi_idivmod               
0001cbed  __aeabi_memclr                
0001cbed  __aeabi_memclr4               
0001cbed  __aeabi_memclr8               
0001cc59  __aeabi_memcpy                
0001cc59  __aeabi_memcpy4               
0001cc59  __aeabi_memcpy8               
0001cb99  __aeabi_memset                
0001cb99  __aeabi_memset4               
0001cb99  __aeabi_memset8               
0001c455  __aeabi_uidiv                 
0001c455  __aeabi_uidivmod              
ffffffff  __binit__                     
0001bc6d  __cmpdf2                      
0001a581  __divdf3                      
0001bc6d  __eqdf2                       
0001c221  __fixdfsi                     
0001c8f9  __floatsidf                   
0001ba49  __gedf2                       
0001ba49  __gtdf2                       
0001bc6d  __ledf2                       
0001bc6d  __ltdf2                       
UNDEFED   __mpu_init                    
0001ad45  __muldf3                      
0001c549  __muldsi3                     
0001bc6d  __nedf2                       
20207e00  __stack                       
20200000  __start___llvm_prf_bits       
20200000  __start___llvm_prf_cnts       
20200000  __stop___llvm_prf_bits        
20200000  __stop___llvm_prf_cnts        
00019ba1  __subdf3                      
0001c9f5  _c_int00_noargs               
20205f10  _device                       
20205e20  _ftable                       
202060d8  _lock                         
0001b2ab  _nop                          
20205fd8  _stream                       
20206100  _sys_memory                   
UNDEFED   _system_post_cinit            
0001ccb9  _system_pre_init              
202060dc  _unlock                       
0001ccbd  abort                         
202060f2  accuracyRad                   
0001a46d  aligned_alloc                 
202060f3  ammo                          
ffffffff  binit                         
0001b2ad  blitBufferToRenderBuffer      
0000ebc8  circuitBoardTex               
0000cbc8  circuitBoardTex2              
0001b635  clearRenderBuffer             
0001c185  close                         
0001c0db  compareSprites                
20206098  dirX                          
202060a0  dirY                          
0001a68d  drawCharToBuffer              
000197e1  drawForegroundSpriteToBuffer  
0001c7d9  exit                          
0001c871  fastCos                       
0001c495  fastSin                       
0001c80d  finddevice                    
00019ea5  floor                         
20205900  floorGradient                 
00019ea5  floorl                        
0001b34d  fputc                         
0001a97d  fputs                         
0001ac5d  free                          
0001cc71  fseek                         
0001bb95  fseeko                        
0001bc01  getdevice                     
00000000  interruptVectors              
202060f4  isOnTarget                    
202060e0  lastHealth                    
202060f5  lastInput                     
0001af09  ldexp                         
0001af09  ldexpl                        
0001c9a5  lseek                         
0001b5a5  main                          
0001cbf9  malloc                        
00012bc8  matrix                        
00010bc8  matrix2                       
202060f6  max_ammo                      
0001a46d  memalign                      
0001ca65  memccpy                       
202059a0  miniMap                       
00015522  outofammo                     
20205980  parmbuf                       
00008113  pistol                        
202060a8  planeX                        
202060b0  planeY                        
202060e8  playerHealth                  
202060b8  posX                          
202060c0  posY                          
000178c1  pow                           
000178c1  powl                          
0001c4d1  printAmmo                     
0001b0ad  printToBuffer                 
0001bec5  printf                        
00019fe9  qsort                         
0001c665  rand                          
000000c0  reload                        
0001cc79  remove                        
20200000  renderBuffer                  
0001af09  scalbn                        
0001af09  scalbnl                       
0001bf21  setPixelBuffer                
0001ae29  setvbuf                       
000049c0  shotgun                       
0001c69d  sprintf                       
00019d35  sqrt                          
00019d35  sqrtl                         
0001b751  strcmp                        
00016672  target                        
20206078  textures                      
0001c925  unlink                        
00014bc8  weapload                      
20206050  weapon                        
20205500  worldMap                      
0001c9cd  write                         


GLOBAL SYMBOLS: SORTED BY Symbol Address 

address   name                          
-------   ----                          
00000000  __TI_ATRegion0_region_sz      
00000000  __TI_ATRegion0_src_addr       
00000000  __TI_ATRegion0_trg_addr       
00000000  __TI_ATRegion1_region_sz      
00000000  __TI_ATRegion1_src_addr       
00000000  __TI_ATRegion1_trg_addr       
00000000  __TI_ATRegion2_region_sz      
00000000  __TI_ATRegion2_src_addr       
00000000  __TI_ATRegion2_trg_addr       
00000000  __TI_static_base__            
00000000  interruptVectors              
000000c0  reload                        
00000200  __STACK_SIZE                  
00000200  __SYSMEM_SIZE                 
000049c0  shotgun                       
00008113  pistol                        
0000abc8  SCBarkley                     
0000cbc8  circuitBoardTex2              
0000ebc8  circuitBoardTex               
00010bc8  matrix2                       
00012bc8  matrix                        
00014bc8  weapload                      
00015522  outofammo                     
00015e72  Shotgun                       
00016672  target                        
0001736d  OGMap                         
000175ae  Ammo                          
000178c1  pow                           
000178c1  powl                          
00018309  CastRays                      
0001882d  MovePlayer                    
00018cc9  RenderSprite                  
00019129  __TI_printfi_minimal          
000193ad  DrawCrosshair                 
000195d1  ST7735_DrawBitmap             
000197e1  drawForegroundSpriteToBuffer  
000199ed  Clock_Init80MHz               
00019ba1  __aeabi_dsub                  
00019ba1  __subdf3                      
00019bab  __adddf3                      
00019bab  __aeabi_dadd                  
00019d33  __aeabi_idiv0                 
00019d35  sqrt                          
00019d35  sqrtl                         
00019ea5  floor                         
00019ea5  floorl                        
00019fe9  qsort                         
0001a11d  ADC_InitDual                  
0001a241  ST7735_FillRect               
0001a359  RenderSprites                 
0001a46d  aligned_alloc                 
0001a46d  memalign                      
0001a581  __aeabi_ddiv                  
0001a581  __divdf3                      
0001a68d  drawCharToBuffer              
0001a78d  DrawHealthBar                 
0001a885  SPI_Init                      
0001a97d  fputs                         
0001aa75  RenderSky                     
0001ab69  ST7735_SetRotation            
0001ac5d  free                          
0001ad45  __aeabi_dmul                  
0001ad45  __muldf3                      
0001ae29  setvbuf                       
0001af09  ldexp                         
0001af09  ldexpl                        
0001af09  scalbn                        
0001af09  scalbnl                       
0001afe1  TIMG12_IRQHandler             
0001b0ad  printToBuffer                 
0001b161  DAC_Init                      
0001b2ab  _nop                          
0001b2ad  blitBufferToRenderBuffer      
0001b34d  fputc                         
0001b3e9  ST7735_InitR                  
0001b481  TimerG12_IntArm               
0001b515  FillMap                       
0001b5a5  main                          
0001b635  clearRenderBuffer             
0001b749  __aeabi_errno_addr            
0001b751  strcmp                        
0001b7d9  PrecalculateFloorGradient     
0001b85d  LaunchPad_Init                
0001b8d9  __TI_closefile                
0001b955  __TI_decompress_lzss          
0001b9d1  DrawMinimap                   
0001ba49  __gedf2                       
0001ba49  __gtdf2                       
0001babd  HOSTlseek                     
0001bb29  HOSTrename                    
0001bb95  fseeko                        
0001bc01  getdevice                     
0001bc6d  __cmpdf2                      
0001bc6d  __eqdf2                       
0001bc6d  __ledf2                       
0001bc6d  __ltdf2                       
0001bc6d  __nedf2                       
0001bcd5  ADC_InDual                    
0001bd39  __TI_wrt_ok                   
0001be01  __aeabi_dcmpeq                
0001be15  __aeabi_dcmplt                
0001be29  __aeabi_dcmple                
0001be3d  __aeabi_dcmpge                
0001be51  __aeabi_dcmpgt                
0001be65  HOSTopen                      
0001bec5  printf                        
0001bf21  setPixelBuffer                
0001bf7d  HOSTread                      
0001bfd5  HOSTwrite                     
0001c02d  RenderHUD                     
0001c085  __aeabi_idiv                  
0001c085  __aeabi_idivmod               
0001c0db  compareSprites                
0001c131  __TI_doflush                  
0001c185  close                         
0001c1d5  RenderForegroundSprites       
0001c221  __aeabi_d2iz                  
0001c221  __fixdfsi                     
0001c26d  HOSTclose                     
0001c2b5  HOSTunlink                    
0001c2fd  SPI_OutCommand                
0001c345  Sound_Init                    
0001c38d  Input_Init                    
0001c3d1  SysTick_Handler               
0001c415  SPI_Reset                     
0001c455  __aeabi_uidiv                 
0001c455  __aeabi_uidivmod              
0001c495  fastSin                       
0001c4d1  printAmmo                     
0001c50d  __TI_auto_init_nobinit_nopinit
0001c549  __muldsi3                     
0001c585  ActivatePortA_B               
0001c5bd  RenderBuffer                  
0001c5f5  SPI_OutData                   
0001c62d  Sound_Start                   
0001c665  rand                          
0001c69d  sprintf                       
0001c6d5  Clock_Delay1ms                
0001c709  ST7735_SetCursor              
0001c73d  __TI_cleanup                  
0001c771  __TI_readmsg                  
0001c7a5  __TI_writemsg                 
0001c7d1  C$$IO$$                       
0001c7d9  exit                          
0001c80d  finddevice                    
0001c871  fastCos                       
0001c8a1  ST7735_FillScreen             
0001c8cd  SystemInit                    
0001c8f9  __aeabi_i2d                   
0001c8f9  __floatsidf                   
0001c925  unlink                        
0001c951  RenderScene                   
0001c9a5  lseek                         
0001c9cd  write                         
0001c9f5  _c_int00_noargs               
0001ca1d  Graphics_Init                 
0001ca41  Joy_Init                      
0001ca65  memccpy                       
0001ca89  ADC0_IRQHandler               
0001ca89  ADC1_IRQHandler               
0001ca89  AES_IRQHandler                
0001ca89  CANFD0_IRQHandler             
0001ca89  DAC0_IRQHandler               
0001ca89  DMA_IRQHandler                
0001ca89  Default_Handler               
0001ca89  GROUP0_IRQHandler             
0001ca89  GROUP1_IRQHandler             
0001ca89  I2C0_IRQHandler               
0001ca89  I2C1_IRQHandler               
0001ca89  NMI_Handler                   
0001ca89  PendSV_Handler                
0001ca89  RTC_IRQHandler                
0001ca89  SPI0_IRQHandler               
0001ca89  SPI1_IRQHandler               
0001ca89  SVC_Handler                   
0001ca89  TIMA0_IRQHandler              
0001ca89  TIMA1_IRQHandler              
0001ca89  TIMG0_IRQHandler              
0001ca89  TIMG6_IRQHandler              
0001ca89  TIMG7_IRQHandler              
0001ca89  TIMG8_IRQHandler              
0001ca89  UART0_IRQHandler              
0001ca89  UART1_IRQHandler              
0001ca89  UART2_IRQHandler              
0001ca89  UART3_IRQHandler              
0001caa5  HardFault_Handler             
0001cac1  Joy_In                        
0001cb11  DAC_Out                       
0001cb25  TI_memcpy_small               
0001cb37  __TI_decompress_none          
0001cb49  Clock_Delay                   
0001cb59  Delay                         
0001cb69  ReadKeys                      
0001cb79  __TI_zero_init                
0001cb99  __aeabi_memset                
0001cb99  __aeabi_memset4               
0001cb99  __aeabi_memset8               
0001cbd1  TI_memset_small               
0001cbe1  Clock_Freq                    
0001cbed  __aeabi_memclr                
0001cbed  __aeabi_memclr4               
0001cbed  __aeabi_memclr8               
0001cbf9  malloc                        
0001cc59  __aeabi_memcpy                
0001cc59  __aeabi_memcpy4               
0001cc59  __aeabi_memcpy8               
0001cc71  fseek                         
0001cc79  remove                        
0001ccb5  Reset_Handler                 
0001ccb9  _system_pre_init              
0001ccbc  C$$EXIT                       
0001ccbd  abort                         
0001cdb8  __TI_Handler_Table_Base       
0001cdc4  __TI_Handler_Table_Limit      
0001cdcc  __TI_CINIT_Base               
0001cddc  __TI_CINIT_Limit              
0001cddc  __TI_CINIT_Warm               
20200000  __start___llvm_prf_bits       
20200000  __start___llvm_prf_cnts       
20200000  __stop___llvm_prf_bits        
20200000  __stop___llvm_prf_cnts        
20200000  renderBuffer                  
20205000  ZBuffer                       
20205500  worldMap                      
20205740  _CIOBUF_                      
20205740  __CIOBUF_                     
20205860  __TI_tmpnams                  
20205900  floorGradient                 
20205980  parmbuf                       
2020598c  Joy_x                         
20205990  Joy_y                         
20205994  Length                        
20205998  SoundPt                       
202059a0  miniMap                       
20205e20  _ftable                       
20205f10  _device                       
20205f88  Sprites                       
20205fd8  _stream                       
20206028  SoundEffects                  
20206050  weapon                        
20206078  textures                      
2020608c  __TI_cleanup_ptr              
20206090  __TI_dtors_ptr                
20206094  BusFreq                       
20206098  dirX                          
202060a0  dirY                          
202060a8  planeX                        
202060b0  planeY                        
202060b8  posX                          
202060c0  posY                          
202060c8  StX                           
202060cc  StY                           
202060d0  __TI_ft_end                   
202060d4  __aeabi_errno                 
202060d8  _lock                         
202060dc  _unlock                       
202060e0  lastHealth                    
202060e8  playerHealth                  
202060ec  StTextColor                   
202060f2  accuracyRad                   
202060f3  ammo                          
202060f4  isOnTarget                    
202060f5  lastInput                     
202060f6  max_ammo                      
20206100  _sys_memory                   
20207e00  __stack                       
20208000  __STACK_END                   
ffffffff  __TI_pprof_out_hndl           
ffffffff  __TI_prof_data_size           
ffffffff  __TI_prof_data_start          
ffffffff  __binit__                     
ffffffff  binit                         
UNDEFED   __mpu_init                    
UNDEFED   _system_post_cinit            

[274 symbols]
