******************************************************************************
            TI ARM Clang Linker PC v4.0.1                      
******************************************************************************
>> Linked Wed Apr  2 13:49:18 2025

OUTPUT FILE NAME:   <TheM0+rix_Segfaulted.out>
ENTRY POINT SYMBOL: "_c_int00_noargs"  address: 0001bdb5


MEMORY CONFIGURATION

         name            origin    length      used     unused   attr    fill
----------------------  --------  ---------  --------  --------  ----  --------
  FLASH                 00000000   00020000  0001c220  00003de0  R  X
  SRAM                  20200000   00008000  000066f5  0000190b  RW X
  BCR_CONFIG            41c00000   00000080  00000000  00000080  R   
  BSL_CONFIG            41c00100   00000080  00000000  00000080  R   


SEGMENT ALLOCATION MAP

run origin  load origin   length   init length attrs members
----------  ----------- ---------- ----------- ----- -------
00000000    00000000    000169d8   000169d8    r--
  00000000    00000000    000000c0   000000c0    r-- .intvecs
  000000c0    000000c0    00016918   00016918    r-- .rodata
000169e0    000169e0    00005848   00005848    r-x
  000169e0    000169e0    000056f0   000056f0    r-x .text
  0001c0d0    0001c0d0    00000158   00000158    r-- .cinit
20200000    20200000    000064f8   00000000    rw-
  20200000    20200000    00005e20   00000000    rw- .bss
  20205e20    20205e20    000004d5   00000000    rw- .data
  202062f8    202062f8    00000200   00000000    rw- .sysmem
20207e00    20207e00    00000200   00000000    rw-
  20207e00    20207e00    00000200   00000000    rw- .stack


SECTION ALLOCATION MAP

 output                                  attributes/
section   page    origin      length       input sections
--------  ----  ----------  ----------   ----------------
.intvecs   0    00000000    000000c0     
                  00000000    000000c0     startup_mspm0g3507_ticlang.o (.intvecs)

.text      0    000169e0    000056f0     
                  000169e0    00000a48     libc.a : e_pow.c.obj (.text.pow)
                  00017428    00000524     Graphics.o (.text.CastRays)
                  0001794c    0000050c     Input.o (.text.MovePlayer)
                  00017e58    000004d0     sprites.o (.text.RenderSprite)
                  00018328    00000284     libc.a : _printfi.c.obj (.text:__TI_printfi_minimal)
                  000185ac    00000224     Graphics.o (.text.DrawCrosshair)
                  000187d0    00000210     ST7735.o (.text.ST7735_DrawBitmap)
                  000189e0    0000020c     Buffer.o (.text.drawForegroundSpriteToBuffer)
                  00018bec    000001b4     Clock.o (.text.Clock_Init80MHz)
                  00018da0    00000192     libclang_rt.builtins.a : adddf3.S.obj (.text.adddf3_subdf3)
                  00018f32    00000002                            : aeabi_div0.c.obj (.text.__aeabi_idiv0)
                  00018f34    0000018c     sprites.o (.text.RenderSprites)
                  000190c0    00000170     libc.a : e_sqrt.c.obj (.text.sqrt)
                  00019230    00000144            : s_floor.c.obj (.text.floor)
                  00019374    00000134            : qsort.c.obj (.text.qsort)
                  000194a8    00000124     ADC.o (.text.ADC_InitDual)
                  000195cc    00000118     ST7735.o (.text.ST7735_FillRect)
                  000196e4    00000114     libc.a : memory.c.obj (.text.aligned_alloc)
                  000197f8    0000010c     libclang_rt.builtins.a : divdf3.S.obj (.text.__divdf3)
                  00019904    00000100     Buffer.o (.text.drawCharToBuffer)
                  00019a04    000000f8     Graphics.o (.text.DrawHealthBar)
                  00019afc    000000f8     SPI.o (.text.SPI_Init)
                  00019bf4    000000f8     libc.a : fputs.c.obj (.text.fputs)
                  00019cec    000000f4     Graphics.o (.text.RenderSky)
                  00019de0    000000f4     ST7735.o (.text.ST7735_SetRotation)
                  00019ed4    000000e8     libc.a : memory.c.obj (.text.free)
                  00019fbc    000000e4     libclang_rt.builtins.a : muldf3.S.obj (.text.__muldf3)
                  0001a0a0    000000e0     libc.a : setvbuf.c.obj (.text.setvbuf)
                  0001a180    000000d8            : s_scalbn.c.obj (.text.scalbn)
                  0001a258    000000cc     Input.o (.text.TIMG12_IRQHandler)
                  0001a324    000000b4     Buffer.o (.text.printToBuffer)
                  0001a3d8    000000a8     DAC.o (.text.DAC_Init)
                  0001a480    000000a8     sprites.o (.text.RenderInventory)
                  0001a528    000000a2     ST7735.o (.text.commandList)
                  0001a5ca    00000002     libc.a : _lock.c.obj (.text._nop)
                  0001a5cc    000000a0     Buffer.o (.text.blitBufferToRenderBuffer)
                  0001a66c    0000009c     libc.a : fputc.c.obj (.text.fputc)
                  0001a708    00000098     ST7735.o (.text.ST7735_InitR)
                  0001a7a0    00000094     Timer.o (.text.TimerG12_IntArm)
                  0001a834    00000090     Graphics.o (.text.FillMap)
                  0001a8c4    00000090     main.o (.text.main)
                  0001a954    0000008c     Buffer.o (.text.clearRenderBuffer)
                  0001a9e0    00000088     ST7735.o (.text.setAddrWindow)
                  0001aa68    00000008     libc.a : aeabi_portable.c.obj (.text.__aeabi_errno_addr)
                  0001aa70    00000088            : strcmp-armv6m.S.obj (.text:strcmp)
                  0001aaf8    00000084     Buffer.o (.text.PrecalculateFloorGradient)
                  0001ab7c    00000080     Inventory.o (.text.Inventory_add)
                  0001abfc    0000007c     LaunchPad.o (.text.LaunchPad_Init)
                  0001ac78    0000007c     libc.a : fclose.c.obj (.text.__TI_closefile)
                  0001acf4    0000007c            : copy_decompress_lzss.c.obj (.text:decompress:lzss)
                  0001ad70    00000078     Graphics.o (.text.DrawMinimap)
                  0001ade8    00000074     libclang_rt.builtins.a : comparedf2.c.obj (.text.__gedf2)
                  0001ae5c    0000006c     libsysbm.a : hostlseek.c.obj (.text.HOSTlseek)
                  0001aec8    0000006c                : hostrename.c.obj (.text.HOSTrename)
                  0001af34    0000006c     libc.a : fseek.c.obj (.text.fseeko)
                  0001afa0    0000006c            : getdevice.c.obj (.text.getdevice)
                  0001b00c    00000068     libclang_rt.builtins.a : comparedf2.c.obj (.text.__ledf2)
                  0001b074    00000064     ADC.o (.text.ADC_InDual)
                  0001b0d8    00000064     libc.a : _io_perm.c.obj (.text.__TI_wrt_ok)
                  0001b13c    00000064            : memory.c.obj (.text.split)
                  0001b1a0    00000062     libclang_rt.builtins.a : aeabi_dcmp.S.obj (.text.__aeabi_dcmp)
                  0001b202    00000002     --HOLE-- [fill = 0]
                  0001b204    00000060     libsysbm.a : hostopen.c.obj (.text.HOSTopen)
                  0001b264    0000005c     libc.a : printf.c.obj (.text.printf)
                  0001b2c0    0000005c     Buffer.o (.text.setPixelBuffer)
                  0001b31c    00000058     libsysbm.a : hostread.c.obj (.text.HOSTread)
                  0001b374    00000058                : hostwrite.c.obj (.text.HOSTwrite)
                  0001b3cc    00000058     sprites.o (.text.RenderForegroundSprites)
                  0001b424    00000058     Graphics.o (.text.RenderHUD)
                  0001b47c    00000056     libclang_rt.builtins.a : aeabi_idivmod.S.obj (.text.__aeabi_idivmod)
                  0001b4d2    00000056     sprites.o (.text.compareSprites)
                  0001b528    00000052     libc.a : fflush.c.obj (.text.__TI_doflush)
                  0001b57a    00000002     --HOLE-- [fill = 0]
                  0001b57c    00000050     libsysbm.a : close.c.obj (.text.close)
                  0001b5cc    0000004a     libclang_rt.builtins.a : fixdfsi.S.obj (.text.__fixdfsi)
                  0001b616    00000002     --HOLE-- [fill = 0]
                  0001b618    00000048     libsysbm.a : hostclose.c.obj (.text.HOSTclose)
                  0001b660    00000048                : hostunlink.c.obj (.text.HOSTunlink)
                  0001b6a8    00000048     SPI.o (.text.SPI_OutCommand)
                  0001b6f0    00000048     Sounds.o (.text.Sound_Init)
                  0001b738    00000044     Input.o (.text.Input_Init)
                  0001b77c    00000044     Sounds.o (.text.SysTick_Handler)
                  0001b7c0    00000040     Graphics.o (.text.RenderScene)
                  0001b800    00000040     SPI.o (.text.SPI_Reset)
                  0001b840    00000040     libclang_rt.builtins.a : aeabi_uidivmod.S.obj (.text.__aeabi_uidivmod)
                  0001b880    0000003c     Input.o (.text.fastSin)
                  0001b8bc    0000003c     Graphics.o (.text.printAmmo)
                  0001b8f8    0000003c     libc.a : autoinit.c.obj (.text:__TI_auto_init_nobinit_nopinit)
                  0001b934    0000003a     libclang_rt.builtins.a : muldsi3.S.obj (.text.__muldsi3)
                  0001b96e    00000002     --HOLE-- [fill = 0]
                  0001b970    00000038     LaunchPad.o (.text.ActivatePortA_B)
                  0001b9a8    00000038     Buffer.o (.text.RenderBuffer)
                  0001b9e0    00000038     SPI.o (.text.SPI_OutData)
                  0001ba18    00000038     Sounds.o (.text.Sound_Start)
                  0001ba50    00000038     libc.a : rand.c.obj (.text.rand)
                  0001ba88    00000038            : sprintf.c.obj (.text.sprintf)
                  0001bac0    00000034     Clock.o (.text.Clock_Delay1ms)
                  0001baf4    00000034     ST7735.o (.text.ST7735_SetCursor)
                  0001bb28    00000034     libc.a : fopen.c.obj (.text.__TI_cleanup)
                  0001bb5c    00000034     libsysbm.a : trgmsg.c.obj (.text.__TI_readmsg)
                  0001bb90    00000034                : trgmsg.c.obj (.text.__TI_writemsg)
                  0001bbc4    00000034     libc.a : exit.c.obj (.text.exit)
                  0001bbf8    00000034            : getdevice.c.obj (.text.finddevice)
                  0001bc2c    00000030     ST7735.o (.text.commonInit)
                  0001bc5c    00000030     Input.o (.text.fastCos)
                  0001bc8c    0000002c     ST7735.o (.text.ST7735_FillScreen)
                  0001bcb8    0000002c     main.o (.text.SystemInit)
                  0001bce4    0000002c     libclang_rt.builtins.a : floatsidf.S.obj (.text.__floatsidf)
                  0001bd10    0000002c     libsysbm.a : unlink.c.obj (.text.unlink)
                  0001bd3c    00000028     libc.a : memory.c.obj (.text.free_list_insert)
                  0001bd64    00000028     libsysbm.a : lseek.c.obj (.text.lseek)
                  0001bd8c    00000028                : write.c.obj (.text.write)
                  0001bdb4    00000028     libc.a : boot_cortex_m.c.obj (.text:_c_int00_noargs)
                  0001bddc    00000024     Graphics.o (.text.Graphics_Init)
                  0001be00    00000024     Inventory.o (.text.Inventory_next)
                  0001be24    00000024     Joy.o (.text.Joy_Init)
                  0001be48    00000022     libc.a : memccpy.c.obj (.text.memccpy)
                  0001be6a    00000002     --HOLE-- [fill = 0]
                  0001be6c    0000001c     startup_mspm0g3507_ticlang.o (.text.Default_Handler)
                  0001be88    0000001c     startup_mspm0g3507_ticlang.o (.text.HardFault_Handler)
                  0001bea4    0000001c     Joy.o (.text.Joy_In)
                  0001bec0    0000001c     libc.a : memory.c.obj (.text.free_list_remove)
                  0001bedc    00000018            : sprintf.c.obj (.text._outs)
                  0001bef4    00000014     DAC.o (.text.DAC_Out)
                  0001bf08    00000012     Inventory.o (.text.Inventory_currentItem)
                  0001bf1a    00000012     libc.a : memcpy16.S.obj (.text:TI_memcpy_small)
                  0001bf2c    00000012            : copy_decompress_none.c.obj (.text:decompress:none)
                  0001bf3e    00000010     Clock.o (.text.Clock_Delay)
                  0001bf4e    00000010     LaunchPad.o (.text.Delay)
                  0001bf5e    00000002     --HOLE-- [fill = 0]
                  0001bf60    00000010     Joy.o (.text.Joy_InButton)
                  0001bf70    00000010     Input.o (.text.ReadKeys)
                  0001bf80    00000010     libc.a : copy_zero_init.c.obj (.text:decompress:ZI)
                  0001bf90    0000000e            : memory.c.obj (.text.OUTLINED_FUNCTION_0)
                  0001bf9e    00000002     --HOLE-- [fill = 0]
                  0001bfa0    0000000e     libclang_rt.builtins.a : aeabi_memset.S.obj (.text.__aeabi_memset)
                  0001bfae    0000000e     libsysbm.a : hostrename.c.obj (.text.strcpy)
                  0001bfbc    0000000e     libc.a : _printfi.c.obj (.text.strlen)
                  0001bfca    0000000e     libsysbm.a : hostrename.c.obj (.text.strlen)
                  0001bfd8    0000000e     libc.a : memset16.S.obj (.text:TI_memset_small)
                  0001bfe6    00000002     --HOLE-- [fill = 0]
                  0001bfe8    0000000c     Clock.o (.text.Clock_Freq)
                  0001bff4    0000000c     libclang_rt.builtins.a : aeabi_memset.S.obj (.text.__aeabi_memclr)
                  0001c000    0000000c     libc.a : memory.c.obj (.text.malloc)
                  0001c00c    0000000a            : e_pow.c.obj (.text.OUTLINED_FUNCTION_0)
                  0001c016    00000002     --HOLE-- [fill = 0]
                  0001c018    00000010     libclang_rt.builtins.a : muldf3.S.obj (.tramp.__aeabi_dmul.1)
                  0001c028    0000000a     libc.a : e_pow.c.obj (.text.OUTLINED_FUNCTION_1)
                  0001c032    0000000a            : e_pow.c.obj (.text.OUTLINED_FUNCTION_6)
                  0001c03c    0000000a            : sprintf.c.obj (.text._outc)
                  0001c046    00000008            : e_pow.c.obj (.text.OUTLINED_FUNCTION_2)
                  0001c04e    00000002     --HOLE-- [fill = 0]
                  0001c050    00000010     libclang_rt.builtins.a : adddf3.S.obj (.tramp.__aeabi_dsub.1)
                  0001c060    00000008                            : aeabi_memcpy.S.obj (.text.__aeabi_memcpy)
                  0001c068    00000008     libc.a : printf.c.obj (.text._outc)
                  0001c070    00000008            : printf.c.obj (.text._outs)
                  0001c078    00000008            : fseek.c.obj (.text.fseek)
                  0001c080    00000008     libsysbm.a : remove.c.obj (.text.remove)
                  0001c088    00000006     libc.a : e_pow.c.obj (.text.OUTLINED_FUNCTION_3)
                  0001c08e    00000002     --HOLE-- [fill = 0]
                  0001c090    00000010     libclang_rt.builtins.a : adddf3.S.obj (.tramp.__aeabi_dadd.1)
                  0001c0a0    00000006     libc.a : e_pow.c.obj (.text.OUTLINED_FUNCTION_4)
                  0001c0a6    00000006            : e_pow.c.obj (.text.OUTLINED_FUNCTION_5)
                  0001c0ac    00000004            : e_pow.c.obj (.text.OUTLINED_FUNCTION_10)
                  0001c0b0    00000004            : e_pow.c.obj (.text.OUTLINED_FUNCTION_7)
                  0001c0b4    00000004            : e_pow.c.obj (.text.OUTLINED_FUNCTION_8)
                  0001c0b8    00000004            : e_pow.c.obj (.text.OUTLINED_FUNCTION_9)
                  0001c0bc    00000004     startup_mspm0g3507_ticlang.o (.text.Reset_Handler)
                  0001c0c0    00000004     libc.a : pre_init.c.obj (.text._system_pre_init)
                  0001c0c4    00000004            : exit.c.obj (.text:abort)
                  0001c0c8    00000008     --HOLE-- [fill = 0]

.cinit     0    0001c0d0    00000158     
                  0001c0d0    0000012d     (.cinit..data.load) [load image, compression = lzss]
                  0001c1fd    00000003     --HOLE-- [fill = 0]
                  0001c200    0000000c     (__TI_handler_table)
                  0001c20c    00000008     (.cinit..bss.load) [load image, compression = zero_init]
                  0001c214    00000010     (__TI_cinit_table)
                  0001c224    00000004     --HOLE-- [fill = 0]

.rodata    0    000000c0    00016918     
                  000000c0    00004900     Sounds.o (.rodata.reloadSound)
                  000049c0    00002ab4     Sounds.o (.rodata.pistolSound)
                  00007474    00002000     Graphics.o (.rodata.SCBarkley)
                  00009474    00002000     Graphics.o (.rodata.circuitBoardTex2)
                  0000b474    00002000     Graphics.o (.rodata.circuitBoardTex)
                  0000d474    00002000     Graphics.o (.rodata.matrix2)
                  0000f474    00002000     Graphics.o (.rodata.matrix)
                  00011474    00001e78     Sounds.o (.rodata.shotgunSound)
                  000132ec    0000095a     Sounds.o (.rodata.weaploadSound)
                  00013c46    0000094f     Sounds.o (.rodata.outofammoSound)
                  00014595    00000001     --HOLE-- [fill = 0]
                  00014596    00000800     main.o (.rodata.PistolImage)
                  00014d96    00000800     main.o (.rodata.ShotgunImage)
                  00015596    00000800     main.o (.rodata.target)
                  00015d96    000004fb     Buffer.o (.rodata.Font)
                  00016291    00000240     Graphics.o (.rodata.OGMap)
                  000164d1    00000001     --HOLE-- [fill = 0]
                  000164d2    00000200     main.o (.rodata.Shotgunsprite)
                  000166d2    00000200     main.o (.rodata.pistolsprite)
                  000168d2    0000003b     ST7735.o (.rodata.Rcmd1)
                  0001690d    00000003     --HOLE-- [fill = 0]
                  00016910    00000030     libc.a : e_pow.c.obj (.rodata.cst16)
                  00016940    0000002b     ST7735.o (.rodata.Rcmd3)
                  0001696b    00000014     main.o (.rodata.str1.58265674741439123291)
                  0001697f    00000011     libc.a : _printfi.c.obj (.rodata.str1.153638888446227384661)
                  00016990    00000010     main.o (.rodata.str1.128962870563899395191)
                  000169a0    0000000d     ST7735.o (.rodata.Rcmd2green)
                  000169ad    0000000d     ST7735.o (.rodata.Rcmd2red)
                  000169ba    0000000c     main.o (.rodata.str1.181369900268917052751)
                  000169c6    0000000c     Graphics.o (.rodata.str1.25158831670344200691)
                  000169d2    00000006     --HOLE-- [fill = 0]

.init_array 
*          0    00000000    00000000     UNINITIALIZED

.binit     0    00000000    00000000     

.bss       0    20200000    00005e20     UNINITIALIZED
                  20200000    00005000     (.common:renderBuffer)
                  20205000    00000500     (.common:ZBuffer)
                  20205500    00000480     (.common:miniMap)
                  20205980    00000240     (.common:worldMap)
                  20205bc0    00000120     libsysbm.a : trgmsg.c.obj (.bss:_CIOBUF_)
                  20205ce0    000000a0     libc.a : defs.c.obj (.bss.__TI_tmpnams)
                  20205d80    00000080     (.common:floorGradient)
                  20205e00    00000008     libsysbm.a : hostopen.c.obj (.bss.parmbuf)
                  20205e08    00000004     libc.a : memory.c.obj (.bss.sys_free)
                  20205e0c    00000004     (.common:Joy_x)
                  20205e10    00000004     (.common:Joy_y)
                  20205e14    00000004     (.common:Length)
                  20205e18    00000004     (.common:SoundPt)
                  20205e1c    00000001     ST7735.o (.bss.ColStart)
                  20205e1d    00000001     ST7735.o (.bss.Rotation)
                  20205e1e    00000001     ST7735.o (.bss.RowStart)
                  20205e1f    00000001     ST7735.o (.bss.TabColor)

.data      0    20205e20    000004d5     UNINITIALIZED
                  20205e20    00000190     main.o (.data.Sprites)
                  20205fb0    000000f0     libc.a : defs.c.obj (.data._ftable)
                  202060a0    00000078     libsysbm.a : host_device.c.obj (.data._device)
                  20206118    00000060     main.o (.data.pistol)
                  20206178    00000060     main.o (.data.shotgun)
                  202061d8    00000050     libsysbm.a : host_device.c.obj (.data._stream)
                  20206228    00000028     Sounds.o (.data.SoundEffects)
                  20206250    00000014     main.o (.data.inventory)
                  20206264    00000014     Graphics.o (.data.textures)
                  20206278    00000008     libc.a : exit.c.obj (.data..L_MergedGlobals)
                  20206280    00000008     main.o (.data.dirX)
                  20206288    00000008     main.o (.data.dirY)
                  20206290    00000008     main.o (.data.items)
                  20206298    00000008     main.o (.data.planeX)
                  202062a0    00000008     main.o (.data.planeY)
                  202062a8    00000008     main.o (.data.posX)
                  202062b0    00000008     main.o (.data.posY)
                  202062b8    00000004     Clock.o (.data.BusFreq)
                  202062bc    00000004     Graphics.o (.data.RenderScene.side)
                  202062c0    00000004     ST7735.o (.data.StX)
                  202062c4    00000004     ST7735.o (.data.StY)
                  202062c8    00000004     libc.a : defs.c.obj (.data.__TI_ft_end)
                  202062cc    00000004            : aeabi_portable.c.obj (.data.__aeabi_errno)
                  202062d0    00000004            : _lock.c.obj (.data._lock)
                  202062d4    00000004            : _lock.c.obj (.data._unlock)
                  202062d8    00000004     Graphics.o (.data.lastHealth)
                  202062dc    00000004     libc.a : rand.c.obj (.data.next)
                  202062e0    00000004     main.o (.data.numsprites)
                  202062e4    00000004     main.o (.data.playerHealth)
                  202062e8    00000002     ST7735.o (.data.StTextColor)
                  202062ea    00000002     ST7735.o (.data._height)
                  202062ec    00000002     ST7735.o (.data._width)
                  202062ee    00000001     main.o (.data.accuracyRad)
                  202062ef    00000001     main.o (.data.ammo)
                  202062f0    00000001     main.o (.data.isOnTarget)
                  202062f1    00000001     Input.o (.data.lastInput)
                  202062f2    00000001     main.o (.data.max_ammo)
                  202062f3    00000001     --HOLE--
                  202062f4    00000001     libc.a : memory.c.obj (.data.memory_is_initialized)

.sysmem    0    202062f8    00000200     UNINITIALIZED
                  202062f8    00000010     libc.a : memory.c.obj (.sysmem)
                  20206308    000001f0     --HOLE--

.stack     0    20207e00    00000200     UNINITIALIZED
                  20207e00    00000004     libc.a : boot_cortex_m.c.obj (.stack)
                  20207e04    000001fc     --HOLE--

__llvm_prf_cnts 
*          0    20200000    00000000     UNINITIALIZED

__llvm_prf_bits 
*          0    20200000    00000000     UNINITIALIZED

MODULE SUMMARY

       Module                         code    ro data   rw data
       ------                         ----    -------   -------
    .\
       Graphics.o                     2868    41548     3044   
       Sounds.o                       196     42197     48     
       Buffer.o                       1540    1275      20608  
       main.o                         188     7216      680    
       sprites.o                      1970    0         0      
       ST7735.o                       1646    128       18     
       Input.o                        1688    0         1      
       Clock.o                        516     0         4      
       SPI.o                          440     0         0      
       ADC.o                          392     0         0      
       LaunchPad.o                    196     0         0      
       DAC.o                          188     0         0      
       Inventory.o                    182     0         0      
       Timer.o                        148     0         0      
       Joy.o                          80      0         0      
    +--+------------------------------+-------+---------+---------+
       Total:                         12238   92364     24403  
                                                               
    .\ticlang\
       startup_mspm0g3507_ticlang.o   60      192       0      
    +--+------------------------------+-------+---------+---------+
       Total:                         60      192       0      
                                                               
    C:\ti\ccs2000\ccs\tools\compiler\ti-cgt-armllvm_4.0.1.LTS\lib\armv6m-ti-none-eabi/c/libc.a
       e_pow.c.obj                    2704    48        0      
       memory.c.obj                   702     0         5      
       _printfi.c.obj                 658     17        0      
       defs.c.obj                     0       0         404    
       e_sqrt.c.obj                   368     0         0      
       s_floor.c.obj                  324     0         0      
       qsort.c.obj                    308     0         0      
       fputs.c.obj                    248     0         0      
       setvbuf.c.obj                  224     0         0      
       s_scalbn.c.obj                 216     0         0      
       getdevice.c.obj                160     0         0      
       fputc.c.obj                    156     0         0      
       strcmp-armv6m.S.obj            136     0         0      
       copy_decompress_lzss.c.obj     124     0         0      
       fclose.c.obj                   124     0         0      
       fseek.c.obj                    116     0         0      
       printf.c.obj                   108     0         0      
       _io_perm.c.obj                 100     0         0      
       sprintf.c.obj                  90      0         0      
       fflush.c.obj                   82      0         0      
       exit.c.obj                     56      0         8      
       autoinit.c.obj                 60      0         0      
       rand.c.obj                     56      0         4      
       fopen.c.obj                    52      0         0      
       boot_cortex_m.c.obj            40      0         0      
       memccpy.c.obj                  34      0         0      
       copy_decompress_none.c.obj     18      0         0      
       memcpy16.S.obj                 18      0         0      
       copy_zero_init.c.obj           16      0         0      
       memset16.S.obj                 14      0         0      
       aeabi_portable.c.obj           8       0         4      
       _lock.c.obj                    2       0         8      
       pre_init.c.obj                 4       0         0      
    +--+------------------------------+-------+---------+---------+
       Total:                         7326    65        433    
                                                               
    C:\ti\ccs2000\ccs\tools\compiler\ti-cgt-armllvm_4.0.1.LTS\lib\armv6m-ti-none-eabi/c/libsysbm.a
       trgmsg.c.obj                   104     0         288    
       host_device.c.obj              0       0         200    
       hostrename.c.obj               136     0         0      
       hostlseek.c.obj                108     0         0      
       hostopen.c.obj                 96      0         8      
       hostread.c.obj                 88      0         0      
       hostwrite.c.obj                88      0         0      
       close.c.obj                    80      0         0      
       hostclose.c.obj                72      0         0      
       hostunlink.c.obj               72      0         0      
       unlink.c.obj                   44      0         0      
       lseek.c.obj                    40      0         0      
       write.c.obj                    40      0         0      
       remove.c.obj                   8       0         0      
    +--+------------------------------+-------+---------+---------+
       Total:                         976     0         496    
                                                               
    C:\ti\ccs2000\ccs\tools\compiler\ti-cgt-armllvm_4.0.1.LTS\lib\armv6m-ti-none-eabi/libclang_rt.builtins.a
       adddf3.S.obj                   434     0         0      
       divdf3.S.obj                   268     0         0      
       muldf3.S.obj                   244     0         0      
       comparedf2.c.obj               220     0         0      
       aeabi_dcmp.S.obj               98      0         0      
       aeabi_idivmod.S.obj            86      0         0      
       fixdfsi.S.obj                  74      0         0      
       aeabi_uidivmod.S.obj           64      0         0      
       muldsi3.S.obj                  58      0         0      
       floatsidf.S.obj                44      0         0      
       aeabi_memset.S.obj             26      0         0      
       aeabi_memcpy.S.obj             8       0         0      
       aeabi_div0.c.obj               2       0         0      
    +--+------------------------------+-------+---------+---------+
       Total:                         1626    0         0      
                                                               
       Heap:                          0       0         512    
       Stack:                         0       0         512    
       Linker Generated:              0       337       0      
    +--+------------------------------+-------+---------+---------+
       Grand Total:                   22226   92958     26356  


LINKER GENERATED COPY TABLES

__TI_cinit_table @ 0001c214 records: 2, size/record: 8, table size: 16
	.data: load addr=0001c0d0, load size=0000012d bytes, run addr=20205e20, run size=000004d5 bytes, compression=lzss
	.bss: load addr=0001c20c, load size=00000008 bytes, run addr=20200000, run size=00005e20 bytes, compression=zero_init


LINKER GENERATED HANDLER TABLE

__TI_handler_table @ 0001c200 records: 3, size/record: 4, table size: 12
	index: 0, handler: __TI_decompress_lzss
	index: 1, handler: __TI_decompress_none
	index: 2, handler: __TI_zero_init


FAR CALL TRAMPOLINES

callee name               trampoline name
   callee addr  tramp addr   call addr  call info
--------------  -----------  ---------  ----------------
__aeabi_dmul              $Tramp$TT$L$PI$$__aeabi_dmul
   00019fbd     0001c018     0001c014   libc.a : e_pow.c.obj (.text.OUTLINED_FUNCTION_0)
                             0001c030          : e_pow.c.obj (.text.OUTLINED_FUNCTION_1)
                             0001c03a          : e_pow.c.obj (.text.OUTLINED_FUNCTION_6)
                             0001c0a4          : e_pow.c.obj (.text.OUTLINED_FUNCTION_4)
                             0001c0aa          : e_pow.c.obj (.text.OUTLINED_FUNCTION_5)
                             0001c0b6          : e_pow.c.obj (.text.OUTLINED_FUNCTION_8)
__aeabi_dsub              $Tramp$TT$L$PI$$__aeabi_dsub
   00018da1     0001c050     0001c04c   libc.a : e_pow.c.obj (.text.OUTLINED_FUNCTION_2)
__aeabi_dadd              $Tramp$TT$L$PI$$__aeabi_dadd
   00018dab     0001c090     0001c08c   libc.a : e_pow.c.obj (.text.OUTLINED_FUNCTION_3)
                             0001c0ae          : e_pow.c.obj (.text.OUTLINED_FUNCTION_10)
                             0001c0b2          : e_pow.c.obj (.text.OUTLINED_FUNCTION_7)
                             0001c0ba          : e_pow.c.obj (.text.OUTLINED_FUNCTION_9)

[3 trampolines]
[11 trampoline calls]


GLOBAL SYMBOLS: SORTED ALPHABETICALLY BY Name 

address   name                          
-------   ----                          
0001be6d  ADC0_IRQHandler               
0001be6d  ADC1_IRQHandler               
0001b075  ADC_InDual                    
000194a9  ADC_InitDual                  
0001be6d  AES_IRQHandler                
0001b971  ActivatePortA_B               
202062b8  BusFreq                       
0001c0c4  C$$EXIT                       
0001bbbd  C$$IO$$                       
0001be6d  CANFD0_IRQHandler             
00017429  CastRays                      
0001bf3f  Clock_Delay                   
0001bac1  Clock_Delay1ms                
0001bfe9  Clock_Freq                    
00018bed  Clock_Init80MHz               
0001be6d  DAC0_IRQHandler               
0001a3d9  DAC_Init                      
0001bef5  DAC_Out                       
0001be6d  DMA_IRQHandler                
0001be6d  Default_Handler               
0001bf4f  Delay                         
000185ad  DrawCrosshair                 
00019a05  DrawHealthBar                 
0001ad71  DrawMinimap                   
0001a835  FillMap                       
0001be6d  GROUP0_IRQHandler             
0001be6d  GROUP1_IRQHandler             
0001bddd  Graphics_Init                 
0001b619  HOSTclose                     
0001ae5d  HOSTlseek                     
0001b205  HOSTopen                      
0001b31d  HOSTread                      
0001aec9  HOSTrename                    
0001b661  HOSTunlink                    
0001b375  HOSTwrite                     
0001be89  HardFault_Handler             
0001be6d  I2C0_IRQHandler               
0001be6d  I2C1_IRQHandler               
0001b739  Input_Init                    
0001ab7d  Inventory_add                 
0001bf09  Inventory_currentItem         
0001be01  Inventory_next                
0001bea5  Joy_In                        
0001bf61  Joy_InButton                  
0001be25  Joy_Init                      
20205e0c  Joy_x                         
20205e10  Joy_y                         
0001abfd  LaunchPad_Init                
20205e14  Length                        
0001794d  MovePlayer                    
0001be6d  NMI_Handler                   
00016291  OGMap                         
0001be6d  PendSV_Handler                
00014596  PistolImage                   
0001aaf9  PrecalculateFloorGradient     
0001be6d  RTC_IRQHandler                
0001bf71  ReadKeys                      
0001b9a9  RenderBuffer                  
0001b3cd  RenderForegroundSprites       
0001b425  RenderHUD                     
0001a481  RenderInventory               
0001b7c1  RenderScene                   
00019ced  RenderSky                     
00017e59  RenderSprite                  
00018f35  RenderSprites                 
0001c0bd  Reset_Handler                 
00007474  SCBarkley                     
0001be6d  SPI0_IRQHandler               
0001be6d  SPI1_IRQHandler               
00019afd  SPI_Init                      
0001b6a9  SPI_OutCommand                
0001b9e1  SPI_OutData                   
0001b801  SPI_Reset                     
000187d1  ST7735_DrawBitmap             
000195cd  ST7735_FillRect               
0001bc8d  ST7735_FillScreen             
0001a709  ST7735_InitR                  
0001baf5  ST7735_SetCursor              
00019de1  ST7735_SetRotation            
0001be6d  SVC_Handler                   
00014d96  ShotgunImage                  
000164d2  Shotgunsprite                 
20206228  SoundEffects                  
20205e18  SoundPt                       
0001b6f1  Sound_Init                    
0001ba19  Sound_Start                   
20205e20  Sprites                       
202062e8  StTextColor                   
202062c0  StX                           
202062c4  StY                           
0001b77d  SysTick_Handler               
0001bcb9  SystemInit                    
0001be6d  TIMA0_IRQHandler              
0001be6d  TIMA1_IRQHandler              
0001be6d  TIMG0_IRQHandler              
0001a259  TIMG12_IRQHandler             
0001be6d  TIMG6_IRQHandler              
0001be6d  TIMG7_IRQHandler              
0001be6d  TIMG8_IRQHandler              
0001bf1b  TI_memcpy_small               
0001bfd9  TI_memset_small               
0001a7a1  TimerG12_IntArm               
0001be6d  UART0_IRQHandler              
0001be6d  UART1_IRQHandler              
0001be6d  UART2_IRQHandler              
0001be6d  UART3_IRQHandler              
20205000  ZBuffer                       
20205bc0  _CIOBUF_                      
20205bc0  __CIOBUF_                     
20208000  __STACK_END                   
00000200  __STACK_SIZE                  
00000200  __SYSMEM_SIZE                 
00000000  __TI_ATRegion0_region_sz      
00000000  __TI_ATRegion0_src_addr       
00000000  __TI_ATRegion0_trg_addr       
00000000  __TI_ATRegion1_region_sz      
00000000  __TI_ATRegion1_src_addr       
00000000  __TI_ATRegion1_trg_addr       
00000000  __TI_ATRegion2_region_sz      
00000000  __TI_ATRegion2_src_addr       
00000000  __TI_ATRegion2_trg_addr       
0001c214  __TI_CINIT_Base               
0001c224  __TI_CINIT_Limit              
0001c224  __TI_CINIT_Warm               
0001c200  __TI_Handler_Table_Base       
0001c20c  __TI_Handler_Table_Limit      
0001b8f9  __TI_auto_init_nobinit_nopinit
0001bb29  __TI_cleanup                  
20206278  __TI_cleanup_ptr              
0001ac79  __TI_closefile                
0001acf5  __TI_decompress_lzss          
0001bf2d  __TI_decompress_none          
0001b529  __TI_doflush                  
2020627c  __TI_dtors_ptr                
202062c8  __TI_ft_end                   
ffffffff  __TI_pprof_out_hndl           
00018329  __TI_printfi_minimal          
ffffffff  __TI_prof_data_size           
ffffffff  __TI_prof_data_start          
0001bb5d  __TI_readmsg                  
00000000  __TI_static_base__            
20205ce0  __TI_tmpnams                  
0001bb91  __TI_writemsg                 
0001b0d9  __TI_wrt_ok                   
0001bf81  __TI_zero_init                
00018dab  __adddf3                      
0001b5cd  __aeabi_d2iz                  
00018dab  __aeabi_dadd                  
0001b1a1  __aeabi_dcmpeq                
0001b1dd  __aeabi_dcmpge                
0001b1f1  __aeabi_dcmpgt                
0001b1c9  __aeabi_dcmple                
0001b1b5  __aeabi_dcmplt                
000197f9  __aeabi_ddiv                  
00019fbd  __aeabi_dmul                  
00018da1  __aeabi_dsub                  
202062cc  __aeabi_errno                 
0001aa69  __aeabi_errno_addr            
0001bce5  __aeabi_i2d                   
0001b47d  __aeabi_idiv                  
00018f33  __aeabi_idiv0                 
0001b47d  __aeabi_idivmod               
0001bff5  __aeabi_memclr                
0001bff5  __aeabi_memclr4               
0001bff5  __aeabi_memclr8               
0001c061  __aeabi_memcpy                
0001c061  __aeabi_memcpy4               
0001c061  __aeabi_memcpy8               
0001bfa1  __aeabi_memset                
0001bfa1  __aeabi_memset4               
0001bfa1  __aeabi_memset8               
0001b841  __aeabi_uidiv                 
0001b841  __aeabi_uidivmod              
ffffffff  __binit__                     
0001b00d  __cmpdf2                      
000197f9  __divdf3                      
0001b00d  __eqdf2                       
0001b5cd  __fixdfsi                     
0001bce5  __floatsidf                   
0001ade9  __gedf2                       
0001ade9  __gtdf2                       
0001b00d  __ledf2                       
0001b00d  __ltdf2                       
UNDEFED   __mpu_init                    
00019fbd  __muldf3                      
0001b935  __muldsi3                     
0001b00d  __nedf2                       
20207e00  __stack                       
20200000  __start___llvm_prf_bits       
20200000  __start___llvm_prf_cnts       
20200000  __stop___llvm_prf_bits        
20200000  __stop___llvm_prf_cnts        
00018da1  __subdf3                      
0001bdb5  _c_int00_noargs               
202060a0  _device                       
20205fb0  _ftable                       
202062d0  _lock                         
0001a5cb  _nop                          
202061d8  _stream                       
202062f8  _sys_memory                   
UNDEFED   _system_post_cinit            
0001c0c1  _system_pre_init              
202062d4  _unlock                       
0001c0c5  abort                         
202062ee  accuracyRad                   
000196e5  aligned_alloc                 
202062ef  ammo                          
ffffffff  binit                         
0001a5cd  blitBufferToRenderBuffer      
0000b474  circuitBoardTex               
00009474  circuitBoardTex2              
0001a955  clearRenderBuffer             
0001b57d  close                         
0001b4d3  compareSprites                
20206280  dirX                          
20206288  dirY                          
00019905  drawCharToBuffer              
000189e1  drawForegroundSpriteToBuffer  
0001bbc5  exit                          
0001bc5d  fastCos                       
0001b881  fastSin                       
0001bbf9  finddevice                    
00019231  floor                         
20205d80  floorGradient                 
00019231  floorl                        
0001a66d  fputc                         
00019bf5  fputs                         
00019ed5  free                          
0001c079  fseek                         
0001af35  fseeko                        
0001afa1  getdevice                     
00000000  interruptVectors              
20206250  inventory                     
202062f0  isOnTarget                    
20206290  items                         
202062d8  lastHealth                    
202062f1  lastInput                     
0001a181  ldexp                         
0001a181  ldexpl                        
0001bd65  lseek                         
0001a8c5  main                          
0001c001  malloc                        
0000f474  matrix                        
0000d474  matrix2                       
202062f2  max_ammo                      
000196e5  memalign                      
0001be49  memccpy                       
20205500  miniMap                       
202062e0  numsprites                    
00013c46  outofammoSound                
20205e00  parmbuf                       
20206118  pistol                        
000049c0  pistolSound                   
000166d2  pistolsprite                  
20206298  planeX                        
202062a0  planeY                        
202062e4  playerHealth                  
202062a8  posX                          
202062b0  posY                          
000169e1  pow                           
000169e1  powl                          
0001b8bd  printAmmo                     
0001a325  printToBuffer                 
0001b265  printf                        
00019375  qsort                         
0001ba51  rand                          
000000c0  reloadSound                   
0001c081  remove                        
20200000  renderBuffer                  
0001a181  scalbn                        
0001a181  scalbnl                       
0001b2c1  setPixelBuffer                
0001a0a1  setvbuf                       
20206178  shotgun                       
00011474  shotgunSound                  
0001ba89  sprintf                       
000190c1  sqrt                          
000190c1  sqrtl                         
0001aa71  strcmp                        
00015596  target                        
20206264  textures                      
0001bd11  unlink                        
000132ec  weaploadSound                 
20205980  worldMap                      
0001bd8d  write                         


GLOBAL SYMBOLS: SORTED BY Symbol Address 

address   name                          
-------   ----                          
00000000  __TI_ATRegion0_region_sz      
00000000  __TI_ATRegion0_src_addr       
00000000  __TI_ATRegion0_trg_addr       
00000000  __TI_ATRegion1_region_sz      
00000000  __TI_ATRegion1_src_addr       
00000000  __TI_ATRegion1_trg_addr       
00000000  __TI_ATRegion2_region_sz      
00000000  __TI_ATRegion2_src_addr       
00000000  __TI_ATRegion2_trg_addr       
00000000  __TI_static_base__            
00000000  interruptVectors              
000000c0  reloadSound                   
00000200  __STACK_SIZE                  
00000200  __SYSMEM_SIZE                 
000049c0  pistolSound                   
00007474  SCBarkley                     
00009474  circuitBoardTex2              
0000b474  circuitBoardTex               
0000d474  matrix2                       
0000f474  matrix                        
00011474  shotgunSound                  
000132ec  weaploadSound                 
00013c46  outofammoSound                
00014596  PistolImage                   
00014d96  ShotgunImage                  
00015596  target                        
00016291  OGMap                         
000164d2  Shotgunsprite                 
000166d2  pistolsprite                  
000169e1  pow                           
000169e1  powl                          
00017429  CastRays                      
0001794d  MovePlayer                    
00017e59  RenderSprite                  
00018329  __TI_printfi_minimal          
000185ad  DrawCrosshair                 
000187d1  ST7735_DrawBitmap             
000189e1  drawForegroundSpriteToBuffer  
00018bed  Clock_Init80MHz               
00018da1  __aeabi_dsub                  
00018da1  __subdf3                      
00018dab  __adddf3                      
00018dab  __aeabi_dadd                  
00018f33  __aeabi_idiv0                 
00018f35  RenderSprites                 
000190c1  sqrt                          
000190c1  sqrtl                         
00019231  floor                         
00019231  floorl                        
00019375  qsort                         
000194a9  ADC_InitDual                  
000195cd  ST7735_FillRect               
000196e5  aligned_alloc                 
000196e5  memalign                      
000197f9  __aeabi_ddiv                  
000197f9  __divdf3                      
00019905  drawCharToBuffer              
00019a05  DrawHealthBar                 
00019afd  SPI_Init                      
00019bf5  fputs                         
00019ced  RenderSky                     
00019de1  ST7735_SetRotation            
00019ed5  free                          
00019fbd  __aeabi_dmul                  
00019fbd  __muldf3                      
0001a0a1  setvbuf                       
0001a181  ldexp                         
0001a181  ldexpl                        
0001a181  scalbn                        
0001a181  scalbnl                       
0001a259  TIMG12_IRQHandler             
0001a325  printToBuffer                 
0001a3d9  DAC_Init                      
0001a481  RenderInventory               
0001a5cb  _nop                          
0001a5cd  blitBufferToRenderBuffer      
0001a66d  fputc                         
0001a709  ST7735_InitR                  
0001a7a1  TimerG12_IntArm               
0001a835  FillMap                       
0001a8c5  main                          
0001a955  clearRenderBuffer             
0001aa69  __aeabi_errno_addr            
0001aa71  strcmp                        
0001aaf9  PrecalculateFloorGradient     
0001ab7d  Inventory_add                 
0001abfd  LaunchPad_Init                
0001ac79  __TI_closefile                
0001acf5  __TI_decompress_lzss          
0001ad71  DrawMinimap                   
0001ade9  __gedf2                       
0001ade9  __gtdf2                       
0001ae5d  HOSTlseek                     
0001aec9  HOSTrename                    
0001af35  fseeko                        
0001afa1  getdevice                     
0001b00d  __cmpdf2                      
0001b00d  __eqdf2                       
0001b00d  __ledf2                       
0001b00d  __ltdf2                       
0001b00d  __nedf2                       
0001b075  ADC_InDual                    
0001b0d9  __TI_wrt_ok                   
0001b1a1  __aeabi_dcmpeq                
0001b1b5  __aeabi_dcmplt                
0001b1c9  __aeabi_dcmple                
0001b1dd  __aeabi_dcmpge                
0001b1f1  __aeabi_dcmpgt                
0001b205  HOSTopen                      
0001b265  printf                        
0001b2c1  setPixelBuffer                
0001b31d  HOSTread                      
0001b375  HOSTwrite                     
0001b3cd  RenderForegroundSprites       
0001b425  RenderHUD                     
0001b47d  __aeabi_idiv                  
0001b47d  __aeabi_idivmod               
0001b4d3  compareSprites                
0001b529  __TI_doflush                  
0001b57d  close                         
0001b5cd  __aeabi_d2iz                  
0001b5cd  __fixdfsi                     
0001b619  HOSTclose                     
0001b661  HOSTunlink                    
0001b6a9  SPI_OutCommand                
0001b6f1  Sound_Init                    
0001b739  Input_Init                    
0001b77d  SysTick_Handler               
0001b7c1  RenderScene                   
0001b801  SPI_Reset                     
0001b841  __aeabi_uidiv                 
0001b841  __aeabi_uidivmod              
0001b881  fastSin                       
0001b8bd  printAmmo                     
0001b8f9  __TI_auto_init_nobinit_nopinit
0001b935  __muldsi3                     
0001b971  ActivatePortA_B               
0001b9a9  RenderBuffer                  
0001b9e1  SPI_OutData                   
0001ba19  Sound_Start                   
0001ba51  rand                          
0001ba89  sprintf                       
0001bac1  Clock_Delay1ms                
0001baf5  ST7735_SetCursor              
0001bb29  __TI_cleanup                  
0001bb5d  __TI_readmsg                  
0001bb91  __TI_writemsg                 
0001bbbd  C$$IO$$                       
0001bbc5  exit                          
0001bbf9  finddevice                    
0001bc5d  fastCos                       
0001bc8d  ST7735_FillScreen             
0001bcb9  SystemInit                    
0001bce5  __aeabi_i2d                   
0001bce5  __floatsidf                   
0001bd11  unlink                        
0001bd65  lseek                         
0001bd8d  write                         
0001bdb5  _c_int00_noargs               
0001bddd  Graphics_Init                 
0001be01  Inventory_next                
0001be25  Joy_Init                      
0001be49  memccpy                       
0001be6d  ADC0_IRQHandler               
0001be6d  ADC1_IRQHandler               
0001be6d  AES_IRQHandler                
0001be6d  CANFD0_IRQHandler             
0001be6d  DAC0_IRQHandler               
0001be6d  DMA_IRQHandler                
0001be6d  Default_Handler               
0001be6d  GROUP0_IRQHandler             
0001be6d  GROUP1_IRQHandler             
0001be6d  I2C0_IRQHandler               
0001be6d  I2C1_IRQHandler               
0001be6d  NMI_Handler                   
0001be6d  PendSV_Handler                
0001be6d  RTC_IRQHandler                
0001be6d  SPI0_IRQHandler               
0001be6d  SPI1_IRQHandler               
0001be6d  SVC_Handler                   
0001be6d  TIMA0_IRQHandler              
0001be6d  TIMA1_IRQHandler              
0001be6d  TIMG0_IRQHandler              
0001be6d  TIMG6_IRQHandler              
0001be6d  TIMG7_IRQHandler              
0001be6d  TIMG8_IRQHandler              
0001be6d  UART0_IRQHandler              
0001be6d  UART1_IRQHandler              
0001be6d  UART2_IRQHandler              
0001be6d  UART3_IRQHandler              
0001be89  HardFault_Handler             
0001bea5  Joy_In                        
0001bef5  DAC_Out                       
0001bf09  Inventory_currentItem         
0001bf1b  TI_memcpy_small               
0001bf2d  __TI_decompress_none          
0001bf3f  Clock_Delay                   
0001bf4f  Delay                         
0001bf61  Joy_InButton                  
0001bf71  ReadKeys                      
0001bf81  __TI_zero_init                
0001bfa1  __aeabi_memset                
0001bfa1  __aeabi_memset4               
0001bfa1  __aeabi_memset8               
0001bfd9  TI_memset_small               
0001bfe9  Clock_Freq                    
0001bff5  __aeabi_memclr                
0001bff5  __aeabi_memclr4               
0001bff5  __aeabi_memclr8               
0001c001  malloc                        
0001c061  __aeabi_memcpy                
0001c061  __aeabi_memcpy4               
0001c061  __aeabi_memcpy8               
0001c079  fseek                         
0001c081  remove                        
0001c0bd  Reset_Handler                 
0001c0c1  _system_pre_init              
0001c0c4  C$$EXIT                       
0001c0c5  abort                         
0001c200  __TI_Handler_Table_Base       
0001c20c  __TI_Handler_Table_Limit      
0001c214  __TI_CINIT_Base               
0001c224  __TI_CINIT_Limit              
0001c224  __TI_CINIT_Warm               
20200000  __start___llvm_prf_bits       
20200000  __start___llvm_prf_cnts       
20200000  __stop___llvm_prf_bits        
20200000  __stop___llvm_prf_cnts        
20200000  renderBuffer                  
20205000  ZBuffer                       
20205500  miniMap                       
20205980  worldMap                      
20205bc0  _CIOBUF_                      
20205bc0  __CIOBUF_                     
20205ce0  __TI_tmpnams                  
20205d80  floorGradient                 
20205e00  parmbuf                       
20205e0c  Joy_x                         
20205e10  Joy_y                         
20205e14  Length                        
20205e18  SoundPt                       
20205e20  Sprites                       
20205fb0  _ftable                       
202060a0  _device                       
20206118  pistol                        
20206178  shotgun                       
202061d8  _stream                       
20206228  SoundEffects                  
20206250  inventory                     
20206264  textures                      
20206278  __TI_cleanup_ptr              
2020627c  __TI_dtors_ptr                
20206280  dirX                          
20206288  dirY                          
20206290  items                         
20206298  planeX                        
202062a0  planeY                        
202062a8  posX                          
202062b0  posY                          
202062b8  BusFreq                       
202062c0  StX                           
202062c4  StY                           
202062c8  __TI_ft_end                   
202062cc  __aeabi_errno                 
202062d0  _lock                         
202062d4  _unlock                       
202062d8  lastHealth                    
202062e0  numsprites                    
202062e4  playerHealth                  
202062e8  StTextColor                   
202062ee  accuracyRad                   
202062ef  ammo                          
202062f0  isOnTarget                    
202062f1  lastInput                     
202062f2  max_ammo                      
202062f8  _sys_memory                   
20207e00  __stack                       
20208000  __STACK_END                   
ffffffff  __TI_pprof_out_hndl           
ffffffff  __TI_prof_data_size           
ffffffff  __TI_prof_data_start          
ffffffff  __binit__                     
ffffffff  binit                         
UNDEFED   __mpu_init                    
UNDEFED   _system_post_cinit            

[285 symbols]
