******************************************************************************
            TI ARM Clang Linker PC v4.0.1                      
******************************************************************************
>> Linked Mon Apr  7 12:56:46 2025

OUTPUT FILE NAME:   <TheM0+rix_Segfaulted.out>
ENTRY POINT SYMBOL: "_c_int00_noargs"  address: 0001c14d


MEMORY CONFIGURATION

         name            origin    length      used     unused   attr    fill
----------------------  --------  ---------  --------  --------  ----  --------
  FLASH                 00000000   00020000  0001c730  000038d0  R  X
  SRAM                  20200000   00008000  00006860  000017a0  RW X
  BCR_CONFIG            41c00000   00000080  00000000  00000080  R   
  BSL_CONFIG            41c00100   00000080  00000000  00000080  R   


SEGMENT ALLOCATION MAP

run origin  load origin   length   init length attrs members
----------  ----------- ---------- ----------- ----- -------
00000000    00000000    0001c730   0001c730    r-x
  00000000    00000000    000000c0   000000c0    r-- .intvecs
  000000c0    000000c0    00015a70   00015a70    r-- .rodata
  00015b30    00015b30    00006a40   00006a40    r-x .text
  0001c570    0001c570    000001c0   000001c0    r-- .cinit
20200000    20200000    00006668   00000000    rw-
  20200000    20200000    00005e7b   00000000    rw- .bss
  20205e80    20205e80    000005e5   00000000    rw- .data
  20206468    20206468    00000200   00000000    rw- .sysmem
20207e00    20207e00    00000200   00000000    rw-
  20207e00    20207e00    00000200   00000000    rw- .stack


SECTION ALLOCATION MAP

 output                                  attributes/
section   page    origin      length       input sections
--------  ----  ----------  ----------   ----------------
.intvecs   0    00000000    000000c0     
                  00000000    000000c0     startup_mspm0g3507_ticlang.o (.intvecs)

.text      0    00015b30    00006a40     
                  00015b30    00000a48     libc.a : e_pow.c.obj (.text.pow)
                  00016578    00000678     Input.o (.text.MovePlayer)
                  00016bf0    0000057c     sprites.o (.text.RenderSprite)
                  0001716c    00000524     Graphics.o (.text.CastRays)
                  00017690    00000284     libc.a : _printfi.c.obj (.text:__TI_printfi_minimal)
                  00017914    00000238     Graphics.o (.text.DrawCrosshair)
                  00017b4c    00000218     Buffer.o (.text.drawForegroundSpriteToBuffer)
                  00017d64    00000210     ST7735.o (.text.ST7735_DrawBitmap)
                  00017f74    000001f4     Graphics.o (.text.DrawHealthBar)
                  00018168    000001b4     Clock.o (.text.Clock_Init80MHz)
                  0001831c    000001a8     ST7735.o (.text.ST7735_DrawChar)
                  000184c4    00000192     libclang_rt.builtins.a : adddf3.S.obj (.text.adddf3_subdf3)
                  00018656    00000002                            : aeabi_div0.c.obj (.text.__aeabi_idiv0)
                  00018658    0000018c     sprites.o (.text.RenderSprites)
                  000187e4    00000170     libc.a : e_sqrt.c.obj (.text.sqrt)
                  00018954    00000154            : fopen.c.obj (.text._openfile)
                  00018aa8    00000144            : s_floor.c.obj (.text.floor)
                  00018bec    00000134            : qsort.c.obj (.text.qsort)
                  00018d20    00000124     ADC.o (.text.ADC_InitDual)
                  00018e44    00000118     ST7735.o (.text.ST7735_FillRect)
                  00018f5c    00000114     libc.a : memory.c.obj (.text.aligned_alloc)
                  00019070    0000010c     libclang_rt.builtins.a : divdf3.S.obj (.text.__divdf3)
                  0001917c    00000100     Buffer.o (.text.drawCharToBuffer)
                  0001927c    000000f8     SPI.o (.text.SPI_Init)
                  00019374    000000f8     libc.a : fputs.c.obj (.text.fputs)
                  0001946c    000000f4     sprites.o (.text.RenderForegroundSprites)
                  00019560    000000f4     Graphics.o (.text.RenderSky)
                  00019654    000000f4     ST7735.o (.text.ST7735_SetRotation)
                  00019748    000000ec     libsysbm.a : add_device.c.obj (.text.add_device)
                  00019834    000000e8     libc.a : memory.c.obj (.text.free)
                  0001991c    000000e4     libclang_rt.builtins.a : muldf3.S.obj (.text.__muldf3)
                  00019a00    000000e0     libc.a : setvbuf.c.obj (.text.setvbuf)
                  00019ae0    000000d8            : s_scalbn.c.obj (.text.scalbn)
                  00019bb8    000000d4     UART2.o (.text.UART2_Init)
                  00019c8c    000000d0     Inventory.o (.text.Inventory_add)
                  00019d5c    000000d0     ST7735.o (.text.ST7735_OutChar)
                  00019e2c    000000cc     Input.o (.text.TIMG12_IRQHandler)
                  00019ef8    000000b4     main.o (.text.getUARTPacket)
                  00019fac    000000b4     Buffer.o (.text.printToBuffer)
                  0001a060    000000a8     DAC.o (.text.DAC_Init)
                  0001a108    000000a8     sprites.o (.text.RenderInventory)
                  0001a1b0    000000a8     Timer.o (.text.TimerG8_IntArm)
                  0001a258    000000a4     Timer.o (.text.TimerG0_IntArm)
                  0001a2fc    000000a2     ST7735.o (.text.commandList)
                  0001a39e    00000002     libc.a : _lock.c.obj (.text._nop)
                  0001a3a0    000000a0     Buffer.o (.text.blitBufferToRenderBuffer)
                  0001a440    000000a0     libsysbm.a : open.c.obj (.text.open)
                  0001a4e0    0000009c     ST7735.o (.text.ST7735_InitPrintf)
                  0001a57c    0000009c     libc.a : fputc.c.obj (.text.fputc)
                  0001a618    0000009c     main.o (.text.main)
                  0001a6b4    00000098     ST7735.o (.text.ST7735_InitR)
                  0001a74c    00000094     Timer.o (.text.TimerG12_IntArm)
                  0001a7e0    00000090     Graphics.o (.text.FillMap)
                  0001a870    00000090     main.o (.text.sendUARTPacket)
                  0001a900    0000008c     Buffer.o (.text.clearRenderBuffer)
                  0001a98c    00000088     ST7735.o (.text.setAddrWindow)
                  0001aa14    0000000c     Clock.o (.text.Clock_Freq)
                  0001aa20    00000088     libc.a : strcmp-armv6m.S.obj (.text:strcmp)
                  0001aaa8    00000084     Buffer.o (.text.PrecalculateFloorGradient)
                  0001ab2c    00000084     ST7735.o (.text.ST7735_DrawString)
                  0001abb0    00000080     UART1.o (.text.UART1_Init)
                  0001ac30    0000007c     LaunchPad.o (.text.LaunchPad_Init)
                  0001acac    0000007c     libc.a : fclose.c.obj (.text.__TI_closefile)
                  0001ad28    0000007c            : copy_decompress_lzss.c.obj (.text:decompress:lzss)
                  0001ada4    00000078     Graphics.o (.text.DrawMinimap)
                  0001ae1c    00000074     Inventory.o (.text.Inventory_removeCurrent)
                  0001ae90    00000074     libclang_rt.builtins.a : comparedf2.c.obj (.text.__gedf2)
                  0001af04    00000070     Graphics.o (.text.RenderHUD)
                  0001af74    0000006c     libsysbm.a : hostlseek.c.obj (.text.HOSTlseek)
                  0001afe0    0000006c                : hostrename.c.obj (.text.HOSTrename)
                  0001b04c    0000006c     UART2.o (.text.UART2_IRQHandler)
                  0001b0b8    0000006c     libc.a : fseek.c.obj (.text.fseeko)
                  0001b124    0000006c            : getdevice.c.obj (.text.getdevice)
                  0001b190    00000068     libclang_rt.builtins.a : comparedf2.c.obj (.text.__ledf2)
                  0001b1f8    00000064     ADC.o (.text.ADC_InDual)
                  0001b25c    00000064     libc.a : _io_perm.c.obj (.text.__TI_wrt_ok)
                  0001b2c0    00000064            : memory.c.obj (.text.split)
                  0001b324    00000062     libclang_rt.builtins.a : aeabi_dcmp.S.obj (.text.__aeabi_dcmp)
                  0001b386    00000002     --HOLE-- [fill = 0]
                  0001b388    00000060     libsysbm.a : hostopen.c.obj (.text.HOSTopen)
                  0001b3e8    0000005c     libc.a : printf.c.obj (.text.printf)
                  0001b444    0000005c     Buffer.o (.text.setPixelBuffer)
                  0001b4a0    00000058     libsysbm.a : hostread.c.obj (.text.HOSTread)
                  0001b4f8    00000058                : hostwrite.c.obj (.text.HOSTwrite)
                  0001b550    00000056     libclang_rt.builtins.a : aeabi_idivmod.S.obj (.text.__aeabi_idivmod)
                  0001b5a6    00000056     sprites.o (.text.compareSprites)
                  0001b5fc    00000052     libc.a : fflush.c.obj (.text.__TI_doflush)
                  0001b64e    00000002     --HOLE-- [fill = 0]
                  0001b650    00000050     libsysbm.a : close.c.obj (.text.close)
                  0001b6a0    0000004c     FIFO.o (.text.RxFifo_Get)
                  0001b6ec    0000004c     FIFO.o (.text.RxFifo_Put)
                  0001b738    0000004c     Inventory.o (.text.inInventory)
                  0001b784    0000004c     Graphics.o (.text.printAmmo)
                  0001b7d0    0000004a     libclang_rt.builtins.a : fixdfsi.S.obj (.text.__fixdfsi)
                  0001b81a    00000002     --HOLE-- [fill = 0]
                  0001b81c    00000048     libsysbm.a : hostclose.c.obj (.text.HOSTclose)
                  0001b864    00000048                : hostunlink.c.obj (.text.HOSTunlink)
                  0001b8ac    00000048     SPI.o (.text.SPI_OutCommand)
                  0001b8f4    00000048     Sounds.o (.text.Sound_Init)
                  0001b93c    00000048     Async_Delay.o (.text.TIMG0_IRQHandler)
                  0001b984    00000044     Input.o (.text.Input_Init)
                  0001b9c8    00000044     Sounds.o (.text.SysTick_Handler)
                  0001ba0c    00000044     main.o (.text.SystemInit)
                  0001ba50    00000040     Graphics.o (.text.RenderScene)
                  0001ba90    00000040     SPI.o (.text.SPI_Reset)
                  0001bad0    00000040     libclang_rt.builtins.a : aeabi_uidivmod.S.obj (.text.__aeabi_uidivmod)
                  0001bb10    00000040     libc.a : fopen.c.obj (.text._search_fp)
                  0001bb50    0000003c     Input.o (.text.fastSin)
                  0001bb8c    0000003c     libc.a : autoinit.c.obj (.text:__TI_auto_init_nobinit_nopinit)
                  0001bbc8    0000003a     libclang_rt.builtins.a : muldsi3.S.obj (.text.__muldsi3)
                  0001bc02    00000002     --HOLE-- [fill = 0]
                  0001bc04    00000038     LaunchPad.o (.text.ActivatePortA_B)
                  0001bc3c    00000038     Buffer.o (.text.RenderBuffer)
                  0001bc74    00000038     SPI.o (.text.SPI_OutData)
                  0001bcac    00000038     Sounds.o (.text.Sound_Start)
                  0001bce4    00000038     libc.a : rand.c.obj (.text.rand)
                  0001bd1c    00000038            : sprintf.c.obj (.text.sprintf)
                  0001bd54    00000038     Async_Delay.o (.text.start_delay)
                  0001bd8c    00000034     Clock.o (.text.Clock_Delay1ms)
                  0001bdc0    00000034     ST7735.o (.text.ST7735_SetCursor)
                  0001bdf4    00000034     ST7735.o (.text.ST7735_write)
                  0001be28    00000034     libc.a : fopen.c.obj (.text.__TI_cleanup)
                  0001be5c    00000034     libsysbm.a : trgmsg.c.obj (.text.__TI_readmsg)
                  0001be90    00000034                : trgmsg.c.obj (.text.__TI_writemsg)
                  0001bec4    00000034     libc.a : exit.c.obj (.text.exit)
                  0001bef8    00000034            : getdevice.c.obj (.text.finddevice)
                  0001bf2c    00000034            : fopen.c.obj (.text.freopen)
                  0001bf60    00000034     Graphics.o (.text.printItem)
                  0001bf94    00000030     ST7735.o (.text.commonInit)
                  0001bfc4    00000030     Input.o (.text.fastCos)
                  0001bff4    00000030     libc.a : fopen.c.obj (.text.fopen)
                  0001c024    0000002c     ST7735.o (.text.ST7735_FillScreen)
                  0001c050    0000002c     libclang_rt.builtins.a : floatsidf.S.obj (.text.__floatsidf)
                  0001c07c    0000002c     libsysbm.a : unlink.c.obj (.text.unlink)
                  0001c0a8    0000002a     UART2.o (.text.UART2_InChar)
                  0001c0d2    00000002     --HOLE-- [fill = 0]
                  0001c0d4    00000028     libc.a : memory.c.obj (.text.free_list_insert)
                  0001c0fc    00000028     libsysbm.a : lseek.c.obj (.text.lseek)
                  0001c124    00000028                : write.c.obj (.text.write)
                  0001c14c    00000028     libc.a : boot_cortex_m.c.obj (.text:_c_int00_noargs)
                  0001c174    00000024     Inventory.o (.text.Inventory_next)
                  0001c198    00000024     Joy.o (.text.Joy_Init)
                  0001c1bc    00000024     libclang_rt.builtins.a : floatunsidf.S.obj (.text.__floatunsidf)
                  0001c1e0    00000022     libc.a : memccpy.c.obj (.text.memccpy)
                  0001c202    00000002     --HOLE-- [fill = 0]
                  0001c204    00000020     Graphics.o (.text.Graphics_Init)
                  0001c224    00000020     Inventory.o (.text.Item_isWeapon)
                  0001c244    0000001e     ST7735.o (.text.pushColor)
                  0001c262    00000002     --HOLE-- [fill = 0]
                  0001c264    0000001c     startup_mspm0g3507_ticlang.o (.text.Default_Handler)
                  0001c280    0000001c     startup_mspm0g3507_ticlang.o (.text.HardFault_Handler)
                  0001c29c    0000001c     Joy.o (.text.Joy_In)
                  0001c2b8    0000001c     libc.a : memory.c.obj (.text.free_list_remove)
                  0001c2d4    00000018     main.o (.text.TIMG8_IRQHandler)
                  0001c2ec    00000018     UART1.o (.text.UART1_OutChar)
                  0001c304    00000018     libc.a : sprintf.c.obj (.text._outs)
                  0001c31c    00000016     ST7735.o (.text.ST7735_open)
                  0001c332    00000016     ST7735.o (.text.ST7735_read)
                  0001c348    00000014     DAC.o (.text.DAC_Out)
                  0001c35c    00000014     FIFO.o (.text.RxFifo_Init)
                  0001c370    00000012     Inventory.o (.text.Inventory_currentItem)
                  0001c382    00000012     Inventory.o (.text.Item_isSpent)
                  0001c394    00000012     libc.a : memcpy16.S.obj (.text:TI_memcpy_small)
                  0001c3a6    00000012            : copy_decompress_none.c.obj (.text:decompress:none)
                  0001c3b8    00000010     Clock.o (.text.Clock_Delay)
                  0001c3c8    00000010     LaunchPad.o (.text.Delay)
                  0001c3d8    00000010     Joy.o (.text.Joy_InButton)
                  0001c3e8    00000010     Input.o (.text.ReadKeys)
                  0001c3f8    00000010     libc.a : copy_zero_init.c.obj (.text:decompress:ZI)
                  0001c408    0000000e            : memory.c.obj (.text.OUTLINED_FUNCTION_0)
                  0001c416    0000000e     ST7735.o (.text.ST7735_lseek)
                  0001c424    0000000e     libclang_rt.builtins.a : aeabi_memset.S.obj (.text.__aeabi_memset)
                  0001c432    0000000e     libsysbm.a : hostrename.c.obj (.text.strcpy)
                  0001c440    0000000e     libc.a : _printfi.c.obj (.text.strlen)
                  0001c44e    0000000e     libsysbm.a : hostrename.c.obj (.text.strlen)
                  0001c45c    0000000e     libc.a : memset16.S.obj (.text:TI_memset_small)
                  0001c46a    0000000c     ST7735.o (.text.ST7735_rename)
                  0001c476    00000002     --HOLE-- [fill = 0]
                  0001c478    0000000c     libclang_rt.builtins.a : aeabi_memset.S.obj (.text.__aeabi_memclr)
                  0001c484    0000000c     libc.a : memory.c.obj (.text.malloc)
                  0001c490    0000000a            : e_pow.c.obj (.text.OUTLINED_FUNCTION_0)
                  0001c49a    00000002     --HOLE-- [fill = 0]
                  0001c49c    00000010     libclang_rt.builtins.a : muldf3.S.obj (.tramp.__aeabi_dmul.1)
                  0001c4ac    0000000a     libc.a : e_pow.c.obj (.text.OUTLINED_FUNCTION_1)
                  0001c4b6    0000000a            : e_pow.c.obj (.text.OUTLINED_FUNCTION_6)
                  0001c4c0    0000000a     ST7735.o (.text.ST7735_close)
                  0001c4ca    0000000a     ST7735.o (.text.ST7735_unlink)
                  0001c4d4    0000000a     libc.a : sprintf.c.obj (.text._outc)
                  0001c4de    00000008            : e_pow.c.obj (.text.OUTLINED_FUNCTION_2)
                  0001c4e6    00000002     --HOLE-- [fill = 0]
                  0001c4e8    00000010     libclang_rt.builtins.a : adddf3.S.obj (.tramp.__aeabi_dsub.1)
                  0001c4f8    00000008     libc.a : aeabi_portable.c.obj (.text.__aeabi_errno_addr)
                  0001c500    00000008     libclang_rt.builtins.a : aeabi_memcpy.S.obj (.text.__aeabi_memcpy)
                  0001c508    00000008     libc.a : printf.c.obj (.text._outc)
                  0001c510    00000008            : printf.c.obj (.text._outs)
                  0001c518    00000008            : fseek.c.obj (.text.fseek)
                  0001c520    00000008     libsysbm.a : remove.c.obj (.text.remove)
                  0001c528    00000006     libc.a : e_pow.c.obj (.text.OUTLINED_FUNCTION_3)
                  0001c52e    00000002     --HOLE-- [fill = 0]
                  0001c530    00000010     libclang_rt.builtins.a : adddf3.S.obj (.tramp.__aeabi_dadd.1)
                  0001c540    00000006     libc.a : e_pow.c.obj (.text.OUTLINED_FUNCTION_4)
                  0001c546    00000006            : e_pow.c.obj (.text.OUTLINED_FUNCTION_5)
                  0001c54c    00000004            : e_pow.c.obj (.text.OUTLINED_FUNCTION_10)
                  0001c550    00000004            : e_pow.c.obj (.text.OUTLINED_FUNCTION_7)
                  0001c554    00000004            : e_pow.c.obj (.text.OUTLINED_FUNCTION_8)
                  0001c558    00000004            : e_pow.c.obj (.text.OUTLINED_FUNCTION_9)
                  0001c55c    00000004     startup_mspm0g3507_ticlang.o (.text.Reset_Handler)
                  0001c560    00000004     libc.a : pre_init.c.obj (.text._system_pre_init)
                  0001c564    00000004            : exit.c.obj (.text:abort)
                  0001c568    00000008     --HOLE-- [fill = 0]

.cinit     0    0001c570    000001c0     
                  0001c570    00000195     (.cinit..data.load) [load image, compression = lzss]
                  0001c705    00000003     --HOLE-- [fill = 0]
                  0001c708    0000000c     (__TI_handler_table)
                  0001c714    00000008     (.cinit..bss.load) [load image, compression = zero_init]
                  0001c71c    00000010     (__TI_cinit_table)
                  0001c72c    00000004     --HOLE-- [fill = 0]

.rodata    0    000000c0    00015a70     
                  000000c0    00004900     Sounds.o (.rodata.reloadSound)
                  000049c0    00002ab4     Sounds.o (.rodata.pistolSound)
                  00007474    00002000     Graphics.o (.rodata.SCBarkley)
                  00009474    00002000     Graphics.o (.rodata.circuitBoardTex2)
                  0000b474    00002000     Graphics.o (.rodata.circuitBoardTex)
                  0000d474    00002000     Graphics.o (.rodata.matrix2)
                  0000f474    00001e78     Sounds.o (.rodata.shotgunSound)
                  000112ec    0000095a     Sounds.o (.rodata.weaploadSound)
                  00011c46    0000094f     Sounds.o (.rodata.outofammoSound)
                  00012595    00000001     main.o (.rodata.str1.164552152177587026401)
                  00012596    00000800     main.o (.rodata.ExplosionImage)
                  00012d96    00000800     main.o (.rodata.PistolImage)
                  00013596    00000800     main.o (.rodata.ShotgunImage)
                  00013d96    00000800     main.o (.rodata.target)
                  00014596    000004fb     Buffer.o (.rodata.Font)
                  00014a91    000004fb     ST7735.o (.rodata.Font)
                  00014f8c    00000240     Graphics.o (.rodata.OGMap)
                  000151cc    00000200     main.o (.rodata.Ammosprite)
                  000153cc    00000200     main.o (.rodata.Medkitsprite)
                  000155cc    00000200     main.o (.rodata.Shotgunsprite)
                  000157cc    00000200     main.o (.rodata.pistolsprite)
                  000159cc    0000003b     ST7735.o (.rodata.Rcmd1)
                  00015a07    00000001     --HOLE-- [fill = 0]
                  00015a08    00000030     libc.a : e_pow.c.obj (.rodata.cst16)
                  00015a38    0000002b     ST7735.o (.rodata.Rcmd3)
                  00015a63    00000016     ST7735.o (.rodata.str1.180840905664508391481)
                  00015a79    00000014     main.o (.rodata.str1.157592557656998809351)
                  00015a8d    00000011     libc.a : _printfi.c.obj (.rodata.str1.153638888446227384661)
                  00015a9e    00000011     main.o (.rodata.str1.54842681482495761191)
                  00015aaf    00000010     main.o (.rodata.str1.182731374899196392841)
                  00015abf    0000000d     ST7735.o (.rodata.Rcmd2green)
                  00015acc    0000000d     ST7735.o (.rodata.Rcmd2red)
                  00015ad9    0000000c     main.o (.rodata.str1.30235616187663446621)
                  00015ae5    0000000c     Graphics.o (.rodata.str1.37161536259113115651)
                  00015af1    00000008     main.o (.rodata.str1.128962870563899395191)
                  00015af9    00000008     ST7735.o (.rodata.str1.42106280550816602831)
                  00015b01    00000007     ST7735.o (.rodata.str1.124659516132232304751)
                  00015b08    00000007     main.o (.rodata.str1.181369900268917052751)
                  00015b0f    00000007     main.o (.rodata.str1.58265674741439123291)
                  00015b16    00000007     ST7735.o (.rodata.str1.97082724960320730491)
                  00015b1d    00000006     Graphics.o (.rodata.str1.2002389610935928081)
                  00015b23    00000004     Graphics.o (.rodata.str1.25158831670344200691)
                  00015b27    00000002     ST7735.o (.rodata.str1.147171064836689809571)
                  00015b29    00000007     --HOLE-- [fill = 0]

.init_array 
*          0    00000000    00000000     UNINITIALIZED

.binit     0    00000000    00000000     

.bss       0    20200000    00005e7b     UNINITIALIZED
                  20200000    00005000     (.common:renderBuffer)
                  20205000    00000500     (.common:ZBuffer)
                  20205500    00000480     (.common:miniMap)
                  20205980    00000240     (.common:worldMap)
                  20205bc0    00000120     libsysbm.a : trgmsg.c.obj (.bss:_CIOBUF_)
                  20205ce0    000000a0     libc.a : defs.c.obj (.bss.__TI_tmpnams)
                  20205d80    00000080     (.common:floorGradient)
                  20205e00    00000040     FIFO.o (.bss.RxFifo)
                  20205e40    00000008     libsysbm.a : hostopen.c.obj (.bss.parmbuf)
                  20205e48    00000004     libc.a : memory.c.obj (.bss.sys_free)
                  20205e4c    00000004     (.common:Joy_x)
                  20205e50    00000004     (.common:Joy_y)
                  20205e54    00000004     (.common:Length)
                  20205e58    00000004     (.common:LostData)
                  20205e5c    00000004     (.common:RxGetI)
                  20205e60    00000004     (.common:RxPutI)
                  20205e64    00000004     (.common:SoundPt)
                  20205e68    00000004     (.common:flag_done)
                  20205e6c    00000004     (.common:ms_done)
                  20205e70    00000004     (.common:ms_passed)
                  20205e74    00000001     ST7735.o (.bss.ColStart)
                  20205e75    00000001     ST7735.o (.bss.Rotation)
                  20205e76    00000001     ST7735.o (.bss.RowStart)
                  20205e77    00000001     ST7735.o (.bss.TabColor)
                  20205e78    00000001     (.common:healthCode)
                  20205e79    00000001     (.common:isShooting)
                  20205e7a    00000001     (.common:reloaded)

.data      0    20205e80    000005e5     UNINITIALIZED
                  20205e80    00000190     main.o (.data.Sprites)
                  20206010    000000f0     libc.a : defs.c.obj (.data._ftable)
                  20206100    00000078     libsysbm.a : host_device.c.obj (.data._device)
                  20206178    00000068     main.o (.data.ammo_small)
                  202061e0    00000068     main.o (.data.medkit)
                  20206248    00000068     main.o (.data.pistol)
                  202062b0    00000068     main.o (.data.shotgun)
                  20206318    00000050     libsysbm.a : host_device.c.obj (.data._stream)
                  20206368    00000028     Sounds.o (.data.SoundEffects)
                  20206390    00000028     main.o (.data.gunFlash)
                  202063b8    00000014     main.o (.data.inventory)
                  202063cc    00000010     main.o (.data.items)
                  202063dc    00000010     Graphics.o (.data.textures)
                  202063ec    00000008     libc.a : exit.c.obj (.data..L_MergedGlobals)
                  202063f4    00000004     Clock.o (.data.BusFreq)
                  202063f8    00000008     main.o (.data.dirX)
                  20206400    00000008     main.o (.data.dirY)
                  20206408    00000008     main.o (.data.planeX)
                  20206410    00000008     main.o (.data.planeY)
                  20206418    00000008     main.o (.data.posX)
                  20206420    00000008     main.o (.data.posY)
                  20206428    00000004     Graphics.o (.data.RenderScene.side)
                  2020642c    00000004     ST7735.o (.data.StX)
                  20206430    00000004     ST7735.o (.data.StY)
                  20206434    00000004     libc.a : defs.c.obj (.data.__TI_ft_end)
                  20206438    00000004            : aeabi_portable.c.obj (.data.__aeabi_errno)
                  2020643c    00000004            : _lock.c.obj (.data._lock)
                  20206440    00000004            : _lock.c.obj (.data._unlock)
                  20206444    00000004            : rand.c.obj (.data.next)
                  20206448    00000004     main.o (.data.numsprites)
                  2020644c    00000004     main.o (.data.otherHealth)
                  20206450    00000004     main.o (.data.playerHealth)
                  20206454    00000002     ST7735.o (.data.StTextColor)
                  20206456    00000002     ST7735.o (.data._height)
                  20206458    00000002     ST7735.o (.data._width)
                  2020645a    00000001     sprites.o (.data.RenderForegroundSprites.sidesDrawn)
                  2020645b    00000001     main.o (.data.isOnTarget)
                  2020645c    00000001     libsysbm.a : add_device.c.obj (.data.add_device.device_init)
                  2020645d    00000001     Input.o (.data.lastInput)
                  2020645e    00000002     --HOLE--
                  20206460    00000001     libc.a : memory.c.obj (.data.memory_is_initialized)
                  20206461    00000003     --HOLE--
                  20206464    00000001     libsysbm.a : open.c.obj (.data.open.stream_init)

.sysmem    0    20206468    00000200     UNINITIALIZED
                  20206468    00000010     libc.a : memory.c.obj (.sysmem)
                  20206478    000001f0     --HOLE--

.stack     0    20207e00    00000200     UNINITIALIZED
                  20207e00    00000004     libc.a : boot_cortex_m.c.obj (.stack)
                  20207e04    000001fc     --HOLE--

__llvm_prf_cnts 
*          0    20200000    00000000     UNINITIALIZED

__llvm_prf_bits 
*          0    20200000    00000000     UNINITIALIZED

MODULE SUMMARY

       Module                         code    ro data   rw data
       ------                         ----    -------   -------
    .\
       Sounds.o                       196     42197     48     
       Graphics.o                     3228    33366     3036   
       Buffer.o                       1552    1275      20608  
       main.o                         572     10328     954    
       ST7735.o                       2738    1449      18     
       sprites.o                      2298    0         1      
       Input.o                        2052    0         3      
       Clock.o                        516     0         4      
       Inventory.o                    504     0         0      
       Timer.o                        480     0         0      
       SPI.o                          440     0         0      
       ADC.o                          392     0         0      
       UART2.o                        362     0         4      
       FIFO.o                         172     0         72     
       LaunchPad.o                    196     0         0      
       DAC.o                          188     0         0      
       UART1.o                        152     0         0      
       Async_Delay.o                  128     0         12     
       Joy.o                          80      0         0      
    +--+------------------------------+-------+---------+---------+
       Total:                         16246   88615     24760  
                                                               
    .\ticlang\
       startup_mspm0g3507_ticlang.o   60      192       0      
    +--+------------------------------+-------+---------+---------+
       Total:                         60      192       0      
                                                               
    C:\ti\ccs2000\ccs\tools\compiler\ti-cgt-armllvm_4.0.1.LTS\lib\armv6m-ti-none-eabi/c/libc.a
       e_pow.c.obj                    2704    48        0      
       memory.c.obj                   702     0         5      
       _printfi.c.obj                 658     17        0      
       fopen.c.obj                    556     0         0      
       defs.c.obj                     0       0         404    
       e_sqrt.c.obj                   368     0         0      
       s_floor.c.obj                  324     0         0      
       qsort.c.obj                    308     0         0      
       fputs.c.obj                    248     0         0      
       setvbuf.c.obj                  224     0         0      
       s_scalbn.c.obj                 216     0         0      
       getdevice.c.obj                160     0         0      
       fputc.c.obj                    156     0         0      
       strcmp-armv6m.S.obj            136     0         0      
       copy_decompress_lzss.c.obj     124     0         0      
       fclose.c.obj                   124     0         0      
       fseek.c.obj                    116     0         0      
       printf.c.obj                   108     0         0      
       _io_perm.c.obj                 100     0         0      
       sprintf.c.obj                  90      0         0      
       fflush.c.obj                   82      0         0      
       exit.c.obj                     56      0         8      
       autoinit.c.obj                 60      0         0      
       rand.c.obj                     56      0         4      
       boot_cortex_m.c.obj            40      0         0      
       memccpy.c.obj                  34      0         0      
       copy_decompress_none.c.obj     18      0         0      
       memcpy16.S.obj                 18      0         0      
       copy_zero_init.c.obj           16      0         0      
       memset16.S.obj                 14      0         0      
       aeabi_portable.c.obj           8       0         4      
       _lock.c.obj                    2       0         8      
       pre_init.c.obj                 4       0         0      
    +--+------------------------------+-------+---------+---------+
       Total:                         7830    65        433    
                                                               
    C:\ti\ccs2000\ccs\tools\compiler\ti-cgt-armllvm_4.0.1.LTS\lib\armv6m-ti-none-eabi/c/libsysbm.a
       trgmsg.c.obj                   104     0         288    
       add_device.c.obj               236     0         1      
       host_device.c.obj              0       0         200    
       open.c.obj                     160     0         1      
       hostrename.c.obj               136     0         0      
       hostlseek.c.obj                108     0         0      
       hostopen.c.obj                 96      0         8      
       hostread.c.obj                 88      0         0      
       hostwrite.c.obj                88      0         0      
       close.c.obj                    80      0         0      
       hostclose.c.obj                72      0         0      
       hostunlink.c.obj               72      0         0      
       unlink.c.obj                   44      0         0      
       lseek.c.obj                    40      0         0      
       write.c.obj                    40      0         0      
       remove.c.obj                   8       0         0      
    +--+------------------------------+-------+---------+---------+
       Total:                         1372    0         498    
                                                               
    C:\ti\ccs2000\ccs\tools\compiler\ti-cgt-armllvm_4.0.1.LTS\lib\armv6m-ti-none-eabi/libclang_rt.builtins.a
       adddf3.S.obj                   434     0         0      
       divdf3.S.obj                   268     0         0      
       muldf3.S.obj                   244     0         0      
       comparedf2.c.obj               220     0         0      
       aeabi_dcmp.S.obj               98      0         0      
       aeabi_idivmod.S.obj            86      0         0      
       fixdfsi.S.obj                  74      0         0      
       aeabi_uidivmod.S.obj           64      0         0      
       muldsi3.S.obj                  58      0         0      
       floatsidf.S.obj                44      0         0      
       floatunsidf.S.obj              36      0         0      
       aeabi_memset.S.obj             26      0         0      
       aeabi_memcpy.S.obj             8       0         0      
       aeabi_div0.c.obj               2       0         0      
    +--+------------------------------+-------+---------+---------+
       Total:                         1662    0         0      
                                                               
       Heap:                          0       0         512    
       Stack:                         0       0         512    
       Linker Generated:              0       441       0      
    +--+------------------------------+-------+---------+---------+
       Grand Total:                   27170   89313     26715  


LINKER GENERATED COPY TABLES

__TI_cinit_table @ 0001c71c records: 2, size/record: 8, table size: 16
	.data: load addr=0001c570, load size=00000195 bytes, run addr=20205e80, run size=000005e5 bytes, compression=lzss
	.bss: load addr=0001c714, load size=00000008 bytes, run addr=20200000, run size=00005e7b bytes, compression=zero_init


LINKER GENERATED HANDLER TABLE

__TI_handler_table @ 0001c708 records: 3, size/record: 4, table size: 12
	index: 0, handler: __TI_decompress_lzss
	index: 1, handler: __TI_decompress_none
	index: 2, handler: __TI_zero_init


FAR CALL TRAMPOLINES

callee name               trampoline name
   callee addr  tramp addr   call addr  call info
--------------  -----------  ---------  ----------------
__aeabi_dmul              $Tramp$TT$L$PI$$__aeabi_dmul
   0001991d     0001c49c     0001c498   libc.a : e_pow.c.obj (.text.OUTLINED_FUNCTION_0)
                             0001c4b4          : e_pow.c.obj (.text.OUTLINED_FUNCTION_1)
                             0001c4be          : e_pow.c.obj (.text.OUTLINED_FUNCTION_6)
                             0001c544          : e_pow.c.obj (.text.OUTLINED_FUNCTION_4)
                             0001c54a          : e_pow.c.obj (.text.OUTLINED_FUNCTION_5)
                             0001c556          : e_pow.c.obj (.text.OUTLINED_FUNCTION_8)
__aeabi_dsub              $Tramp$TT$L$PI$$__aeabi_dsub
   000184c5     0001c4e8     0001c4e4   libc.a : e_pow.c.obj (.text.OUTLINED_FUNCTION_2)
__aeabi_dadd              $Tramp$TT$L$PI$$__aeabi_dadd
   000184cf     0001c530     0001c52c   libc.a : e_pow.c.obj (.text.OUTLINED_FUNCTION_3)
                             0001c54e          : e_pow.c.obj (.text.OUTLINED_FUNCTION_10)
                             0001c552          : e_pow.c.obj (.text.OUTLINED_FUNCTION_7)
                             0001c55a          : e_pow.c.obj (.text.OUTLINED_FUNCTION_9)

[3 trampolines]
[11 trampoline calls]


GLOBAL SYMBOLS: SORTED ALPHABETICALLY BY Name 

address   name                          
-------   ----                          
0001c265  ADC0_IRQHandler               
0001c265  ADC1_IRQHandler               
0001b1f9  ADC_InDual                    
00018d21  ADC_InitDual                  
0001c265  AES_IRQHandler                
0001bc05  ActivatePortA_B               
000151cc  Ammosprite                    
202063f4  BusFreq                       
0001c564  C$$EXIT                       
0001bebd  C$$IO$$                       
0001c265  CANFD0_IRQHandler             
0001716d  CastRays                      
0001c3b9  Clock_Delay                   
0001bd8d  Clock_Delay1ms                
0001aa15  Clock_Freq                    
00018169  Clock_Init80MHz               
0001c265  DAC0_IRQHandler               
0001a061  DAC_Init                      
0001c349  DAC_Out                       
0001c265  DMA_IRQHandler                
0001c265  Default_Handler               
0001c3c9  Delay                         
00017915  DrawCrosshair                 
00017f75  DrawHealthBar                 
0001ada5  DrawMinimap                   
00012596  ExplosionImage                
0001a7e1  FillMap                       
0001c265  GROUP0_IRQHandler             
0001c265  GROUP1_IRQHandler             
0001c205  Graphics_Init                 
0001b81d  HOSTclose                     
0001af75  HOSTlseek                     
0001b389  HOSTopen                      
0001b4a1  HOSTread                      
0001afe1  HOSTrename                    
0001b865  HOSTunlink                    
0001b4f9  HOSTwrite                     
0001c281  HardFault_Handler             
0001c265  I2C0_IRQHandler               
0001c265  I2C1_IRQHandler               
0001b985  Input_Init                    
00019c8d  Inventory_add                 
0001c371  Inventory_currentItem         
0001c175  Inventory_next                
0001ae1d  Inventory_removeCurrent       
0001c383  Item_isSpent                  
0001c225  Item_isWeapon                 
0001c29d  Joy_In                        
0001c3d9  Joy_InButton                  
0001c199  Joy_Init                      
20205e4c  Joy_x                         
20205e50  Joy_y                         
0001ac31  LaunchPad_Init                
20205e54  Length                        
20205e58  LostData                      
000153cc  Medkitsprite                  
00016579  MovePlayer                    
0001c265  NMI_Handler                   
00014f8c  OGMap                         
0001c265  PendSV_Handler                
00012d96  PistolImage                   
0001aaa9  PrecalculateFloorGradient     
0001c265  RTC_IRQHandler                
0001c3e9  ReadKeys                      
0001bc3d  RenderBuffer                  
0001946d  RenderForegroundSprites       
0001af05  RenderHUD                     
0001a109  RenderInventory               
0001ba51  RenderScene                   
00019561  RenderSky                     
00016bf1  RenderSprite                  
00018659  RenderSprites                 
0001c55d  Reset_Handler                 
0001b6a1  RxFifo_Get                    
0001c35d  RxFifo_Init                   
0001b6ed  RxFifo_Put                    
20205e5c  RxGetI                        
20205e60  RxPutI                        
00007474  SCBarkley                     
0001c265  SPI0_IRQHandler               
0001c265  SPI1_IRQHandler               
0001927d  SPI_Init                      
0001b8ad  SPI_OutCommand                
0001bc75  SPI_OutData                   
0001ba91  SPI_Reset                     
00017d65  ST7735_DrawBitmap             
0001831d  ST7735_DrawChar               
0001ab2d  ST7735_DrawString             
00018e45  ST7735_FillRect               
0001c025  ST7735_FillScreen             
0001a4e1  ST7735_InitPrintf             
0001a6b5  ST7735_InitR                  
00019d5d  ST7735_OutChar                
0001bdc1  ST7735_SetCursor              
00019655  ST7735_SetRotation            
0001c4c1  ST7735_close                  
0001c417  ST7735_lseek                  
0001c31d  ST7735_open                   
0001c333  ST7735_read                   
0001c46b  ST7735_rename                 
0001c4cb  ST7735_unlink                 
0001bdf5  ST7735_write                  
0001c265  SVC_Handler                   
00013596  ShotgunImage                  
000155cc  Shotgunsprite                 
20206368  SoundEffects                  
20205e64  SoundPt                       
0001b8f5  Sound_Init                    
0001bcad  Sound_Start                   
20205e80  Sprites                       
20206454  StTextColor                   
2020642c  StX                           
20206430  StY                           
0001b9c9  SysTick_Handler               
0001ba0d  SystemInit                    
0001c265  TIMA0_IRQHandler              
0001c265  TIMA1_IRQHandler              
0001b93d  TIMG0_IRQHandler              
00019e2d  TIMG12_IRQHandler             
0001c265  TIMG6_IRQHandler              
0001c265  TIMG7_IRQHandler              
0001c2d5  TIMG8_IRQHandler              
0001c395  TI_memcpy_small               
0001c45d  TI_memset_small               
0001a259  TimerG0_IntArm                
0001a74d  TimerG12_IntArm               
0001a1b1  TimerG8_IntArm                
0001c265  UART0_IRQHandler              
0001c265  UART1_IRQHandler              
0001abb1  UART1_Init                    
0001c2ed  UART1_OutChar                 
0001b04d  UART2_IRQHandler              
0001c0a9  UART2_InChar                  
00019bb9  UART2_Init                    
0001c265  UART3_IRQHandler              
20205000  ZBuffer                       
20205bc0  _CIOBUF_                      
20205bc0  __CIOBUF_                     
20208000  __STACK_END                   
00000200  __STACK_SIZE                  
00000200  __SYSMEM_SIZE                 
00000000  __TI_ATRegion0_region_sz      
00000000  __TI_ATRegion0_src_addr       
00000000  __TI_ATRegion0_trg_addr       
00000000  __TI_ATRegion1_region_sz      
00000000  __TI_ATRegion1_src_addr       
00000000  __TI_ATRegion1_trg_addr       
00000000  __TI_ATRegion2_region_sz      
00000000  __TI_ATRegion2_src_addr       
00000000  __TI_ATRegion2_trg_addr       
0001c71c  __TI_CINIT_Base               
0001c72c  __TI_CINIT_Limit              
0001c72c  __TI_CINIT_Warm               
0001c708  __TI_Handler_Table_Base       
0001c714  __TI_Handler_Table_Limit      
0001bb8d  __TI_auto_init_nobinit_nopinit
0001be29  __TI_cleanup                  
202063ec  __TI_cleanup_ptr              
0001acad  __TI_closefile                
0001ad29  __TI_decompress_lzss          
0001c3a7  __TI_decompress_none          
0001b5fd  __TI_doflush                  
202063f0  __TI_dtors_ptr                
20206434  __TI_ft_end                   
ffffffff  __TI_pprof_out_hndl           
00017691  __TI_printfi_minimal          
ffffffff  __TI_prof_data_size           
ffffffff  __TI_prof_data_start          
0001be5d  __TI_readmsg                  
00000000  __TI_static_base__            
20205ce0  __TI_tmpnams                  
0001be91  __TI_writemsg                 
0001b25d  __TI_wrt_ok                   
0001c3f9  __TI_zero_init                
000184cf  __adddf3                      
0001b7d1  __aeabi_d2iz                  
000184cf  __aeabi_dadd                  
0001b325  __aeabi_dcmpeq                
0001b361  __aeabi_dcmpge                
0001b375  __aeabi_dcmpgt                
0001b34d  __aeabi_dcmple                
0001b339  __aeabi_dcmplt                
00019071  __aeabi_ddiv                  
0001991d  __aeabi_dmul                  
000184c5  __aeabi_dsub                  
20206438  __aeabi_errno                 
0001c4f9  __aeabi_errno_addr            
0001c051  __aeabi_i2d                   
0001b551  __aeabi_idiv                  
00018657  __aeabi_idiv0                 
0001b551  __aeabi_idivmod               
0001c479  __aeabi_memclr                
0001c479  __aeabi_memclr4               
0001c479  __aeabi_memclr8               
0001c501  __aeabi_memcpy                
0001c501  __aeabi_memcpy4               
0001c501  __aeabi_memcpy8               
0001c425  __aeabi_memset                
0001c425  __aeabi_memset4               
0001c425  __aeabi_memset8               
0001c1bd  __aeabi_ui2d                  
0001bad1  __aeabi_uidiv                 
0001bad1  __aeabi_uidivmod              
ffffffff  __binit__                     
0001b191  __cmpdf2                      
00019071  __divdf3                      
0001b191  __eqdf2                       
0001b7d1  __fixdfsi                     
0001c051  __floatsidf                   
0001c1bd  __floatunsidf                 
0001ae91  __gedf2                       
0001ae91  __gtdf2                       
0001b191  __ledf2                       
0001b191  __ltdf2                       
UNDEFED   __mpu_init                    
0001991d  __muldf3                      
0001bbc9  __muldsi3                     
0001b191  __nedf2                       
20207e00  __stack                       
20200000  __start___llvm_prf_bits       
20200000  __start___llvm_prf_cnts       
20200000  __stop___llvm_prf_bits        
20200000  __stop___llvm_prf_cnts        
000184c5  __subdf3                      
0001c14d  _c_int00_noargs               
20206100  _device                       
20206010  _ftable                       
2020643c  _lock                         
0001a39f  _nop                          
20206318  _stream                       
20206468  _sys_memory                   
UNDEFED   _system_post_cinit            
0001c561  _system_pre_init              
20206440  _unlock                       
0001c565  abort                         
00019749  add_device                    
00018f5d  aligned_alloc                 
20206178  ammo_small                    
ffffffff  binit                         
0001a3a1  blitBufferToRenderBuffer      
0000b474  circuitBoardTex               
00009474  circuitBoardTex2              
0001a901  clearRenderBuffer             
0001b651  close                         
0001b5a7  compareSprites                
202063f8  dirX                          
20206400  dirY                          
0001917d  drawCharToBuffer              
00017b4d  drawForegroundSpriteToBuffer  
0001bec5  exit                          
0001bfc5  fastCos                       
0001bb51  fastSin                       
0001bef9  finddevice                    
20205e68  flag_done                     
00018aa9  floor                         
20205d80  floorGradient                 
00018aa9  floorl                        
0001bff5  fopen                         
0001a57d  fputc                         
00019375  fputs                         
00019835  free                          
0001bf2d  freopen                       
0001c519  fseek                         
0001b0b9  fseeko                        
00019ef9  getUARTPacket                 
0001b125  getdevice                     
20206390  gunFlash                      
20205e78  healthCode                    
0001b739  inInventory                   
00000000  interruptVectors              
202063b8  inventory                     
2020645b  isOnTarget                    
20205e79  isShooting                    
202063cc  items                         
2020645d  lastInput                     
00019ae1  ldexp                         
00019ae1  ldexpl                        
0001c0fd  lseek                         
0001a619  main                          
0001c485  malloc                        
0000d474  matrix2                       
202061e0  medkit                        
00018f5d  memalign                      
0001c1e1  memccpy                       
20205500  miniMap                       
20205e6c  ms_done                       
20205e70  ms_passed                     
20206448  numsprites                    
0001a441  open                          
2020644c  otherHealth                   
00011c46  outofammoSound                
20205e40  parmbuf                       
20206248  pistol                        
000049c0  pistolSound                   
000157cc  pistolsprite                  
20206408  planeX                        
20206410  planeY                        
20206450  playerHealth                  
20206418  posX                          
20206420  posY                          
00015b31  pow                           
00015b31  powl                          
0001b785  printAmmo                     
0001bf61  printItem                     
00019fad  printToBuffer                 
0001b3e9  printf                        
00018bed  qsort                         
0001bce5  rand                          
000000c0  reloadSound                   
20205e7a  reloaded                      
0001c521  remove                        
20200000  renderBuffer                  
00019ae1  scalbn                        
00019ae1  scalbnl                       
0001a871  sendUARTPacket                
0001b445  setPixelBuffer                
00019a01  setvbuf                       
202062b0  shotgun                       
0000f474  shotgunSound                  
0001bd1d  sprintf                       
000187e5  sqrt                          
000187e5  sqrtl                         
0001bd55  start_delay                   
0001aa21  strcmp                        
00013d96  target                        
202063dc  textures                      
0001c07d  unlink                        
000112ec  weaploadSound                 
20205980  worldMap                      
0001c125  write                         


GLOBAL SYMBOLS: SORTED BY Symbol Address 

address   name                          
-------   ----                          
00000000  __TI_ATRegion0_region_sz      
00000000  __TI_ATRegion0_src_addr       
00000000  __TI_ATRegion0_trg_addr       
00000000  __TI_ATRegion1_region_sz      
00000000  __TI_ATRegion1_src_addr       
00000000  __TI_ATRegion1_trg_addr       
00000000  __TI_ATRegion2_region_sz      
00000000  __TI_ATRegion2_src_addr       
00000000  __TI_ATRegion2_trg_addr       
00000000  __TI_static_base__            
00000000  interruptVectors              
000000c0  reloadSound                   
00000200  __STACK_SIZE                  
00000200  __SYSMEM_SIZE                 
000049c0  pistolSound                   
00007474  SCBarkley                     
00009474  circuitBoardTex2              
0000b474  circuitBoardTex               
0000d474  matrix2                       
0000f474  shotgunSound                  
000112ec  weaploadSound                 
00011c46  outofammoSound                
00012596  ExplosionImage                
00012d96  PistolImage                   
00013596  ShotgunImage                  
00013d96  target                        
00014f8c  OGMap                         
000151cc  Ammosprite                    
000153cc  Medkitsprite                  
000155cc  Shotgunsprite                 
000157cc  pistolsprite                  
00015b31  pow                           
00015b31  powl                          
00016579  MovePlayer                    
00016bf1  RenderSprite                  
0001716d  CastRays                      
00017691  __TI_printfi_minimal          
00017915  DrawCrosshair                 
00017b4d  drawForegroundSpriteToBuffer  
00017d65  ST7735_DrawBitmap             
00017f75  DrawHealthBar                 
00018169  Clock_Init80MHz               
0001831d  ST7735_DrawChar               
000184c5  __aeabi_dsub                  
000184c5  __subdf3                      
000184cf  __adddf3                      
000184cf  __aeabi_dadd                  
00018657  __aeabi_idiv0                 
00018659  RenderSprites                 
000187e5  sqrt                          
000187e5  sqrtl                         
00018aa9  floor                         
00018aa9  floorl                        
00018bed  qsort                         
00018d21  ADC_InitDual                  
00018e45  ST7735_FillRect               
00018f5d  aligned_alloc                 
00018f5d  memalign                      
00019071  __aeabi_ddiv                  
00019071  __divdf3                      
0001917d  drawCharToBuffer              
0001927d  SPI_Init                      
00019375  fputs                         
0001946d  RenderForegroundSprites       
00019561  RenderSky                     
00019655  ST7735_SetRotation            
00019749  add_device                    
00019835  free                          
0001991d  __aeabi_dmul                  
0001991d  __muldf3                      
00019a01  setvbuf                       
00019ae1  ldexp                         
00019ae1  ldexpl                        
00019ae1  scalbn                        
00019ae1  scalbnl                       
00019bb9  UART2_Init                    
00019c8d  Inventory_add                 
00019d5d  ST7735_OutChar                
00019e2d  TIMG12_IRQHandler             
00019ef9  getUARTPacket                 
00019fad  printToBuffer                 
0001a061  DAC_Init                      
0001a109  RenderInventory               
0001a1b1  TimerG8_IntArm                
0001a259  TimerG0_IntArm                
0001a39f  _nop                          
0001a3a1  blitBufferToRenderBuffer      
0001a441  open                          
0001a4e1  ST7735_InitPrintf             
0001a57d  fputc                         
0001a619  main                          
0001a6b5  ST7735_InitR                  
0001a74d  TimerG12_IntArm               
0001a7e1  FillMap                       
0001a871  sendUARTPacket                
0001a901  clearRenderBuffer             
0001aa15  Clock_Freq                    
0001aa21  strcmp                        
0001aaa9  PrecalculateFloorGradient     
0001ab2d  ST7735_DrawString             
0001abb1  UART1_Init                    
0001ac31  LaunchPad_Init                
0001acad  __TI_closefile                
0001ad29  __TI_decompress_lzss          
0001ada5  DrawMinimap                   
0001ae1d  Inventory_removeCurrent       
0001ae91  __gedf2                       
0001ae91  __gtdf2                       
0001af05  RenderHUD                     
0001af75  HOSTlseek                     
0001afe1  HOSTrename                    
0001b04d  UART2_IRQHandler              
0001b0b9  fseeko                        
0001b125  getdevice                     
0001b191  __cmpdf2                      
0001b191  __eqdf2                       
0001b191  __ledf2                       
0001b191  __ltdf2                       
0001b191  __nedf2                       
0001b1f9  ADC_InDual                    
0001b25d  __TI_wrt_ok                   
0001b325  __aeabi_dcmpeq                
0001b339  __aeabi_dcmplt                
0001b34d  __aeabi_dcmple                
0001b361  __aeabi_dcmpge                
0001b375  __aeabi_dcmpgt                
0001b389  HOSTopen                      
0001b3e9  printf                        
0001b445  setPixelBuffer                
0001b4a1  HOSTread                      
0001b4f9  HOSTwrite                     
0001b551  __aeabi_idiv                  
0001b551  __aeabi_idivmod               
0001b5a7  compareSprites                
0001b5fd  __TI_doflush                  
0001b651  close                         
0001b6a1  RxFifo_Get                    
0001b6ed  RxFifo_Put                    
0001b739  inInventory                   
0001b785  printAmmo                     
0001b7d1  __aeabi_d2iz                  
0001b7d1  __fixdfsi                     
0001b81d  HOSTclose                     
0001b865  HOSTunlink                    
0001b8ad  SPI_OutCommand                
0001b8f5  Sound_Init                    
0001b93d  TIMG0_IRQHandler              
0001b985  Input_Init                    
0001b9c9  SysTick_Handler               
0001ba0d  SystemInit                    
0001ba51  RenderScene                   
0001ba91  SPI_Reset                     
0001bad1  __aeabi_uidiv                 
0001bad1  __aeabi_uidivmod              
0001bb51  fastSin                       
0001bb8d  __TI_auto_init_nobinit_nopinit
0001bbc9  __muldsi3                     
0001bc05  ActivatePortA_B               
0001bc3d  RenderBuffer                  
0001bc75  SPI_OutData                   
0001bcad  Sound_Start                   
0001bce5  rand                          
0001bd1d  sprintf                       
0001bd55  start_delay                   
0001bd8d  Clock_Delay1ms                
0001bdc1  ST7735_SetCursor              
0001bdf5  ST7735_write                  
0001be29  __TI_cleanup                  
0001be5d  __TI_readmsg                  
0001be91  __TI_writemsg                 
0001bebd  C$$IO$$                       
0001bec5  exit                          
0001bef9  finddevice                    
0001bf2d  freopen                       
0001bf61  printItem                     
0001bfc5  fastCos                       
0001bff5  fopen                         
0001c025  ST7735_FillScreen             
0001c051  __aeabi_i2d                   
0001c051  __floatsidf                   
0001c07d  unlink                        
0001c0a9  UART2_InChar                  
0001c0fd  lseek                         
0001c125  write                         
0001c14d  _c_int00_noargs               
0001c175  Inventory_next                
0001c199  Joy_Init                      
0001c1bd  __aeabi_ui2d                  
0001c1bd  __floatunsidf                 
0001c1e1  memccpy                       
0001c205  Graphics_Init                 
0001c225  Item_isWeapon                 
0001c265  ADC0_IRQHandler               
0001c265  ADC1_IRQHandler               
0001c265  AES_IRQHandler                
0001c265  CANFD0_IRQHandler             
0001c265  DAC0_IRQHandler               
0001c265  DMA_IRQHandler                
0001c265  Default_Handler               
0001c265  GROUP0_IRQHandler             
0001c265  GROUP1_IRQHandler             
0001c265  I2C0_IRQHandler               
0001c265  I2C1_IRQHandler               
0001c265  NMI_Handler                   
0001c265  PendSV_Handler                
0001c265  RTC_IRQHandler                
0001c265  SPI0_IRQHandler               
0001c265  SPI1_IRQHandler               
0001c265  SVC_Handler                   
0001c265  TIMA0_IRQHandler              
0001c265  TIMA1_IRQHandler              
0001c265  TIMG6_IRQHandler              
0001c265  TIMG7_IRQHandler              
0001c265  UART0_IRQHandler              
0001c265  UART1_IRQHandler              
0001c265  UART3_IRQHandler              
0001c281  HardFault_Handler             
0001c29d  Joy_In                        
0001c2d5  TIMG8_IRQHandler              
0001c2ed  UART1_OutChar                 
0001c31d  ST7735_open                   
0001c333  ST7735_read                   
0001c349  DAC_Out                       
0001c35d  RxFifo_Init                   
0001c371  Inventory_currentItem         
0001c383  Item_isSpent                  
0001c395  TI_memcpy_small               
0001c3a7  __TI_decompress_none          
0001c3b9  Clock_Delay                   
0001c3c9  Delay                         
0001c3d9  Joy_InButton                  
0001c3e9  ReadKeys                      
0001c3f9  __TI_zero_init                
0001c417  ST7735_lseek                  
0001c425  __aeabi_memset                
0001c425  __aeabi_memset4               
0001c425  __aeabi_memset8               
0001c45d  TI_memset_small               
0001c46b  ST7735_rename                 
0001c479  __aeabi_memclr                
0001c479  __aeabi_memclr4               
0001c479  __aeabi_memclr8               
0001c485  malloc                        
0001c4c1  ST7735_close                  
0001c4cb  ST7735_unlink                 
0001c4f9  __aeabi_errno_addr            
0001c501  __aeabi_memcpy                
0001c501  __aeabi_memcpy4               
0001c501  __aeabi_memcpy8               
0001c519  fseek                         
0001c521  remove                        
0001c55d  Reset_Handler                 
0001c561  _system_pre_init              
0001c564  C$$EXIT                       
0001c565  abort                         
0001c708  __TI_Handler_Table_Base       
0001c714  __TI_Handler_Table_Limit      
0001c71c  __TI_CINIT_Base               
0001c72c  __TI_CINIT_Limit              
0001c72c  __TI_CINIT_Warm               
20200000  __start___llvm_prf_bits       
20200000  __start___llvm_prf_cnts       
20200000  __stop___llvm_prf_bits        
20200000  __stop___llvm_prf_cnts        
20200000  renderBuffer                  
20205000  ZBuffer                       
20205500  miniMap                       
20205980  worldMap                      
20205bc0  _CIOBUF_                      
20205bc0  __CIOBUF_                     
20205ce0  __TI_tmpnams                  
20205d80  floorGradient                 
20205e40  parmbuf                       
20205e4c  Joy_x                         
20205e50  Joy_y                         
20205e54  Length                        
20205e58  LostData                      
20205e5c  RxGetI                        
20205e60  RxPutI                        
20205e64  SoundPt                       
20205e68  flag_done                     
20205e6c  ms_done                       
20205e70  ms_passed                     
20205e78  healthCode                    
20205e79  isShooting                    
20205e7a  reloaded                      
20205e80  Sprites                       
20206010  _ftable                       
20206100  _device                       
20206178  ammo_small                    
202061e0  medkit                        
20206248  pistol                        
202062b0  shotgun                       
20206318  _stream                       
20206368  SoundEffects                  
20206390  gunFlash                      
202063b8  inventory                     
202063cc  items                         
202063dc  textures                      
202063ec  __TI_cleanup_ptr              
202063f0  __TI_dtors_ptr                
202063f4  BusFreq                       
202063f8  dirX                          
20206400  dirY                          
20206408  planeX                        
20206410  planeY                        
20206418  posX                          
20206420  posY                          
2020642c  StX                           
20206430  StY                           
20206434  __TI_ft_end                   
20206438  __aeabi_errno                 
2020643c  _lock                         
20206440  _unlock                       
20206448  numsprites                    
2020644c  otherHealth                   
20206450  playerHealth                  
20206454  StTextColor                   
2020645b  isOnTarget                    
2020645d  lastInput                     
20206468  _sys_memory                   
20207e00  __stack                       
20208000  __STACK_END                   
ffffffff  __TI_pprof_out_hndl           
ffffffff  __TI_prof_data_size           
ffffffff  __TI_prof_data_start          
ffffffff  __binit__                     
ffffffff  binit                         
UNDEFED   __mpu_init                    
UNDEFED   _system_post_cinit            

[330 symbols]
