******************************************************************************
            TI ARM Clang Linker PC v4.0.1                      
******************************************************************************
>> Linked Mon Apr 28 16:26:10 2025

OUTPUT FILE NAME:   <TheM0+rix_Segfaulted.out>
ENTRY POINT SYMBOL: "_c_int00_noargs"  address: 0001f5fd


MEMORY CONFIGURATION

         name            origin    length      used     unused   attr    fill
----------------------  --------  ---------  --------  --------  ----  --------
  FLASH                 00000000   00020000  0001ff40  000000c0  R  X
  SRAM                  20200000   00008000  0000776a  00000896  RW X
  BCR_CONFIG            41c00000   00000080  00000000  00000080  R   
  BSL_CONFIG            41c00100   00000080  00000000  00000080  R   


SEGMENT ALLOCATION MAP

run origin  load origin   length   init length attrs members
----------  ----------- ---------- ----------- ----- -------
00000000    00000000    00014ed8   00014ed8    r--
  00000000    00000000    000000c0   000000c0    r-- .intvecs
  000000c0    000000c0    00014e18   00014e18    r-- .rodata
00014ee0    00014ee0    0000b068   0000b068    r-x
  00014ee0    00014ee0    0000aca0   0000aca0    r-x .text
  0001fb80    0001fb80    000003c8   000003c8    r-- .cinit
20200000    20200000    00007570   00000000    rw-
  20200000    20200000    0000695c   00000000    rw- .bss
  20206960    20206960    00000a0e   00000000    rw- .data
  20207370    20207370    00000200   00000000    rw- .sysmem
20207e00    20207e00    00000200   00000000    rw-
  20207e00    20207e00    00000200   00000000    rw- .stack


SECTION ALLOCATION MAP

 output                                  attributes/
section   page    origin      length       input sections
--------  ----  ----------  ----------   ----------------
.intvecs   0    00000000    000000c0     
                  00000000    000000c0     startup_mspm0g3507_ticlang.o (.intvecs)

.text      0    00014ee0    0000aca0     
                  00014ee0    00000778     Input.o (.text.MovePlayer)
                  00015658    00000634     sprites.o (.text.RenderSprite)
                  00015c8c    00000598     ff.o (.text.find_volume)
                  00016224    00000524     Graphics.o (.text.CastRays)
                  00016748    00000330     menus.o (.text.Menus_Run)
                  00016a78    00000318     ff.o (.text.create_name)
                  00016d90    000002b8     diskio.o (.text.disk_ioctl)
                  00017048    000002a4     ff.o (.text.f_lseek)
                  000172ec    00000298     ff.o (.text.f_read)
                  00017584    00000284     libc.a : _printfi.c.obj (.text:__TI_printfi_minimal)
                  00017808    00000270     ff.o (.text.f_open)
                  00017a78    00000228     diskio.o (.text.disk_initialize)
                  00017ca0    00000218     Buffer.o (.text.drawForegroundSpriteToBuffer)
                  00017eb8    00000214     ST7735_SDC.o (.text.ST7735_DrawTextBoxS_IF)
                  000180cc    00000210     ST7735_SDC.o (.text.ST7735_DrawBitmap)
                  000182dc    000001f0     ST7735_SDC.o (.text.ST7735_DrawTextBoxS)
                  000184cc    000001d0     ff.o (.text.put_fat)
                  0001869c    000001cc     ff.o (.text.dir_next)
                  00018868    000001b4     Clock.o (.text.Clock_Init80MHz)
                  00018a1c    000001b0     Sync.o (.text.getDirectionPacket)
                  00018bcc    000001a0     ST7735_SDC.o (.text.ST7735_DrawCharS)
                  00018d6c    00000194     Graphics.o (.text.DrawCrosshair)
                  00018f00    00000192     libclang_rt.builtins.a : adddf3.S.obj (.text.adddf3_subdf3)
                  00019092    00000002                            : aeabi_div0.c.obj (.text.__aeabi_idiv0)
                  00019094    00000184     sprites.o (.text.RenderSprites)
                  00019218    0000016c     ff.o (.text.create_chain)
                  00019384    00000158     ff.o (.text.get_fat)
                  000194dc    00000154     libc.a : fopen.c.obj (.text._openfile)
                  00019630    0000014c     main.o (.text.DeathScreen)
                  0001977c    00000144     libc.a : s_floor.c.obj (.text.floor)
                  000198c0    00000144     ff.o (.text.sync_fs)
                  00019a04    00000140     diskio.o (.text.SPI1_Init)
                  00019b44    00000138     Sync.o (.text.getInfoPacket)
                  00019c7c    00000134     Sync.o (.text.ComputeHitDirection)
                  00019db0    00000134     libc.a : qsort.c.obj (.text.qsort)
                  00019ee4    00000126     diskio.o (.text.send_cmd)
                  0001a00a    00000002     libc.a : _lock.c.obj (.text._nop)
                  0001a00c    00000124     ADC.o (.text.ADC_InitDual)
                  0001a130    00000124     ff.o (.text.dir_sdi)
                  0001a254    00000120     ff.o (.text.follow_path)
                  0001a374    0000011c     menus.o (.text.dialogueScreen)
                  0001a490    00000118     ST7735_SDC.o (.text.ST7735_FillRect)
                  0001a5a8    00000118     diskio.o (.text.disk_write)
                  0001a6c0    00000114     ST7735_SDC.o (.text.ST7735_DrawBitmapFromSDC)
                  0001a7d4    00000114     libc.a : memory.c.obj (.text.aligned_alloc)
                  0001a8e8    00000114     ff.o (.text.f_sync)
                  0001a9fc    0000010c     libclang_rt.builtins.a : divdf3.S.obj (.text.__divdf3)
                  0001ab08    00000100     Buffer.o (.text.drawCharToBuffer)
                  0001ac08    000000f8     SPI.o (.text.SPI_Init)
                  0001ad00    000000f4     ADC.o (.text.ADC0_Init)
                  0001adf4    000000f4     sprites.o (.text.RenderForegroundSprites)
                  0001aee8    000000f4     Graphics.o (.text.RenderSky)
                  0001afdc    000000f4     ST7735_SDC.o (.text.ST7735_SetRotation)
                  0001b0d0    000000f0     Inventory.o (.text.Inventory_add)
                  0001b1c0    000000ec     libsysbm.a : add_device.c.obj (.text.add_device)
                  0001b2ac    000000e8     libc.a : memory.c.obj (.text.free)
                  0001b394    000000e4     libclang_rt.builtins.a : muldf3.S.obj (.text.__muldf3)
                  0001b478    000000e4     diskio.o (.text.disk_read)
                  0001b55c    000000e0     Inventory.o (.text.Inventory_replace)
                  0001b63c    000000e0     libc.a : setvbuf.c.obj (.text.setvbuf)
                  0001b71c    000000dc     Graphics.o (.text.DrawHitIndicator)
                  0001b7f8    000000dc     Sync.o (.text.RandomizeSprites)
                  0001b8d4    000000d0     main.o (.text.GameLoop)
                  0001b9a4    000000d0     ST7735_SDC.o (.text.ST7735_OutChar)
                  0001ba74    000000d0     UART2.o (.text.UART2_Init)
                  0001bb44    000000c4     Input.o (.text.TIMG12_IRQHandler)
                  0001bc08    000000c4     main.o (.text.respawnPlayer)
                  0001bccc    000000c0     Sync.o (.text.getPositionPacket)
                  0001bd8c    000000b8     ff.o (.text.remove_chain)
                  0001be44    000000b4     Graphics.o (.text.DrawBar)
                  0001bef8    000000b4     Buffer.o (.text.printToBuffer)
                  0001bfac    000000ae     ff.o (.text.get_ldnumber)
                  0001c05a    00000002     --HOLE-- [fill = 0]
                  0001c05c    000000ac     Timer.o (.text.TimerA1_IntArm)
                  0001c108    000000ac     ff.o (.text.check_fs)
                  0001c1b4    000000ac     ST7735_SDC.o (.text.diskError)
                  0001c260    000000a8     DAC.o (.text.DAC_Init)
                  0001c308    000000a8     sprites.o (.text.RenderInventory)
                  0001c3b0    000000a8     Timer.o (.text.TimerA0_IntArm)
                  0001c458    000000a8     Timer.o (.text.TimerG6_IntArm)
                  0001c500    000000a8     Timer.o (.text.TimerG7_IntArm)
                  0001c5a8    000000a8     Timer.o (.text.TimerG8_IntArm)
                  0001c650    000000a8     sprites.o (.text.generateSprite)
                  0001c6f8    000000a6     ff.o (.text.dir_find)
                  0001c79e    00000002     --HOLE-- [fill = 0]
                  0001c7a0    000000a4     Timer.o (.text.TimerG0_IntArm)
                  0001c844    000000a2     ST7735_SDC.o (.text.commandList)
                  0001c8e6    000000a2     ff.o (.text.dir_alloc)
                  0001c988    000000a0     Buffer.o (.text.blitBufferToRenderBuffer)
                  0001ca28    000000a0     libsysbm.a : open.c.obj (.text.open)
                  0001cac8    0000009c     ST7735_SDC.o (.text.ST7735_InitPrintf)
                  0001cb64    00000098     ST7735_SDC.o (.text.ST7735_InitR)
                  0001cbfc    00000098     ff.o (.text.f_mount)
                  0001cc94    00000094     SoundSD.o (.text.SoundSD_Service)
                  0001cd28    00000094     SoundSD.o (.text.SysTick_Handler)
                  0001cdbc    00000094     Timer.o (.text.TimerG12_IntArm)
                  0001ce50    00000090     Graphics.o (.text.FillMap)
                  0001cee0    00000090     Graphics.o (.text.printLeaderboard)
                  0001cf70    0000008e     ff.o (.text.sync_window)
                  0001cffe    00000002     --HOLE-- [fill = 0]
                  0001d000    0000008c     Buffer.o (.text.clearRenderBuffer)
                  0001d08c    00000088     ST7735_SDC.o (.text.setAddrWindow)
                  0001d114    0000000c     menus.o (.text.Action_SetEnglish)
                  0001d120    00000088     libc.a : strcmp-armv6m.S.obj (.text:strcmp)
                  0001d1a8    00000084     Buffer.o (.text.PrecalculateFloorGradient)
                  0001d22c    00000084     ST7735_SDC.o (.text.ST7735_DrawString)
                  0001d2b0    00000084     ST7735_SDC.o (.text.ST7735_OutUDec)
                  0001d334    00000080     Graphics.o (.text.printAmmo)
                  0001d3b4    00000080     Sync.o (.text.sendDirectionPacket)
                  0001d434    00000080     Sync.o (.text.sendPositionPacket)
                  0001d4b4    0000007c     LaunchPad.o (.text.LaunchPad_Init)
                  0001d530    0000007c     UART1.o (.text.UART1_Init)
                  0001d5ac    0000007c     libc.a : fclose.c.obj (.text.__TI_closefile)
                  0001d628    0000007c     Sync.o (.text.getRandomMapPos)
                  0001d6a4    0000007c     libc.a : copy_decompress_lzss.c.obj (.text:decompress:lzss)
                  0001d720    00000078     Graphics.o (.text.DrawMinimap)
                  0001d798    00000078     Graphics.o (.text.RenderHUD)
                  0001d810    00000078     diskio.o (.text.rcvr_datablock)
                  0001d888    00000076     diskio.o (.text.xmit_datablock)
                  0001d8fe    00000002     --HOLE-- [fill = 0]
                  0001d900    00000074     Graphics.o (.text.DrawHealthBar)
                  0001d974    00000074     Inventory.o (.text.Inventory_removeCurrent)
                  0001d9e8    00000074     Sync.o (.text.TIMG7_IRQHandler)
                  0001da5c    00000074     libclang_rt.builtins.a : comparedf2.c.obj (.text.__gedf2)
                  0001dad0    00000070     Graphics.o (.text.Graphics_Init)
                  0001db40    00000070     ST7735_SDC.o (.text.ST7735_DrawPixel)
                  0001dbb0    00000070     SoundSD.o (.text.SoundSD_Play)
                  0001dc20    00000070     ST7735_SDC.o (.text.TFT_OutCommand)
                  0001dc90    00000070     diskio.o (.text.disk_timerproc)
                  0001dd00    0000006c     menus.o (.text.GetTriggerPressed)
                  0001dd6c    0000006c     libsysbm.a : hostlseek.c.obj (.text.HOSTlseek)
                  0001ddd8    0000006c                : hostrename.c.obj (.text.HOSTrename)
                  0001de44    0000006c     ST7735_SDC.o (.text.TFT_OutData)
                  0001deb0    0000006c     UART2.o (.text.UART2_IRQHandler)
                  0001df1c    0000006c     libc.a : getdevice.c.obj (.text.getdevice)
                  0001df88    00000068     libclang_rt.builtins.a : comparedf2.c.obj (.text.__ledf2)
                  0001dff0    00000068     ff.o (.text.validate)
                  0001e058    00000064     ADC.o (.text.ADC_InDual)
                  0001e0bc    00000064     libc.a : memory.c.obj (.text.split)
                  0001e120    00000062     libclang_rt.builtins.a : aeabi_dcmp.S.obj (.text.__aeabi_dcmp)
                  0001e182    00000062     ff.o (.text.move_window)
                  0001e1e4    00000060     libsysbm.a : hostopen.c.obj (.text.HOSTopen)
                  0001e244    00000060     ff.o (.text.dir_register)
                  0001e2a4    0000005c     Sync.o (.text.TIMG8_IRQHandler)
                  0001e300    0000005c     Buffer.o (.text.setPixelBuffer)
                  0001e35c    00000058     libsysbm.a : hostread.c.obj (.text.HOSTread)
                  0001e3b4    00000058                : hostwrite.c.obj (.text.HOSTwrite)
                  0001e40c    00000056     ST7735_SDC.o (.text.ST7735_ClearScreenBlack)
                  0001e462    00000002     --HOLE-- [fill = 0]
                  0001e464    00000056     libclang_rt.builtins.a : aeabi_idivmod.S.obj (.text.__aeabi_idivmod)
                  0001e4ba    00000056     sprites.o (.text.compareSprites)
                  0001e510    00000054     ST7735_SDC.o (.text.fillmessage)
                  0001e564    00000054     ff.o (.text.mem_cmp)
                  0001e5b8    00000052     libc.a : fflush.c.obj (.text.__TI_doflush)
                  0001e60a    00000002     --HOLE-- [fill = 0]
                  0001e60c    00000050     libsysbm.a : close.c.obj (.text.close)
                  0001e65c    00000050     diskio.o (.text.wait_ready)
                  0001e6ac    00000050     diskio.o (.text.xmit_spi_multi)
                  0001e6fc    0000004c     FIFO.o (.text.RxFifo_Get)
                  0001e748    0000004c     FIFO.o (.text.RxFifo_Put)
                  0001e794    0000004c     Inventory.o (.text.inInventory)
                  0001e7e0    0000004a     libclang_rt.builtins.a : fixdfsi.S.obj (.text.__fixdfsi)
                  0001e82a    00000002     --HOLE-- [fill = 0]
                  0001e82c    00000048     libsysbm.a : hostclose.c.obj (.text.HOSTclose)
                  0001e874    00000048                : hostunlink.c.obj (.text.HOSTunlink)
                  0001e8bc    00000048     SoundSD.o (.text.SoundSD_Init)
                  0001e904    00000048     Sounds.o (.text.Sound_Init)
                  0001e94c    00000048     Sounds.o (.text.Sound_Start)
                  0001e994    00000048     menus.o (.text.TIMA1_IRQHandler)
                  0001e9dc    00000048     Async_Delay.o (.text.TIMG0_IRQHandler)
                  0001ea24    00000048     Sync.o (.text.handshake)
                  0001ea6c    00000048     diskio.o (.text.xchg_spi)
                  0001eab4    00000044     ADC.o (.text.ADC0_In)
                  0001eaf8    00000044     Input.o (.text.Input_Init)
                  0001eb3c    00000044     Graphics.o (.text.RenderScene)
                  0001eb80    00000044     diskio.o (.text.select)
                  0001ebc4    00000040     SPI.o (.text.SPI_Reset)
                  0001ec04    00000040     Sync.o (.text.TIMA0_IRQHandler)
                  0001ec44    00000040     libclang_rt.builtins.a : aeabi_uidivmod.S.obj (.text.__aeabi_uidivmod)
                  0001ec84    00000040     libc.a : fopen.c.obj (.text._search_fp)
                  0001ecc4    00000040     ff.o (.text.chk_chr)
                  0001ed04    00000040     ff.o (.text.f_close)
                  0001ed44    0000003c     Buffer.o (.text.RenderBuffer)
                  0001ed80    0000003c     Input.o (.text.fastSin)
                  0001edbc    0000003c     diskio.o (.text.rcvr_spi)
                  0001edf8    0000003c     Sync.o (.text.sendInfoPacket)
                  0001ee34    0000003c     libc.a : autoinit.c.obj (.text:__TI_auto_init_nobinit_nopinit)
                  0001ee70    0000003a     libclang_rt.builtins.a : muldsi3.S.obj (.text.__muldsi3)
                  0001eeaa    00000002     --HOLE-- [fill = 0]
                  0001eeac    00000038     LaunchPad.o (.text.ActivatePortA_B)
                  0001eee4    00000038     Sync.o (.text.processHit)
                  0001ef1c    00000038     libc.a : rand.c.obj (.text.rand)
                  0001ef54    00000038            : sprintf.c.obj (.text.sprintf)
                  0001ef8c    00000038     Async_Delay.o (.text.start_delay)
                  0001efc4    00000036     ff.o (.text.clust2sect)
                  0001effa    00000036     ff.o (.text.ld_clust)
                  0001f030    00000034     Clock.o (.text.Clock_Delay1ms)
                  0001f064    00000034     ST7735_SDC.o (.text.ST7735_SetCursor)
                  0001f098    00000034     ST7735_SDC.o (.text.ST7735_write)
                  0001f0cc    00000034     main.o (.text.SystemInit)
                  0001f100    00000034     libc.a : fopen.c.obj (.text.__TI_cleanup)
                  0001f134    00000034     libsysbm.a : trgmsg.c.obj (.text.__TI_readmsg)
                  0001f168    00000034                : trgmsg.c.obj (.text.__TI_writemsg)
                  0001f19c    00000034     libc.a : exit.c.obj (.text.exit)
                  0001f1d0    00000034            : getdevice.c.obj (.text.finddevice)
                  0001f204    00000034            : fopen.c.obj (.text.freopen)
                  0001f238    00000034     ff.o (.text.mem_cpy)
                  0001f26c    00000034     Graphics.o (.text.printItem)
                  0001f2a0    00000034     menus.o (.text.typeDialogueLine)
                  0001f2d4    00000032     ST7735_SDC.o (.text.ST7735_Color565)
                  0001f306    00000002     --HOLE-- [fill = 0]
                  0001f308    00000030     diskio.o (.text.disk_status)
                  0001f338    00000030     Input.o (.text.fastCos)
                  0001f368    00000030     libc.a : fopen.c.obj (.text.fopen)
                  0001f398    00000030     menus.o (.text.sendMenuState)
                  0001f3c8    0000002e     SoundSD.o (.text.friendlyDelay)
                  0001f3f6    00000002     --HOLE-- [fill = 0]
                  0001f3f8    0000002c     menus.o (.text.GetJoystickY)
                  0001f424    0000002c     menus.o (.text.Menu_Delay)
                  0001f450    0000002c     ST7735_SDC.o (.text.ST7735_FillScreen)
                  0001f47c    0000002c     libclang_rt.builtins.a : floatsidf.S.obj (.text.__floatsidf)
                  0001f4a8    0000002c     ST7735_SDC.o (.text.commonInit)
                  0001f4d4    0000002c     diskio.o (.text.init_spi)
                  0001f500    0000002c     diskio.o (.text.rcvr_spi_multi)
                  0001f52c    0000002c     libsysbm.a : unlink.c.obj (.text.unlink)
                  0001f558    0000002a     UART2.o (.text.UART2_InChar)
                  0001f582    0000002a     ff.o (.text.mem_set)
                  0001f5ac    00000028     libc.a : memory.c.obj (.text.free_list_insert)
                  0001f5d4    00000028     libsysbm.a : write.c.obj (.text.write)
                  0001f5fc    00000028     libc.a : boot_cortex_m.c.obj (.text:_c_int00_noargs)
                  0001f624    00000026     main.o (.text.initRandom)
                  0001f64a    00000026     ff.o (.text.st_clust)
                  0001f670    00000024     diskio.o (.text.CS_Init)
                  0001f694    00000024     Inventory.o (.text.Inventory_next)
                  0001f6b8    00000024     Joy.o (.text.Joy_Init)
                  0001f6dc    00000024     libclang_rt.builtins.a : floatunsidf.S.obj (.text.__floatunsidf)
                  0001f700    00000024     libc.a : rand.c.obj (.text.srand)
                  0001f724    00000022            : memccpy.c.obj (.text.memccpy)
                  0001f746    00000020     Inventory.o (.text.Item_isWeapon)
                  0001f766    00000002     --HOLE-- [fill = 0]
                  0001f768    00000020     menus.o (.text.LinkMenus)
                  0001f788    00000020     SoundSD.o (.text.SoundSD_Stop)
                  0001f7a8    00000020     SoundSD.o (.text.SoundSD_Stream)
                  0001f7c8    0000001e     ST7735_SDC.o (.text.pushColor)
                  0001f7e6    00000002     --HOLE-- [fill = 0]
                  0001f7e8    0000001c     menus.o (.text.Action_SelectMap2)
                  0001f804    0000001c     menus.o (.text.Action_SelectOGMap)
                  0001f820    0000001c     startup_mspm0g3507_ticlang.o (.text.Default_Handler)
                  0001f83c    0000001c     startup_mspm0g3507_ticlang.o (.text.HardFault_Handler)
                  0001f858    0000001c     Joy.o (.text.Joy_In)
                  0001f874    0000001c     libc.a : memory.c.obj (.text.free_list_remove)
                  0001f890    00000018     FIFO.o (.text.RxFifo_Size)
                  0001f8a8    00000018     Sounds.o (.text.SoundEffects_disable)
                  0001f8c0    00000018     Sounds.o (.text.SoundEffects_enable)
                  0001f8d8    00000018     SoundSD.o (.text.SoundSD_Mount)
                  0001f8f0    00000018     diskio.o (.text.TIMG6_IRQHandler)
                  0001f908    00000018     UART1.o (.text.UART1_OutChar)
                  0001f920    00000018     libc.a : sprintf.c.obj (.text._outs)
                  0001f938    00000018     diskio.o (.text.deselect)
                  0001f950    00000018     main.o (.text.main)
                  0001f968    00000016     ST7735_SDC.o (.text.ST7735_open)
                  0001f97e    00000016     ST7735_SDC.o (.text.ST7735_read)
                  0001f994    00000016     menus.o (.text.clearDialogueLine)
                  0001f9aa    00000002     --HOLE-- [fill = 0]
                  0001f9ac    00000014     DAC.o (.text.DAC_Out)
                  0001f9c0    00000014     FIFO.o (.text.RxFifo_Init)
                  0001f9d4    00000014     ST7735_SDC.o (.text.ST7735_SetTextColor)
                  0001f9e8    00000012     Inventory.o (.text.Inventory_currentItem)
                  0001f9fa    00000012     Inventory.o (.text.Item_isSpent)
                  0001fa0c    00000012     libc.a : memcpy16.S.obj (.text:TI_memcpy_small)
                  0001fa1e    00000012            : copy_decompress_none.c.obj (.text:decompress:none)
                  0001fa30    00000010     Clock.o (.text.Clock_Delay)
                  0001fa40    00000010     LaunchPad.o (.text.Delay)
                  0001fa50    00000010     Joy.o (.text.Joy_InButton)
                  0001fa60    00000010     Input.o (.text.ReadKeys)
                  0001fa70    00000010     libc.a : copy_zero_init.c.obj (.text:decompress:ZI)
                  0001fa80    0000000e            : memory.c.obj (.text.OUTLINED_FUNCTION_0)
                  0001fa8e    0000000e     ST7735_SDC.o (.text.ST7735_lseek)
                  0001fa9c    0000000e     libclang_rt.builtins.a : aeabi_memset.S.obj (.text.__aeabi_memset)
                  0001faaa    0000000e     libsysbm.a : hostrename.c.obj (.text.strcpy)
                  0001fab8    0000000e     libc.a : _printfi.c.obj (.text.strlen)
                  0001fac6    0000000e     libsysbm.a : hostrename.c.obj (.text.strlen)
                  0001fad4    0000000e     libc.a : memset16.S.obj (.text:TI_memset_small)
                  0001fae2    00000002     --HOLE-- [fill = 0]
                  0001fae4    0000000c     menus.o (.text.Action_SetGleeb)
                  0001faf0    0000000c     menus.o (.text.Action_SetSpanish)
                  0001fafc    0000000c     Clock.o (.text.Clock_Freq)
                  0001fb08    0000000c     ST7735_SDC.o (.text.ST7735_rename)
                  0001fb14    0000000c     Sync.o (.text.Sync_Init)
                  0001fb20    0000000c     libclang_rt.builtins.a : aeabi_memset.S.obj (.text.__aeabi_memclr)
                  0001fb2c    0000000c     libc.a : memory.c.obj (.text.malloc)
                  0001fb38    0000000a     ST7735_SDC.o (.text.ST7735_close)
                  0001fb42    0000000a     ST7735_SDC.o (.text.ST7735_unlink)
                  0001fb4c    0000000a     libc.a : sprintf.c.obj (.text._outc)
                  0001fb56    00000008     UART2.o (.text.UART2_InChar0)
                  0001fb5e    00000002     --HOLE-- [fill = 0]
                  0001fb60    00000008     libclang_rt.builtins.a : aeabi_memcpy.S.obj (.text.__aeabi_memcpy)
                  0001fb68    00000008     libsysbm.a : remove.c.obj (.text.remove)
                  0001fb70    00000004     startup_mspm0g3507_ticlang.o (.text.Reset_Handler)
                  0001fb74    00000004     libc.a : pre_init.c.obj (.text._system_pre_init)
                  0001fb78    00000004            : exit.c.obj (.text:abort)
                  0001fb7c    00000004     --HOLE-- [fill = 0]

.cinit     0    0001fb80    000003c8     
                  0001fb80    000003a2     (.cinit..data.load) [load image, compression = lzss]
                  0001ff22    00000002     --HOLE-- [fill = 0]
                  0001ff24    0000000c     (__TI_handler_table)
                  0001ff30    00000008     (.cinit..bss.load) [load image, compression = zero_init]
                  0001ff38    00000010     (__TI_cinit_table)

.rodata    0    000000c0    00014e18     
                  000000c0    000023c0     Sounds.o (.rodata.reloadSound)
                  00002480    00002000     main.o (.rodata.DrM0Back)
                  00004480    00002000     main.o (.rodata.DrM0Front)
                  00006480    00002000     Graphics.o (.rodata.SCBarkley)
                  00008480    00002000     Graphics.o (.rodata.circuitBoardTex)
                  0000a480    00002000     Graphics.o (.rodata.matrix2)
                  0000c480    00001e78     Sounds.o (.rodata.shotgunSound)
                  0000e2f8    00000b9e     Sounds.o (.rodata.pistolSound)
                  0000ee96    0000095a     Sounds.o (.rodata.weaploadSound)
                  0000f7f0    0000094f     Sounds.o (.rodata.outofammoSound)
                  0001013f    00000001     SoundSD.o (.rodata.str1.13527524778485116141)
                  00010140    00000800     main.o (.rodata.ExplosionImage)
                  00010940    00000800     main.o (.rodata.PistolImage)
                  00011140    00000800     main.o (.rodata.RailgunImage)
                  00011940    00000800     main.o (.rodata.RifleImage)
                  00012140    00000800     main.o (.rodata.ShotgunImage)
                  00012940    000004fb     Buffer.o (.rodata.Font)
                  00012e3b    000004fb     ST7735_SDC.o (.rodata.Font)
                  00013336    00000240     menus.o (.rodata.Map2)
                  00013576    00000240     menus.o (.rodata.OGMap)
                  000137b6    00000200     main.o (.rodata.Ammosprite)
                  000139b6    00000200     main.o (.rodata.Medkitsprite)
                  00013bb6    00000200     main.o (.rodata.Pistolsprite)
                  00013db6    00000200     main.o (.rodata.Railgunsprite)
                  00013fb6    00000200     main.o (.rodata.Riflesprite)
                  000141b6    00000200     main.o (.rodata.Shotgunsprite)
                  000143b6    0000003b     ST7735_SDC.o (.rodata.Rcmd1)
                  000143f1    00000032     menus.o (.rodata.str1.140621334512231269711)
                  00014423    0000002b     ST7735_SDC.o (.rodata.Rcmd3)
                  0001444e    00000027     menus.o (.rodata.str1.113208849695285104791)
                  00014475    00000027     menus.o (.rodata.str1.135451846495834937441)
                  0001449c    00000027     menus.o (.rodata.str1.63376827379146411741)
                  000144c3    00000026     menus.o (.rodata.str1.81404906354475078651)
                  000144e9    00000025     menus.o (.rodata.str1.74614961083098936291)
                  0001450e    00000024     menus.o (.rodata.str1.81177776277792909121)
                  00014532    00000024     menus.o (.rodata.str1.86700769201746917021)
                  00014556    00000022     menus.o (.rodata.str1.28033218574308728561)
                  00014578    00000022     menus.o (.rodata.str1.34948758358822006441)
                  0001459a    00000022     menus.o (.rodata.str1.55360927250541822621)
                  000145bc    00000021     menus.o (.rodata.str1.103034702921672743001)
                  000145dd    00000021     menus.o (.rodata.str1.107784091255264005081)
                  000145fe    00000021     menus.o (.rodata.str1.160586392388085771341)
                  0001461f    00000021     menus.o (.rodata.str1.170337161734721347371)
                  00014640    00000021     menus.o (.rodata.str1.40053628090355857951)
                  00014661    00000021     menus.o (.rodata.str1.91637467315877147451)
                  00014682    00000020     menus.o (.rodata.str1.4306366311675199791)
                  000146a2    00000020     menus.o (.rodata.str1.95077909458665779181)
                  000146c2    0000001f     menus.o (.rodata.str1.155748364177603385871)
                  000146e1    0000001f     menus.o (.rodata.str1.46791887376355826491)
                  00014700    0000001f     menus.o (.rodata.str1.81225833644655331251)
                  0001471f    0000001f     menus.o (.rodata.str1.8688139744131616041)
                  0001473e    0000001e     menus.o (.rodata.str1.175264794883146963711)
                  0001475c    0000001e     menus.o (.rodata.str1.183748597771052718781)
                  0001477a    0000001e     menus.o (.rodata.str1.20971027457514090791)
                  00014798    0000001e     menus.o (.rodata.str1.22956198075487105381)
                  000147b6    0000001e     menus.o (.rodata.str1.73655613655739932531)
                  000147d4    0000001e     menus.o (.rodata.str1.74080566058812520991)
                  000147f2    0000001d     menus.o (.rodata.str1.3228888584161505541)
                  0001480f    0000001d     menus.o (.rodata.str1.44513436441731468601)
                  0001482c    0000001d     menus.o (.rodata.str1.52873050588701785371)
                  00014849    0000001d     menus.o (.rodata.str1.7928282895222706721)
                  00014866    0000001b     menus.o (.rodata.str1.144980752061332484721)
                  00014881    0000001a     menus.o (.rodata.str1.176007049082984491021)
                  0001489b    0000001a     menus.o (.rodata.str1.2994111456399018321)
                  000148b5    0000001a     menus.o (.rodata.str1.33030937131787990801)
                  000148cf    0000001a     menus.o (.rodata.str1.60159363485278518821)
                  000148e9    0000001a     menus.o (.rodata.str1.8567118370385674241)
                  00014903    00000019     menus.o (.rodata.str1.136979913868584775891)
                  0001491c    00000019     menus.o (.rodata.str1.98146970493463322371)
                  00014935    00000018     menus.o (.rodata.str1.154678455264525287611)
                  0001494d    00000018     menus.o (.rodata.str1.165174548395597112901)
                  00014965    00000018     menus.o (.rodata.str1.26106900523259431471)
                  0001497d    00000018     menus.o (.rodata.str1.95972786851599416241)
                  00014995    00000017     menus.o (.rodata.str1.123781003589582358431)
                  000149ac    00000017     menus.o (.rodata.str1.136911105019720578541)
                  000149c3    00000017     menus.o (.rodata.str1.180461724852559652731)
                  000149da    00000017     menus.o (.rodata.str1.30431070038252418861)
                  000149f1    00000017     menus.o (.rodata.str1.32972604204622997601)
                  00014a08    00000017     menus.o (.rodata.str1.84226594383225847461)
                  00014a1f    00000017     menus.o (.rodata.str1.88687122040722189621)
                  00014a36    00000016     ST7735_SDC.o (.rodata.str1.28433820059943190321)
                  00014a4c    00000015     menus.o (.rodata.str1.143962844449559802791)
                  00014a61    00000015     menus.o (.rodata.str1.158802905182404206651)
                  00014a76    00000015     menus.o (.rodata.str1.15971142441765235821)
                  00014a8b    00000015     menus.o (.rodata.str1.170996034951354877861)
                  00014aa0    00000015     menus.o (.rodata.str1.4214942804051900751)
                  00014ab5    00000014     menus.o (.rodata.str1.183427259283358497691)
                  00014ac9    00000014     menus.o (.rodata.str1.27961984965217310221)
                  00014add    00000014     menus.o (.rodata.str1.38444633762129813501)
                  00014af1    00000013     menus.o (.rodata.str1.133114563533038133421)
                  00014b04    00000013     menus.o (.rodata.str1.52580392435264777181)
                  00014b17    00000012     menus.o (.rodata.str1.160115412195507249741)
                  00014b29    00000012     menus.o (.rodata.str1.29537622648338285051)
                  00014b3b    00000011     menus.o (.rodata.str1.119775304940909566111)
                  00014b4c    00000011     libc.a : _printfi.c.obj (.rodata.str1.153638888446227384661)
                  00014b5d    00000011     menus.o (.rodata.str1.52558102856280783751)
                  00014b6e    00000010     menus.o (.rodata.str1.121894215555781854721)
                  00014b7e    00000010     menus.o (.rodata.str1.157020737410788849921)
                  00014b8e    00000010     menus.o (.rodata.str1.6049594314190078561)
                  00014b9e    0000000f     ff.o (.rodata.str1.113280866994296648041)
                  00014bad    0000000f     menus.o (.rodata.str1.92639813083400278031)
                  00014bbc    0000000e     Graphics.o (.rodata.str1.101815359073638397881)
                  00014bca    0000000e     menus.o (.rodata.str1.105692775232363439901)
                  00014bd8    0000000e     menus.o (.rodata.str1.109323214156024499631)
                  00014be6    0000000e     menus.o (.rodata.str1.128989763563720414811)
                  00014bf4    0000000e     menus.o (.rodata.str1.153972598488747820211)
                  00014c02    0000000e     menus.o (.rodata.str1.28534660028422600551)
                  00014c10    0000000d     ST7735_SDC.o (.rodata.Rcmd2green)
                  00014c1d    0000000d     ST7735_SDC.o (.rodata.Rcmd2red)
                  00014c2a    0000000d     menus.o (.rodata.str1.149748156457843606111)
                  00014c37    0000000d     menus.o (.rodata.str1.18587315262870873111)
                  00014c44    0000000c     menus.o (.rodata.backText)
                  00014c50    0000000c     menus.o (.rodata.englishText)
                  00014c5c    0000000c     menus.o (.rodata.gleebText)
                  00014c68    0000000c     menus.o (.rodata.languageMenuTitle)
                  00014c74    0000000c     menus.o (.rodata.languageText)
                  00014c80    0000000c     menus.o (.rodata.mainTitleText)
                  00014c8c    0000000c     menus.o (.rodata.map2Text)
                  00014c98    0000000c     main.o (.rodata.medkitName)
                  00014ca4    0000000c     menus.o (.rodata.ogMapText)
                  00014cb0    0000000c     main.o (.rodata.pistolName)
                  00014cbc    0000000c     main.o (.rodata.railgunName)
                  00014cc8    0000000c     main.o (.rodata.rifleName)
                  00014cd4    0000000c     menus.o (.rodata.selectMapText)
                  00014ce0    0000000c     main.o (.rodata.shotgunName)
                  00014cec    0000000c     menus.o (.rodata.spanishText)
                  00014cf8    0000000c     menus.o (.rodata.startGameText)
                  00014d04    0000000c     menus.o (.rodata.str1.147465653251047986931)
                  00014d10    0000000c     menus.o (.rodata.str1.53289981759703125101)
                  00014d1c    0000000c     menus.o (.rodata.str1.55310129449917907021)
                  00014d28    0000000b     Graphics.o (.rodata.str1.111845795882479080211)
                  00014d33    0000000b     menus.o (.rodata.str1.124198988536565629501)
                  00014d3e    0000000b     menus.o (.rodata.str1.20226054460873807351)
                  00014d49    0000000b     menus.o (.rodata.str1.37298010153340831671)
                  00014d54    0000000b     menus.o (.rodata.str1.63063412741383656541)
                  00014d5f    0000000a     Graphics.o (.rodata.str1.45937735617970562101)
                  00014d69    0000000a     menus.o (.rodata.str1.67344958428517426261)
                  00014d73    00000009     menus.o (.rodata.str1.11748345053224590121)
                  00014d7c    00000009     ST7735_SDC.o (.rodata.str1.119827176004061594541)
                  00014d85    00000009     main.o (.rodata.str1.121071377670202666191)
                  00014d8e    00000009     menus.o (.rodata.str1.121123247888127407721)
                  00014d97    00000009     menus.o (.rodata.str1.127816206145025086161)
                  00014da0    00000009     main.o (.rodata.str1.139123098054563454261)
                  00014da9    00000009     menus.o (.rodata.str1.164003342849016447201)
                  00014db2    00000009     Graphics.o (.rodata.str1.174670005707905455781)
                  00014dbb    00000009     main.o (.rodata.str1.30235616187663446621)
                  00014dc4    00000009     menus.o (.rodata.str1.63580008137743042971)
                  00014dcd    00000009     Graphics.o (.rodata.str1.67127546031375070101)
                  00014dd6    00000009     menus.o (.rodata.str1.82245934695475978981)
                  00014ddf    00000009     ST7735_SDC.o (.rodata.str1.96930949990895218701)
                  00014de8    00000009     menus.o (.rodata.str1.97646962490272984001)
                  00014df1    00000008     main.o (.rodata.str1.128962870563899395191)
                  00014df9    00000008     menus.o (.rodata.str1.155228271783013021831)
                  00014e01    00000008     main.o (.rodata.str1.164552152177587026401)
                  00014e09    00000008     ST7735_SDC.o (.rodata.str1.165812335033060454901)
                  00014e11    00000008     main.o (.rodata.str1.42835430280232758001)
                  00014e19    00000008     menus.o (.rodata.str1.65750054775735849871)
                  00014e21    00000008     menus.o (.rodata.str1.69999045451270665711)
                  00014e29    00000007     ST7735_SDC.o (.rodata.str1.108798170232719549071)
                  00014e30    00000007     main.o (.rodata.str1.115890148426537372251)
                  00014e37    00000007     menus.o (.rodata.str1.1277942910637927151)
                  00014e3e    00000007     main.o (.rodata.str1.181369900268917052751)
                  00014e45    00000007     main.o (.rodata.str1.4040285661218773341)
                  00014e4c    00000007     menus.o (.rodata.str1.44852280986964266461)
                  00014e53    00000007     ST7735_SDC.o (.rodata.str1.48346598350755635861)
                  00014e5a    00000007     menus.o (.rodata.str1.59382714011411076131)
                  00014e61    00000007     ST7735_SDC.o (.rodata.str1.65157548236227532931)
                  00014e68    00000007     menus.o (.rodata.str1.80119958098595689001)
                  00014e6f    00000006     ST7735_SDC.o (.rodata.str1.105453447318699584981)
                  00014e75    00000006     menus.o (.rodata.str1.107618944876940139201)
                  00014e7b    00000006     menus.o (.rodata.str1.151812138345797082741)
                  00014e81    00000006     main.o (.rodata.str1.157592557656998809351)
                  00014e87    00000006     ST7735_SDC.o (.rodata.str1.175182287407566781581)
                  00014e8d    00000006     main.o (.rodata.str1.182731374899196392841)
                  00014e93    00000006     Graphics.o (.rodata.str1.46143995295070766951)
                  00014e99    00000006     main.o (.rodata.str1.58265674741439123291)
                  00014e9f    00000006     menus.o (.rodata.str1.59493562986345245221)
                  00014ea5    00000006     menus.o (.rodata.str1.70705070438164780481)
                  00014eab    00000006     menus.o (.rodata.str1.74484252914149724171)
                  00014eb1    00000005     main.o (.rodata.str1.102198819253266672751)
                  00014eb6    00000005     main.o (.rodata.str1.140962207062303880201)
                  00014ebb    00000005     Graphics.o (.rodata.str1.37161536259113115651)
                  00014ec0    00000005     main.o (.rodata.str1.54842681482495761191)
                  00014ec5    00000005     menus.o (.rodata.str1.71614747585608304151)
                  00014eca    00000003     Graphics.o (.rodata.str1.25158831670344200691)
                  00014ecd    00000002     ST7735_SDC.o (.rodata.str1.139922138757215469871)
                  00014ecf    00000002     Graphics.o (.rodata.str1.2002389610935928081)
                  00014ed1    00000001     Graphics.o (.rodata.str1.86410570762347020181)
                  00014ed2    00000006     --HOLE-- [fill = 0]

.init_array 
*          0    00000000    00000000     UNINITIALIZED

.binit     0    00000000    00000000     

.bss       0    20200000    0000695c     UNINITIALIZED
                  20200000    00005000     (.common:renderBuffer)
                  20205000    00000500     (.common:ZBuffer)
                  20205500    00000480     (.common:miniMap)
                  20205980    00000240     (.common:worldMap)
                  20205bc0    00000234     SoundSD.o (.bss.fs)
                  20205df4    00000234     Graphics.o (.bss.g_sFatFs)
                  20206028    00000224     SoundSD.o (.bss.fil)
                  2020624c    00000200     SoundSD.o (.bss.buf1)
                  2020644c    00000200     SoundSD.o (.bss.buf2)
                  2020664c    00000120     libsysbm.a : trgmsg.c.obj (.bss:_CIOBUF_)
                  2020676c    000000a0     libc.a : defs.c.obj (.bss.__TI_tmpnams)
                  2020680c    00000080     (.common:floorGradient)
                  2020688c    00000040     FIFO.o (.bss.RxFifo)
                  202068cc    0000000c     (.common:Message)
                  202068d8    00000008     libsysbm.a : hostopen.c.obj (.bss.parmbuf)
                  202068e0    00000008     (.common:otherDirX)
                  202068e8    00000008     (.common:otherDirY)
                  202068f0    00000008     (.common:otherPosX)
                  202068f8    00000008     (.common:otherPosY)
                  20206900    00000004     ff.o (.bss.FatFs)
                  20206904    00000004     diskio.o (.bss.Timer1)
                  20206908    00000004     diskio.o (.bss.Timer2)
                  2020690c    00000004     SoundSD.o (.bss.blockCount)
                  20206910    00000004     SoundSD.o (.bss.bytesRead)
                  20206914    00000004     SoundSD.o (.bss.needRefill)
                  20206918    00000004     libc.a : memory.c.obj (.bss.sys_free)
                  2020691c    00000004     (.common:Joy_x)
                  20206920    00000004     (.common:Joy_y)
                  20206924    00000004     (.common:LCDresetFlag)
                  20206928    00000004     (.common:Length)
                  2020692c    00000004     (.common:LostData)
                  20206930    00000004     (.common:Messageindex)
                  20206934    00000004     (.common:RxGetI)
                  20206938    00000004     (.common:RxPutI)
                  2020693c    00000004     (.common:SoundPt)
                  20206940    00000004     (.common:flag_done)
                  20206944    00000004     (.common:ms_done)
                  20206948    00000004     (.common:ms_passed)
                  2020694c    00000002     ff.o (.bss.Fsid)
                  2020694e    00000002     ST7735_SDC.o (.bss.sdcBuffer)
                  20206950    00000001     diskio.o (.bss.CardType)
                  20206951    00000001     ST7735_SDC.o (.bss.ColStart)
                  20206952    00000001     ST7735_SDC.o (.bss.Rotation)
                  20206953    00000001     ST7735_SDC.o (.bss.RowStart)
                  20206954    00000001     ST7735_SDC.o (.bss.TabColor)
                  20206955    00000001     (.common:InitStatus)
                  20206956    00000001     (.common:MountFresult)
                  20206957    00000001     (.common:isPlaying)
                  20206958    00000001     (.common:isShooting)
                  20206959    00000001     (.common:isSwapping)
                  2020695a    00000001     (.common:needSync)
                  2020695b    00000001     (.common:reloaded)

.data      0    20206960    00000a0e     UNINITIALIZED
                  20206960    00000258     main.o (.data.Sprites)
                  20206bb8    000000f0     libc.a : defs.c.obj (.data._ftable)
                  20206ca8    00000078     libsysbm.a : host_device.c.obj (.data._device)
                  20206d20    00000068     main.o (.data.bigammo)
                  20206d88    00000068     main.o (.data.medkit)
                  20206df0    00000068     main.o (.data.pistol)
                  20206e58    00000068     main.o (.data.railgun)
                  20206ec0    00000068     main.o (.data.rifle)
                  20206f28    00000068     main.o (.data.shotgun)
                  20206f90    00000068     main.o (.data.smallammo)
                  20206ff8    00000050     libsysbm.a : host_device.c.obj (.data._stream)
                  20207048    0000004c     menus.o (.data.geebleGeneralDialogueEnglish)
                  20207094    0000004c     menus.o (.data.geebleGeneralDialogueGleeb)
                  202070e0    0000004c     menus.o (.data.geebleGeneralDialogueSpanish)
                  2020712c    00000030     menus.o (.data.languageMenuItems)
                  2020715c    00000028     Sounds.o (.data.SoundEffects)
                  20207184    00000004     Clock.o (.data.BusFreq)
                  20207188    00000028     main.o (.data.gunFlash)
                  202071b0    00000024     menus.o (.data.mapMenuItems)
                  202071d4    0000001c     menus.o (.data.deathScreenTextEnglish)
                  202071f0    0000001c     menus.o (.data.deathScreenTextGleeb)
                  2020720c    0000001c     menus.o (.data.deathScreenTextSpanish)
                  20207228    0000001c     main.o (.data.items)
                  20207244    00000018     menus.o (.data.mainMenuItems)
                  2020725c    00000014     main.o (.data.inventory)
                  20207270    00000010     menus.o (.data.languageMenu)
                  20207280    00000010     menus.o (.data.mainMenu)
                  20207290    00000010     menus.o (.data.mapMenu)
                  202072a0    00000010     Graphics.o (.data.textures)
                  202072b0    0000000c     Graphics.o (.data.ammoText)
                  202072bc    0000000c     menus.o (.data.deathScreenTexts)
                  202072c8    0000000c     menus.o (.data.geebleGeneralDialogues)
                  202072d4    00000008     libc.a : exit.c.obj (.data..L_MergedGlobals)
                  202072dc    00000004     Graphics.o (.data.RenderScene.side)
                  202072e0    00000008     main.o (.data.dirX)
                  202072e8    00000008     main.o (.data.dirY)
                  202072f0    00000008     main.o (.data.planeX)
                  202072f8    00000008     main.o (.data.planeY)
                  20207300    00000008     main.o (.data.posX)
                  20207308    00000008     main.o (.data.posY)
                  20207310    00000004     ST7735_SDC.o (.data.StX)
                  20207314    00000004     ST7735_SDC.o (.data.StY)
                  20207318    00000004     libc.a : defs.c.obj (.data.__TI_ft_end)
                  2020731c    00000004            : _lock.c.obj (.data._lock)
                  20207320    00000004            : _lock.c.obj (.data._unlock)
                  20207324    00000004     SoundSD.o (.data.back)
                  20207328    00000004     SoundSD.o (.data.front)
                  2020732c    00000004     SoundSD.o (.data.idx)
                  20207330    00000004     main.o (.data.kills)
                  20207334    00000004     libc.a : rand.c.obj (.data.next)
                  20207338    00000004     main.o (.data.numsprites)
                  2020733c    00000004     main.o (.data.otherHealth)
                  20207340    00000004     main.o (.data.otherKills)
                  20207344    00000004     Sync.o (.data.otherPlayer)
                  20207348    00000004     main.o (.data.playerHealth)
                  2020734c    00000002     ST7735_SDC.o (.data.StTextColor)
                  2020734e    00000002     Sync.o (.data.TIMA0_IRQHandler.timeCt)
                  20207350    00000002     ST7735_SDC.o (.data._height)
                  20207352    00000002     ST7735_SDC.o (.data._width)
                  20207354    00000002     Sync.o (.data.hitTimer)
                  20207356    00000001     menus.o (.data.GetTriggerPressed.last)
                  20207357    00000001     sprites.o (.data.RenderForegroundSprites.sidesDrawn)
                  20207358    00000001     Sounds.o (.data.SoundMode)
                  20207359    00000001     diskio.o (.data.Stat)
                  2020735a    00000001     Sync.o (.data.TIMG7_IRQHandler.packetIndex)
                  2020735b    00000001     Sync.o (.data.TIMG8_IRQHandler.packetIndex)
                  2020735c    00000001     libsysbm.a : add_device.c.obj (.data.add_device.device_init)
                  2020735d    00000001     sprites.o (.data.canSwapItems)
                  2020735e    00000001     Sounds.o (.data.enabled)
                  2020735f    00000001     main.o (.data.healthCode)
                  20207360    00000001     Sync.o (.data.hitDir)
                  20207361    00000001     main.o (.data.isOnTarget)
                  20207362    00000001     main.o (.data.isVulnerable)
                  20207363    00000001     Sync.o (.data.itemsStatus)
                  20207364    00000001     menus.o (.data.language)
                  20207365    00000001     Input.o (.data.lastInput)
                  20207366    00000001     Input.o (.data.rifleCanShoot)
                  20207367    00000001     menus.o (.data.selection)
                  20207368    00000001     libc.a : memory.c.obj (.data.memory_is_initialized)
                  20207369    00000001     menus.o (.data.startGameSelected)
                  2020736a    00000001     menus.o (.data.triggerMode)
                  2020736b    00000001     menus.o (.data.triggerPressed)
                  2020736c    00000001     libsysbm.a : open.c.obj (.data.open.stream_init)
                  2020736d    00000001     menus.o (.data.y)

.sysmem    0    20207370    00000200     UNINITIALIZED
                  20207370    00000010     libc.a : memory.c.obj (.sysmem)
                  20207380    000001f0     --HOLE--

.stack     0    20207e00    00000200     UNINITIALIZED
                  20207e00    00000004     libc.a : boot_cortex_m.c.obj (.stack)
                  20207e04    000001fc     --HOLE--

__llvm_prf_cnts 
*          0    20200000    00000000     UNINITIALIZED

__llvm_prf_bits 
*          0    20200000    00000000     UNINITIALIZED

MODULE SUMMARY

       Module                         code    ro data   rw data
       ------                         ----    -------   -------
    .\
       main.o                         850     29861     1520   
       Graphics.o                     3368    24646     3614   
       Sounds.o                       192     24703     50     
       Buffer.o                       1556    1275      20608  
       ff.o                           8902    15        6      
       ST7735_SDC.o                   4906    1486      36     
       menus.o                        1614    3518      500    
       diskio.o                       3300    0         14     
       SoundSD.o                      614     1         2160   
       sprites.o                      2642    0         2      
       Sync.o                         2316    0         12     
       Input.o                        2300    0         5      
       Timer.o                        1156    0         0      
       Inventory.o                    760     0         0      
       ADC.o                          704     0         0      
       Clock.o                        516     0         4      
       UART2.o                        366     0         4      
       SPI.o                          312     0         0      
       FIFO.o                         196     0         72     
       LaunchPad.o                    196     0         0      
       DAC.o                          188     0         0      
       UART1.o                        148     0         0      
       Async_Delay.o                  128     0         12     
       Joy.o                          80      0         0      
    +--+------------------------------+-------+---------+---------+
       Total:                         37310   85505     28619  
                                                               
    .\ticlang\
       startup_mspm0g3507_ticlang.o   60      192       0      
    +--+------------------------------+-------+---------+---------+
       Total:                         60      192       0      
                                                               
    C:\ti\ccs2000\ccs\tools\compiler\ti-cgt-armllvm_4.0.1.LTS\lib\armv6m-ti-none-eabi/c/libc.a
       memory.c.obj                   702     0         5      
       _printfi.c.obj                 658     17        0      
       fopen.c.obj                    556     0         0      
       defs.c.obj                     0       0         404    
       s_floor.c.obj                  324     0         0      
       qsort.c.obj                    308     0         0      
       setvbuf.c.obj                  224     0         0      
       getdevice.c.obj                160     0         0      
       strcmp-armv6m.S.obj            136     0         0      
       copy_decompress_lzss.c.obj     124     0         0      
       fclose.c.obj                   124     0         0      
       rand.c.obj                     92      0         4      
       sprintf.c.obj                  90      0         0      
       fflush.c.obj                   82      0         0      
       exit.c.obj                     56      0         8      
       autoinit.c.obj                 60      0         0      
       boot_cortex_m.c.obj            40      0         0      
       memccpy.c.obj                  34      0         0      
       copy_decompress_none.c.obj     18      0         0      
       memcpy16.S.obj                 18      0         0      
       copy_zero_init.c.obj           16      0         0      
       memset16.S.obj                 14      0         0      
       _lock.c.obj                    2       0         8      
       pre_init.c.obj                 4       0         0      
    +--+------------------------------+-------+---------+---------+
       Total:                         3842    17        429    
                                                               
    C:\ti\ccs2000\ccs\tools\compiler\ti-cgt-armllvm_4.0.1.LTS\lib\armv6m-ti-none-eabi/c/libsysbm.a
       trgmsg.c.obj                   104     0         288    
       add_device.c.obj               236     0         1      
       host_device.c.obj              0       0         200    
       open.c.obj                     160     0         1      
       hostrename.c.obj               136     0         0      
       hostlseek.c.obj                108     0         0      
       hostopen.c.obj                 96      0         8      
       hostread.c.obj                 88      0         0      
       hostwrite.c.obj                88      0         0      
       close.c.obj                    80      0         0      
       hostclose.c.obj                72      0         0      
       hostunlink.c.obj               72      0         0      
       unlink.c.obj                   44      0         0      
       write.c.obj                    40      0         0      
       remove.c.obj                   8       0         0      
    +--+------------------------------+-------+---------+---------+
       Total:                         1332    0         498    
                                                               
    C:\ti\ccs2000\ccs\tools\compiler\ti-cgt-armllvm_4.0.1.LTS\lib\armv6m-ti-none-eabi/libclang_rt.builtins.a
       adddf3.S.obj                   402     0         0      
       divdf3.S.obj                   268     0         0      
       muldf3.S.obj                   228     0         0      
       comparedf2.c.obj               220     0         0      
       aeabi_dcmp.S.obj               98      0         0      
       aeabi_idivmod.S.obj            86      0         0      
       fixdfsi.S.obj                  74      0         0      
       aeabi_uidivmod.S.obj           64      0         0      
       muldsi3.S.obj                  58      0         0      
       floatsidf.S.obj                44      0         0      
       floatunsidf.S.obj              36      0         0      
       aeabi_memset.S.obj             26      0         0      
       aeabi_memcpy.S.obj             8       0         0      
       aeabi_div0.c.obj               2       0         0      
    +--+------------------------------+-------+---------+---------+
       Total:                         1614    0         0      
                                                               
       Heap:                          0       0         512    
       Stack:                         0       0         512    
       Linker Generated:              0       966       0      
    +--+------------------------------+-------+---------+---------+
       Grand Total:                   44158   86680     30570  


LINKER GENERATED COPY TABLES

__TI_cinit_table @ 0001ff38 records: 2, size/record: 8, table size: 16
	.data: load addr=0001fb80, load size=000003a2 bytes, run addr=20206960, run size=00000a0e bytes, compression=lzss
	.bss: load addr=0001ff30, load size=00000008 bytes, run addr=20200000, run size=0000695c bytes, compression=zero_init


LINKER GENERATED HANDLER TABLE

__TI_handler_table @ 0001ff24 records: 3, size/record: 4, table size: 12
	index: 0, handler: __TI_decompress_lzss
	index: 1, handler: __TI_decompress_none
	index: 2, handler: __TI_zero_init


GLOBAL SYMBOLS: SORTED ALPHABETICALLY BY Name 

address   name                          
-------   ----                          
0001f821  ADC0_IRQHandler               
0001eab5  ADC0_In                       
0001ad01  ADC0_Init                     
0001f821  ADC1_IRQHandler               
0001e059  ADC_InDual                    
0001a00d  ADC_InitDual                  
0001f821  AES_IRQHandler                
0001eead  ActivatePortA_B               
000137b6  Ammosprite                    
20207184  BusFreq                       
0001fb78  C$$EXIT                       
0001f195  C$$IO$$                       
0001f821  CANFD0_IRQHandler             
0001f671  CS_Init                       
00016225  CastRays                      
0001fa31  Clock_Delay                   
0001f031  Clock_Delay1ms                
0001fafd  Clock_Freq                    
00018869  Clock_Init80MHz               
0001f821  DAC0_IRQHandler               
0001c261  DAC_Init                      
0001f9ad  DAC_Out                       
0001f821  DMA_IRQHandler                
00019631  DeathScreen                   
0001f821  Default_Handler               
0001fa41  Delay                         
00002480  DrM0Back                      
00004480  DrM0Front                     
00018d6d  DrawCrosshair                 
0001d901  DrawHealthBar                 
0001b71d  DrawHitIndicator              
0001d721  DrawMinimap                   
00010140  ExplosionImage                
0001ce51  FillMap                       
0001f821  GROUP0_IRQHandler             
0001f821  GROUP1_IRQHandler             
0001b8d5  GameLoop                      
0001dad1  Graphics_Init                 
0001e82d  HOSTclose                     
0001dd6d  HOSTlseek                     
0001e1e5  HOSTopen                      
0001e35d  HOSTread                      
0001ddd9  HOSTrename                    
0001e875  HOSTunlink                    
0001e3b5  HOSTwrite                     
0001f83d  HardFault_Handler             
0001f821  I2C0_IRQHandler               
0001f821  I2C1_IRQHandler               
20206955  InitStatus                    
0001eaf9  Input_Init                    
0001b0d1  Inventory_add                 
0001f9e9  Inventory_currentItem         
0001f695  Inventory_next                
0001d975  Inventory_removeCurrent       
0001b55d  Inventory_replace             
0001f9fb  Item_isSpent                  
0001f747  Item_isWeapon                 
0001f859  Joy_In                        
0001fa51  Joy_InButton                  
0001f6b9  Joy_Init                      
2020691c  Joy_x                         
20206920  Joy_y                         
20206924  LCDresetFlag                  
0001d4b5  LaunchPad_Init                
20206928  Length                        
2020692c  LostData                      
00013336  Map2                          
000139b6  Medkitsprite                  
00016749  Menus_Run                     
202068cc  Message                       
20206930  Messageindex                  
20206956  MountFresult                  
00014ee1  MovePlayer                    
0001f821  NMI_Handler                   
00013576  OGMap                         
0001f821  PendSV_Handler                
00010940  PistolImage                   
00013bb6  Pistolsprite                  
0001d1a9  PrecalculateFloorGradient     
0001f821  RTC_IRQHandler                
00011140  RailgunImage                  
00013db6  Railgunsprite                 
0001b7f9  RandomizeSprites              
0001fa61  ReadKeys                      
0001ed45  RenderBuffer                  
0001adf5  RenderForegroundSprites       
0001d799  RenderHUD                     
0001c309  RenderInventory               
0001eb3d  RenderScene                   
0001aee9  RenderSky                     
00015659  RenderSprite                  
00019095  RenderSprites                 
0001fb71  Reset_Handler                 
00011940  RifleImage                    
00013fb6  Riflesprite                   
0001e6fd  RxFifo_Get                    
0001f9c1  RxFifo_Init                   
0001e749  RxFifo_Put                    
0001f891  RxFifo_Size                   
20206934  RxGetI                        
20206938  RxPutI                        
00006480  SCBarkley                     
0001f821  SPI0_IRQHandler               
0001f821  SPI1_IRQHandler               
00019a05  SPI1_Init                     
0001ac09  SPI_Init                      
0001ebc5  SPI_Reset                     
0001e40d  ST7735_ClearScreenBlack       
0001f2d5  ST7735_Color565               
000180cd  ST7735_DrawBitmap             
0001a6c1  ST7735_DrawBitmapFromSDC      
00018bcd  ST7735_DrawCharS              
0001db41  ST7735_DrawPixel              
0001d22d  ST7735_DrawString             
000182dd  ST7735_DrawTextBoxS           
00017eb9  ST7735_DrawTextBoxS_IF        
0001a491  ST7735_FillRect               
0001f451  ST7735_FillScreen             
0001cac9  ST7735_InitPrintf             
0001cb65  ST7735_InitR                  
0001b9a5  ST7735_OutChar                
0001d2b1  ST7735_OutUDec                
0001f065  ST7735_SetCursor              
0001afdd  ST7735_SetRotation            
0001f9d5  ST7735_SetTextColor           
0001fb39  ST7735_close                  
0001fa8f  ST7735_lseek                  
0001f969  ST7735_open                   
0001f97f  ST7735_read                   
0001fb09  ST7735_rename                 
0001fb43  ST7735_unlink                 
0001f099  ST7735_write                  
0001f821  SVC_Handler                   
00012140  ShotgunImage                  
000141b6  Shotgunsprite                 
2020715c  SoundEffects                  
0001f8a9  SoundEffects_disable          
0001f8c1  SoundEffects_enable           
20207358  SoundMode                     
2020693c  SoundPt                       
0001e8bd  SoundSD_Init                  
0001f8d9  SoundSD_Mount                 
0001dbb1  SoundSD_Play                  
0001cc95  SoundSD_Service               
0001f789  SoundSD_Stop                  
0001f7a9  SoundSD_Stream                
0001e905  Sound_Init                    
0001e94d  Sound_Start                   
20206960  Sprites                       
2020734c  StTextColor                   
20207310  StX                           
20207314  StY                           
0001fb15  Sync_Init                     
0001cd29  SysTick_Handler               
0001f0cd  SystemInit                    
0001dc21  TFT_OutCommand                
0001de45  TFT_OutData                   
0001ec05  TIMA0_IRQHandler              
0001e995  TIMA1_IRQHandler              
0001e9dd  TIMG0_IRQHandler              
0001bb45  TIMG12_IRQHandler             
0001f8f1  TIMG6_IRQHandler              
0001d9e9  TIMG7_IRQHandler              
0001e2a5  TIMG8_IRQHandler              
0001fa0d  TI_memcpy_small               
0001fad5  TI_memset_small               
0001c3b1  TimerA0_IntArm                
0001c05d  TimerA1_IntArm                
0001c7a1  TimerG0_IntArm                
0001cdbd  TimerG12_IntArm               
0001c459  TimerG6_IntArm                
0001c501  TimerG7_IntArm                
0001c5a9  TimerG8_IntArm                
0001f821  UART0_IRQHandler              
0001f821  UART1_IRQHandler              
0001d531  UART1_Init                    
0001f909  UART1_OutChar                 
0001deb1  UART2_IRQHandler              
0001f559  UART2_InChar                  
0001fb57  UART2_InChar0                 
0001ba75  UART2_Init                    
0001f821  UART3_IRQHandler              
20205000  ZBuffer                       
2020664c  _CIOBUF_                      
2020664c  __CIOBUF_                     
20208000  __STACK_END                   
00000200  __STACK_SIZE                  
00000200  __SYSMEM_SIZE                 
00000000  __TI_ATRegion0_region_sz      
00000000  __TI_ATRegion0_src_addr       
00000000  __TI_ATRegion0_trg_addr       
00000000  __TI_ATRegion1_region_sz      
00000000  __TI_ATRegion1_src_addr       
00000000  __TI_ATRegion1_trg_addr       
00000000  __TI_ATRegion2_region_sz      
00000000  __TI_ATRegion2_src_addr       
00000000  __TI_ATRegion2_trg_addr       
0001ff38  __TI_CINIT_Base               
0001ff48  __TI_CINIT_Limit              
0001ff48  __TI_CINIT_Warm               
0001ff24  __TI_Handler_Table_Base       
0001ff30  __TI_Handler_Table_Limit      
0001ee35  __TI_auto_init_nobinit_nopinit
0001f101  __TI_cleanup                  
202072d4  __TI_cleanup_ptr              
0001d5ad  __TI_closefile                
0001d6a5  __TI_decompress_lzss          
0001fa1f  __TI_decompress_none          
0001e5b9  __TI_doflush                  
202072d8  __TI_dtors_ptr                
20207318  __TI_ft_end                   
ffffffff  __TI_pprof_out_hndl           
00017585  __TI_printfi_minimal          
ffffffff  __TI_prof_data_size           
ffffffff  __TI_prof_data_start          
0001f135  __TI_readmsg                  
00000000  __TI_static_base__            
2020676c  __TI_tmpnams                  
0001f169  __TI_writemsg                 
0001fa71  __TI_zero_init                
00018f0b  __adddf3                      
0001e7e1  __aeabi_d2iz                  
00018f0b  __aeabi_dadd                  
0001e121  __aeabi_dcmpeq                
0001e15d  __aeabi_dcmpge                
0001e171  __aeabi_dcmpgt                
0001e149  __aeabi_dcmple                
0001e135  __aeabi_dcmplt                
0001a9fd  __aeabi_ddiv                  
0001b395  __aeabi_dmul                  
00018f01  __aeabi_dsub                  
0001f47d  __aeabi_i2d                   
0001e465  __aeabi_idiv                  
00019093  __aeabi_idiv0                 
0001e465  __aeabi_idivmod               
0001fb21  __aeabi_memclr                
0001fb21  __aeabi_memclr4               
0001fb21  __aeabi_memclr8               
0001fb61  __aeabi_memcpy                
0001fb61  __aeabi_memcpy4               
0001fb61  __aeabi_memcpy8               
0001fa9d  __aeabi_memset                
0001fa9d  __aeabi_memset4               
0001fa9d  __aeabi_memset8               
0001f6dd  __aeabi_ui2d                  
0001ec45  __aeabi_uidiv                 
0001ec45  __aeabi_uidivmod              
ffffffff  __binit__                     
0001df89  __cmpdf2                      
0001a9fd  __divdf3                      
0001df89  __eqdf2                       
0001e7e1  __fixdfsi                     
0001f47d  __floatsidf                   
0001f6dd  __floatunsidf                 
0001da5d  __gedf2                       
0001da5d  __gtdf2                       
0001df89  __ledf2                       
0001df89  __ltdf2                       
UNDEFED   __mpu_init                    
0001b395  __muldf3                      
0001ee71  __muldsi3                     
0001df89  __nedf2                       
20207e00  __stack                       
20200000  __start___llvm_prf_bits       
20200000  __start___llvm_prf_cnts       
20200000  __stop___llvm_prf_bits        
20200000  __stop___llvm_prf_cnts        
00018f01  __subdf3                      
0001f5fd  _c_int00_noargs               
20206ca8  _device                       
20206bb8  _ftable                       
2020731c  _lock                         
0001a00b  _nop                          
20206ff8  _stream                       
20207370  _sys_memory                   
UNDEFED   _system_post_cinit            
0001fb75  _system_pre_init              
20207320  _unlock                       
0001fb79  abort                         
0001b1c1  add_device                    
0001a7d5  aligned_alloc                 
202072b0  ammoText                      
00014c44  backText                      
20206d20  bigammo                       
ffffffff  binit                         
0001c989  blitBufferToRenderBuffer      
2020735d  canSwapItems                  
00008480  circuitBoardTex               
0001f995  clearDialogueLine             
0001d001  clearRenderBuffer             
0001e60d  close                         
0001efc5  clust2sect                    
0001e4bb  compareSprites                
202071d4  deathScreenTextEnglish        
202071f0  deathScreenTextGleeb          
2020720c  deathScreenTextSpanish        
202072bc  deathScreenTexts              
0001a375  dialogueScreen                
202072e0  dirX                          
202072e8  dirY                          
0001c1b5  diskError                     
00017a79  disk_initialize               
00016d91  disk_ioctl                    
0001b479  disk_read                     
0001f309  disk_status                   
0001dc91  disk_timerproc                
0001a5a9  disk_write                    
0001ab09  drawCharToBuffer              
00017ca1  drawForegroundSpriteToBuffer  
2020735e  enabled                       
00014c50  englishText                   
0001f19d  exit                          
0001ed05  f_close                       
00017049  f_lseek                       
0001cbfd  f_mount                       
00017809  f_open                        
000172ed  f_read                        
0001a8e9  f_sync                        
0001f339  fastCos                       
0001ed81  fastSin                       
0001e511  fillmessage                   
0001f1d1  finddevice                    
20206940  flag_done                     
0001977d  floor                         
2020680c  floorGradient                 
0001977d  floorl                        
0001f369  fopen                         
0001b2ad  free                          
0001f205  freopen                       
0001f3c9  friendlyDelay                 
20207048  geebleGeneralDialogueEnglish  
20207094  geebleGeneralDialogueGleeb    
202070e0  geebleGeneralDialogueSpanish  
202072c8  geebleGeneralDialogues        
0001c651  generateSprite                
00018a1d  getDirectionPacket            
00019b45  getInfoPacket                 
0001bccd  getPositionPacket             
0001d629  getRandomMapPos               
00019385  get_fat                       
0001df1d  getdevice                     
00014c5c  gleebText                     
20207188  gunFlash                      
0001ea25  handshake                     
2020735f  healthCode                    
20207360  hitDir                        
20207354  hitTimer                      
2020732c  idx                           
0001e795  inInventory                   
0001f625  initRandom                    
00000000  interruptVectors              
2020725c  inventory                     
20207361  isOnTarget                    
20206957  isPlaying                     
20206958  isShooting                    
20206959  isSwapping                    
20207362  isVulnerable                  
20207228  items                         
20207363  itemsStatus                   
20207330  kills                         
20207364  language                      
00014c68  languageMenuTitle             
00014c74  languageText                  
20207365  lastInput                     
0001f951  main                          
00014c80  mainTitleText                 
0001fb2d  malloc                        
00014c8c  map2Text                      
0000a480  matrix2                       
20206d88  medkit                        
00014c98  medkitName                    
0001a7d5  memalign                      
0001f725  memccpy                       
20205500  miniMap                       
20206944  ms_done                       
20206948  ms_passed                     
2020695a  needSync                      
20207338  numsprites                    
00014ca4  ogMapText                     
0001ca29  open                          
202068e0  otherDirX                     
202068e8  otherDirY                     
2020733c  otherHealth                   
20207340  otherKills                    
20207344  otherPlayer                   
202068f0  otherPosX                     
202068f8  otherPosY                     
0000f7f0  outofammoSound                
202068d8  parmbuf                       
20206df0  pistol                        
00014cb0  pistolName                    
0000e2f8  pistolSound                   
202072f0  planeX                        
202072f8  planeY                        
20207348  playerHealth                  
20207300  posX                          
20207308  posY                          
0001d335  printAmmo                     
0001f26d  printItem                     
0001cee1  printLeaderboard              
0001bef9  printToBuffer                 
0001eee5  processHit                    
000184cd  put_fat                       
00019db1  qsort                         
20206e58  railgun                       
00014cbc  railgunName                   
0001ef1d  rand                          
000000c0  reloadSound                   
2020695b  reloaded                      
0001fb69  remove                        
20200000  renderBuffer                  
0001bc09  respawnPlayer                 
20206ec0  rifle                         
20207366  rifleCanShoot                 
00014cc8  rifleName                     
00014cd4  selectMapText                 
20207367  selection                     
0001d3b5  sendDirectionPacket           
0001edf9  sendInfoPacket                
0001f399  sendMenuState                 
0001d435  sendPositionPacket            
0001e301  setPixelBuffer                
0001b63d  setvbuf                       
20206f28  shotgun                       
00014ce0  shotgunName                   
0000c480  shotgunSound                  
20206f90  smallammo                     
00014cec  spanishText                   
0001ef55  sprintf                       
0001f701  srand                         
00014cf8  startGameText                 
0001ef8d  start_delay                   
0001d121  strcmp                        
202072a0  textures                      
2020736a  triggerMode                   
2020736b  triggerPressed                
0001f2a1  typeDialogueLine              
0001f52d  unlink                        
0000ee96  weaploadSound                 
20205980  worldMap                      
0001f5d5  write                         


GLOBAL SYMBOLS: SORTED BY Symbol Address 

address   name                          
-------   ----                          
00000000  __TI_ATRegion0_region_sz      
00000000  __TI_ATRegion0_src_addr       
00000000  __TI_ATRegion0_trg_addr       
00000000  __TI_ATRegion1_region_sz      
00000000  __TI_ATRegion1_src_addr       
00000000  __TI_ATRegion1_trg_addr       
00000000  __TI_ATRegion2_region_sz      
00000000  __TI_ATRegion2_src_addr       
00000000  __TI_ATRegion2_trg_addr       
00000000  __TI_static_base__            
00000000  interruptVectors              
000000c0  reloadSound                   
00000200  __STACK_SIZE                  
00000200  __SYSMEM_SIZE                 
00002480  DrM0Back                      
00004480  DrM0Front                     
00006480  SCBarkley                     
00008480  circuitBoardTex               
0000a480  matrix2                       
0000c480  shotgunSound                  
0000e2f8  pistolSound                   
0000ee96  weaploadSound                 
0000f7f0  outofammoSound                
00010140  ExplosionImage                
00010940  PistolImage                   
00011140  RailgunImage                  
00011940  RifleImage                    
00012140  ShotgunImage                  
00013336  Map2                          
00013576  OGMap                         
000137b6  Ammosprite                    
000139b6  Medkitsprite                  
00013bb6  Pistolsprite                  
00013db6  Railgunsprite                 
00013fb6  Riflesprite                   
000141b6  Shotgunsprite                 
00014c44  backText                      
00014c50  englishText                   
00014c5c  gleebText                     
00014c68  languageMenuTitle             
00014c74  languageText                  
00014c80  mainTitleText                 
00014c8c  map2Text                      
00014c98  medkitName                    
00014ca4  ogMapText                     
00014cb0  pistolName                    
00014cbc  railgunName                   
00014cc8  rifleName                     
00014cd4  selectMapText                 
00014ce0  shotgunName                   
00014cec  spanishText                   
00014cf8  startGameText                 
00014ee1  MovePlayer                    
00015659  RenderSprite                  
00016225  CastRays                      
00016749  Menus_Run                     
00016d91  disk_ioctl                    
00017049  f_lseek                       
000172ed  f_read                        
00017585  __TI_printfi_minimal          
00017809  f_open                        
00017a79  disk_initialize               
00017ca1  drawForegroundSpriteToBuffer  
00017eb9  ST7735_DrawTextBoxS_IF        
000180cd  ST7735_DrawBitmap             
000182dd  ST7735_DrawTextBoxS           
000184cd  put_fat                       
00018869  Clock_Init80MHz               
00018a1d  getDirectionPacket            
00018bcd  ST7735_DrawCharS              
00018d6d  DrawCrosshair                 
00018f01  __aeabi_dsub                  
00018f01  __subdf3                      
00018f0b  __adddf3                      
00018f0b  __aeabi_dadd                  
00019093  __aeabi_idiv0                 
00019095  RenderSprites                 
00019385  get_fat                       
00019631  DeathScreen                   
0001977d  floor                         
0001977d  floorl                        
00019a05  SPI1_Init                     
00019b45  getInfoPacket                 
00019db1  qsort                         
0001a00b  _nop                          
0001a00d  ADC_InitDual                  
0001a375  dialogueScreen                
0001a491  ST7735_FillRect               
0001a5a9  disk_write                    
0001a6c1  ST7735_DrawBitmapFromSDC      
0001a7d5  aligned_alloc                 
0001a7d5  memalign                      
0001a8e9  f_sync                        
0001a9fd  __aeabi_ddiv                  
0001a9fd  __divdf3                      
0001ab09  drawCharToBuffer              
0001ac09  SPI_Init                      
0001ad01  ADC0_Init                     
0001adf5  RenderForegroundSprites       
0001aee9  RenderSky                     
0001afdd  ST7735_SetRotation            
0001b0d1  Inventory_add                 
0001b1c1  add_device                    
0001b2ad  free                          
0001b395  __aeabi_dmul                  
0001b395  __muldf3                      
0001b479  disk_read                     
0001b55d  Inventory_replace             
0001b63d  setvbuf                       
0001b71d  DrawHitIndicator              
0001b7f9  RandomizeSprites              
0001b8d5  GameLoop                      
0001b9a5  ST7735_OutChar                
0001ba75  UART2_Init                    
0001bb45  TIMG12_IRQHandler             
0001bc09  respawnPlayer                 
0001bccd  getPositionPacket             
0001bef9  printToBuffer                 
0001c05d  TimerA1_IntArm                
0001c1b5  diskError                     
0001c261  DAC_Init                      
0001c309  RenderInventory               
0001c3b1  TimerA0_IntArm                
0001c459  TimerG6_IntArm                
0001c501  TimerG7_IntArm                
0001c5a9  TimerG8_IntArm                
0001c651  generateSprite                
0001c7a1  TimerG0_IntArm                
0001c989  blitBufferToRenderBuffer      
0001ca29  open                          
0001cac9  ST7735_InitPrintf             
0001cb65  ST7735_InitR                  
0001cbfd  f_mount                       
0001cc95  SoundSD_Service               
0001cd29  SysTick_Handler               
0001cdbd  TimerG12_IntArm               
0001ce51  FillMap                       
0001cee1  printLeaderboard              
0001d001  clearRenderBuffer             
0001d121  strcmp                        
0001d1a9  PrecalculateFloorGradient     
0001d22d  ST7735_DrawString             
0001d2b1  ST7735_OutUDec                
0001d335  printAmmo                     
0001d3b5  sendDirectionPacket           
0001d435  sendPositionPacket            
0001d4b5  LaunchPad_Init                
0001d531  UART1_Init                    
0001d5ad  __TI_closefile                
0001d629  getRandomMapPos               
0001d6a5  __TI_decompress_lzss          
0001d721  DrawMinimap                   
0001d799  RenderHUD                     
0001d901  DrawHealthBar                 
0001d975  Inventory_removeCurrent       
0001d9e9  TIMG7_IRQHandler              
0001da5d  __gedf2                       
0001da5d  __gtdf2                       
0001dad1  Graphics_Init                 
0001db41  ST7735_DrawPixel              
0001dbb1  SoundSD_Play                  
0001dc21  TFT_OutCommand                
0001dc91  disk_timerproc                
0001dd6d  HOSTlseek                     
0001ddd9  HOSTrename                    
0001de45  TFT_OutData                   
0001deb1  UART2_IRQHandler              
0001df1d  getdevice                     
0001df89  __cmpdf2                      
0001df89  __eqdf2                       
0001df89  __ledf2                       
0001df89  __ltdf2                       
0001df89  __nedf2                       
0001e059  ADC_InDual                    
0001e121  __aeabi_dcmpeq                
0001e135  __aeabi_dcmplt                
0001e149  __aeabi_dcmple                
0001e15d  __aeabi_dcmpge                
0001e171  __aeabi_dcmpgt                
0001e1e5  HOSTopen                      
0001e2a5  TIMG8_IRQHandler              
0001e301  setPixelBuffer                
0001e35d  HOSTread                      
0001e3b5  HOSTwrite                     
0001e40d  ST7735_ClearScreenBlack       
0001e465  __aeabi_idiv                  
0001e465  __aeabi_idivmod               
0001e4bb  compareSprites                
0001e511  fillmessage                   
0001e5b9  __TI_doflush                  
0001e60d  close                         
0001e6fd  RxFifo_Get                    
0001e749  RxFifo_Put                    
0001e795  inInventory                   
0001e7e1  __aeabi_d2iz                  
0001e7e1  __fixdfsi                     
0001e82d  HOSTclose                     
0001e875  HOSTunlink                    
0001e8bd  SoundSD_Init                  
0001e905  Sound_Init                    
0001e94d  Sound_Start                   
0001e995  TIMA1_IRQHandler              
0001e9dd  TIMG0_IRQHandler              
0001ea25  handshake                     
0001eab5  ADC0_In                       
0001eaf9  Input_Init                    
0001eb3d  RenderScene                   
0001ebc5  SPI_Reset                     
0001ec05  TIMA0_IRQHandler              
0001ec45  __aeabi_uidiv                 
0001ec45  __aeabi_uidivmod              
0001ed05  f_close                       
0001ed45  RenderBuffer                  
0001ed81  fastSin                       
0001edf9  sendInfoPacket                
0001ee35  __TI_auto_init_nobinit_nopinit
0001ee71  __muldsi3                     
0001eead  ActivatePortA_B               
0001eee5  processHit                    
0001ef1d  rand                          
0001ef55  sprintf                       
0001ef8d  start_delay                   
0001efc5  clust2sect                    
0001f031  Clock_Delay1ms                
0001f065  ST7735_SetCursor              
0001f099  ST7735_write                  
0001f0cd  SystemInit                    
0001f101  __TI_cleanup                  
0001f135  __TI_readmsg                  
0001f169  __TI_writemsg                 
0001f195  C$$IO$$                       
0001f19d  exit                          
0001f1d1  finddevice                    
0001f205  freopen                       
0001f26d  printItem                     
0001f2a1  typeDialogueLine              
0001f2d5  ST7735_Color565               
0001f309  disk_status                   
0001f339  fastCos                       
0001f369  fopen                         
0001f399  sendMenuState                 
0001f3c9  friendlyDelay                 
0001f451  ST7735_FillScreen             
0001f47d  __aeabi_i2d                   
0001f47d  __floatsidf                   
0001f52d  unlink                        
0001f559  UART2_InChar                  
0001f5d5  write                         
0001f5fd  _c_int00_noargs               
0001f625  initRandom                    
0001f671  CS_Init                       
0001f695  Inventory_next                
0001f6b9  Joy_Init                      
0001f6dd  __aeabi_ui2d                  
0001f6dd  __floatunsidf                 
0001f701  srand                         
0001f725  memccpy                       
0001f747  Item_isWeapon                 
0001f789  SoundSD_Stop                  
0001f7a9  SoundSD_Stream                
0001f821  ADC0_IRQHandler               
0001f821  ADC1_IRQHandler               
0001f821  AES_IRQHandler                
0001f821  CANFD0_IRQHandler             
0001f821  DAC0_IRQHandler               
0001f821  DMA_IRQHandler                
0001f821  Default_Handler               
0001f821  GROUP0_IRQHandler             
0001f821  GROUP1_IRQHandler             
0001f821  I2C0_IRQHandler               
0001f821  I2C1_IRQHandler               
0001f821  NMI_Handler                   
0001f821  PendSV_Handler                
0001f821  RTC_IRQHandler                
0001f821  SPI0_IRQHandler               
0001f821  SPI1_IRQHandler               
0001f821  SVC_Handler                   
0001f821  UART0_IRQHandler              
0001f821  UART1_IRQHandler              
0001f821  UART3_IRQHandler              
0001f83d  HardFault_Handler             
0001f859  Joy_In                        
0001f891  RxFifo_Size                   
0001f8a9  SoundEffects_disable          
0001f8c1  SoundEffects_enable           
0001f8d9  SoundSD_Mount                 
0001f8f1  TIMG6_IRQHandler              
0001f909  UART1_OutChar                 
0001f951  main                          
0001f969  ST7735_open                   
0001f97f  ST7735_read                   
0001f995  clearDialogueLine             
0001f9ad  DAC_Out                       
0001f9c1  RxFifo_Init                   
0001f9d5  ST7735_SetTextColor           
0001f9e9  Inventory_currentItem         
0001f9fb  Item_isSpent                  
0001fa0d  TI_memcpy_small               
0001fa1f  __TI_decompress_none          
0001fa31  Clock_Delay                   
0001fa41  Delay                         
0001fa51  Joy_InButton                  
0001fa61  ReadKeys                      
0001fa71  __TI_zero_init                
0001fa8f  ST7735_lseek                  
0001fa9d  __aeabi_memset                
0001fa9d  __aeabi_memset4               
0001fa9d  __aeabi_memset8               
0001fad5  TI_memset_small               
0001fafd  Clock_Freq                    
0001fb09  ST7735_rename                 
0001fb15  Sync_Init                     
0001fb21  __aeabi_memclr                
0001fb21  __aeabi_memclr4               
0001fb21  __aeabi_memclr8               
0001fb2d  malloc                        
0001fb39  ST7735_close                  
0001fb43  ST7735_unlink                 
0001fb57  UART2_InChar0                 
0001fb61  __aeabi_memcpy                
0001fb61  __aeabi_memcpy4               
0001fb61  __aeabi_memcpy8               
0001fb69  remove                        
0001fb71  Reset_Handler                 
0001fb75  _system_pre_init              
0001fb78  C$$EXIT                       
0001fb79  abort                         
0001ff24  __TI_Handler_Table_Base       
0001ff30  __TI_Handler_Table_Limit      
0001ff38  __TI_CINIT_Base               
0001ff48  __TI_CINIT_Limit              
0001ff48  __TI_CINIT_Warm               
20200000  __start___llvm_prf_bits       
20200000  __start___llvm_prf_cnts       
20200000  __stop___llvm_prf_bits        
20200000  __stop___llvm_prf_cnts        
20200000  renderBuffer                  
20205000  ZBuffer                       
20205500  miniMap                       
20205980  worldMap                      
2020664c  _CIOBUF_                      
2020664c  __CIOBUF_                     
2020676c  __TI_tmpnams                  
2020680c  floorGradient                 
202068cc  Message                       
202068d8  parmbuf                       
202068e0  otherDirX                     
202068e8  otherDirY                     
202068f0  otherPosX                     
202068f8  otherPosY                     
2020691c  Joy_x                         
20206920  Joy_y                         
20206924  LCDresetFlag                  
20206928  Length                        
2020692c  LostData                      
20206930  Messageindex                  
20206934  RxGetI                        
20206938  RxPutI                        
2020693c  SoundPt                       
20206940  flag_done                     
20206944  ms_done                       
20206948  ms_passed                     
20206955  InitStatus                    
20206956  MountFresult                  
20206957  isPlaying                     
20206958  isShooting                    
20206959  isSwapping                    
2020695a  needSync                      
2020695b  reloaded                      
20206960  Sprites                       
20206bb8  _ftable                       
20206ca8  _device                       
20206d20  bigammo                       
20206d88  medkit                        
20206df0  pistol                        
20206e58  railgun                       
20206ec0  rifle                         
20206f28  shotgun                       
20206f90  smallammo                     
20206ff8  _stream                       
20207048  geebleGeneralDialogueEnglish  
20207094  geebleGeneralDialogueGleeb    
202070e0  geebleGeneralDialogueSpanish  
2020715c  SoundEffects                  
20207184  BusFreq                       
20207188  gunFlash                      
202071d4  deathScreenTextEnglish        
202071f0  deathScreenTextGleeb          
2020720c  deathScreenTextSpanish        
20207228  items                         
2020725c  inventory                     
202072a0  textures                      
202072b0  ammoText                      
202072bc  deathScreenTexts              
202072c8  geebleGeneralDialogues        
202072d4  __TI_cleanup_ptr              
202072d8  __TI_dtors_ptr                
202072e0  dirX                          
202072e8  dirY                          
202072f0  planeX                        
202072f8  planeY                        
20207300  posX                          
20207308  posY                          
20207310  StX                           
20207314  StY                           
20207318  __TI_ft_end                   
2020731c  _lock                         
20207320  _unlock                       
2020732c  idx                           
20207330  kills                         
20207338  numsprites                    
2020733c  otherHealth                   
20207340  otherKills                    
20207344  otherPlayer                   
20207348  playerHealth                  
2020734c  StTextColor                   
20207354  hitTimer                      
20207358  SoundMode                     
2020735d  canSwapItems                  
2020735e  enabled                       
2020735f  healthCode                    
20207360  hitDir                        
20207361  isOnTarget                    
20207362  isVulnerable                  
20207363  itemsStatus                   
20207364  language                      
20207365  lastInput                     
20207366  rifleCanShoot                 
20207367  selection                     
2020736a  triggerMode                   
2020736b  triggerPressed                
20207370  _sys_memory                   
20207e00  __stack                       
20208000  __STACK_END                   
ffffffff  __TI_pprof_out_hndl           
ffffffff  __TI_prof_data_size           
ffffffff  __TI_prof_data_start          
ffffffff  __binit__                     
ffffffff  binit                         
UNDEFED   __mpu_init                    
UNDEFED   _system_post_cinit            

[441 symbols]
