******************************************************************************
            TI ARM Clang Linker PC v4.0.1                      
******************************************************************************
>> Linked Thu Apr 24 01:21:40 2025

OUTPUT FILE NAME:   <TheM0+rix_Segfaulted.out>
ENTRY POINT SYMBOL: "_c_int00_noargs"  address: 0001f4e9


MEMORY CONFIGURATION

         name            origin    length      used     unused   attr    fill
----------------------  --------  ---------  --------  --------  ----  --------
  FLASH                 00000000   00020000  0001fdb0  00000250  R  X
  SRAM                  20200000   00008000  00007687  00000979  RW X
  BCR_CONFIG            41c00000   00000080  00000000  00000080  R   
  BSL_CONFIG            41c00100   00000080  00000000  00000080  R   


SEGMENT ALLOCATION MAP

run origin  load origin   length   init length attrs members
----------  ----------- ---------- ----------- ----- -------
00000000    00000000    00014ef8   00014ef8    r--
  00000000    00000000    000000c0   000000c0    r-- .intvecs
  000000c0    000000c0    00014e38   00014e38    r-- .rodata
00014f00    00014f00    0000aeb8   0000aeb8    r-x
  00014f00    00014f00    0000ab10   0000ab10    r-x .text
  0001fa10    0001fa10    000003a8   000003a8    r-- .cinit
20200000    20200000    00007490   00000000    rw-
  20200000    20200000    0000695a   00000000    rw- .bss
  20206960    20206960    0000092d   00000000    rw- .data
  20207290    20207290    00000200   00000000    rw- .sysmem
20207e00    20207e00    00000200   00000000    rw-
  20207e00    20207e00    00000200   00000000    rw- .stack


SECTION ALLOCATION MAP

 output                                  attributes/
section   page    origin      length       input sections
--------  ----  ----------  ----------   ----------------
.intvecs   0    00000000    000000c0     
                  00000000    000000c0     startup_mspm0g3507_ticlang.o (.intvecs)

.text      0    00014f00    0000ab10     
                  00014f00    00000778     Input.o (.text.MovePlayer)
                  00015678    000005fc     sprites.o (.text.RenderSprite)
                  00015c74    00000598     ff.o (.text.find_volume)
                  0001620c    00000524     Graphics.o (.text.CastRays)
                  00016730    00000318     ff.o (.text.create_name)
                  00016a48    000002b8     diskio.o (.text.disk_ioctl)
                  00016d00    000002ac     menus.o (.text.Menus_Run)
                  00016fac    000002a4     ff.o (.text.f_lseek)
                  00017250    00000298     ff.o (.text.f_read)
                  000174e8    00000284     libc.a : _printfi.c.obj (.text:__TI_printfi_minimal)
                  0001776c    00000270     ff.o (.text.f_open)
                  000179dc    00000238     Graphics.o (.text.DrawCrosshair)
                  00017c14    00000228     diskio.o (.text.disk_initialize)
                  00017e3c    00000218     Buffer.o (.text.drawForegroundSpriteToBuffer)
                  00018054    00000214     ST7735_SDC.o (.text.ST7735_DrawTextBoxS_IF)
                  00018268    00000210     ST7735_SDC.o (.text.ST7735_DrawBitmap)
                  00018478    000001f4     Graphics.o (.text.DrawHealthBar)
                  0001866c    000001f0     ST7735_SDC.o (.text.ST7735_DrawTextBoxS)
                  0001885c    000001d0     ff.o (.text.put_fat)
                  00018a2c    000001cc     ff.o (.text.dir_next)
                  00018bf8    000001b4     Clock.o (.text.Clock_Init80MHz)
                  00018dac    000001b0     Sync.o (.text.getDirectionPacket)
                  00018f5c    000001a0     ST7735_SDC.o (.text.ST7735_DrawCharS)
                  000190fc    00000192     libclang_rt.builtins.a : adddf3.S.obj (.text.adddf3_subdf3)
                  0001928e    00000002                            : aeabi_div0.c.obj (.text.__aeabi_idiv0)
                  00019290    00000184     sprites.o (.text.RenderSprites)
                  00019414    0000016c     ff.o (.text.create_chain)
                  00019580    00000158     ff.o (.text.get_fat)
                  000196d8    00000154     libc.a : fopen.c.obj (.text._openfile)
                  0001982c    00000144            : s_floor.c.obj (.text.floor)
                  00019970    00000144     ff.o (.text.sync_fs)
                  00019ab4    00000140     diskio.o (.text.SPI1_Init)
                  00019bf4    00000138     main.o (.text.DeathScreen)
                  00019d2c    00000134     Sync.o (.text.ComputeHitDirection)
                  00019e60    00000134     libc.a : qsort.c.obj (.text.qsort)
                  00019f94    00000128     Sync.o (.text.getInfoPacket)
                  0001a0bc    00000126     diskio.o (.text.send_cmd)
                  0001a1e2    00000002     libc.a : _lock.c.obj (.text._nop)
                  0001a1e4    00000124     ADC.o (.text.ADC_InitDual)
                  0001a308    00000124     ff.o (.text.dir_sdi)
                  0001a42c    00000120     ff.o (.text.follow_path)
                  0001a54c    00000118     ST7735_SDC.o (.text.ST7735_FillRect)
                  0001a664    00000118     diskio.o (.text.disk_write)
                  0001a77c    00000114     ST7735_SDC.o (.text.ST7735_DrawBitmapFromSDC)
                  0001a890    00000114     libc.a : memory.c.obj (.text.aligned_alloc)
                  0001a9a4    00000114     ff.o (.text.f_sync)
                  0001aab8    0000010c     libclang_rt.builtins.a : divdf3.S.obj (.text.__divdf3)
                  0001abc4    00000100     Buffer.o (.text.drawCharToBuffer)
                  0001acc4    000000f8     SPI.o (.text.SPI_Init)
                  0001adbc    000000f4     ADC.o (.text.ADC0_Init)
                  0001aeb0    000000f4     sprites.o (.text.RenderForegroundSprites)
                  0001afa4    000000f4     Graphics.o (.text.RenderSky)
                  0001b098    000000f4     ST7735_SDC.o (.text.ST7735_SetRotation)
                  0001b18c    000000f0     Inventory.o (.text.Inventory_add)
                  0001b27c    000000ec     libsysbm.a : add_device.c.obj (.text.add_device)
                  0001b368    000000e8     libc.a : memory.c.obj (.text.free)
                  0001b450    000000e4     libclang_rt.builtins.a : muldf3.S.obj (.text.__muldf3)
                  0001b534    000000e4     diskio.o (.text.disk_read)
                  0001b618    000000e0     Inventory.o (.text.Inventory_replace)
                  0001b6f8    000000e0     libc.a : setvbuf.c.obj (.text.setvbuf)
                  0001b7d8    000000dc     Graphics.o (.text.DrawHitIndicator)
                  0001b8b4    000000d0     ST7735_SDC.o (.text.ST7735_OutChar)
                  0001b984    000000d0     UART2.o (.text.UART2_Init)
                  0001ba54    000000cc     main.o (.text.GameLoop)
                  0001bb20    000000cc     Sync.o (.text.RandomizeSprites)
                  0001bbec    000000c8     menus.o (.text.dialogueScreen)
                  0001bcb4    000000c4     Input.o (.text.TIMG12_IRQHandler)
                  0001bd78    000000c0     Sync.o (.text.getPositionPacket)
                  0001be38    000000bc     main.o (.text.respawnPlayer)
                  0001bef4    000000b8     ff.o (.text.remove_chain)
                  0001bfac    000000b4     Buffer.o (.text.printToBuffer)
                  0001c060    000000ae     ff.o (.text.get_ldnumber)
                  0001c10e    00000002     --HOLE-- [fill = 0]
                  0001c110    000000ac     ff.o (.text.check_fs)
                  0001c1bc    000000ac     ST7735_SDC.o (.text.diskError)
                  0001c268    000000a8     DAC.o (.text.DAC_Init)
                  0001c310    000000a8     sprites.o (.text.RenderInventory)
                  0001c3b8    000000a8     Timer.o (.text.TimerA0_IntArm)
                  0001c460    000000a8     Timer.o (.text.TimerG6_IntArm)
                  0001c508    000000a8     Timer.o (.text.TimerG7_IntArm)
                  0001c5b0    000000a8     Timer.o (.text.TimerG8_IntArm)
                  0001c658    000000a8     sprites.o (.text.generateSprite)
                  0001c700    000000a6     ff.o (.text.dir_find)
                  0001c7a6    00000002     --HOLE-- [fill = 0]
                  0001c7a8    000000a4     Timer.o (.text.TimerG0_IntArm)
                  0001c84c    000000a2     ST7735_SDC.o (.text.commandList)
                  0001c8ee    000000a2     ff.o (.text.dir_alloc)
                  0001c990    000000a0     Buffer.o (.text.blitBufferToRenderBuffer)
                  0001ca30    000000a0     libsysbm.a : open.c.obj (.text.open)
                  0001cad0    0000009c     ST7735_SDC.o (.text.ST7735_InitPrintf)
                  0001cb6c    00000098     ST7735_SDC.o (.text.ST7735_InitR)
                  0001cc04    00000098     ff.o (.text.f_mount)
                  0001cc9c    00000094     SoundSD.o (.text.SoundSD_Service)
                  0001cd30    00000094     SoundSD.o (.text.SysTick_Handler)
                  0001cdc4    00000094     Timer.o (.text.TimerG12_IntArm)
                  0001ce58    00000090     Graphics.o (.text.FillMap)
                  0001cee8    00000090     Graphics.o (.text.printLeaderboard)
                  0001cf78    0000008e     ff.o (.text.sync_window)
                  0001d006    00000002     --HOLE-- [fill = 0]
                  0001d008    0000008c     Buffer.o (.text.clearRenderBuffer)
                  0001d094    00000088     ST7735_SDC.o (.text.setAddrWindow)
                  0001d11c    00000004     libc.a : pre_init.c.obj (.text._system_pre_init)
                  0001d120    00000088            : strcmp-armv6m.S.obj (.text:strcmp)
                  0001d1a8    00000084     Buffer.o (.text.PrecalculateFloorGradient)
                  0001d22c    00000084     ST7735_SDC.o (.text.ST7735_DrawString)
                  0001d2b0    00000084     ST7735_SDC.o (.text.ST7735_OutUDec)
                  0001d334    00000080     Sync.o (.text.sendDirectionPacket)
                  0001d3b4    00000080     Sync.o (.text.sendPositionPacket)
                  0001d434    0000007c     LaunchPad.o (.text.LaunchPad_Init)
                  0001d4b0    0000007c     UART1.o (.text.UART1_Init)
                  0001d52c    0000007c     libc.a : fclose.c.obj (.text.__TI_closefile)
                  0001d5a8    0000007c     Sync.o (.text.getRandomMapPos)
                  0001d624    0000007c     libc.a : copy_decompress_lzss.c.obj (.text:decompress:lzss)
                  0001d6a0    00000078     Graphics.o (.text.DrawMinimap)
                  0001d718    00000078     Graphics.o (.text.RenderHUD)
                  0001d790    00000078     diskio.o (.text.rcvr_datablock)
                  0001d808    00000076     diskio.o (.text.xmit_datablock)
                  0001d87e    00000074     Inventory.o (.text.Inventory_removeCurrent)
                  0001d8f2    00000002     --HOLE-- [fill = 0]
                  0001d8f4    00000074     Sync.o (.text.TIMG7_IRQHandler)
                  0001d968    00000074     libclang_rt.builtins.a : comparedf2.c.obj (.text.__gedf2)
                  0001d9dc    00000070     Graphics.o (.text.Graphics_Init)
                  0001da4c    00000070     ST7735_SDC.o (.text.ST7735_DrawPixel)
                  0001dabc    00000070     SoundSD.o (.text.SoundSD_Play)
                  0001db2c    00000070     ST7735_SDC.o (.text.TFT_OutCommand)
                  0001db9c    00000070     diskio.o (.text.disk_timerproc)
                  0001dc0c    0000006c     libsysbm.a : hostlseek.c.obj (.text.HOSTlseek)
                  0001dc78    0000006c                : hostrename.c.obj (.text.HOSTrename)
                  0001dce4    0000006c     ST7735_SDC.o (.text.TFT_OutData)
                  0001dd50    0000006c     UART2.o (.text.UART2_IRQHandler)
                  0001ddbc    0000006c     libc.a : getdevice.c.obj (.text.getdevice)
                  0001de28    00000068     libclang_rt.builtins.a : comparedf2.c.obj (.text.__ledf2)
                  0001de90    00000068     ff.o (.text.validate)
                  0001def8    00000064     ADC.o (.text.ADC_InDual)
                  0001df5c    00000064     Graphics.o (.text.printAmmo)
                  0001dfc0    00000064     libc.a : memory.c.obj (.text.split)
                  0001e024    00000062     libclang_rt.builtins.a : aeabi_dcmp.S.obj (.text.__aeabi_dcmp)
                  0001e086    00000062     ff.o (.text.move_window)
                  0001e0e8    00000060     libsysbm.a : hostopen.c.obj (.text.HOSTopen)
                  0001e148    00000060     ff.o (.text.dir_register)
                  0001e1a8    0000005c     Sync.o (.text.TIMG8_IRQHandler)
                  0001e204    0000005c     Buffer.o (.text.setPixelBuffer)
                  0001e260    00000058     libsysbm.a : hostread.c.obj (.text.HOSTread)
                  0001e2b8    00000058                : hostwrite.c.obj (.text.HOSTwrite)
                  0001e310    00000056     ST7735_SDC.o (.text.ST7735_ClearScreenBlack)
                  0001e366    00000002     --HOLE-- [fill = 0]
                  0001e368    00000056     libclang_rt.builtins.a : aeabi_idivmod.S.obj (.text.__aeabi_idivmod)
                  0001e3be    00000056     sprites.o (.text.compareSprites)
                  0001e414    00000054     ST7735_SDC.o (.text.fillmessage)
                  0001e468    00000054     ff.o (.text.mem_cmp)
                  0001e4bc    00000052     libc.a : fflush.c.obj (.text.__TI_doflush)
                  0001e50e    00000002     --HOLE-- [fill = 0]
                  0001e510    00000050     libsysbm.a : close.c.obj (.text.close)
                  0001e560    00000050     diskio.o (.text.wait_ready)
                  0001e5b0    00000050     diskio.o (.text.xmit_spi_multi)
                  0001e600    0000004c     FIFO.o (.text.RxFifo_Get)
                  0001e64c    0000004c     FIFO.o (.text.RxFifo_Put)
                  0001e698    0000004c     Inventory.o (.text.inInventory)
                  0001e6e4    0000004a     libclang_rt.builtins.a : fixdfsi.S.obj (.text.__fixdfsi)
                  0001e72e    00000002     --HOLE-- [fill = 0]
                  0001e730    00000048     menus.o (.text.GetTriggerPressed)
                  0001e778    00000048     libsysbm.a : hostclose.c.obj (.text.HOSTclose)
                  0001e7c0    00000048                : hostunlink.c.obj (.text.HOSTunlink)
                  0001e808    00000048     SoundSD.o (.text.SoundSD_Init)
                  0001e850    00000048     Sounds.o (.text.Sound_Init)
                  0001e898    00000048     Sounds.o (.text.Sound_Start)
                  0001e8e0    00000048     Async_Delay.o (.text.TIMG0_IRQHandler)
                  0001e928    00000048     diskio.o (.text.xchg_spi)
                  0001e970    00000044     ADC.o (.text.ADC0_In)
                  0001e9b4    00000044     Input.o (.text.Input_Init)
                  0001e9f8    00000044     Graphics.o (.text.RenderScene)
                  0001ea3c    00000044     diskio.o (.text.select)
                  0001ea80    00000040     SPI.o (.text.SPI_Reset)
                  0001eac0    00000040     Sync.o (.text.TIMA0_IRQHandler)
                  0001eb00    00000040     libclang_rt.builtins.a : aeabi_uidivmod.S.obj (.text.__aeabi_uidivmod)
                  0001eb40    00000040     libc.a : fopen.c.obj (.text._search_fp)
                  0001eb80    00000040     ff.o (.text.chk_chr)
                  0001ebc0    00000040     ff.o (.text.f_close)
                  0001ec00    0000003c     Buffer.o (.text.RenderBuffer)
                  0001ec3c    0000003c     Input.o (.text.fastSin)
                  0001ec78    0000003c     diskio.o (.text.rcvr_spi)
                  0001ecb4    0000003c     Sync.o (.text.sendInfoPacket)
                  0001ecf0    0000003c     libc.a : autoinit.c.obj (.text:__TI_auto_init_nobinit_nopinit)
                  0001ed2c    0000003a     libclang_rt.builtins.a : muldsi3.S.obj (.text.__muldsi3)
                  0001ed66    00000002     --HOLE-- [fill = 0]
                  0001ed68    00000038     LaunchPad.o (.text.ActivatePortA_B)
                  0001eda0    00000038     Sync.o (.text.processHit)
                  0001edd8    00000038     libc.a : rand.c.obj (.text.rand)
                  0001ee10    00000038            : sprintf.c.obj (.text.sprintf)
                  0001ee48    00000038     Async_Delay.o (.text.start_delay)
                  0001ee80    00000036     ff.o (.text.clust2sect)
                  0001eeb6    00000036     ff.o (.text.ld_clust)
                  0001eeec    00000034     Clock.o (.text.Clock_Delay1ms)
                  0001ef20    00000034     ST7735_SDC.o (.text.ST7735_SetCursor)
                  0001ef54    00000034     ST7735_SDC.o (.text.ST7735_write)
                  0001ef88    00000034     main.o (.text.SystemInit)
                  0001efbc    00000034     libc.a : fopen.c.obj (.text.__TI_cleanup)
                  0001eff0    00000034     libsysbm.a : trgmsg.c.obj (.text.__TI_readmsg)
                  0001f024    00000034                : trgmsg.c.obj (.text.__TI_writemsg)
                  0001f058    00000034     libc.a : exit.c.obj (.text.exit)
                  0001f08c    00000034            : getdevice.c.obj (.text.finddevice)
                  0001f0c0    00000034            : fopen.c.obj (.text.freopen)
                  0001f0f4    00000034     main.o (.text.main)
                  0001f128    00000034     ff.o (.text.mem_cpy)
                  0001f15c    00000034     Graphics.o (.text.printItem)
                  0001f190    00000032     ST7735_SDC.o (.text.ST7735_Color565)
                  0001f1c2    00000002     --HOLE-- [fill = 0]
                  0001f1c4    00000030     menus.o (.text.Menu_Delay)
                  0001f1f4    00000030     diskio.o (.text.disk_status)
                  0001f224    00000030     Input.o (.text.fastCos)
                  0001f254    00000030     libc.a : fopen.c.obj (.text.fopen)
                  0001f284    00000030     menus.o (.text.sendMenuState)
                  0001f2b4    0000002e     SoundSD.o (.text.friendlyDelay)
                  0001f2e2    0000002e     menus.o (.text.typeDialogueLine)
                  0001f310    0000002c     menus.o (.text.GetJoystickY)
                  0001f33c    0000002c     ST7735_SDC.o (.text.ST7735_FillScreen)
                  0001f368    0000002c     libclang_rt.builtins.a : floatsidf.S.obj (.text.__floatsidf)
                  0001f394    0000002c     ST7735_SDC.o (.text.commonInit)
                  0001f3c0    0000002c     diskio.o (.text.init_spi)
                  0001f3ec    0000002c     diskio.o (.text.rcvr_spi_multi)
                  0001f418    0000002c     libsysbm.a : unlink.c.obj (.text.unlink)
                  0001f444    0000002a     UART2.o (.text.UART2_InChar)
                  0001f46e    0000002a     ff.o (.text.mem_set)
                  0001f498    00000028     libc.a : memory.c.obj (.text.free_list_insert)
                  0001f4c0    00000028     libsysbm.a : write.c.obj (.text.write)
                  0001f4e8    00000028     libc.a : boot_cortex_m.c.obj (.text:_c_int00_noargs)
                  0001f510    00000026     main.o (.text.initRandom)
                  0001f536    00000026     ff.o (.text.st_clust)
                  0001f55c    00000024     diskio.o (.text.CS_Init)
                  0001f580    00000024     Inventory.o (.text.Inventory_next)
                  0001f5a4    00000024     Joy.o (.text.Joy_Init)
                  0001f5c8    00000024     libclang_rt.builtins.a : floatunsidf.S.obj (.text.__floatunsidf)
                  0001f5ec    00000024     libc.a : rand.c.obj (.text.srand)
                  0001f610    00000022            : memccpy.c.obj (.text.memccpy)
                  0001f632    00000020     Inventory.o (.text.Item_isWeapon)
                  0001f652    00000002     --HOLE-- [fill = 0]
                  0001f654    00000020     menus.o (.text.LinkMenus)
                  0001f674    0000001e     ST7735_SDC.o (.text.pushColor)
                  0001f692    00000002     --HOLE-- [fill = 0]
                  0001f694    0000001c     menus.o (.text.Action_SelectMap2)
                  0001f6b0    0000001c     menus.o (.text.Action_SelectOGMap)
                  0001f6cc    0000001c     startup_mspm0g3507_ticlang.o (.text.Default_Handler)
                  0001f6e8    0000001c     startup_mspm0g3507_ticlang.o (.text.HardFault_Handler)
                  0001f704    0000001c     Joy.o (.text.Joy_In)
                  0001f720    0000001c     libc.a : memory.c.obj (.text.free_list_remove)
                  0001f73c    00000018     FIFO.o (.text.RxFifo_Size)
                  0001f754    00000018     Sounds.o (.text.SoundEffects_disable)
                  0001f76c    00000018     Sounds.o (.text.SoundEffects_enable)
                  0001f784    00000018     SoundSD.o (.text.SoundSD_Mount)
                  0001f79c    00000018     diskio.o (.text.TIMG6_IRQHandler)
                  0001f7b4    00000018     UART1.o (.text.UART1_OutChar)
                  0001f7cc    00000018     libc.a : sprintf.c.obj (.text._outs)
                  0001f7e4    00000018     diskio.o (.text.deselect)
                  0001f7fc    00000016     ST7735_SDC.o (.text.ST7735_open)
                  0001f812    00000016     ST7735_SDC.o (.text.ST7735_read)
                  0001f828    00000016     menus.o (.text.clearDialogueLine)
                  0001f83e    00000002     --HOLE-- [fill = 0]
                  0001f840    00000014     DAC.o (.text.DAC_Out)
                  0001f854    00000014     FIFO.o (.text.RxFifo_Init)
                  0001f868    00000014     ST7735_SDC.o (.text.ST7735_SetTextColor)
                  0001f87c    00000012     Inventory.o (.text.Inventory_currentItem)
                  0001f88e    00000012     Inventory.o (.text.Item_isSpent)
                  0001f8a0    00000012     libc.a : memcpy16.S.obj (.text:TI_memcpy_small)
                  0001f8b2    00000012            : copy_decompress_none.c.obj (.text:decompress:none)
                  0001f8c4    00000010     Clock.o (.text.Clock_Delay)
                  0001f8d4    00000010     LaunchPad.o (.text.Delay)
                  0001f8e4    00000010     Joy.o (.text.Joy_InButton)
                  0001f8f4    00000010     Input.o (.text.ReadKeys)
                  0001f904    00000010     libc.a : copy_zero_init.c.obj (.text:decompress:ZI)
                  0001f914    0000000e            : memory.c.obj (.text.OUTLINED_FUNCTION_0)
                  0001f922    0000000e     ST7735_SDC.o (.text.ST7735_lseek)
                  0001f930    0000000e     libclang_rt.builtins.a : aeabi_memset.S.obj (.text.__aeabi_memset)
                  0001f93e    0000000e     libsysbm.a : hostrename.c.obj (.text.strcpy)
                  0001f94c    0000000e     libc.a : _printfi.c.obj (.text.strlen)
                  0001f95a    0000000e     libsysbm.a : hostrename.c.obj (.text.strlen)
                  0001f968    0000000e     libc.a : memset16.S.obj (.text:TI_memset_small)
                  0001f976    00000002     --HOLE-- [fill = 0]
                  0001f978    0000000c     menus.o (.text.Action_SetEnglish)
                  0001f984    0000000c     menus.o (.text.Action_SetGleeb)
                  0001f990    0000000c     menus.o (.text.Action_SetSpanish)
                  0001f99c    0000000c     Clock.o (.text.Clock_Freq)
                  0001f9a8    0000000c     ST7735_SDC.o (.text.ST7735_rename)
                  0001f9b4    0000000c     Sync.o (.text.Sync_Init)
                  0001f9c0    0000000c     libclang_rt.builtins.a : aeabi_memset.S.obj (.text.__aeabi_memclr)
                  0001f9cc    0000000c     libc.a : memory.c.obj (.text.malloc)
                  0001f9d8    0000000a     ST7735_SDC.o (.text.ST7735_close)
                  0001f9e2    0000000a     ST7735_SDC.o (.text.ST7735_unlink)
                  0001f9ec    0000000a     libc.a : sprintf.c.obj (.text._outc)
                  0001f9f6    00000002     --HOLE-- [fill = 0]
                  0001f9f8    00000008     libclang_rt.builtins.a : aeabi_memcpy.S.obj (.text.__aeabi_memcpy)
                  0001fa00    00000008     libsysbm.a : remove.c.obj (.text.remove)
                  0001fa08    00000004     startup_mspm0g3507_ticlang.o (.text.Reset_Handler)
                  0001fa0c    00000004     libc.a : exit.c.obj (.text:abort)

.cinit     0    0001fa10    000003a8     
                  0001fa10    0000037f     (.cinit..data.load) [load image, compression = lzss]
                  0001fd8f    00000001     --HOLE-- [fill = 0]
                  0001fd90    0000000c     (__TI_handler_table)
                  0001fd9c    00000008     (.cinit..bss.load) [load image, compression = zero_init]
                  0001fda4    00000010     (__TI_cinit_table)
                  0001fdb4    00000004     --HOLE-- [fill = 0]

.rodata    0    000000c0    00014e38     
                  000000c0    000023c0     Sounds.o (.rodata.reloadSound)
                  00002480    00002000     main.o (.rodata.DrM0Back)
                  00004480    00002000     main.o (.rodata.DrM0Front)
                  00006480    00002000     Graphics.o (.rodata.SCBarkley)
                  00008480    00002000     Graphics.o (.rodata.circuitBoardTex)
                  0000a480    00002000     Graphics.o (.rodata.matrix2)
                  0000c480    00001e78     Sounds.o (.rodata.shotgunSound)
                  0000e2f8    00000b9e     Sounds.o (.rodata.pistolSound)
                  0000ee96    0000095a     Sounds.o (.rodata.weaploadSound)
                  0000f7f0    0000094f     Sounds.o (.rodata.outofammoSound)
                  0001013f    00000001     SoundSD.o (.rodata.str1.13527524778485116141)
                  00010140    00000800     main.o (.rodata.ExplosionImage)
                  00010940    00000800     main.o (.rodata.PistolImage)
                  00011140    00000800     main.o (.rodata.RailgunImage)
                  00011940    00000800     main.o (.rodata.RifleImage)
                  00012140    00000800     main.o (.rodata.ShotgunImage)
                  00012940    000004fb     Buffer.o (.rodata.Font)
                  00012e3b    000004fb     ST7735_SDC.o (.rodata.Font)
                  00013336    00000240     menus.o (.rodata.Map2)
                  00013576    00000240     menus.o (.rodata.OGMap)
                  000137b6    00000200     main.o (.rodata.Ammosprite)
                  000139b6    00000200     main.o (.rodata.Medkitsprite)
                  00013bb6    00000200     main.o (.rodata.Pistolsprite)
                  00013db6    00000200     main.o (.rodata.Railgunsprite)
                  00013fb6    00000200     main.o (.rodata.Riflesprite)
                  000141b6    00000200     main.o (.rodata.Shotgunsprite)
                  000143b6    0000003b     ST7735_SDC.o (.rodata.Rcmd1)
                  000143f1    0000002b     ST7735_SDC.o (.rodata.Rcmd3)
                  0001441c    0000002a     menus.o (.rodata.str1.179569691910569239811)
                  00014446    00000028     menus.o (.rodata.str1.144269742893505892681)
                  0001446e    00000027     menus.o (.rodata.str1.171536697661445010611)
                  00014495    00000026     menus.o (.rodata.str1.139709806712486296131)
                  000144bb    00000026     menus.o (.rodata.str1.65101454262300800101)
                  000144e1    00000025     menus.o (.rodata.str1.164041020247211741451)
                  00014506    00000025     menus.o (.rodata.str1.164168837810866932091)
                  0001452b    00000025     menus.o (.rodata.str1.168804270709906286661)
                  00014550    00000025     menus.o (.rodata.str1.98146970493463322371)
                  00014575    00000024     menus.o (.rodata.str1.104906657326347491321)
                  00014599    00000024     menus.o (.rodata.str1.114298640224064572441)
                  000145bd    00000024     menus.o (.rodata.str1.142835721602906572131)
                  000145e1    00000024     menus.o (.rodata.str1.49336572981300707011)
                  00014605    00000023     menus.o (.rodata.str1.156971648410575654681)
                  00014628    00000023     menus.o (.rodata.str1.173425778896342377441)
                  0001464b    00000023     menus.o (.rodata.str1.25712616704570180601)
                  0001466e    00000023     menus.o (.rodata.str1.95797220485181863321)
                  00014691    00000022     menus.o (.rodata.str1.149973703997145723141)
                  000146b3    00000021     menus.o (.rodata.str1.156978731556101701311)
                  000146d4    00000021     menus.o (.rodata.str1.35453722408450888701)
                  000146f5    00000021     menus.o (.rodata.str1.55326779122960332911)
                  00014716    00000021     menus.o (.rodata.str1.84226594383225847461)
                  00014737    00000020     menus.o (.rodata.str1.123996266479129689641)
                  00014757    00000020     menus.o (.rodata.str1.138850008672340545551)
                  00014777    00000020     menus.o (.rodata.str1.160156652346893135841)
                  00014797    00000020     menus.o (.rodata.str1.2994111456399018321)
                  000147b7    00000020     menus.o (.rodata.str1.72891921298035102951)
                  000147d7    0000001f     menus.o (.rodata.str1.127746781883163928771)
                  000147f6    0000001f     menus.o (.rodata.str1.76193812434508946691)
                  00014815    0000001e     menus.o (.rodata.str1.123781003589582358431)
                  00014833    0000001e     menus.o (.rodata.str1.63894035550135605261)
                  00014851    0000001e     menus.o (.rodata.str1.70583102750037411421)
                  0001486f    0000001d     menus.o (.rodata.str1.121894215555781854721)
                  0001488c    0000001d     menus.o (.rodata.str1.143962844449559802791)
                  000148a9    0000001d     menus.o (.rodata.str1.15971142441765235821)
                  000148c6    0000001d     menus.o (.rodata.str1.160115412195507249741)
                  000148e3    0000001d     menus.o (.rodata.str1.165514800381475140901)
                  00014900    0000001d     menus.o (.rodata.str1.170996034951354877861)
                  0001491d    0000001d     menus.o (.rodata.str1.45072717762419283511)
                  0001493a    0000001d     menus.o (.rodata.str1.76284031905266819931)
                  00014957    0000001d     menus.o (.rodata.str1.98368547301456502061)
                  00014974    0000001c     menus.o (.rodata.str1.159315259275915726441)
                  00014990    0000001c     menus.o (.rodata.str1.182099141163481472991)
                  000149ac    0000001c     menus.o (.rodata.str1.31239778691859755401)
                  000149c8    0000001b     menus.o (.rodata.str1.134456681646435098991)
                  000149e3    0000001b     menus.o (.rodata.str1.151823896263116994851)
                  000149fe    0000001b     menus.o (.rodata.str1.166369451094164865431)
                  00014a19    0000001a     menus.o (.rodata.str1.32972604204622997601)
                  00014a33    0000001a     menus.o (.rodata.str1.67344958428517426261)
                  00014a4d    00000019     menus.o (.rodata.str1.4306366311675199791)
                  00014a66    00000018     menus.o (.rodata.str1.49209655232122593671)
                  00014a7e    00000017     menus.o (.rodata.str1.17806825418392101261)
                  00014a95    00000017     menus.o (.rodata.str1.44513436441731468601)
                  00014aac    00000017     menus.o (.rodata.str1.52873050588701785371)
                  00014ac3    00000017     menus.o (.rodata.str1.7928282895222706721)
                  00014ada    00000017     menus.o (.rodata.str1.95972786851599416241)
                  00014af1    00000016     ST7735_SDC.o (.rodata.str1.28433820059943190321)
                  00014b07    00000015     menus.o (.rodata.str1.20971027457514090791)
                  00014b1c    00000015     menus.o (.rodata.str1.34948758358822006441)
                  00014b31    00000015     menus.o (.rodata.str1.40053628090355857951)
                  00014b46    00000015     menus.o (.rodata.str1.73655613655739932531)
                  00014b5b    00000014     menus.o (.rodata.str1.99723067460874747631)
                  00014b6f    00000013     menus.o (.rodata.str1.44323779711376306551)
                  00014b82    00000011     libc.a : _printfi.c.obj (.rodata.str1.153638888446227384661)
                  00014b93    00000010     menus.o (.rodata.str1.72841784736326705081)
                  00014ba3    0000000f     ff.o (.rodata.str1.113280866994296648041)
                  00014bb2    0000000f     menus.o (.rodata.str1.74614961083098936291)
                  00014bc1    0000000e     Graphics.o (.rodata.str1.101815359073638397881)
                  00014bcf    0000000e     menus.o (.rodata.str1.105613764357858899821)
                  00014bdd    0000000e     menus.o (.rodata.str1.20226054460873807351)
                  00014beb    0000000e     menus.o (.rodata.str1.28534660028422600551)
                  00014bf9    0000000e     menus.o (.rodata.str1.72053916584311919101)
                  00014c07    0000000e     menus.o (.rodata.str1.98699209345328443171)
                  00014c15    0000000d     ST7735_SDC.o (.rodata.Rcmd2green)
                  00014c22    0000000d     ST7735_SDC.o (.rodata.Rcmd2red)
                  00014c2f    0000000d     menus.o (.rodata.str1.99564983211434588061)
                  00014c3c    0000000c     menus.o (.rodata.backText)
                  00014c48    0000000c     menus.o (.rodata.englishText)
                  00014c54    0000000c     menus.o (.rodata.gleebText)
                  00014c60    0000000c     menus.o (.rodata.languageMenuTitle)
                  00014c6c    0000000c     menus.o (.rodata.languageText)
                  00014c78    0000000c     menus.o (.rodata.mainTitleText)
                  00014c84    0000000c     menus.o (.rodata.map2Text)
                  00014c90    0000000c     main.o (.rodata.medkitName)
                  00014c9c    0000000c     menus.o (.rodata.ogMapText)
                  00014ca8    0000000c     main.o (.rodata.pistolName)
                  00014cb4    0000000c     main.o (.rodata.railgunName)
                  00014cc0    0000000c     main.o (.rodata.rifleName)
                  00014ccc    0000000c     menus.o (.rodata.selectMapText)
                  00014cd8    0000000c     main.o (.rodata.shotgunName)
                  00014ce4    0000000c     menus.o (.rodata.spanishText)
                  00014cf0    0000000c     menus.o (.rodata.startGameText)
                  00014cfc    0000000c     menus.o (.rodata.str1.44852280986964266461)
                  00014d08    0000000b     menus.o (.rodata.str1.107618944876940139201)
                  00014d13    0000000b     Graphics.o (.rodata.str1.111845795882479080211)
                  00014d1e    0000000b     menus.o (.rodata.str1.37298010153340831671)
                  00014d29    0000000a     menus.o (.rodata.str1.11748345053224590121)
                  00014d33    0000000a     menus.o (.rodata.str1.124914464180015033831)
                  00014d3d    0000000a     menus.o (.rodata.str1.147465653251047986931)
                  00014d47    0000000a     Graphics.o (.rodata.str1.45937735617970562101)
                  00014d51    0000000a     menus.o (.rodata.str1.6586680656692322771)
                  00014d5b    00000009     ST7735_SDC.o (.rodata.str1.119827176004061594541)
                  00014d64    00000009     main.o (.rodata.str1.121071377670202666191)
                  00014d6d    00000009     menus.o (.rodata.str1.124198988536565629501)
                  00014d76    00000009     menus.o (.rodata.str1.127816206145025086161)
                  00014d7f    00000009     menus.o (.rodata.str1.128989763563720414811)
                  00014d88    00000009     main.o (.rodata.str1.139123098054563454261)
                  00014d91    00000009     menus.o (.rodata.str1.149748156457843606111)
                  00014d9a    00000009     menus.o (.rodata.str1.153972598488747820211)
                  00014da3    00000009     Graphics.o (.rodata.str1.174670005707905455781)
                  00014dac    00000009     main.o (.rodata.str1.30235616187663446621)
                  00014db5    00000009     main.o (.rodata.str1.32363810797562342041)
                  00014dbe    00000009     menus.o (.rodata.str1.59382714011411076131)
                  00014dc7    00000009     menus.o (.rodata.str1.65750054775735849871)
                  00014dd0    00000009     Graphics.o (.rodata.str1.67127546031375070101)
                  00014dd9    00000009     menus.o (.rodata.str1.82245934695475978981)
                  00014de2    00000009     ST7735_SDC.o (.rodata.str1.96930949990895218701)
                  00014deb    00000008     menus.o (.rodata.str1.121123247888127407721)
                  00014df3    00000008     main.o (.rodata.str1.128962870563899395191)
                  00014dfb    00000008     menus.o (.rodata.str1.151812138345797082741)
                  00014e03    00000008     menus.o (.rodata.str1.155228271783013021831)
                  00014e0b    00000008     main.o (.rodata.str1.164552152177587026401)
                  00014e13    00000008     ST7735_SDC.o (.rodata.str1.165812335033060454901)
                  00014e1b    00000008     menus.o (.rodata.str1.27961984965217310221)
                  00014e23    00000008     main.o (.rodata.str1.42835430280232758001)
                  00014e2b    00000008     menus.o (.rodata.str1.63580008137743042971)
                  00014e33    00000008     menus.o (.rodata.str1.71614747585608304151)
                  00014e3b    00000007     menus.o (.rodata.str1.105692775232363439901)
                  00014e42    00000007     ST7735_SDC.o (.rodata.str1.108798170232719549071)
                  00014e49    00000007     menus.o (.rodata.str1.109323214156024499631)
                  00014e50    00000007     main.o (.rodata.str1.115890148426537372251)
                  00014e57    00000007     menus.o (.rodata.str1.1277942910637927151)
                  00014e5e    00000007     menus.o (.rodata.str1.136911105019720578541)
                  00014e65    00000007     main.o (.rodata.str1.181369900268917052751)
                  00014e6c    00000007     main.o (.rodata.str1.4040285661218773341)
                  00014e73    00000007     ST7735_SDC.o (.rodata.str1.48346598350755635861)
                  00014e7a    00000007     menus.o (.rodata.str1.59493562986345245221)
                  00014e81    00000007     ST7735_SDC.o (.rodata.str1.65157548236227532931)
                  00014e88    00000007     menus.o (.rodata.str1.69999045451270665711)
                  00014e8f    00000006     ST7735_SDC.o (.rodata.str1.105453447318699584981)
                  00014e95    00000006     main.o (.rodata.str1.157592557656998809351)
                  00014e9b    00000006     ST7735_SDC.o (.rodata.str1.175182287407566781581)
                  00014ea1    00000006     main.o (.rodata.str1.182731374899196392841)
                  00014ea7    00000006     menus.o (.rodata.str1.18587315262870873111)
                  00014ead    00000006     Graphics.o (.rodata.str1.46143995295070766951)
                  00014eb3    00000006     main.o (.rodata.str1.58265674741439123291)
                  00014eb9    00000006     menus.o (.rodata.str1.6049594314190078561)
                  00014ebf    00000006     menus.o (.rodata.str1.63063412741383656541)
                  00014ec5    00000006     menus.o (.rodata.str1.70705070438164780481)
                  00014ecb    00000006     menus.o (.rodata.str1.74484252914149724171)
                  00014ed1    00000005     main.o (.rodata.str1.102198819253266672751)
                  00014ed6    00000005     main.o (.rodata.str1.140962207062303880201)
                  00014edb    00000005     Graphics.o (.rodata.str1.37161536259113115651)
                  00014ee0    00000005     main.o (.rodata.str1.54842681482495761191)
                  00014ee5    00000005     menus.o (.rodata.str1.80119958098595689001)
                  00014eea    00000003     Graphics.o (.rodata.str1.25158831670344200691)
                  00014eed    00000002     ST7735_SDC.o (.rodata.str1.139922138757215469871)
                  00014eef    00000002     Graphics.o (.rodata.str1.2002389610935928081)
                  00014ef1    00000001     Graphics.o (.rodata.str1.86410570762347020181)
                  00014ef2    00000006     --HOLE-- [fill = 0]

.init_array 
*          0    00000000    00000000     UNINITIALIZED

.binit     0    00000000    00000000     

.bss       0    20200000    0000695a     UNINITIALIZED
                  20200000    00005000     (.common:renderBuffer)
                  20205000    00000500     (.common:ZBuffer)
                  20205500    00000480     (.common:miniMap)
                  20205980    00000240     (.common:worldMap)
                  20205bc0    00000234     SoundSD.o (.bss.fs)
                  20205df4    00000234     Graphics.o (.bss.g_sFatFs)
                  20206028    00000224     SoundSD.o (.bss.fil)
                  2020624c    00000200     SoundSD.o (.bss.buf1)
                  2020644c    00000200     SoundSD.o (.bss.buf2)
                  2020664c    00000120     libsysbm.a : trgmsg.c.obj (.bss:_CIOBUF_)
                  2020676c    000000a0     libc.a : defs.c.obj (.bss.__TI_tmpnams)
                  2020680c    00000080     (.common:floorGradient)
                  2020688c    00000040     FIFO.o (.bss.RxFifo)
                  202068cc    0000000c     (.common:Message)
                  202068d8    00000008     libsysbm.a : hostopen.c.obj (.bss.parmbuf)
                  202068e0    00000008     (.common:otherDirX)
                  202068e8    00000008     (.common:otherDirY)
                  202068f0    00000008     (.common:otherPosX)
                  202068f8    00000008     (.common:otherPosY)
                  20206900    00000004     ff.o (.bss.FatFs)
                  20206904    00000004     diskio.o (.bss.Timer1)
                  20206908    00000004     diskio.o (.bss.Timer2)
                  2020690c    00000004     SoundSD.o (.bss.blockCount)
                  20206910    00000004     SoundSD.o (.bss.bytesRead)
                  20206914    00000004     SoundSD.o (.bss.needRefill)
                  20206918    00000004     libc.a : memory.c.obj (.bss.sys_free)
                  2020691c    00000004     (.common:Joy_x)
                  20206920    00000004     (.common:Joy_y)
                  20206924    00000004     (.common:LCDresetFlag)
                  20206928    00000004     (.common:Length)
                  2020692c    00000004     (.common:LostData)
                  20206930    00000004     (.common:Messageindex)
                  20206934    00000004     (.common:RxGetI)
                  20206938    00000004     (.common:RxPutI)
                  2020693c    00000004     (.common:SoundPt)
                  20206940    00000004     (.common:flag_done)
                  20206944    00000004     (.common:ms_done)
                  20206948    00000004     (.common:ms_passed)
                  2020694c    00000002     ff.o (.bss.Fsid)
                  2020694e    00000002     ST7735_SDC.o (.bss.sdcBuffer)
                  20206950    00000001     diskio.o (.bss.CardType)
                  20206951    00000001     ST7735_SDC.o (.bss.ColStart)
                  20206952    00000001     ST7735_SDC.o (.bss.Rotation)
                  20206953    00000001     ST7735_SDC.o (.bss.RowStart)
                  20206954    00000001     ST7735_SDC.o (.bss.TabColor)
                  20206955    00000001     (.common:InitStatus)
                  20206956    00000001     (.common:MountFresult)
                  20206957    00000001     (.common:isShooting)
                  20206958    00000001     (.common:isSwapping)
                  20206959    00000001     (.common:reloaded)

.data      0    20206960    0000092d     UNINITIALIZED
                  20206960    00000258     main.o (.data.Sprites)
                  20206bb8    000000f0     libc.a : defs.c.obj (.data._ftable)
                  20206ca8    00000078     libsysbm.a : host_device.c.obj (.data._device)
                  20206d20    00000068     main.o (.data.medkit)
                  20206d88    00000068     main.o (.data.pistol)
                  20206df0    00000068     main.o (.data.railgun)
                  20206e58    00000068     main.o (.data.rifle)
                  20206ec0    00000068     main.o (.data.shotgun)
                  20206f28    00000050     libsysbm.a : host_device.c.obj (.data._stream)
                  20206f78    00000048     menus.o (.data.valvanoDialogueEnglish)
                  20206fc0    00000048     menus.o (.data.valvanoDialogueGleeb)
                  20207008    00000048     menus.o (.data.valvanoDialogueSpanish)
                  20207050    00000030     menus.o (.data.languageMenuItems)
                  20207080    00000028     Sounds.o (.data.SoundEffects)
                  202070a8    00000028     main.o (.data.gunFlash)
                  202070d0    00000024     menus.o (.data.mapMenuItems)
                  202070f4    0000001c     menus.o (.data.deathScreenTextEnglish)
                  20207110    0000001c     menus.o (.data.deathScreenTextGleeb)
                  2020712c    0000001c     menus.o (.data.deathScreenTextSpanish)
                  20207148    00000018     main.o (.data.items)
                  20207160    00000018     menus.o (.data.mainMenuItems)
                  20207178    00000014     main.o (.data.inventory)
                  2020718c    00000010     menus.o (.data.languageMenu)
                  2020719c    00000010     menus.o (.data.mainMenu)
                  202071ac    00000010     menus.o (.data.mapMenu)
                  202071bc    00000010     Graphics.o (.data.textures)
                  202071cc    0000000c     Graphics.o (.data.ammoText)
                  202071d8    0000000c     menus.o (.data.deathScreenTexts)
                  202071e4    0000000c     menus.o (.data.valvanoDialogues)
                  202071f0    00000008     libc.a : exit.c.obj (.data..L_MergedGlobals)
                  202071f8    00000008     main.o (.data.dirX)
                  20207200    00000008     main.o (.data.dirY)
                  20207208    00000008     main.o (.data.planeX)
                  20207210    00000008     main.o (.data.planeY)
                  20207218    00000008     main.o (.data.posX)
                  20207220    00000008     main.o (.data.posY)
                  20207228    00000004     Clock.o (.data.BusFreq)
                  2020722c    00000004     Graphics.o (.data.RenderScene.side)
                  20207230    00000004     ST7735_SDC.o (.data.StX)
                  20207234    00000004     ST7735_SDC.o (.data.StY)
                  20207238    00000004     SoundSD.o (.data.SysTick_Handler.idx)
                  2020723c    00000004     libc.a : defs.c.obj (.data.__TI_ft_end)
                  20207240    00000004            : _lock.c.obj (.data._lock)
                  20207244    00000004            : _lock.c.obj (.data._unlock)
                  20207248    00000004     SoundSD.o (.data.back)
                  2020724c    00000004     SoundSD.o (.data.front)
                  20207250    00000004     main.o (.data.kills)
                  20207254    00000004     libc.a : rand.c.obj (.data.next)
                  20207258    00000004     main.o (.data.numsprites)
                  2020725c    00000004     main.o (.data.otherHealth)
                  20207260    00000004     main.o (.data.otherKills)
                  20207264    00000004     Sync.o (.data.otherPlayer)
                  20207268    00000004     main.o (.data.playerHealth)
                  2020726c    00000002     ST7735_SDC.o (.data.StTextColor)
                  2020726e    00000002     Sync.o (.data.TIMA0_IRQHandler.timeCt)
                  20207270    00000002     ST7735_SDC.o (.data._height)
                  20207272    00000002     ST7735_SDC.o (.data._width)
                  20207274    00000002     Sync.o (.data.hitTimer)
                  20207276    00000001     menus.o (.data.GetTriggerPressed.last)
                  20207277    00000001     sprites.o (.data.RenderForegroundSprites.sidesDrawn)
                  20207278    00000001     Sounds.o (.data.SoundMode)
                  20207279    00000001     diskio.o (.data.Stat)
                  2020727a    00000001     Sync.o (.data.TIMG7_IRQHandler.packetIndex)
                  2020727b    00000001     Sync.o (.data.TIMG8_IRQHandler.packetIndex)
                  2020727c    00000001     libsysbm.a : add_device.c.obj (.data.add_device.device_init)
                  2020727d    00000001     sprites.o (.data.canSwapItems)
                  2020727e    00000001     Sounds.o (.data.enabled)
                  2020727f    00000001     main.o (.data.healthCode)
                  20207280    00000001     Sync.o (.data.hitDir)
                  20207281    00000001     main.o (.data.isOnTarget)
                  20207282    00000001     main.o (.data.isVulnerable)
                  20207283    00000001     Sync.o (.data.itemsStatus)
                  20207284    00000001     menus.o (.data.language)
                  20207285    00000001     Input.o (.data.lastInput)
                  20207286    00000001     Input.o (.data.rifleCanShoot)
                  20207287    00000001     menus.o (.data.startGameSelected)
                  20207288    00000001     libc.a : memory.c.obj (.data.memory_is_initialized)
                  20207289    00000003     --HOLE--
                  2020728c    00000001     libsysbm.a : open.c.obj (.data.open.stream_init)

.sysmem    0    20207290    00000200     UNINITIALIZED
                  20207290    00000010     libc.a : memory.c.obj (.sysmem)
                  202072a0    000001f0     --HOLE--

.stack     0    20207e00    00000200     UNINITIALIZED
                  20207e00    00000004     libc.a : boot_cortex_m.c.obj (.stack)
                  20207e04    000001fc     --HOLE--

__llvm_prf_cnts 
*          0    20200000    00000000     UNINITIALIZED

__llvm_prf_bits 
*          0    20200000    00000000     UNINITIALIZED

MODULE SUMMARY

       Module                         code    ro data   rw data
       ------                         ----    -------   -------
    .\
       main.o                         846     29870     1307   
       Graphics.o                     3708    24646     3614   
       Sounds.o                       192     24703     50     
       Buffer.o                       1556    1275      20608  
       ff.o                           8902    15        6      
       ST7735_SDC.o                   4906    1486      36     
       menus.o                        1288    3541      483    
       diskio.o                       3300    0         14     
       SoundSD.o                      550     1         2160   
       sprites.o                      2586    0         2      
       Input.o                        2300    0         5      
       Sync.o                         2212    0         12     
       Timer.o                        984     0         0      
       Inventory.o                    760     0         0      
       ADC.o                          704     0         0      
       Clock.o                        516     0         4      
       UART2.o                        358     0         4      
       SPI.o                          312     0         0      
       FIFO.o                         196     0         72     
       LaunchPad.o                    196     0         0      
       DAC.o                          188     0         0      
       UART1.o                        148     0         0      
       Async_Delay.o                  128     0         12     
       Joy.o                          80      0         0      
    +--+------------------------------+-------+---------+---------+
       Total:                         36916   85537     28389  
                                                               
    .\ticlang\
       startup_mspm0g3507_ticlang.o   60      192       0      
    +--+------------------------------+-------+---------+---------+
       Total:                         60      192       0      
                                                               
    C:\ti\ccs2000\ccs\tools\compiler\ti-cgt-armllvm_4.0.1.LTS\lib\armv6m-ti-none-eabi/c/libc.a
       memory.c.obj                   702     0         5      
       _printfi.c.obj                 658     17        0      
       fopen.c.obj                    556     0         0      
       defs.c.obj                     0       0         404    
       s_floor.c.obj                  324     0         0      
       qsort.c.obj                    308     0         0      
       setvbuf.c.obj                  224     0         0      
       getdevice.c.obj                160     0         0      
       strcmp-armv6m.S.obj            136     0         0      
       copy_decompress_lzss.c.obj     124     0         0      
       fclose.c.obj                   124     0         0      
       rand.c.obj                     92      0         4      
       sprintf.c.obj                  90      0         0      
       fflush.c.obj                   82      0         0      
       exit.c.obj                     56      0         8      
       autoinit.c.obj                 60      0         0      
       boot_cortex_m.c.obj            40      0         0      
       memccpy.c.obj                  34      0         0      
       copy_decompress_none.c.obj     18      0         0      
       memcpy16.S.obj                 18      0         0      
       copy_zero_init.c.obj           16      0         0      
       memset16.S.obj                 14      0         0      
       _lock.c.obj                    2       0         8      
       pre_init.c.obj                 4       0         0      
    +--+------------------------------+-------+---------+---------+
       Total:                         3842    17        429    
                                                               
    C:\ti\ccs2000\ccs\tools\compiler\ti-cgt-armllvm_4.0.1.LTS\lib\armv6m-ti-none-eabi/c/libsysbm.a
       trgmsg.c.obj                   104     0         288    
       add_device.c.obj               236     0         1      
       host_device.c.obj              0       0         200    
       open.c.obj                     160     0         1      
       hostrename.c.obj               136     0         0      
       hostlseek.c.obj                108     0         0      
       hostopen.c.obj                 96      0         8      
       hostread.c.obj                 88      0         0      
       hostwrite.c.obj                88      0         0      
       close.c.obj                    80      0         0      
       hostclose.c.obj                72      0         0      
       hostunlink.c.obj               72      0         0      
       unlink.c.obj                   44      0         0      
       write.c.obj                    40      0         0      
       remove.c.obj                   8       0         0      
    +--+------------------------------+-------+---------+---------+
       Total:                         1332    0         498    
                                                               
    C:\ti\ccs2000\ccs\tools\compiler\ti-cgt-armllvm_4.0.1.LTS\lib\armv6m-ti-none-eabi/libclang_rt.builtins.a
       adddf3.S.obj                   402     0         0      
       divdf3.S.obj                   268     0         0      
       muldf3.S.obj                   228     0         0      
       comparedf2.c.obj               220     0         0      
       aeabi_dcmp.S.obj               98      0         0      
       aeabi_idivmod.S.obj            86      0         0      
       fixdfsi.S.obj                  74      0         0      
       aeabi_uidivmod.S.obj           64      0         0      
       muldsi3.S.obj                  58      0         0      
       floatsidf.S.obj                44      0         0      
       floatunsidf.S.obj              36      0         0      
       aeabi_memset.S.obj             26      0         0      
       aeabi_memcpy.S.obj             8       0         0      
       aeabi_div0.c.obj               2       0         0      
    +--+------------------------------+-------+---------+---------+
       Total:                         1614    0         0      
                                                               
       Heap:                          0       0         512    
       Stack:                         0       0         512    
       Linker Generated:              0       931       0      
    +--+------------------------------+-------+---------+---------+
       Grand Total:                   43764   86677     30340  


LINKER GENERATED COPY TABLES

__TI_cinit_table @ 0001fda4 records: 2, size/record: 8, table size: 16
	.data: load addr=0001fa10, load size=0000037f bytes, run addr=20206960, run size=0000092d bytes, compression=lzss
	.bss: load addr=0001fd9c, load size=00000008 bytes, run addr=20200000, run size=0000695a bytes, compression=zero_init


LINKER GENERATED HANDLER TABLE

__TI_handler_table @ 0001fd90 records: 3, size/record: 4, table size: 12
	index: 0, handler: __TI_decompress_lzss
	index: 1, handler: __TI_decompress_none
	index: 2, handler: __TI_zero_init


GLOBAL SYMBOLS: SORTED ALPHABETICALLY BY Name 

address   name                          
-------   ----                          
0001f6cd  ADC0_IRQHandler               
0001e971  ADC0_In                       
0001adbd  ADC0_Init                     
0001f6cd  ADC1_IRQHandler               
0001def9  ADC_InDual                    
0001a1e5  ADC_InitDual                  
0001f6cd  AES_IRQHandler                
0001ed69  ActivatePortA_B               
000137b6  Ammosprite                    
20207228  BusFreq                       
0001fa0c  C$$EXIT                       
0001f051  C$$IO$$                       
0001f6cd  CANFD0_IRQHandler             
0001f55d  CS_Init                       
0001620d  CastRays                      
0001f8c5  Clock_Delay                   
0001eeed  Clock_Delay1ms                
0001f99d  Clock_Freq                    
00018bf9  Clock_Init80MHz               
0001f6cd  DAC0_IRQHandler               
0001c269  DAC_Init                      
0001f841  DAC_Out                       
0001f6cd  DMA_IRQHandler                
00019bf5  DeathScreen                   
0001f6cd  Default_Handler               
0001f8d5  Delay                         
00002480  DrM0Back                      
00004480  DrM0Front                     
000179dd  DrawCrosshair                 
00018479  DrawHealthBar                 
0001b7d9  DrawHitIndicator              
0001d6a1  DrawMinimap                   
00010140  ExplosionImage                
0001ce59  FillMap                       
0001f6cd  GROUP0_IRQHandler             
0001f6cd  GROUP1_IRQHandler             
0001ba55  GameLoop                      
0001d9dd  Graphics_Init                 
0001e779  HOSTclose                     
0001dc0d  HOSTlseek                     
0001e0e9  HOSTopen                      
0001e261  HOSTread                      
0001dc79  HOSTrename                    
0001e7c1  HOSTunlink                    
0001e2b9  HOSTwrite                     
0001f6e9  HardFault_Handler             
0001f6cd  I2C0_IRQHandler               
0001f6cd  I2C1_IRQHandler               
20206955  InitStatus                    
0001e9b5  Input_Init                    
0001b18d  Inventory_add                 
0001f87d  Inventory_currentItem         
0001f581  Inventory_next                
0001d87f  Inventory_removeCurrent       
0001b619  Inventory_replace             
0001f88f  Item_isSpent                  
0001f633  Item_isWeapon                 
0001f705  Joy_In                        
0001f8e5  Joy_InButton                  
0001f5a5  Joy_Init                      
2020691c  Joy_x                         
20206920  Joy_y                         
20206924  LCDresetFlag                  
0001d435  LaunchPad_Init                
20206928  Length                        
2020692c  LostData                      
00013336  Map2                          
000139b6  Medkitsprite                  
00016d01  Menus_Run                     
202068cc  Message                       
20206930  Messageindex                  
20206956  MountFresult                  
00014f01  MovePlayer                    
0001f6cd  NMI_Handler                   
00013576  OGMap                         
0001f6cd  PendSV_Handler                
00010940  PistolImage                   
00013bb6  Pistolsprite                  
0001d1a9  PrecalculateFloorGradient     
0001f6cd  RTC_IRQHandler                
00011140  RailgunImage                  
00013db6  Railgunsprite                 
0001bb21  RandomizeSprites              
0001f8f5  ReadKeys                      
0001ec01  RenderBuffer                  
0001aeb1  RenderForegroundSprites       
0001d719  RenderHUD                     
0001c311  RenderInventory               
0001e9f9  RenderScene                   
0001afa5  RenderSky                     
00015679  RenderSprite                  
00019291  RenderSprites                 
0001fa09  Reset_Handler                 
00011940  RifleImage                    
00013fb6  Riflesprite                   
0001e601  RxFifo_Get                    
0001f855  RxFifo_Init                   
0001e64d  RxFifo_Put                    
0001f73d  RxFifo_Size                   
20206934  RxGetI                        
20206938  RxPutI                        
00006480  SCBarkley                     
0001f6cd  SPI0_IRQHandler               
0001f6cd  SPI1_IRQHandler               
00019ab5  SPI1_Init                     
0001acc5  SPI_Init                      
0001ea81  SPI_Reset                     
0001e311  ST7735_ClearScreenBlack       
0001f191  ST7735_Color565               
00018269  ST7735_DrawBitmap             
0001a77d  ST7735_DrawBitmapFromSDC      
00018f5d  ST7735_DrawCharS              
0001da4d  ST7735_DrawPixel              
0001d22d  ST7735_DrawString             
0001866d  ST7735_DrawTextBoxS           
00018055  ST7735_DrawTextBoxS_IF        
0001a54d  ST7735_FillRect               
0001f33d  ST7735_FillScreen             
0001cad1  ST7735_InitPrintf             
0001cb6d  ST7735_InitR                  
0001b8b5  ST7735_OutChar                
0001d2b1  ST7735_OutUDec                
0001ef21  ST7735_SetCursor              
0001b099  ST7735_SetRotation            
0001f869  ST7735_SetTextColor           
0001f9d9  ST7735_close                  
0001f923  ST7735_lseek                  
0001f7fd  ST7735_open                   
0001f813  ST7735_read                   
0001f9a9  ST7735_rename                 
0001f9e3  ST7735_unlink                 
0001ef55  ST7735_write                  
0001f6cd  SVC_Handler                   
00012140  ShotgunImage                  
000141b6  Shotgunsprite                 
20207080  SoundEffects                  
0001f755  SoundEffects_disable          
0001f76d  SoundEffects_enable           
20207278  SoundMode                     
2020693c  SoundPt                       
0001e809  SoundSD_Init                  
0001f785  SoundSD_Mount                 
0001dabd  SoundSD_Play                  
0001cc9d  SoundSD_Service               
0001e851  Sound_Init                    
0001e899  Sound_Start                   
20206960  Sprites                       
2020726c  StTextColor                   
20207230  StX                           
20207234  StY                           
0001f9b5  Sync_Init                     
0001cd31  SysTick_Handler               
0001ef89  SystemInit                    
0001db2d  TFT_OutCommand                
0001dce5  TFT_OutData                   
0001eac1  TIMA0_IRQHandler              
0001f6cd  TIMA1_IRQHandler              
0001e8e1  TIMG0_IRQHandler              
0001bcb5  TIMG12_IRQHandler             
0001f79d  TIMG6_IRQHandler              
0001d8f5  TIMG7_IRQHandler              
0001e1a9  TIMG8_IRQHandler              
0001f8a1  TI_memcpy_small               
0001f969  TI_memset_small               
0001c3b9  TimerA0_IntArm                
0001c7a9  TimerG0_IntArm                
0001cdc5  TimerG12_IntArm               
0001c461  TimerG6_IntArm                
0001c509  TimerG7_IntArm                
0001c5b1  TimerG8_IntArm                
0001f6cd  UART0_IRQHandler              
0001f6cd  UART1_IRQHandler              
0001d4b1  UART1_Init                    
0001f7b5  UART1_OutChar                 
0001dd51  UART2_IRQHandler              
0001f445  UART2_InChar                  
0001b985  UART2_Init                    
0001f6cd  UART3_IRQHandler              
20205000  ZBuffer                       
2020664c  _CIOBUF_                      
2020664c  __CIOBUF_                     
20208000  __STACK_END                   
00000200  __STACK_SIZE                  
00000200  __SYSMEM_SIZE                 
00000000  __TI_ATRegion0_region_sz      
00000000  __TI_ATRegion0_src_addr       
00000000  __TI_ATRegion0_trg_addr       
00000000  __TI_ATRegion1_region_sz      
00000000  __TI_ATRegion1_src_addr       
00000000  __TI_ATRegion1_trg_addr       
00000000  __TI_ATRegion2_region_sz      
00000000  __TI_ATRegion2_src_addr       
00000000  __TI_ATRegion2_trg_addr       
0001fda4  __TI_CINIT_Base               
0001fdb4  __TI_CINIT_Limit              
0001fdb4  __TI_CINIT_Warm               
0001fd90  __TI_Handler_Table_Base       
0001fd9c  __TI_Handler_Table_Limit      
0001ecf1  __TI_auto_init_nobinit_nopinit
0001efbd  __TI_cleanup                  
202071f0  __TI_cleanup_ptr              
0001d52d  __TI_closefile                
0001d625  __TI_decompress_lzss          
0001f8b3  __TI_decompress_none          
0001e4bd  __TI_doflush                  
202071f4  __TI_dtors_ptr                
2020723c  __TI_ft_end                   
ffffffff  __TI_pprof_out_hndl           
000174e9  __TI_printfi_minimal          
ffffffff  __TI_prof_data_size           
ffffffff  __TI_prof_data_start          
0001eff1  __TI_readmsg                  
00000000  __TI_static_base__            
2020676c  __TI_tmpnams                  
0001f025  __TI_writemsg                 
0001f905  __TI_zero_init                
00019107  __adddf3                      
0001e6e5  __aeabi_d2iz                  
00019107  __aeabi_dadd                  
0001e025  __aeabi_dcmpeq                
0001e061  __aeabi_dcmpge                
0001e075  __aeabi_dcmpgt                
0001e04d  __aeabi_dcmple                
0001e039  __aeabi_dcmplt                
0001aab9  __aeabi_ddiv                  
0001b451  __aeabi_dmul                  
000190fd  __aeabi_dsub                  
0001f369  __aeabi_i2d                   
0001e369  __aeabi_idiv                  
0001928f  __aeabi_idiv0                 
0001e369  __aeabi_idivmod               
0001f9c1  __aeabi_memclr                
0001f9c1  __aeabi_memclr4               
0001f9c1  __aeabi_memclr8               
0001f9f9  __aeabi_memcpy                
0001f9f9  __aeabi_memcpy4               
0001f9f9  __aeabi_memcpy8               
0001f931  __aeabi_memset                
0001f931  __aeabi_memset4               
0001f931  __aeabi_memset8               
0001f5c9  __aeabi_ui2d                  
0001eb01  __aeabi_uidiv                 
0001eb01  __aeabi_uidivmod              
ffffffff  __binit__                     
0001de29  __cmpdf2                      
0001aab9  __divdf3                      
0001de29  __eqdf2                       
0001e6e5  __fixdfsi                     
0001f369  __floatsidf                   
0001f5c9  __floatunsidf                 
0001d969  __gedf2                       
0001d969  __gtdf2                       
0001de29  __ledf2                       
0001de29  __ltdf2                       
UNDEFED   __mpu_init                    
0001b451  __muldf3                      
0001ed2d  __muldsi3                     
0001de29  __nedf2                       
20207e00  __stack                       
20200000  __start___llvm_prf_bits       
20200000  __start___llvm_prf_cnts       
20200000  __stop___llvm_prf_bits        
20200000  __stop___llvm_prf_cnts        
000190fd  __subdf3                      
0001f4e9  _c_int00_noargs               
20206ca8  _device                       
20206bb8  _ftable                       
20207240  _lock                         
0001a1e3  _nop                          
20206f28  _stream                       
20207290  _sys_memory                   
UNDEFED   _system_post_cinit            
0001d11d  _system_pre_init              
20207244  _unlock                       
0001fa0d  abort                         
0001b27d  add_device                    
0001a891  aligned_alloc                 
202071cc  ammoText                      
00014c3c  backText                      
ffffffff  binit                         
0001c991  blitBufferToRenderBuffer      
2020727d  canSwapItems                  
00008480  circuitBoardTex               
0001f829  clearDialogueLine             
0001d009  clearRenderBuffer             
0001e511  close                         
0001ee81  clust2sect                    
0001e3bf  compareSprites                
202070f4  deathScreenTextEnglish        
20207110  deathScreenTextGleeb          
2020712c  deathScreenTextSpanish        
202071d8  deathScreenTexts              
0001bbed  dialogueScreen                
202071f8  dirX                          
20207200  dirY                          
0001c1bd  diskError                     
00017c15  disk_initialize               
00016a49  disk_ioctl                    
0001b535  disk_read                     
0001f1f5  disk_status                   
0001db9d  disk_timerproc                
0001a665  disk_write                    
0001abc5  drawCharToBuffer              
00017e3d  drawForegroundSpriteToBuffer  
2020727e  enabled                       
00014c48  englishText                   
0001f059  exit                          
0001ebc1  f_close                       
00016fad  f_lseek                       
0001cc05  f_mount                       
0001776d  f_open                        
00017251  f_read                        
0001a9a5  f_sync                        
0001f225  fastCos                       
0001ec3d  fastSin                       
0001e415  fillmessage                   
0001f08d  finddevice                    
20206940  flag_done                     
0001982d  floor                         
2020680c  floorGradient                 
0001982d  floorl                        
0001f255  fopen                         
0001b369  free                          
0001f0c1  freopen                       
0001f2b5  friendlyDelay                 
0001c659  generateSprite                
00018dad  getDirectionPacket            
00019f95  getInfoPacket                 
0001bd79  getPositionPacket             
0001d5a9  getRandomMapPos               
00019581  get_fat                       
0001ddbd  getdevice                     
00014c54  gleebText                     
202070a8  gunFlash                      
2020727f  healthCode                    
20207280  hitDir                        
20207274  hitTimer                      
0001e699  inInventory                   
0001f511  initRandom                    
00000000  interruptVectors              
20207178  inventory                     
20207281  isOnTarget                    
20206957  isShooting                    
20206958  isSwapping                    
20207282  isVulnerable                  
20207148  items                         
20207283  itemsStatus                   
20207250  kills                         
20207284  language                      
00014c60  languageMenuTitle             
00014c6c  languageText                  
20207285  lastInput                     
0001f0f5  main                          
00014c78  mainTitleText                 
0001f9cd  malloc                        
00014c84  map2Text                      
0000a480  matrix2                       
20206d20  medkit                        
00014c90  medkitName                    
0001a891  memalign                      
0001f611  memccpy                       
20205500  miniMap                       
20206944  ms_done                       
20206948  ms_passed                     
20207258  numsprites                    
00014c9c  ogMapText                     
0001ca31  open                          
202068e0  otherDirX                     
202068e8  otherDirY                     
2020725c  otherHealth                   
20207260  otherKills                    
20207264  otherPlayer                   
202068f0  otherPosX                     
202068f8  otherPosY                     
0000f7f0  outofammoSound                
202068d8  parmbuf                       
20206d88  pistol                        
00014ca8  pistolName                    
0000e2f8  pistolSound                   
20207208  planeX                        
20207210  planeY                        
20207268  playerHealth                  
20207218  posX                          
20207220  posY                          
0001df5d  printAmmo                     
0001f15d  printItem                     
0001cee9  printLeaderboard              
0001bfad  printToBuffer                 
0001eda1  processHit                    
0001885d  put_fat                       
00019e61  qsort                         
20206df0  railgun                       
00014cb4  railgunName                   
0001edd9  rand                          
000000c0  reloadSound                   
20206959  reloaded                      
0001fa01  remove                        
20200000  renderBuffer                  
0001be39  respawnPlayer                 
20206e58  rifle                         
20207286  rifleCanShoot                 
00014cc0  rifleName                     
00014ccc  selectMapText                 
0001d335  sendDirectionPacket           
0001ecb5  sendInfoPacket                
0001f285  sendMenuState                 
0001d3b5  sendPositionPacket            
0001e205  setPixelBuffer                
0001b6f9  setvbuf                       
20206ec0  shotgun                       
00014cd8  shotgunName                   
0000c480  shotgunSound                  
00014ce4  spanishText                   
0001ee11  sprintf                       
0001f5ed  srand                         
00014cf0  startGameText                 
0001ee49  start_delay                   
0001d121  strcmp                        
202071bc  textures                      
0001f2e3  typeDialogueLine              
0001f419  unlink                        
20206f78  valvanoDialogueEnglish        
20206fc0  valvanoDialogueGleeb          
20207008  valvanoDialogueSpanish        
202071e4  valvanoDialogues              
0000ee96  weaploadSound                 
20205980  worldMap                      
0001f4c1  write                         


GLOBAL SYMBOLS: SORTED BY Symbol Address 

address   name                          
-------   ----                          
00000000  __TI_ATRegion0_region_sz      
00000000  __TI_ATRegion0_src_addr       
00000000  __TI_ATRegion0_trg_addr       
00000000  __TI_ATRegion1_region_sz      
00000000  __TI_ATRegion1_src_addr       
00000000  __TI_ATRegion1_trg_addr       
00000000  __TI_ATRegion2_region_sz      
00000000  __TI_ATRegion2_src_addr       
00000000  __TI_ATRegion2_trg_addr       
00000000  __TI_static_base__            
00000000  interruptVectors              
000000c0  reloadSound                   
00000200  __STACK_SIZE                  
00000200  __SYSMEM_SIZE                 
00002480  DrM0Back                      
00004480  DrM0Front                     
00006480  SCBarkley                     
00008480  circuitBoardTex               
0000a480  matrix2                       
0000c480  shotgunSound                  
0000e2f8  pistolSound                   
0000ee96  weaploadSound                 
0000f7f0  outofammoSound                
00010140  ExplosionImage                
00010940  PistolImage                   
00011140  RailgunImage                  
00011940  RifleImage                    
00012140  ShotgunImage                  
00013336  Map2                          
00013576  OGMap                         
000137b6  Ammosprite                    
000139b6  Medkitsprite                  
00013bb6  Pistolsprite                  
00013db6  Railgunsprite                 
00013fb6  Riflesprite                   
000141b6  Shotgunsprite                 
00014c3c  backText                      
00014c48  englishText                   
00014c54  gleebText                     
00014c60  languageMenuTitle             
00014c6c  languageText                  
00014c78  mainTitleText                 
00014c84  map2Text                      
00014c90  medkitName                    
00014c9c  ogMapText                     
00014ca8  pistolName                    
00014cb4  railgunName                   
00014cc0  rifleName                     
00014ccc  selectMapText                 
00014cd8  shotgunName                   
00014ce4  spanishText                   
00014cf0  startGameText                 
00014f01  MovePlayer                    
00015679  RenderSprite                  
0001620d  CastRays                      
00016a49  disk_ioctl                    
00016d01  Menus_Run                     
00016fad  f_lseek                       
00017251  f_read                        
000174e9  __TI_printfi_minimal          
0001776d  f_open                        
000179dd  DrawCrosshair                 
00017c15  disk_initialize               
00017e3d  drawForegroundSpriteToBuffer  
00018055  ST7735_DrawTextBoxS_IF        
00018269  ST7735_DrawBitmap             
00018479  DrawHealthBar                 
0001866d  ST7735_DrawTextBoxS           
0001885d  put_fat                       
00018bf9  Clock_Init80MHz               
00018dad  getDirectionPacket            
00018f5d  ST7735_DrawCharS              
000190fd  __aeabi_dsub                  
000190fd  __subdf3                      
00019107  __adddf3                      
00019107  __aeabi_dadd                  
0001928f  __aeabi_idiv0                 
00019291  RenderSprites                 
00019581  get_fat                       
0001982d  floor                         
0001982d  floorl                        
00019ab5  SPI1_Init                     
00019bf5  DeathScreen                   
00019e61  qsort                         
00019f95  getInfoPacket                 
0001a1e3  _nop                          
0001a1e5  ADC_InitDual                  
0001a54d  ST7735_FillRect               
0001a665  disk_write                    
0001a77d  ST7735_DrawBitmapFromSDC      
0001a891  aligned_alloc                 
0001a891  memalign                      
0001a9a5  f_sync                        
0001aab9  __aeabi_ddiv                  
0001aab9  __divdf3                      
0001abc5  drawCharToBuffer              
0001acc5  SPI_Init                      
0001adbd  ADC0_Init                     
0001aeb1  RenderForegroundSprites       
0001afa5  RenderSky                     
0001b099  ST7735_SetRotation            
0001b18d  Inventory_add                 
0001b27d  add_device                    
0001b369  free                          
0001b451  __aeabi_dmul                  
0001b451  __muldf3                      
0001b535  disk_read                     
0001b619  Inventory_replace             
0001b6f9  setvbuf                       
0001b7d9  DrawHitIndicator              
0001b8b5  ST7735_OutChar                
0001b985  UART2_Init                    
0001ba55  GameLoop                      
0001bb21  RandomizeSprites              
0001bbed  dialogueScreen                
0001bcb5  TIMG12_IRQHandler             
0001bd79  getPositionPacket             
0001be39  respawnPlayer                 
0001bfad  printToBuffer                 
0001c1bd  diskError                     
0001c269  DAC_Init                      
0001c311  RenderInventory               
0001c3b9  TimerA0_IntArm                
0001c461  TimerG6_IntArm                
0001c509  TimerG7_IntArm                
0001c5b1  TimerG8_IntArm                
0001c659  generateSprite                
0001c7a9  TimerG0_IntArm                
0001c991  blitBufferToRenderBuffer      
0001ca31  open                          
0001cad1  ST7735_InitPrintf             
0001cb6d  ST7735_InitR                  
0001cc05  f_mount                       
0001cc9d  SoundSD_Service               
0001cd31  SysTick_Handler               
0001cdc5  TimerG12_IntArm               
0001ce59  FillMap                       
0001cee9  printLeaderboard              
0001d009  clearRenderBuffer             
0001d11d  _system_pre_init              
0001d121  strcmp                        
0001d1a9  PrecalculateFloorGradient     
0001d22d  ST7735_DrawString             
0001d2b1  ST7735_OutUDec                
0001d335  sendDirectionPacket           
0001d3b5  sendPositionPacket            
0001d435  LaunchPad_Init                
0001d4b1  UART1_Init                    
0001d52d  __TI_closefile                
0001d5a9  getRandomMapPos               
0001d625  __TI_decompress_lzss          
0001d6a1  DrawMinimap                   
0001d719  RenderHUD                     
0001d87f  Inventory_removeCurrent       
0001d8f5  TIMG7_IRQHandler              
0001d969  __gedf2                       
0001d969  __gtdf2                       
0001d9dd  Graphics_Init                 
0001da4d  ST7735_DrawPixel              
0001dabd  SoundSD_Play                  
0001db2d  TFT_OutCommand                
0001db9d  disk_timerproc                
0001dc0d  HOSTlseek                     
0001dc79  HOSTrename                    
0001dce5  TFT_OutData                   
0001dd51  UART2_IRQHandler              
0001ddbd  getdevice                     
0001de29  __cmpdf2                      
0001de29  __eqdf2                       
0001de29  __ledf2                       
0001de29  __ltdf2                       
0001de29  __nedf2                       
0001def9  ADC_InDual                    
0001df5d  printAmmo                     
0001e025  __aeabi_dcmpeq                
0001e039  __aeabi_dcmplt                
0001e04d  __aeabi_dcmple                
0001e061  __aeabi_dcmpge                
0001e075  __aeabi_dcmpgt                
0001e0e9  HOSTopen                      
0001e1a9  TIMG8_IRQHandler              
0001e205  setPixelBuffer                
0001e261  HOSTread                      
0001e2b9  HOSTwrite                     
0001e311  ST7735_ClearScreenBlack       
0001e369  __aeabi_idiv                  
0001e369  __aeabi_idivmod               
0001e3bf  compareSprites                
0001e415  fillmessage                   
0001e4bd  __TI_doflush                  
0001e511  close                         
0001e601  RxFifo_Get                    
0001e64d  RxFifo_Put                    
0001e699  inInventory                   
0001e6e5  __aeabi_d2iz                  
0001e6e5  __fixdfsi                     
0001e779  HOSTclose                     
0001e7c1  HOSTunlink                    
0001e809  SoundSD_Init                  
0001e851  Sound_Init                    
0001e899  Sound_Start                   
0001e8e1  TIMG0_IRQHandler              
0001e971  ADC0_In                       
0001e9b5  Input_Init                    
0001e9f9  RenderScene                   
0001ea81  SPI_Reset                     
0001eac1  TIMA0_IRQHandler              
0001eb01  __aeabi_uidiv                 
0001eb01  __aeabi_uidivmod              
0001ebc1  f_close                       
0001ec01  RenderBuffer                  
0001ec3d  fastSin                       
0001ecb5  sendInfoPacket                
0001ecf1  __TI_auto_init_nobinit_nopinit
0001ed2d  __muldsi3                     
0001ed69  ActivatePortA_B               
0001eda1  processHit                    
0001edd9  rand                          
0001ee11  sprintf                       
0001ee49  start_delay                   
0001ee81  clust2sect                    
0001eeed  Clock_Delay1ms                
0001ef21  ST7735_SetCursor              
0001ef55  ST7735_write                  
0001ef89  SystemInit                    
0001efbd  __TI_cleanup                  
0001eff1  __TI_readmsg                  
0001f025  __TI_writemsg                 
0001f051  C$$IO$$                       
0001f059  exit                          
0001f08d  finddevice                    
0001f0c1  freopen                       
0001f0f5  main                          
0001f15d  printItem                     
0001f191  ST7735_Color565               
0001f1f5  disk_status                   
0001f225  fastCos                       
0001f255  fopen                         
0001f285  sendMenuState                 
0001f2b5  friendlyDelay                 
0001f2e3  typeDialogueLine              
0001f33d  ST7735_FillScreen             
0001f369  __aeabi_i2d                   
0001f369  __floatsidf                   
0001f419  unlink                        
0001f445  UART2_InChar                  
0001f4c1  write                         
0001f4e9  _c_int00_noargs               
0001f511  initRandom                    
0001f55d  CS_Init                       
0001f581  Inventory_next                
0001f5a5  Joy_Init                      
0001f5c9  __aeabi_ui2d                  
0001f5c9  __floatunsidf                 
0001f5ed  srand                         
0001f611  memccpy                       
0001f633  Item_isWeapon                 
0001f6cd  ADC0_IRQHandler               
0001f6cd  ADC1_IRQHandler               
0001f6cd  AES_IRQHandler                
0001f6cd  CANFD0_IRQHandler             
0001f6cd  DAC0_IRQHandler               
0001f6cd  DMA_IRQHandler                
0001f6cd  Default_Handler               
0001f6cd  GROUP0_IRQHandler             
0001f6cd  GROUP1_IRQHandler             
0001f6cd  I2C0_IRQHandler               
0001f6cd  I2C1_IRQHandler               
0001f6cd  NMI_Handler                   
0001f6cd  PendSV_Handler                
0001f6cd  RTC_IRQHandler                
0001f6cd  SPI0_IRQHandler               
0001f6cd  SPI1_IRQHandler               
0001f6cd  SVC_Handler                   
0001f6cd  TIMA1_IRQHandler              
0001f6cd  UART0_IRQHandler              
0001f6cd  UART1_IRQHandler              
0001f6cd  UART3_IRQHandler              
0001f6e9  HardFault_Handler             
0001f705  Joy_In                        
0001f73d  RxFifo_Size                   
0001f755  SoundEffects_disable          
0001f76d  SoundEffects_enable           
0001f785  SoundSD_Mount                 
0001f79d  TIMG6_IRQHandler              
0001f7b5  UART1_OutChar                 
0001f7fd  ST7735_open                   
0001f813  ST7735_read                   
0001f829  clearDialogueLine             
0001f841  DAC_Out                       
0001f855  RxFifo_Init                   
0001f869  ST7735_SetTextColor           
0001f87d  Inventory_currentItem         
0001f88f  Item_isSpent                  
0001f8a1  TI_memcpy_small               
0001f8b3  __TI_decompress_none          
0001f8c5  Clock_Delay                   
0001f8d5  Delay                         
0001f8e5  Joy_InButton                  
0001f8f5  ReadKeys                      
0001f905  __TI_zero_init                
0001f923  ST7735_lseek                  
0001f931  __aeabi_memset                
0001f931  __aeabi_memset4               
0001f931  __aeabi_memset8               
0001f969  TI_memset_small               
0001f99d  Clock_Freq                    
0001f9a9  ST7735_rename                 
0001f9b5  Sync_Init                     
0001f9c1  __aeabi_memclr                
0001f9c1  __aeabi_memclr4               
0001f9c1  __aeabi_memclr8               
0001f9cd  malloc                        
0001f9d9  ST7735_close                  
0001f9e3  ST7735_unlink                 
0001f9f9  __aeabi_memcpy                
0001f9f9  __aeabi_memcpy4               
0001f9f9  __aeabi_memcpy8               
0001fa01  remove                        
0001fa09  Reset_Handler                 
0001fa0c  C$$EXIT                       
0001fa0d  abort                         
0001fd90  __TI_Handler_Table_Base       
0001fd9c  __TI_Handler_Table_Limit      
0001fda4  __TI_CINIT_Base               
0001fdb4  __TI_CINIT_Limit              
0001fdb4  __TI_CINIT_Warm               
20200000  __start___llvm_prf_bits       
20200000  __start___llvm_prf_cnts       
20200000  __stop___llvm_prf_bits        
20200000  __stop___llvm_prf_cnts        
20200000  renderBuffer                  
20205000  ZBuffer                       
20205500  miniMap                       
20205980  worldMap                      
2020664c  _CIOBUF_                      
2020664c  __CIOBUF_                     
2020676c  __TI_tmpnams                  
2020680c  floorGradient                 
202068cc  Message                       
202068d8  parmbuf                       
202068e0  otherDirX                     
202068e8  otherDirY                     
202068f0  otherPosX                     
202068f8  otherPosY                     
2020691c  Joy_x                         
20206920  Joy_y                         
20206924  LCDresetFlag                  
20206928  Length                        
2020692c  LostData                      
20206930  Messageindex                  
20206934  RxGetI                        
20206938  RxPutI                        
2020693c  SoundPt                       
20206940  flag_done                     
20206944  ms_done                       
20206948  ms_passed                     
20206955  InitStatus                    
20206956  MountFresult                  
20206957  isShooting                    
20206958  isSwapping                    
20206959  reloaded                      
20206960  Sprites                       
20206bb8  _ftable                       
20206ca8  _device                       
20206d20  medkit                        
20206d88  pistol                        
20206df0  railgun                       
20206e58  rifle                         
20206ec0  shotgun                       
20206f28  _stream                       
20206f78  valvanoDialogueEnglish        
20206fc0  valvanoDialogueGleeb          
20207008  valvanoDialogueSpanish        
20207080  SoundEffects                  
202070a8  gunFlash                      
202070f4  deathScreenTextEnglish        
20207110  deathScreenTextGleeb          
2020712c  deathScreenTextSpanish        
20207148  items                         
20207178  inventory                     
202071bc  textures                      
202071cc  ammoText                      
202071d8  deathScreenTexts              
202071e4  valvanoDialogues              
202071f0  __TI_cleanup_ptr              
202071f4  __TI_dtors_ptr                
202071f8  dirX                          
20207200  dirY                          
20207208  planeX                        
20207210  planeY                        
20207218  posX                          
20207220  posY                          
20207228  BusFreq                       
20207230  StX                           
20207234  StY                           
2020723c  __TI_ft_end                   
20207240  _lock                         
20207244  _unlock                       
20207250  kills                         
20207258  numsprites                    
2020725c  otherHealth                   
20207260  otherKills                    
20207264  otherPlayer                   
20207268  playerHealth                  
2020726c  StTextColor                   
20207274  hitTimer                      
20207278  SoundMode                     
2020727d  canSwapItems                  
2020727e  enabled                       
2020727f  healthCode                    
20207280  hitDir                        
20207281  isOnTarget                    
20207282  isVulnerable                  
20207283  itemsStatus                   
20207284  language                      
20207285  lastInput                     
20207286  rifleCanShoot                 
20207290  _sys_memory                   
20207e00  __stack                       
20208000  __STACK_END                   
ffffffff  __TI_pprof_out_hndl           
ffffffff  __TI_prof_data_size           
ffffffff  __TI_prof_data_start          
ffffffff  __binit__                     
ffffffff  binit                         
UNDEFED   __mpu_init                    
UNDEFED   _system_post_cinit            

[428 symbols]
