******************************************************************************
            TI ARM Clang Linker PC v4.0.1                      
******************************************************************************
>> Linked Fri Apr 11 00:43:54 2025

OUTPUT FILE NAME:   <TheM0+rix_Segfaulted.out>
ENTRY POINT SYMBOL: "_c_int00_noargs"  address: 0001c589


MEMORY CONFIGURATION

         name            origin    length      used     unused   attr    fill
----------------------  --------  ---------  --------  --------  ----  --------
  FLASH                 00000000   00020000  0001cba8  00003458  R  X
  SRAM                  20200000   00008000  000068ab  00001755  RW X
  BCR_CONFIG            41c00000   00000080  00000000  00000080  R   
  BSL_CONFIG            41c00100   00000080  00000000  00000080  R   


SEGMENT ALLOCATION MAP

run origin  load origin   length   init length attrs members
----------  ----------- ---------- ----------- ----- -------
00000000    00000000    0001cba8   0001cba8    r-x
  00000000    00000000    000000c0   000000c0    r-- .intvecs
  000000c0    000000c0    00015a70   00015a70    r-- .rodata
  00015b30    00015b30    00006e80   00006e80    r-x .text
  0001c9b0    0001c9b0    000001f8   000001f8    r-- .cinit
20200000    20200000    000066b8   00000000    rw-
  20200000    20200000    00005e7a   00000000    rw- .bss
  20205e80    20205e80    00000631   00000000    rw- .data
  202064b8    202064b8    00000200   00000000    rw- .sysmem
20207e00    20207e00    00000200   00000000    rw-
  20207e00    20207e00    00000200   00000000    rw- .stack


SECTION ALLOCATION MAP

 output                                  attributes/
section   page    origin      length       input sections
--------  ----  ----------  ----------   ----------------
.intvecs   0    00000000    000000c0     
                  00000000    000000c0     startup_mspm0g3507_ticlang.o (.intvecs)

.text      0    00015b30    00006e80     
                  00015b30    00000a48     libc.a : e_pow.c.obj (.text.pow)
                  00016578    000006cc     Input.o (.text.MovePlayer)
                  00016c44    0000058c     sprites.o (.text.RenderSprite)
                  000171d0    00000524     Graphics.o (.text.CastRays)
                  000176f4    00000284     libc.a : _printfi.c.obj (.text:__TI_printfi_minimal)
                  00017978    00000238     Graphics.o (.text.DrawCrosshair)
                  00017bb0    00000218     Buffer.o (.text.drawForegroundSpriteToBuffer)
                  00017dc8    00000210     ST7735.o (.text.ST7735_DrawBitmap)
                  00017fd8    000001f4     Graphics.o (.text.DrawHealthBar)
                  000181cc    000001b4     Clock.o (.text.Clock_Init80MHz)
                  00018380    000001a8     ST7735.o (.text.ST7735_DrawChar)
                  00018528    00000192     libclang_rt.builtins.a : adddf3.S.obj (.text.adddf3_subdf3)
                  000186ba    00000002                            : aeabi_div0.c.obj (.text.__aeabi_idiv0)
                  000186bc    0000018c     sprites.o (.text.RenderSprites)
                  00018848    00000170     libc.a : e_sqrt.c.obj (.text.sqrt)
                  000189b8    00000154            : fopen.c.obj (.text._openfile)
                  00018b0c    00000144            : s_floor.c.obj (.text.floor)
                  00018c50    00000134            : qsort.c.obj (.text.qsort)
                  00018d84    00000124     ADC.o (.text.ADC_InitDual)
                  00018ea8    00000118     ST7735.o (.text.ST7735_FillRect)
                  00018fc0    00000114     libc.a : memory.c.obj (.text.aligned_alloc)
                  000190d4    0000010c     libclang_rt.builtins.a : divdf3.S.obj (.text.__divdf3)
                  000191e0    0000010c     Sync.o (.text.getInfoPacket)
                  000192ec    00000100     Buffer.o (.text.drawCharToBuffer)
                  000193ec    000000f8     SPI.o (.text.SPI_Init)
                  000194e4    000000f8     libc.a : fputs.c.obj (.text.fputs)
                  000195dc    000000f4     sprites.o (.text.RenderForegroundSprites)
                  000196d0    000000f4     Graphics.o (.text.RenderSky)
                  000197c4    000000f4     ST7735.o (.text.ST7735_SetRotation)
                  000198b8    000000ec     libsysbm.a : add_device.c.obj (.text.add_device)
                  000199a4    000000e8     libc.a : memory.c.obj (.text.free)
                  00019a8c    000000e4     libclang_rt.builtins.a : muldf3.S.obj (.text.__muldf3)
                  00019b70    000000e0     libc.a : setvbuf.c.obj (.text.setvbuf)
                  00019c50    000000d8            : s_scalbn.c.obj (.text.scalbn)
                  00019d28    000000d0     Inventory.o (.text.Inventory_add)
                  00019df8    000000d0     ST7735.o (.text.ST7735_OutChar)
                  00019ec8    000000d0     UART2.o (.text.UART2_Init)
                  00019f98    000000c4     Input.o (.text.TIMG12_IRQHandler)
                  0001a05c    000000c0     main.o (.text.main)
                  0001a11c    000000b4     Buffer.o (.text.printToBuffer)
                  0001a1d0    000000a8     DAC.o (.text.DAC_Init)
                  0001a278    000000a8     sprites.o (.text.RenderInventory)
                  0001a320    000000a8     Timer.o (.text.TimerG6_IntArm)
                  0001a3c8    000000a8     Timer.o (.text.TimerG7_IntArm)
                  0001a470    000000a8     Timer.o (.text.TimerG8_IntArm)
                  0001a518    000000a4     Timer.o (.text.TimerG0_IntArm)
                  0001a5bc    000000a2     ST7735.o (.text.commandList)
                  0001a65e    00000002     libc.a : _lock.c.obj (.text._nop)
                  0001a660    000000a0     Buffer.o (.text.blitBufferToRenderBuffer)
                  0001a700    000000a0     libsysbm.a : open.c.obj (.text.open)
                  0001a7a0    0000009c     ST7735.o (.text.ST7735_InitPrintf)
                  0001a83c    0000009c     libc.a : fputc.c.obj (.text.fputc)
                  0001a8d8    0000009c     Sync.o (.text.getPositionPacket)
                  0001a974    00000098     ST7735.o (.text.ST7735_InitR)
                  0001aa0c    00000094     Timer.o (.text.TimerG12_IntArm)
                  0001aaa0    00000090     Graphics.o (.text.FillMap)
                  0001ab30    0000008c     Buffer.o (.text.clearRenderBuffer)
                  0001abbc    00000088     ST7735.o (.text.setAddrWindow)
                  0001ac44    0000000c     Clock.o (.text.Clock_Freq)
                  0001ac50    00000088     libc.a : strcmp-armv6m.S.obj (.text:strcmp)
                  0001acd8    00000084     Buffer.o (.text.PrecalculateFloorGradient)
                  0001ad5c    00000084     ST7735.o (.text.ST7735_DrawString)
                  0001ade0    00000080     Sync.o (.text.sendPositionPacket)
                  0001ae60    0000007c     LaunchPad.o (.text.LaunchPad_Init)
                  0001aedc    0000007c     UART1.o (.text.UART1_Init)
                  0001af58    0000007c     libc.a : fclose.c.obj (.text.__TI_closefile)
                  0001afd4    0000007c            : copy_decompress_lzss.c.obj (.text:decompress:lzss)
                  0001b050    00000078     Graphics.o (.text.DrawMinimap)
                  0001b0c8    00000074     Inventory.o (.text.Inventory_removeCurrent)
                  0001b13c    00000074     libclang_rt.builtins.a : comparedf2.c.obj (.text.__gedf2)
                  0001b1b0    00000070     Graphics.o (.text.RenderHUD)
                  0001b220    0000006c     libsysbm.a : hostlseek.c.obj (.text.HOSTlseek)
                  0001b28c    0000006c                : hostrename.c.obj (.text.HOSTrename)
                  0001b2f8    0000006c     UART2.o (.text.UART2_IRQHandler)
                  0001b364    0000006c     libc.a : fseek.c.obj (.text.fseeko)
                  0001b3d0    0000006c            : getdevice.c.obj (.text.getdevice)
                  0001b43c    00000068     libclang_rt.builtins.a : comparedf2.c.obj (.text.__ledf2)
                  0001b4a4    00000064     ADC.o (.text.ADC_InDual)
                  0001b508    00000064     libc.a : _io_perm.c.obj (.text.__TI_wrt_ok)
                  0001b56c    00000064            : memory.c.obj (.text.split)
                  0001b5d0    00000062     libclang_rt.builtins.a : aeabi_dcmp.S.obj (.text.__aeabi_dcmp)
                  0001b632    00000002     --HOLE-- [fill = 0]
                  0001b634    00000060     libsysbm.a : hostopen.c.obj (.text.HOSTopen)
                  0001b694    0000005c     libc.a : printf.c.obj (.text.printf)
                  0001b6f0    0000005c     Buffer.o (.text.setPixelBuffer)
                  0001b74c    00000058     libsysbm.a : hostread.c.obj (.text.HOSTread)
                  0001b7a4    00000058                : hostwrite.c.obj (.text.HOSTwrite)
                  0001b7fc    00000058     Sync.o (.text.TIMG7_IRQHandler)
                  0001b854    00000056     libclang_rt.builtins.a : aeabi_idivmod.S.obj (.text.__aeabi_idivmod)
                  0001b8aa    00000056     sprites.o (.text.compareSprites)
                  0001b900    00000052     libc.a : fflush.c.obj (.text.__TI_doflush)
                  0001b952    00000002     --HOLE-- [fill = 0]
                  0001b954    00000050     libsysbm.a : close.c.obj (.text.close)
                  0001b9a4    0000004c     FIFO.o (.text.RxFifo_Get)
                  0001b9f0    0000004c     FIFO.o (.text.RxFifo_Put)
                  0001ba3c    0000004c     Sync.o (.text.TIMG8_IRQHandler)
                  0001ba88    0000004c     Inventory.o (.text.inInventory)
                  0001bad4    0000004c     Graphics.o (.text.printAmmo)
                  0001bb20    0000004a     libclang_rt.builtins.a : fixdfsi.S.obj (.text.__fixdfsi)
                  0001bb6a    00000002     --HOLE-- [fill = 0]
                  0001bb6c    00000048     libsysbm.a : hostclose.c.obj (.text.HOSTclose)
                  0001bbb4    00000048                : hostunlink.c.obj (.text.HOSTunlink)
                  0001bbfc    00000048     SPI.o (.text.SPI_OutCommand)
                  0001bc44    00000048     Sounds.o (.text.Sound_Init)
                  0001bc8c    00000048     Async_Delay.o (.text.TIMG0_IRQHandler)
                  0001bcd4    00000044     Input.o (.text.Input_Init)
                  0001bd18    00000044     Sounds.o (.text.SysTick_Handler)
                  0001bd5c    00000044     sprites.o (.text.generateSprite)
                  0001bda0    00000040     Graphics.o (.text.RenderScene)
                  0001bde0    00000040     SPI.o (.text.SPI_Reset)
                  0001be20    00000040     Sync.o (.text.TIMG6_IRQHandler)
                  0001be60    00000040     libclang_rt.builtins.a : aeabi_uidivmod.S.obj (.text.__aeabi_uidivmod)
                  0001bea0    00000040     libc.a : fopen.c.obj (.text._search_fp)
                  0001bee0    0000003c     Sync.o (.text.Sync_Init)
                  0001bf1c    0000003c     Input.o (.text.fastSin)
                  0001bf58    0000003c     Sync.o (.text.sendInfoPacket)
                  0001bf94    0000003c     Async_Delay.o (.text.start_delay)
                  0001bfd0    0000003c     libc.a : autoinit.c.obj (.text:__TI_auto_init_nobinit_nopinit)
                  0001c00c    0000003a     libclang_rt.builtins.a : muldsi3.S.obj (.text.__muldsi3)
                  0001c046    00000002     --HOLE-- [fill = 0]
                  0001c048    00000038     LaunchPad.o (.text.ActivatePortA_B)
                  0001c080    00000038     Buffer.o (.text.RenderBuffer)
                  0001c0b8    00000038     SPI.o (.text.SPI_OutData)
                  0001c0f0    00000038     Sounds.o (.text.Sound_Start)
                  0001c128    00000038     libc.a : rand.c.obj (.text.rand)
                  0001c160    00000038            : sprintf.c.obj (.text.sprintf)
                  0001c198    00000034     Clock.o (.text.Clock_Delay1ms)
                  0001c1cc    00000034     ST7735.o (.text.ST7735_SetCursor)
                  0001c200    00000034     ST7735.o (.text.ST7735_write)
                  0001c234    00000034     libc.a : fopen.c.obj (.text.__TI_cleanup)
                  0001c268    00000034     libsysbm.a : trgmsg.c.obj (.text.__TI_readmsg)
                  0001c29c    00000034                : trgmsg.c.obj (.text.__TI_writemsg)
                  0001c2d0    00000034     libc.a : exit.c.obj (.text.exit)
                  0001c304    00000034            : getdevice.c.obj (.text.finddevice)
                  0001c338    00000034            : fopen.c.obj (.text.freopen)
                  0001c36c    00000034     Graphics.o (.text.printItem)
                  0001c3a0    00000030     main.o (.text.SystemInit)
                  0001c3d0    00000030     ST7735.o (.text.commonInit)
                  0001c400    00000030     Input.o (.text.fastCos)
                  0001c430    00000030     libc.a : fopen.c.obj (.text.fopen)
                  0001c460    0000002c     ST7735.o (.text.ST7735_FillScreen)
                  0001c48c    0000002c     libclang_rt.builtins.a : floatsidf.S.obj (.text.__floatsidf)
                  0001c4b8    0000002c     libsysbm.a : unlink.c.obj (.text.unlink)
                  0001c4e4    0000002a     UART2.o (.text.UART2_InChar)
                  0001c50e    00000002     --HOLE-- [fill = 0]
                  0001c510    00000028     libc.a : memory.c.obj (.text.free_list_insert)
                  0001c538    00000028     libsysbm.a : lseek.c.obj (.text.lseek)
                  0001c560    00000028                : write.c.obj (.text.write)
                  0001c588    00000028     libc.a : boot_cortex_m.c.obj (.text:_c_int00_noargs)
                  0001c5b0    00000024     Inventory.o (.text.Inventory_next)
                  0001c5d4    00000024     Joy.o (.text.Joy_Init)
                  0001c5f8    00000024     libclang_rt.builtins.a : floatunsidf.S.obj (.text.__floatunsidf)
                  0001c61c    00000022     libc.a : memccpy.c.obj (.text.memccpy)
                  0001c63e    00000002     --HOLE-- [fill = 0]
                  0001c640    00000020     Graphics.o (.text.Graphics_Init)
                  0001c660    00000020     Inventory.o (.text.Item_isWeapon)
                  0001c680    0000001e     ST7735.o (.text.pushColor)
                  0001c69e    00000002     --HOLE-- [fill = 0]
                  0001c6a0    0000001c     startup_mspm0g3507_ticlang.o (.text.Default_Handler)
                  0001c6bc    0000001c     startup_mspm0g3507_ticlang.o (.text.HardFault_Handler)
                  0001c6d8    0000001c     Joy.o (.text.Joy_In)
                  0001c6f4    0000001c     libc.a : memory.c.obj (.text.free_list_remove)
                  0001c710    00000018     FIFO.o (.text.RxFifo_Size)
                  0001c728    00000018     UART1.o (.text.UART1_OutChar)
                  0001c740    00000018     libc.a : sprintf.c.obj (.text._outs)
                  0001c758    00000016     ST7735.o (.text.ST7735_open)
                  0001c76e    00000016     ST7735.o (.text.ST7735_read)
                  0001c784    00000014     DAC.o (.text.DAC_Out)
                  0001c798    00000014     FIFO.o (.text.RxFifo_Init)
                  0001c7ac    00000012     Inventory.o (.text.Inventory_currentItem)
                  0001c7be    00000012     Inventory.o (.text.Item_isSpent)
                  0001c7d0    00000012     libc.a : memcpy16.S.obj (.text:TI_memcpy_small)
                  0001c7e2    00000012            : copy_decompress_none.c.obj (.text:decompress:none)
                  0001c7f4    00000010     Clock.o (.text.Clock_Delay)
                  0001c804    00000010     LaunchPad.o (.text.Delay)
                  0001c814    00000010     Joy.o (.text.Joy_InButton)
                  0001c824    00000010     Input.o (.text.ReadKeys)
                  0001c834    00000010     libc.a : copy_zero_init.c.obj (.text:decompress:ZI)
                  0001c844    0000000e            : memory.c.obj (.text.OUTLINED_FUNCTION_0)
                  0001c852    0000000e     ST7735.o (.text.ST7735_lseek)
                  0001c860    0000000e     libclang_rt.builtins.a : aeabi_memset.S.obj (.text.__aeabi_memset)
                  0001c86e    0000000e     libsysbm.a : hostrename.c.obj (.text.strcpy)
                  0001c87c    0000000e     libc.a : _printfi.c.obj (.text.strlen)
                  0001c88a    0000000e     libsysbm.a : hostrename.c.obj (.text.strlen)
                  0001c898    0000000e     libc.a : memset16.S.obj (.text:TI_memset_small)
                  0001c8a6    0000000c     ST7735.o (.text.ST7735_rename)
                  0001c8b2    00000002     --HOLE-- [fill = 0]
                  0001c8b4    0000000c     libclang_rt.builtins.a : aeabi_memset.S.obj (.text.__aeabi_memclr)
                  0001c8c0    0000000c     libc.a : memory.c.obj (.text.malloc)
                  0001c8cc    0000000a            : e_pow.c.obj (.text.OUTLINED_FUNCTION_0)
                  0001c8d6    00000002     --HOLE-- [fill = 0]
                  0001c8d8    00000010     libclang_rt.builtins.a : muldf3.S.obj (.tramp.__aeabi_dmul.1)
                  0001c8e8    0000000a     libc.a : e_pow.c.obj (.text.OUTLINED_FUNCTION_1)
                  0001c8f2    0000000a            : e_pow.c.obj (.text.OUTLINED_FUNCTION_6)
                  0001c8fc    0000000a     ST7735.o (.text.ST7735_close)
                  0001c906    0000000a     ST7735.o (.text.ST7735_unlink)
                  0001c910    0000000a     libc.a : sprintf.c.obj (.text._outc)
                  0001c91a    00000008            : e_pow.c.obj (.text.OUTLINED_FUNCTION_2)
                  0001c922    00000002     --HOLE-- [fill = 0]
                  0001c924    00000010     libclang_rt.builtins.a : adddf3.S.obj (.tramp.__aeabi_dsub.1)
                  0001c934    00000008     libc.a : aeabi_portable.c.obj (.text.__aeabi_errno_addr)
                  0001c93c    00000008     libclang_rt.builtins.a : aeabi_memcpy.S.obj (.text.__aeabi_memcpy)
                  0001c944    00000008     libc.a : printf.c.obj (.text._outc)
                  0001c94c    00000008            : printf.c.obj (.text._outs)
                  0001c954    00000008            : fseek.c.obj (.text.fseek)
                  0001c95c    00000008     libsysbm.a : remove.c.obj (.text.remove)
                  0001c964    00000006     libc.a : e_pow.c.obj (.text.OUTLINED_FUNCTION_3)
                  0001c96a    00000002     --HOLE-- [fill = 0]
                  0001c96c    00000010     libclang_rt.builtins.a : adddf3.S.obj (.tramp.__aeabi_dadd.1)
                  0001c97c    00000006     libc.a : e_pow.c.obj (.text.OUTLINED_FUNCTION_4)
                  0001c982    00000006            : e_pow.c.obj (.text.OUTLINED_FUNCTION_5)
                  0001c988    00000004            : e_pow.c.obj (.text.OUTLINED_FUNCTION_10)
                  0001c98c    00000004            : e_pow.c.obj (.text.OUTLINED_FUNCTION_7)
                  0001c990    00000004            : e_pow.c.obj (.text.OUTLINED_FUNCTION_8)
                  0001c994    00000004            : e_pow.c.obj (.text.OUTLINED_FUNCTION_9)
                  0001c998    00000004     startup_mspm0g3507_ticlang.o (.text.Reset_Handler)
                  0001c99c    00000004     libc.a : pre_init.c.obj (.text._system_pre_init)
                  0001c9a0    00000004            : exit.c.obj (.text:abort)
                  0001c9a4    0000000c     --HOLE-- [fill = 0]

.cinit     0    0001c9b0    000001f8     
                  0001c9b0    000001d2     (.cinit..data.load) [load image, compression = lzss]
                  0001cb82    00000002     --HOLE-- [fill = 0]
                  0001cb84    0000000c     (__TI_handler_table)
                  0001cb90    00000008     (.cinit..bss.load) [load image, compression = zero_init]
                  0001cb98    00000010     (__TI_cinit_table)

.rodata    0    000000c0    00016270     
                  000000c0    00004900     Sounds.o (.rodata.reloadSound)
                  000049c0    00002ab4     Sounds.o (.rodata.pistolSound)
                  00007474    00002000     Graphics.o (.rodata.SCBarkley)
                  00009474    00002000     Graphics.o (.rodata.circuitBoardTex2)
                  0000b474    00002000     Graphics.o (.rodata.circuitBoardTex)
                  0000d474    00002000     Graphics.o (.rodata.matrix2)
                  0000f474    00001e78     Sounds.o (.rodata.shotgunSound)
                  000112ec    0000095a     Sounds.o (.rodata.weaploadSound)
                  00011c46    0000094f     Sounds.o (.rodata.outofammoSound)
                  00012595    00000001     main.o (.rodata.str1.30235616187663446621)
                  00012596    00000800     main.o (.rodata.ExplosionImage)
                  00012d96    00000800     main.o (.rodata.RifleImage)
                  00013596    00000800     main.o (.rodata.ShotgunImage)
                  00013d96    00000800     main.o (.rodata.agent)
                  00014596    000004fb     Buffer.o (.rodata.Font)
                  00014a91    000004fb     ST7735.o (.rodata.Font)
                  00014f8c    00000240     Graphics.o (.rodata.OGMap)
                  000151cc    00000200     main.o (.rodata.Ammosprite)
                  000153cc    00000200     main.o (.rodata.Medkitsprite)
                  000155cc    00000200     main.o (.rodata.Shotgunsprite)
                  000157cc    00000200     main.o (.rodata.pistolsprite)
                  000159cc    0000003b     ST7735.o (.rodata.Rcmd1)
                  00015a07    00000001     --HOLE-- [fill = 0]
                  00015a08    00000030     libc.a : e_pow.c.obj (.rodata.cst16)
                  00015a38    0000002b     ST7735.o (.rodata.Rcmd3)
                  00015a63    00000016     ST7735.o (.rodata.str1.34463358291801157781)
                  00015a79    00000014     main.o (.rodata.str1.54842681482495761191)
                  00015a8d    00000011     libc.a : _printfi.c.obj (.rodata.str1.153638888446227384661)
                  00015a9e    00000011     main.o (.rodata.str1.42835430280232758001)
                  00015aaf    00000010     main.o (.rodata.str1.157592557656998809351)
                  00015abf    0000000d     ST7735.o (.rodata.Rcmd2green)
                  00015acc    0000000d     ST7735.o (.rodata.Rcmd2red)
                  00015ad9    0000000c     main.o (.rodata.str1.182731374899196392841)
                  00015ae5    0000000c     Graphics.o (.rodata.str1.37161536259113115651)
                  00015af1    00000008     main.o (.rodata.str1.128962870563899395191)
                  00015af9    00000008     ST7735.o (.rodata.str1.13377609362592607341)
                  00015b01    00000007     main.o (.rodata.str1.164552152177587026401)
                  00015b08    00000007     ST7735.o (.rodata.str1.164899970313532044791)
                  00015b0f    00000007     main.o (.rodata.str1.181369900268917052751)
                  00015b16    00000007     ST7735.o (.rodata.str1.182928941987730884031)
                  00015b1d    00000006     Graphics.o (.rodata.str1.2002389610935928081)
                  00015b23    00000006     main.o (.rodata.str1.58265674741439123291)
                  00015b29    00000004     Graphics.o (.rodata.str1.25158831670344200691)
                  00015b2d    00000002     ST7735.o (.rodata.str1.180568451967534337741)
                  00015b2f    00000001     --HOLE-- [fill = 0]

.init_array 
*          0    00000000    00000000     UNINITIALIZED

.binit     0    00000000    00000000     

.bss       0    20200000    00005e9a     UNINITIALIZED
                  20200000    00005000     (.common:renderBuffer)
                  20205000    00000500     (.common:ZBuffer)
                  20205500    00000480     (.common:miniMap)
                  20205980    00000240     (.common:worldMap)
                  20205bc0    00000120     libsysbm.a : trgmsg.c.obj (.bss:_CIOBUF_)
                  20205ce0    000000a0     libc.a : defs.c.obj (.bss.__TI_tmpnams)
                  20205d80    00000080     (.common:floorGradient)
                  20205e00    00000040     FIFO.o (.bss.RxFifo)
                  20205e40    00000008     libsysbm.a : hostopen.c.obj (.bss.parmbuf)
                  20205e48    00000008     (.common:otherDirX)
                  20205e50    00000008     (.common:otherDirY)
                  20205e58    00000008     (.common:otherPosX)
                  20205e60    00000008     (.common:otherPosY)
                  20205e68    00000004     libc.a : memory.c.obj (.bss.sys_free)
                  20205e6c    00000004     (.common:Joy_x)
                  20205e70    00000004     (.common:Joy_y)
                  20205e74    00000004     (.common:Length)
                  20205e78    00000004     (.common:LostData)
                  20205e7c    00000004     (.common:RxGetI)
                  20205e80    00000004     (.common:RxPutI)
                  20205e84    00000004     (.common:SoundPt)
                  20205e88    00000004     (.common:flag_done)
                  20205e8c    00000004     (.common:ms_done)
                  20205e90    00000004     (.common:ms_passed)
                  20205e94    00000001     ST7735.o (.bss.ColStart)
                  20205e95    00000001     ST7735.o (.bss.Rotation)
                  20205e96    00000001     ST7735.o (.bss.RowStart)
                  20205e97    00000001     ST7735.o (.bss.TabColor)
                  20205e98    00000001     (.common:isShooting)
                  20205e99    00000001     (.common:reloaded)

.data      0    20205e80    00000631     UNINITIALIZED
                  20205e80    00000168     main.o (.data.Sprites)
                  20205fe8    000000f0     libc.a : defs.c.obj (.data._ftable)
                  202060d8    00000078     libsysbm.a : host_device.c.obj (.data._device)
                  20206150    00000068     main.o (.data.ammo_small)
                  202061b8    00000068     main.o (.data.medkit)
                  20206220    00000068     main.o (.data.pistol)
                  20206288    00000068     main.o (.data.rifle)
                  202062f0    00000068     main.o (.data.shotgun)
                  20206358    00000050     libsysbm.a : host_device.c.obj (.data._stream)
                  202063a8    00000028     Sounds.o (.data.SoundEffects)
                  202063d0    00000028     main.o (.data.gunFlash)
                  202063f8    00000014     main.o (.data.inventory)
                  2020640c    00000014     main.o (.data.items)
                  20206420    00000010     Graphics.o (.data.textures)
                  20206430    00000008     libc.a : exit.c.obj (.data..L_MergedGlobals)
                  20206438    00000008     main.o (.data.dirX)
                  20206440    00000008     main.o (.data.dirY)
                  20206448    00000008     main.o (.data.planeX)
                  20206450    00000008     main.o (.data.planeY)
                  20206458    00000008     main.o (.data.posX)
                  20206460    00000008     main.o (.data.posY)
                  20206468    00000004     Clock.o (.data.BusFreq)
                  2020646c    00000004     Graphics.o (.data.RenderScene.side)
                  20206470    00000004     ST7735.o (.data.StX)
                  20206474    00000004     ST7735.o (.data.StY)
                  20206478    00000004     libc.a : defs.c.obj (.data.__TI_ft_end)
                  2020647c    00000004            : aeabi_portable.c.obj (.data.__aeabi_errno)
                  20206480    00000004            : _lock.c.obj (.data._lock)
                  20206484    00000004            : _lock.c.obj (.data._unlock)
                  20206488    00000004            : rand.c.obj (.data.next)
                  2020648c    00000004     main.o (.data.numsprites)
                  20206490    00000004     main.o (.data.otherHealth)
                  20206494    00000004     Sync.o (.data.otherPlayer)
                  20206498    00000004     main.o (.data.playerHealth)
                  2020649c    00000002     ST7735.o (.data.StTextColor)
                  2020649e    00000002     ST7735.o (.data._height)
                  202064a0    00000002     ST7735.o (.data._width)
                  202064a2    00000001     sprites.o (.data.RenderForegroundSprites.sidesDrawn)
                  202064a3    00000001     Sync.o (.data.TIMG6_IRQHandler.timeCt)
                  202064a4    00000001     Sync.o (.data.TIMG7_IRQHandler.packetIndex)
                  202064a5    00000001     Sync.o (.data.TIMG8_IRQHandler.packetIndex)
                  202064a6    00000001     main.o (.data.healthCode)
                  202064a7    00000001     main.o (.data.isOnTarget)
                  202064a8    00000001     libsysbm.a : add_device.c.obj (.data.add_device.device_init)
                  202064a9    00000001     Sync.o (.data.itemsStatus)
                  202064aa    00000001     Input.o (.data.lastInput)
                  202064ab    00000001     --HOLE--
                  202064ac    00000001     libc.a : memory.c.obj (.data.memory_is_initialized)
                  202064ad    00000003     --HOLE--
                  202064b0    00000001     libsysbm.a : open.c.obj (.data.open.stream_init)

.sysmem    0    202064b8    00000200     UNINITIALIZED
                  202064b8    00000010     libc.a : memory.c.obj (.sysmem)
                  202064c8    000001f0     --HOLE--

.stack     0    20207e00    00000200     UNINITIALIZED
                  20207e00    00000004     libc.a : boot_cortex_m.c.obj (.stack)
                  20207e04    000001fc     --HOLE--

__llvm_prf_cnts 
*          0    20200000    00000000     UNINITIALIZED

__llvm_prf_bits 
*          0    20200000    00000000     UNINITIALIZED

MODULE SUMMARY

       Module                         code    ro data   rw data
       ------                         ----    -------   -------
    .\
       Sounds.o                       196     42197     48     
       Graphics.o                     3228    33366     3036   
       Buffer.o                       1552    1275      20608  
       main.o                         240     10334     1022   
       ST7735.o                       2738    1449      18     
       sprites.o                      2382    0         1      
       Input.o                        2128    0         3      
       Sync.o                         900     0         8      
       Timer.o                        816     0         0      
       Clock.o                        516     0         4      
       Inventory.o                    504     0         0      
       SPI.o                          440     0         0      
       ADC.o                          392     0         0      
       UART2.o                        358     0         4      
       FIFO.o                         196     0         72     
       LaunchPad.o                    196     0         0      
       DAC.o                          188     0         0      
       UART1.o                        148     0         0      
       Async_Delay.o                  132     0         12     
       Joy.o                          80      0         0      
    +--+------------------------------+-------+---------+---------+
       Total:                         17330   88621     24836  
                                                               
    .\ticlang\
       startup_mspm0g3507_ticlang.o   60      192       0      
    +--+------------------------------+-------+---------+---------+
       Total:                         60      192       0      
                                                               
    C:\ti\ccs2000\ccs\tools\compiler\ti-cgt-armllvm_4.0.1.LTS\lib\armv6m-ti-none-eabi/c/libc.a
       e_pow.c.obj                    2704    48        0      
       memory.c.obj                   702     0         5      
       _printfi.c.obj                 658     17        0      
       fopen.c.obj                    556     0         0      
       defs.c.obj                     0       0         404    
       e_sqrt.c.obj                   368     0         0      
       s_floor.c.obj                  324     0         0      
       qsort.c.obj                    308     0         0      
       fputs.c.obj                    248     0         0      
       setvbuf.c.obj                  224     0         0      
       s_scalbn.c.obj                 216     0         0      
       getdevice.c.obj                160     0         0      
       fputc.c.obj                    156     0         0      
       strcmp-armv6m.S.obj            136     0         0      
       copy_decompress_lzss.c.obj     124     0         0      
       fclose.c.obj                   124     0         0      
       fseek.c.obj                    116     0         0      
       printf.c.obj                   108     0         0      
       _io_perm.c.obj                 100     0         0      
       sprintf.c.obj                  90      0         0      
       fflush.c.obj                   82      0         0      
       exit.c.obj                     56      0         8      
       autoinit.c.obj                 60      0         0      
       rand.c.obj                     56      0         4      
       boot_cortex_m.c.obj            40      0         0      
       memccpy.c.obj                  34      0         0      
       copy_decompress_none.c.obj     18      0         0      
       memcpy16.S.obj                 18      0         0      
       copy_zero_init.c.obj           16      0         0      
       memset16.S.obj                 14      0         0      
       aeabi_portable.c.obj           8       0         4      
       _lock.c.obj                    2       0         8      
       pre_init.c.obj                 4       0         0      
    +--+------------------------------+-------+---------+---------+
       Total:                         7830    65        433    
                                                               
    C:\ti\ccs2000\ccs\tools\compiler\ti-cgt-armllvm_4.0.1.LTS\lib\armv6m-ti-none-eabi/c/libsysbm.a
       trgmsg.c.obj                   104     0         288    
       add_device.c.obj               236     0         1      
       host_device.c.obj              0       0         200    
       open.c.obj                     160     0         1      
       hostrename.c.obj               136     0         0      
       hostlseek.c.obj                108     0         0      
       hostopen.c.obj                 96      0         8      
       hostread.c.obj                 88      0         0      
       hostwrite.c.obj                88      0         0      
       close.c.obj                    80      0         0      
       hostclose.c.obj                72      0         0      
       hostunlink.c.obj               72      0         0      
       unlink.c.obj                   44      0         0      
       lseek.c.obj                    40      0         0      
       write.c.obj                    40      0         0      
       remove.c.obj                   8       0         0      
    +--+------------------------------+-------+---------+---------+
       Total:                         1372    0         498    
                                                               
    C:\ti\ccs2000\ccs\tools\compiler\ti-cgt-armllvm_4.0.1.LTS\lib\armv6m-ti-none-eabi/libclang_rt.builtins.a
       adddf3.S.obj                   434     0         0      
       divdf3.S.obj                   268     0         0      
       muldf3.S.obj                   244     0         0      
       comparedf2.c.obj               220     0         0      
       aeabi_dcmp.S.obj               98      0         0      
       aeabi_idivmod.S.obj            86      0         0      
       fixdfsi.S.obj                  74      0         0      
       aeabi_uidivmod.S.obj           64      0         0      
       muldsi3.S.obj                  58      0         0      
       floatsidf.S.obj                44      0         0      
       floatunsidf.S.obj              36      0         0      
       aeabi_memset.S.obj             26      0         0      
       aeabi_memcpy.S.obj             8       0         0      
       aeabi_div0.c.obj               2       0         0      
    +--+------------------------------+-------+---------+---------+
       Total:                         1662    0         0      
                                                               
       Heap:                          0       0         512    
       Stack:                         0       0         512    
       Linker Generated:              0       502       0      
    +--+------------------------------+-------+---------+---------+
       Grand Total:                   28254   89380     26791  


LINKER GENERATED COPY TABLES

__TI_cinit_table @ 0001cb98 records: 2, size/record: 8, table size: 16
	.data: load addr=0001c9b0, load size=000001d2 bytes, run addr=20205e80, run size=00000631 bytes, compression=lzss
	.bss: load addr=0001cb90, load size=00000008 bytes, run addr=20200000, run size=00005e7a bytes, compression=zero_init


LINKER GENERATED HANDLER TABLE

__TI_handler_table @ 0001cb84 records: 3, size/record: 4, table size: 12
	index: 0, handler: __TI_decompress_lzss
	index: 1, handler: __TI_decompress_none
	index: 2, handler: __TI_zero_init


FAR CALL TRAMPOLINES

callee name               trampoline name
   callee addr  tramp addr   call addr  call info
--------------  -----------  ---------  ----------------
__aeabi_dmul              $Tramp$TT$L$PI$$__aeabi_dmul
   00019a8d     0001c8d8     0001c8d4   libc.a : e_pow.c.obj (.text.OUTLINED_FUNCTION_0)
                             0001c8f0          : e_pow.c.obj (.text.OUTLINED_FUNCTION_1)
                             0001c8fa          : e_pow.c.obj (.text.OUTLINED_FUNCTION_6)
                             0001c980          : e_pow.c.obj (.text.OUTLINED_FUNCTION_4)
                             0001c986          : e_pow.c.obj (.text.OUTLINED_FUNCTION_5)
                             0001c992          : e_pow.c.obj (.text.OUTLINED_FUNCTION_8)
__aeabi_dsub              $Tramp$TT$L$PI$$__aeabi_dsub
   00018529     0001c924     0001c920   libc.a : e_pow.c.obj (.text.OUTLINED_FUNCTION_2)
__aeabi_dadd              $Tramp$TT$L$PI$$__aeabi_dadd
   00018533     0001c96c     0001c968   libc.a : e_pow.c.obj (.text.OUTLINED_FUNCTION_3)
                             0001c98a          : e_pow.c.obj (.text.OUTLINED_FUNCTION_10)
                             0001c98e          : e_pow.c.obj (.text.OUTLINED_FUNCTION_7)
                             0001c996          : e_pow.c.obj (.text.OUTLINED_FUNCTION_9)

[3 trampolines]
[11 trampoline calls]


GLOBAL SYMBOLS: SORTED ALPHABETICALLY BY Name 

address   name                          
-------   ----                          
0001c6a1  ADC0_IRQHandler               
0001c6a1  ADC1_IRQHandler               
0001b4a5  ADC_InDual                    
00018d85  ADC_InitDual                  
0001c6a1  AES_IRQHandler                
0001c049  ActivatePortA_B               
000151cc  Ammosprite                    
20206468  BusFreq                       
0001c9a0  C$$EXIT                       
0001c2c9  C$$IO$$                       
0001c6a1  CANFD0_IRQHandler             
000171d1  CastRays                      
0001c7f5  Clock_Delay                   
0001c199  Clock_Delay1ms                
0001ac45  Clock_Freq                    
000181cd  Clock_Init80MHz               
0001c6a1  DAC0_IRQHandler               
0001a1d1  DAC_Init                      
0001c785  DAC_Out                       
0001c6a1  DMA_IRQHandler                
0001c6a1  Default_Handler               
0001c805  Delay                         
00017979  DrawCrosshair                 
00017fd9  DrawHealthBar                 
0001b051  DrawMinimap                   
00012596  ExplosionImage                
0001aaa1  FillMap                       
0001c6a1  GROUP0_IRQHandler             
0001c6a1  GROUP1_IRQHandler             
0001c641  Graphics_Init                 
0001bb6d  HOSTclose                     
0001b221  HOSTlseek                     
0001b635  HOSTopen                      
0001b74d  HOSTread                      
0001b28d  HOSTrename                    
0001bbb5  HOSTunlink                    
0001b7a5  HOSTwrite                     
0001c6bd  HardFault_Handler             
0001c6a1  I2C0_IRQHandler               
0001c6a1  I2C1_IRQHandler               
0001bcd5  Input_Init                    
00019d29  Inventory_add                 
0001c7ad  Inventory_currentItem         
0001c5b1  Inventory_next                
0001b0c9  Inventory_removeCurrent       
0001c7bf  Item_isSpent                  
0001c661  Item_isWeapon                 
0001c6d9  Joy_In                        
0001c815  Joy_InButton                  
0001c5d5  Joy_Init                      
20205e4c  Joy_x                         
20205e50  Joy_y                         
0001ae61  LaunchPad_Init                
20205e54  Length                        
20205e58  LostData                      
000153cc  Medkitsprite                  
00016579  MovePlayer                    
0001c6a1  NMI_Handler                   
00014f8c  OGMap                         
0001c6a1  PendSV_Handler                
0001acd9  PrecalculateFloorGradient     
0001c6a1  RTC_IRQHandler                
0001c825  ReadKeys                      
0001c081  RenderBuffer                  
000195dd  RenderForegroundSprites       
0001b1b1  RenderHUD                     
0001a279  RenderInventory               
0001bda1  RenderScene                   
000196d1  RenderSky                     
00016c45  RenderSprite                  
000186bd  RenderSprites                 
0001c999  Reset_Handler                 
00012d96  RifleImage                    
20205e00  RxFifo                        
0001b9a5  RxFifo_Get                    
0001c799  RxFifo_Init                   
0001b9f1  RxFifo_Put                    
0001c711  RxFifo_Size                   
20205e5c  RxGetI                        
20205e60  RxPutI                        
00007474  SCBarkley                     
0001c6a1  SPI0_IRQHandler               
0001c6a1  SPI1_IRQHandler               
000193ed  SPI_Init                      
0001bbfd  SPI_OutCommand                
0001c0b9  SPI_OutData                   
0001bde1  SPI_Reset                     
00017dc9  ST7735_DrawBitmap             
00018381  ST7735_DrawChar               
0001ad5d  ST7735_DrawString             
00018ea9  ST7735_FillRect               
0001c461  ST7735_FillScreen             
0001a7a1  ST7735_InitPrintf             
0001a975  ST7735_InitR                  
00019df9  ST7735_OutChar                
0001c1cd  ST7735_SetCursor              
000197c5  ST7735_SetRotation            
0001c8fd  ST7735_close                  
0001c853  ST7735_lseek                  
0001c759  ST7735_open                   
0001c76f  ST7735_read                   
0001c8a7  ST7735_rename                 
0001c907  ST7735_unlink                 
0001c201  ST7735_write                  
0001c6a1  SVC_Handler                   
00013596  ShotgunImage                  
000155cc  Shotgunsprite                 
202063a8  SoundEffects                  
20205e64  SoundPt                       
0001bc45  Sound_Init                    
0001c0f1  Sound_Start                   
20205e80  Sprites                       
2020649c  StTextColor                   
20206470  StX                           
20206474  StY                           
0001bee1  Sync_Init                     
0001bd19  SysTick_Handler               
0001c3a1  SystemInit                    
0001c6a1  TIMA0_IRQHandler              
0001c6a1  TIMA1_IRQHandler              
0001bc8d  TIMG0_IRQHandler              
00019f99  TIMG12_IRQHandler             
0001be21  TIMG6_IRQHandler              
0001b7fd  TIMG7_IRQHandler              
0001ba3d  TIMG8_IRQHandler              
0001c7d1  TI_memcpy_small               
0001c899  TI_memset_small               
0001a519  TimerG0_IntArm                
0001aa0d  TimerG12_IntArm               
0001a321  TimerG6_IntArm                
0001a3c9  TimerG7_IntArm                
0001a471  TimerG8_IntArm                
0001c6a1  UART0_IRQHandler              
0001c6a1  UART1_IRQHandler              
0001aedd  UART1_Init                    
0001c729  UART1_OutChar                 
0001b2f9  UART2_IRQHandler              
0001c4e5  UART2_InChar                  
00019ec9  UART2_Init                    
0001c6a1  UART3_IRQHandler              
20205000  ZBuffer                       
20205bc0  _CIOBUF_                      
20205bc0  __CIOBUF_                     
20208000  __STACK_END                   
00000200  __STACK_SIZE                  
00000200  __SYSMEM_SIZE                 
00000000  __TI_ATRegion0_region_sz      
00000000  __TI_ATRegion0_src_addr       
00000000  __TI_ATRegion0_trg_addr       
00000000  __TI_ATRegion1_region_sz      
00000000  __TI_ATRegion1_src_addr       
00000000  __TI_ATRegion1_trg_addr       
00000000  __TI_ATRegion2_region_sz      
00000000  __TI_ATRegion2_src_addr       
00000000  __TI_ATRegion2_trg_addr       
0001cb98  __TI_CINIT_Base               
0001cba8  __TI_CINIT_Limit              
0001cba8  __TI_CINIT_Warm               
0001cb84  __TI_Handler_Table_Base       
0001cb90  __TI_Handler_Table_Limit      
0001bfd1  __TI_auto_init_nobinit_nopinit
0001c235  __TI_cleanup                  
20206430  __TI_cleanup_ptr              
0001af59  __TI_closefile                
0001afd5  __TI_decompress_lzss          
0001c7e3  __TI_decompress_none          
0001b901  __TI_doflush                  
20206434  __TI_dtors_ptr                
20206478  __TI_ft_end                   
ffffffff  __TI_pprof_out_hndl           
000176f5  __TI_printfi_minimal          
ffffffff  __TI_prof_data_size           
ffffffff  __TI_prof_data_start          
0001c269  __TI_readmsg                  
00000000  __TI_static_base__            
20205ce0  __TI_tmpnams                  
0001c29d  __TI_writemsg                 
0001b509  __TI_wrt_ok                   
0001c835  __TI_zero_init                
00018533  __adddf3                      
0001bb21  __aeabi_d2iz                  
00018533  __aeabi_dadd                  
0001b5d1  __aeabi_dcmpeq                
0001b60d  __aeabi_dcmpge                
0001b621  __aeabi_dcmpgt                
0001b5f9  __aeabi_dcmple                
0001b5e5  __aeabi_dcmplt                
000190d5  __aeabi_ddiv                  
00019a8d  __aeabi_dmul                  
00018529  __aeabi_dsub                  
2020647c  __aeabi_errno                 
0001c935  __aeabi_errno_addr            
0001c48d  __aeabi_i2d                   
0001b855  __aeabi_idiv                  
000186bb  __aeabi_idiv0                 
0001b855  __aeabi_idivmod               
0001c8b5  __aeabi_memclr                
0001c8b5  __aeabi_memclr4               
0001c8b5  __aeabi_memclr8               
0001c93d  __aeabi_memcpy                
0001c93d  __aeabi_memcpy4               
0001c93d  __aeabi_memcpy8               
0001c861  __aeabi_memset                
0001c861  __aeabi_memset4               
0001c861  __aeabi_memset8               
0001c5f9  __aeabi_ui2d                  
0001be61  __aeabi_uidiv                 
0001be61  __aeabi_uidivmod              
ffffffff  __binit__                     
0001b43d  __cmpdf2                      
000190d5  __divdf3                      
0001b43d  __eqdf2                       
0001bb21  __fixdfsi                     
0001c48d  __floatsidf                   
0001c5f9  __floatunsidf                 
0001b13d  __gedf2                       
0001b13d  __gtdf2                       
0001b43d  __ledf2                       
0001b43d  __ltdf2                       
UNDEFED   __mpu_init                    
00019a8d  __muldf3                      
0001c00d  __muldsi3                     
0001b43d  __nedf2                       
20207e00  __stack                       
20200000  __start___llvm_prf_bits       
20200000  __start___llvm_prf_cnts       
20200000  __stop___llvm_prf_bits        
20200000  __stop___llvm_prf_cnts        
00018529  __subdf3                      
0001c589  _c_int00_noargs               
202060d8  _device                       
20205fe8  _ftable                       
20206480  _lock                         
0001a65f  _nop                          
20206358  _stream                       
202064b8  _sys_memory                   
UNDEFED   _system_post_cinit            
0001c99d  _system_pre_init              
20206484  _unlock                       
0001c9a1  abort                         
000198b9  add_device                    
00013d96  agent                         
00018fc1  aligned_alloc                 
20206150  ammo_small                    
ffffffff  binit                         
0001a661  blitBufferToRenderBuffer      
0000b474  circuitBoardTex               
00009474  circuitBoardTex2              
0001ab31  clearRenderBuffer             
0001b955  close                         
0001b8ab  compareSprites                
20206438  dirX                          
20206440  dirY                          
000192ed  drawCharToBuffer              
00017bb1  drawForegroundSpriteToBuffer  
0001c2d1  exit                          
0001c401  fastCos                       
0001bf1d  fastSin                       
0001c305  finddevice                    
20205e68  flag_done                     
00018b0d  floor                         
20205d80  floorGradient                 
00018b0d  floorl                        
0001c431  fopen                         
0001a83d  fputc                         
000194e5  fputs                         
000199a5  free                          
0001c339  freopen                       
0001c955  fseek                         
0001b365  fseeko                        
0001bd5d  generateSprite                
000191e1  getInfoPacket                 
0001a8d9  getPositionPacket             
0001b3d1  getdevice                     
202063d0  gunFlash                      
202064a6  healthCode                    
0001ba89  inInventory                   
00000000  interruptVectors              
202063f8  inventory                     
202064a7  isOnTarget                    
20205e78  isShooting                    
2020640c  items                         
202064a9  itemsStatus                   
202064aa  lastInput                     
00019c51  ldexp                         
00019c51  ldexpl                        
0001c539  lseek                         
0001a05d  main                          
0001c8c1  malloc                        
0000d474  matrix2                       
202061b8  medkit                        
00018fc1  memalign                      
0001c61d  memccpy                       
20205500  miniMap                       
20205e6c  ms_done                       
20205e70  ms_passed                     
2020648c  numsprites                    
0001a701  open                          
20206490  otherHealth                   
20206494  otherPlayer                   
00011c46  outofammoSound                
20205e40  parmbuf                       
20206240  pistol                        
000049c0  pistolSound                   
000157cc  pistolsprite                  
20206448  planeX                        
20206450  planeY                        
20206498  playerHealth                  
20206458  posX                          
20206460  posY                          
00015b31  pow                           
00015b31  powl                          
0001bad5  printAmmo                     
0001c36d  printItem                     
0001a11d  printToBuffer                 
0001b695  printf                        
00018c51  qsort                         
0001c129  rand                          
000000c0  reloadSound                   
20205e79  reloaded                      
0001c95d  remove                        
20200000  renderBuffer                  
20206288  rifle                         
00019c51  scalbn                        
00019c51  scalbnl                       
0001bf59  sendInfoPacket                
0001ade1  sendPositionPacket            
0001b6f1  setPixelBuffer                
00019b71  setvbuf                       
202062f0  shotgun                       
0000f474  shotgunSound                  
0001c161  sprintf                       
00018849  sqrt                          
00018849  sqrtl                         
0001bf95  start_delay                   
0001ac51  strcmp                        
20206420  textures                      
0001c4b9  unlink                        
000112ec  weaploadSound                 
20205980  worldMap                      
0001c561  write                         


GLOBAL SYMBOLS: SORTED BY Symbol Address 

address   name                          
-------   ----                          
00000000  __TI_ATRegion0_region_sz      
00000000  __TI_ATRegion0_src_addr       
00000000  __TI_ATRegion0_trg_addr       
00000000  __TI_ATRegion1_region_sz      
00000000  __TI_ATRegion1_src_addr       
00000000  __TI_ATRegion1_trg_addr       
00000000  __TI_ATRegion2_region_sz      
00000000  __TI_ATRegion2_src_addr       
00000000  __TI_ATRegion2_trg_addr       
00000000  __TI_static_base__            
00000000  interruptVectors              
000000c0  reloadSound                   
00000200  __STACK_SIZE                  
00000200  __SYSMEM_SIZE                 
000049c0  pistolSound                   
00007474  SCBarkley                     
00009474  circuitBoardTex2              
0000b474  circuitBoardTex               
0000d474  matrix2                       
0000f474  shotgunSound                  
000112ec  weaploadSound                 
00011c46  outofammoSound                
00012596  ExplosionImage                
00012d96  RifleImage                    
00013596  ShotgunImage                  
00013d96  agent                         
00014f8c  OGMap                         
000151cc  Ammosprite                    
000153cc  Medkitsprite                  
000155cc  Shotgunsprite                 
000157cc  pistolsprite                  
00015b31  pow                           
00015b31  powl                          
00016579  MovePlayer                    
00016c45  RenderSprite                  
000171d1  CastRays                      
000176f5  __TI_printfi_minimal          
00017979  DrawCrosshair                 
00017bb1  drawForegroundSpriteToBuffer  
00017dc9  ST7735_DrawBitmap             
00017fd9  DrawHealthBar                 
000181cd  Clock_Init80MHz               
00018381  ST7735_DrawChar               
00018529  __aeabi_dsub                  
00018529  __subdf3                      
00018533  __adddf3                      
00018533  __aeabi_dadd                  
000186bb  __aeabi_idiv0                 
000186bd  RenderSprites                 
00018849  sqrt                          
00018849  sqrtl                         
00018b0d  floor                         
00018b0d  floorl                        
00018c51  qsort                         
00018d85  ADC_InitDual                  
00018ea9  ST7735_FillRect               
00018fc1  aligned_alloc                 
00018fc1  memalign                      
000190d5  __aeabi_ddiv                  
000190d5  __divdf3                      
000191e1  getInfoPacket                 
000192ed  drawCharToBuffer              
000193ed  SPI_Init                      
000194e5  fputs                         
000195dd  RenderForegroundSprites       
000196d1  RenderSky                     
000197c5  ST7735_SetRotation            
000198b9  add_device                    
000199a5  free                          
00019a8d  __aeabi_dmul                  
00019a8d  __muldf3                      
00019b71  setvbuf                       
00019c51  ldexp                         
00019c51  ldexpl                        
00019c51  scalbn                        
00019c51  scalbnl                       
00019d29  Inventory_add                 
00019df9  ST7735_OutChar                
00019ec9  UART2_Init                    
00019f99  TIMG12_IRQHandler             
0001a05d  main                          
0001a11d  printToBuffer                 
0001a1d1  DAC_Init                      
0001a279  RenderInventory               
0001a321  TimerG6_IntArm                
0001a3c9  TimerG7_IntArm                
0001a471  TimerG8_IntArm                
0001a519  TimerG0_IntArm                
0001a65f  _nop                          
0001a661  blitBufferToRenderBuffer      
0001a701  open                          
0001a7a1  ST7735_InitPrintf             
0001a83d  fputc                         
0001a8d9  getPositionPacket             
0001a975  ST7735_InitR                  
0001aa0d  TimerG12_IntArm               
0001aaa1  FillMap                       
0001ab31  clearRenderBuffer             
0001ac45  Clock_Freq                    
0001ac51  strcmp                        
0001acd9  PrecalculateFloorGradient     
0001ad5d  ST7735_DrawString             
0001ade1  sendPositionPacket            
0001ae61  LaunchPad_Init                
0001aedd  UART1_Init                    
0001af59  __TI_closefile                
0001afd5  __TI_decompress_lzss          
0001b051  DrawMinimap                   
0001b0c9  Inventory_removeCurrent       
0001b13d  __gedf2                       
0001b13d  __gtdf2                       
0001b1b1  RenderHUD                     
0001b221  HOSTlseek                     
0001b28d  HOSTrename                    
0001b2f9  UART2_IRQHandler              
0001b365  fseeko                        
0001b3d1  getdevice                     
0001b43d  __cmpdf2                      
0001b43d  __eqdf2                       
0001b43d  __ledf2                       
0001b43d  __ltdf2                       
0001b43d  __nedf2                       
0001b4a5  ADC_InDual                    
0001b509  __TI_wrt_ok                   
0001b5d1  __aeabi_dcmpeq                
0001b5e5  __aeabi_dcmplt                
0001b5f9  __aeabi_dcmple                
0001b60d  __aeabi_dcmpge                
0001b621  __aeabi_dcmpgt                
0001b635  HOSTopen                      
0001b695  printf                        
0001b6f1  setPixelBuffer                
0001b74d  HOSTread                      
0001b7a5  HOSTwrite                     
0001b7fd  TIMG7_IRQHandler              
0001b855  __aeabi_idiv                  
0001b855  __aeabi_idivmod               
0001b8ab  compareSprites                
0001b901  __TI_doflush                  
0001b955  close                         
0001b9a5  RxFifo_Get                    
0001b9f1  RxFifo_Put                    
0001ba3d  TIMG8_IRQHandler              
0001ba89  inInventory                   
0001bad5  printAmmo                     
0001bb21  __aeabi_d2iz                  
0001bb21  __fixdfsi                     
0001bb6d  HOSTclose                     
0001bbb5  HOSTunlink                    
0001bbfd  SPI_OutCommand                
0001bc45  Sound_Init                    
0001bc8d  TIMG0_IRQHandler              
0001bcd5  Input_Init                    
0001bd19  SysTick_Handler               
0001bd5d  generateSprite                
0001bda1  RenderScene                   
0001bde1  SPI_Reset                     
0001be21  TIMG6_IRQHandler              
0001be61  __aeabi_uidiv                 
0001be61  __aeabi_uidivmod              
0001bee1  Sync_Init                     
0001bf1d  fastSin                       
0001bf59  sendInfoPacket                
0001bf95  start_delay                   
0001bfd1  __TI_auto_init_nobinit_nopinit
0001c00d  __muldsi3                     
0001c049  ActivatePortA_B               
0001c081  RenderBuffer                  
0001c0b9  SPI_OutData                   
0001c0f1  Sound_Start                   
0001c129  rand                          
0001c161  sprintf                       
0001c199  Clock_Delay1ms                
0001c1cd  ST7735_SetCursor              
0001c201  ST7735_write                  
0001c235  __TI_cleanup                  
0001c269  __TI_readmsg                  
0001c29d  __TI_writemsg                 
0001c2c9  C$$IO$$                       
0001c2d1  exit                          
0001c305  finddevice                    
0001c339  freopen                       
0001c36d  printItem                     
0001c3a1  SystemInit                    
0001c401  fastCos                       
0001c431  fopen                         
0001c461  ST7735_FillScreen             
0001c48d  __aeabi_i2d                   
0001c48d  __floatsidf                   
0001c4b9  unlink                        
0001c4e5  UART2_InChar                  
0001c539  lseek                         
0001c561  write                         
0001c589  _c_int00_noargs               
0001c5b1  Inventory_next                
0001c5d5  Joy_Init                      
0001c5f9  __aeabi_ui2d                  
0001c5f9  __floatunsidf                 
0001c61d  memccpy                       
0001c641  Graphics_Init                 
0001c661  Item_isWeapon                 
0001c6a1  ADC0_IRQHandler               
0001c6a1  ADC1_IRQHandler               
0001c6a1  AES_IRQHandler                
0001c6a1  CANFD0_IRQHandler             
0001c6a1  DAC0_IRQHandler               
0001c6a1  DMA_IRQHandler                
0001c6a1  Default_Handler               
0001c6a1  GROUP0_IRQHandler             
0001c6a1  GROUP1_IRQHandler             
0001c6a1  I2C0_IRQHandler               
0001c6a1  I2C1_IRQHandler               
0001c6a1  NMI_Handler                   
0001c6a1  PendSV_Handler                
0001c6a1  RTC_IRQHandler                
0001c6a1  SPI0_IRQHandler               
0001c6a1  SPI1_IRQHandler               
0001c6a1  SVC_Handler                   
0001c6a1  TIMA0_IRQHandler              
0001c6a1  TIMA1_IRQHandler              
0001c6a1  UART0_IRQHandler              
0001c6a1  UART1_IRQHandler              
0001c6a1  UART3_IRQHandler              
0001c6bd  HardFault_Handler             
0001c6d9  Joy_In                        
0001c711  RxFifo_Size                   
0001c729  UART1_OutChar                 
0001c759  ST7735_open                   
0001c76f  ST7735_read                   
0001c785  DAC_Out                       
0001c799  RxFifo_Init                   
0001c7ad  Inventory_currentItem         
0001c7bf  Item_isSpent                  
0001c7d1  TI_memcpy_small               
0001c7e3  __TI_decompress_none          
0001c7f5  Clock_Delay                   
0001c805  Delay                         
0001c815  Joy_InButton                  
0001c825  ReadKeys                      
0001c835  __TI_zero_init                
0001c853  ST7735_lseek                  
0001c861  __aeabi_memset                
0001c861  __aeabi_memset4               
0001c861  __aeabi_memset8               
0001c899  TI_memset_small               
0001c8a7  ST7735_rename                 
0001c8b5  __aeabi_memclr                
0001c8b5  __aeabi_memclr4               
0001c8b5  __aeabi_memclr8               
0001c8c1  malloc                        
0001c8fd  ST7735_close                  
0001c907  ST7735_unlink                 
0001c935  __aeabi_errno_addr            
0001c93d  __aeabi_memcpy                
0001c93d  __aeabi_memcpy4               
0001c93d  __aeabi_memcpy8               
0001c955  fseek                         
0001c95d  remove                        
0001c999  Reset_Handler                 
0001c99d  _system_pre_init              
0001c9a0  C$$EXIT                       
0001c9a1  abort                         
0001cb84  __TI_Handler_Table_Base       
0001cb90  __TI_Handler_Table_Limit      
0001cb98  __TI_CINIT_Base               
0001cba8  __TI_CINIT_Limit              
0001cba8  __TI_CINIT_Warm               
20200000  __start___llvm_prf_bits       
20200000  __start___llvm_prf_cnts       
20200000  __stop___llvm_prf_bits        
20200000  __stop___llvm_prf_cnts        
20200000  renderBuffer                  
20205000  ZBuffer                       
20205500  miniMap                       
20205980  worldMap                      
20205bc0  _CIOBUF_                      
20205bc0  __CIOBUF_                     
20205ce0  __TI_tmpnams                  
20205d80  floorGradient                 
20205e40  parmbuf                       
20205e4c  Joy_x                         
20205e50  Joy_y                         
20205e54  Length                        
20205e58  LostData                      
20205e5c  RxGetI                        
20205e60  RxPutI                        
20205e64  SoundPt                       
20205e68  flag_done                     
20205e6c  ms_done                       
20205e70  ms_passed                     
20205e78  isShooting                    
20205e79  reloaded                      
20205e80  Sprites                       
20205fe8  _ftable                       
202060d8  _device                       
20206150  ammo_small                    
202061b8  medkit                        
20206220  pistol                        
20206288  rifle                         
202062f0  shotgun                       
20206358  _stream                       
202063a8  SoundEffects                  
202063d0  gunFlash                      
202063f8  inventory                     
2020640c  items                         
20206420  textures                      
20206430  __TI_cleanup_ptr              
20206434  __TI_dtors_ptr                
20206438  dirX                          
20206440  dirY                          
20206448  planeX                        
20206450  planeY                        
20206458  posX                          
20206460  posY                          
20206468  BusFreq                       
20206470  StX                           
20206474  StY                           
20206478  __TI_ft_end                   
2020647c  __aeabi_errno                 
20206480  _lock                         
20206484  _unlock                       
2020648c  numsprites                    
20206490  otherHealth                   
20206494  otherPlayer                   
20206498  playerHealth                  
2020649c  StTextColor                   
202064a6  healthCode                    
202064a7  isOnTarget                    
202064a9  itemsStatus                   
202064aa  lastInput                     
202064b8  _sys_memory                   
20207e00  __stack                       
20208000  __STACK_END                   
ffffffff  __TI_pprof_out_hndl           
ffffffff  __TI_prof_data_size           
ffffffff  __TI_prof_data_start          
ffffffff  __binit__                     
ffffffff  binit                         
UNDEFED   __mpu_init                    
UNDEFED   _system_post_cinit            

[341 symbols]
