******************************************************************************
            TI ARM Clang Linker PC v4.0.1                      
******************************************************************************
>> Linked Tue Apr 15 22:36:56 2025

OUTPUT FILE NAME:   <TheM0+rix_Segfaulted.out>
ENTRY POINT SYMBOL: "_c_int00_noargs"  address: 0001e029


MEMORY CONFIGURATION

         name            origin    length      used     unused   attr    fill
----------------------  --------  ---------  --------  --------  ----  --------
  FLASH                 00000000   00020000  0001e6d8  00001928  R  X
  SRAM                  20200000   00008000  00006a34  000015cc  RW X
  BCR_CONFIG            41c00000   00000080  00000000  00000080  R   
  BSL_CONFIG            41c00100   00000080  00000000  00000080  R   


SEGMENT ALLOCATION MAP

run origin  load origin   length   init length attrs members
----------  ----------- ---------- ----------- ----- -------
00000000    00000000    0001e6d8   0001e6d8    r-x
  00000000    00000000    000000c0   000000c0    r-- .intvecs
  000000c0    000000c0    00016d10   00016d10    r-- .rodata
  00016dd0    00016dd0    000076e0   000076e0    r-x .text
  0001e4b0    0001e4b0    00000228   00000228    r-- .cinit
20200000    20200000    00006840   00000000    rw-
  20200000    20200000    00005e9b   00000000    rw- .bss
  20205ea0    20205ea0    00000799   00000000    rw- .data
  20206640    20206640    00000200   00000000    rw- .sysmem
20207e00    20207e00    00000200   00000000    rw-
  20207e00    20207e00    00000200   00000000    rw- .stack


SECTION ALLOCATION MAP

 output                                  attributes/
section   page    origin      length       input sections
--------  ----  ----------  ----------   ----------------
.intvecs   0    00000000    000000c0     
                  00000000    000000c0     startup_mspm0g3507_ticlang.o (.intvecs)

.text      0    00016dd0    000076e0     
                  00016dd0    00000a48     libc.a : e_pow.c.obj (.text.pow)
                  00017818    00000720     Input.o (.text.MovePlayer)
                  00017f38    000005f8     sprites.o (.text.RenderSprite)
                  00018530    00000524     Graphics.o (.text.CastRays)
                  00018a54    00000284     libc.a : _printfi.c.obj (.text:__TI_printfi_minimal)
                  00018cd8    00000238     Graphics.o (.text.DrawCrosshair)
                  00018f10    00000218     Buffer.o (.text.drawForegroundSpriteToBuffer)
                  00019128    00000210     ST7735.o (.text.ST7735_DrawBitmap)
                  00019338    000001f4     Graphics.o (.text.DrawHealthBar)
                  0001952c    000001b4     Clock.o (.text.Clock_Init80MHz)
                  000196e0    000001a8     ST7735.o (.text.ST7735_DrawChar)
                  00019888    00000192     libclang_rt.builtins.a : adddf3.S.obj (.text.adddf3_subdf3)
                  00019a1a    00000002                            : aeabi_div0.c.obj (.text.__aeabi_idiv0)
                  00019a1c    0000018c     sprites.o (.text.RenderSprites)
                  00019ba8    0000017c     main.o (.text.main)
                  00019d24    00000170     libc.a : e_sqrt.c.obj (.text.sqrt)
                  00019e94    00000158     Sync.o (.text.getInfoPacket)
                  00019fec    00000154     libc.a : fopen.c.obj (.text._openfile)
                  0001a140    00000154     Sync.o (.text.getDirectionPacket)
                  0001a294    00000144     libc.a : s_floor.c.obj (.text.floor)
                  0001a3d8    00000134            : qsort.c.obj (.text.qsort)
                  0001a50c    00000124     ADC.o (.text.ADC_InitDual)
                  0001a630    00000118     ST7735.o (.text.ST7735_FillRect)
                  0001a748    00000114     libc.a : memory.c.obj (.text.aligned_alloc)
                  0001a85c    0000010c     libclang_rt.builtins.a : divdf3.S.obj (.text.__divdf3)
                  0001a968    00000100     Buffer.o (.text.drawCharToBuffer)
                  0001aa68    000000f8     SPI.o (.text.SPI_Init)
                  0001ab60    000000f8     libc.a : fputs.c.obj (.text.fputs)
                  0001ac58    000000f4     ADC.o (.text.ADC0_Init)
                  0001ad4c    000000f4     sprites.o (.text.RenderForegroundSprites)
                  0001ae40    000000f4     Graphics.o (.text.RenderSky)
                  0001af34    000000f4     ST7735.o (.text.ST7735_SetRotation)
                  0001b028    000000ec     libsysbm.a : add_device.c.obj (.text.add_device)
                  0001b114    000000e8     libc.a : memory.c.obj (.text.free)
                  0001b1fc    000000e4     libclang_rt.builtins.a : muldf3.S.obj (.text.__muldf3)
                  0001b2e0    000000e0     libc.a : setvbuf.c.obj (.text.setvbuf)
                  0001b3c0    000000d8            : s_scalbn.c.obj (.text.scalbn)
                  0001b498    000000d0     Inventory.o (.text.Inventory_add)
                  0001b568    000000d0     ST7735.o (.text.ST7735_OutChar)
                  0001b638    000000d0     UART2.o (.text.UART2_Init)
                  0001b708    000000c4     Input.o (.text.TIMG12_IRQHandler)
                  0001b7cc    000000c0     Sync.o (.text.getPositionPacket)
                  0001b88c    000000b8     Sync.o (.text.RandomizeSprites)
                  0001b944    000000b4     Buffer.o (.text.printToBuffer)
                  0001b9f8    000000b0     Inventory.o (.text.Inventory_replace)
                  0001baa8    000000ac     main.o (.text.respawnPlayer)
                  0001bb54    000000a8     DAC.o (.text.DAC_Init)
                  0001bbfc    000000a8     sprites.o (.text.RenderInventory)
                  0001bca4    000000a8     Timer.o (.text.TimerG6_IntArm)
                  0001bd4c    000000a8     Timer.o (.text.TimerG7_IntArm)
                  0001bdf4    000000a8     Timer.o (.text.TimerG8_IntArm)
                  0001be9c    000000a4     Timer.o (.text.TimerG0_IntArm)
                  0001bf40    000000a2     ST7735.o (.text.commandList)
                  0001bfe2    00000002     libc.a : _lock.c.obj (.text._nop)
                  0001bfe4    000000a0     Buffer.o (.text.blitBufferToRenderBuffer)
                  0001c084    000000a0     libsysbm.a : open.c.obj (.text.open)
                  0001c124    0000009c     ST7735.o (.text.ST7735_InitPrintf)
                  0001c1c0    0000009c     libc.a : fputc.c.obj (.text.fputc)
                  0001c25c    00000098     ST7735.o (.text.ST7735_InitR)
                  0001c2f4    00000094     Timer.o (.text.TimerG12_IntArm)
                  0001c388    00000090     Graphics.o (.text.FillMap)
                  0001c418    00000090     Graphics.o (.text.printLeaderboard)
                  0001c4a8    0000008c     Buffer.o (.text.clearRenderBuffer)
                  0001c534    00000088     ST7735.o (.text.setAddrWindow)
                  0001c5bc    00000004     libc.a : pre_init.c.obj (.text._system_pre_init)
                  0001c5c0    00000088            : strcmp-armv6m.S.obj (.text:strcmp)
                  0001c648    00000084     Buffer.o (.text.PrecalculateFloorGradient)
                  0001c6cc    00000084     ST7735.o (.text.ST7735_DrawString)
                  0001c750    00000080     Sync.o (.text.sendDirectionPacket)
                  0001c7d0    00000080     Sync.o (.text.sendPositionPacket)
                  0001c850    0000007c     LaunchPad.o (.text.LaunchPad_Init)
                  0001c8cc    0000007c     UART1.o (.text.UART1_Init)
                  0001c948    0000007c     libc.a : fclose.c.obj (.text.__TI_closefile)
                  0001c9c4    0000007c     Sync.o (.text.getRandomMapPos)
                  0001ca40    0000007c     libc.a : copy_decompress_lzss.c.obj (.text:decompress:lzss)
                  0001cabc    00000078     Graphics.o (.text.DrawMinimap)
                  0001cb34    00000078     Graphics.o (.text.RenderHUD)
                  0001cbac    00000074     Inventory.o (.text.Inventory_removeCurrent)
                  0001cc20    00000074     Sync.o (.text.TIMG7_IRQHandler)
                  0001cc94    00000074     libclang_rt.builtins.a : comparedf2.c.obj (.text.__gedf2)
                  0001cd08    0000006c     libsysbm.a : hostlseek.c.obj (.text.HOSTlseek)
                  0001cd74    0000006c                : hostrename.c.obj (.text.HOSTrename)
                  0001cde0    0000006c     UART2.o (.text.UART2_IRQHandler)
                  0001ce4c    0000006c     libc.a : fseek.c.obj (.text.fseeko)
                  0001ceb8    0000006c            : getdevice.c.obj (.text.getdevice)
                  0001cf24    00000068     libclang_rt.builtins.a : comparedf2.c.obj (.text.__ledf2)
                  0001cf8c    00000064     ADC.o (.text.ADC_InDual)
                  0001cff0    00000064     libc.a : _io_perm.c.obj (.text.__TI_wrt_ok)
                  0001d054    00000064            : memory.c.obj (.text.split)
                  0001d0b8    00000062     libclang_rt.builtins.a : aeabi_dcmp.S.obj (.text.__aeabi_dcmp)
                  0001d11a    00000002     --HOLE-- [fill = 0]
                  0001d11c    00000060     libsysbm.a : hostopen.c.obj (.text.HOSTopen)
                  0001d17c    0000005c     Sync.o (.text.TIMG8_IRQHandler)
                  0001d1d8    0000005c     libc.a : printf.c.obj (.text.printf)
                  0001d234    0000005c     Buffer.o (.text.setPixelBuffer)
                  0001d290    00000058     libsysbm.a : hostread.c.obj (.text.HOSTread)
                  0001d2e8    00000058                : hostwrite.c.obj (.text.HOSTwrite)
                  0001d340    00000056     libclang_rt.builtins.a : aeabi_idivmod.S.obj (.text.__aeabi_idivmod)
                  0001d396    00000056     sprites.o (.text.compareSprites)
                  0001d3ec    00000052     libc.a : fflush.c.obj (.text.__TI_doflush)
                  0001d43e    00000002     --HOLE-- [fill = 0]
                  0001d440    00000050     libsysbm.a : close.c.obj (.text.close)
                  0001d490    0000004c     FIFO.o (.text.RxFifo_Get)
                  0001d4dc    0000004c     FIFO.o (.text.RxFifo_Put)
                  0001d528    0000004c     Inventory.o (.text.inInventory)
                  0001d574    0000004c     Graphics.o (.text.printAmmo)
                  0001d5c0    0000004a     libclang_rt.builtins.a : fixdfsi.S.obj (.text.__fixdfsi)
                  0001d60a    00000002     --HOLE-- [fill = 0]
                  0001d60c    00000048     libsysbm.a : hostclose.c.obj (.text.HOSTclose)
                  0001d654    00000048                : hostunlink.c.obj (.text.HOSTunlink)
                  0001d69c    00000048     SPI.o (.text.SPI_OutCommand)
                  0001d6e4    00000048     Sounds.o (.text.Sound_Init)
                  0001d72c    00000048     Async_Delay.o (.text.TIMG0_IRQHandler)
                  0001d774    00000044     ADC.o (.text.ADC0_In)
                  0001d7b8    00000044     Input.o (.text.Input_Init)
                  0001d7fc    00000044     Sounds.o (.text.SysTick_Handler)
                  0001d840    00000044     sprites.o (.text.generateSprite)
                  0001d884    00000040     Graphics.o (.text.RenderScene)
                  0001d8c4    00000040     SPI.o (.text.SPI_Reset)
                  0001d904    00000040     Sync.o (.text.TIMG6_IRQHandler)
                  0001d944    00000040     libclang_rt.builtins.a : aeabi_uidivmod.S.obj (.text.__aeabi_uidivmod)
                  0001d984    00000040     libc.a : fopen.c.obj (.text._search_fp)
                  0001d9c4    0000003c     Input.o (.text.fastSin)
                  0001da00    0000003c     Sync.o (.text.sendInfoPacket)
                  0001da3c    0000003c     Async_Delay.o (.text.start_delay)
                  0001da78    0000003c     libc.a : autoinit.c.obj (.text:__TI_auto_init_nobinit_nopinit)
                  0001dab4    0000003a     libclang_rt.builtins.a : muldsi3.S.obj (.text.__muldsi3)
                  0001daee    00000002     --HOLE-- [fill = 0]
                  0001daf0    00000038     LaunchPad.o (.text.ActivatePortA_B)
                  0001db28    00000038     Buffer.o (.text.RenderBuffer)
                  0001db60    00000038     SPI.o (.text.SPI_OutData)
                  0001db98    00000038     Sounds.o (.text.Sound_Start)
                  0001dbd0    00000038     libc.a : rand.c.obj (.text.rand)
                  0001dc08    00000038            : sprintf.c.obj (.text.sprintf)
                  0001dc40    00000034     Clock.o (.text.Clock_Delay1ms)
                  0001dc74    00000034     ST7735.o (.text.ST7735_SetCursor)
                  0001dca8    00000034     ST7735.o (.text.ST7735_write)
                  0001dcdc    00000034     main.o (.text.SystemInit)
                  0001dd10    00000034     libc.a : fopen.c.obj (.text.__TI_cleanup)
                  0001dd44    00000034     libsysbm.a : trgmsg.c.obj (.text.__TI_readmsg)
                  0001dd78    00000034                : trgmsg.c.obj (.text.__TI_writemsg)
                  0001ddac    00000034     libc.a : exit.c.obj (.text.exit)
                  0001dde0    00000034            : getdevice.c.obj (.text.finddevice)
                  0001de14    00000034            : fopen.c.obj (.text.freopen)
                  0001de48    00000030     ST7735.o (.text.commonInit)
                  0001de78    00000030     Input.o (.text.fastCos)
                  0001dea8    00000030     libc.a : fopen.c.obj (.text.fopen)
                  0001ded8    0000002c     ST7735.o (.text.ST7735_FillScreen)
                  0001df04    0000002c     libclang_rt.builtins.a : floatsidf.S.obj (.text.__floatsidf)
                  0001df30    0000002c     libsysbm.a : unlink.c.obj (.text.unlink)
                  0001df5c    0000002a     UART2.o (.text.UART2_InChar)
                  0001df86    00000002     --HOLE-- [fill = 0]
                  0001df88    00000028     libc.a : memory.c.obj (.text.free_list_insert)
                  0001dfb0    00000028     libsysbm.a : lseek.c.obj (.text.lseek)
                  0001dfd8    00000028     Graphics.o (.text.printItem)
                  0001e000    00000028     libsysbm.a : write.c.obj (.text.write)
                  0001e028    00000028     libc.a : boot_cortex_m.c.obj (.text:_c_int00_noargs)
                  0001e050    00000026     main.o (.text.initRandom)
                  0001e076    00000024     Inventory.o (.text.Inventory_next)
                  0001e09a    00000002     --HOLE-- [fill = 0]
                  0001e09c    00000024     Joy.o (.text.Joy_Init)
                  0001e0c0    00000024     libclang_rt.builtins.a : floatunsidf.S.obj (.text.__floatunsidf)
                  0001e0e4    00000024     libc.a : rand.c.obj (.text.srand)
                  0001e108    00000022            : memccpy.c.obj (.text.memccpy)
                  0001e12a    00000002     --HOLE-- [fill = 0]
                  0001e12c    00000020     Graphics.o (.text.Graphics_Init)
                  0001e14c    00000020     Inventory.o (.text.Item_isWeapon)
                  0001e16c    0000001e     ST7735.o (.text.pushColor)
                  0001e18a    00000002     --HOLE-- [fill = 0]
                  0001e18c    0000001c     startup_mspm0g3507_ticlang.o (.text.Default_Handler)
                  0001e1a8    0000001c     startup_mspm0g3507_ticlang.o (.text.HardFault_Handler)
                  0001e1c4    0000001c     Joy.o (.text.Joy_In)
                  0001e1e0    0000001c     libc.a : memory.c.obj (.text.free_list_remove)
                  0001e1fc    00000018     FIFO.o (.text.RxFifo_Size)
                  0001e214    00000018     UART1.o (.text.UART1_OutChar)
                  0001e22c    00000018     libc.a : sprintf.c.obj (.text._outs)
                  0001e244    00000016     ST7735.o (.text.ST7735_open)
                  0001e25a    00000016     ST7735.o (.text.ST7735_read)
                  0001e270    00000014     DAC.o (.text.DAC_Out)
                  0001e284    00000014     FIFO.o (.text.RxFifo_Init)
                  0001e298    00000012     Inventory.o (.text.Inventory_currentItem)
                  0001e2aa    00000012     Inventory.o (.text.Item_isSpent)
                  0001e2bc    00000012     libc.a : memcpy16.S.obj (.text:TI_memcpy_small)
                  0001e2ce    00000012            : copy_decompress_none.c.obj (.text:decompress:none)
                  0001e2e0    00000010     Clock.o (.text.Clock_Delay)
                  0001e2f0    00000010     LaunchPad.o (.text.Delay)
                  0001e300    00000010     Joy.o (.text.Joy_InButton)
                  0001e310    00000010     Input.o (.text.ReadKeys)
                  0001e320    00000010     libc.a : copy_zero_init.c.obj (.text:decompress:ZI)
                  0001e330    0000000e            : memory.c.obj (.text.OUTLINED_FUNCTION_0)
                  0001e33e    0000000e     ST7735.o (.text.ST7735_lseek)
                  0001e34c    0000000e     libclang_rt.builtins.a : aeabi_memset.S.obj (.text.__aeabi_memset)
                  0001e35a    0000000e     libsysbm.a : hostrename.c.obj (.text.strcpy)
                  0001e368    0000000e     libc.a : _printfi.c.obj (.text.strlen)
                  0001e376    0000000e     libsysbm.a : hostrename.c.obj (.text.strlen)
                  0001e384    0000000e     libc.a : memset16.S.obj (.text:TI_memset_small)
                  0001e392    00000002     --HOLE-- [fill = 0]
                  0001e394    0000000c     Clock.o (.text.Clock_Freq)
                  0001e3a0    0000000c     ST7735.o (.text.ST7735_rename)
                  0001e3ac    0000000c     Sync.o (.text.Sync_Init)
                  0001e3b8    0000000c     libclang_rt.builtins.a : aeabi_memset.S.obj (.text.__aeabi_memclr)
                  0001e3c4    0000000c     libc.a : memory.c.obj (.text.malloc)
                  0001e3d0    0000000a            : e_pow.c.obj (.text.OUTLINED_FUNCTION_0)
                  0001e3da    00000002     --HOLE-- [fill = 0]
                  0001e3dc    00000010     libclang_rt.builtins.a : muldf3.S.obj (.tramp.__aeabi_dmul.1)
                  0001e3ec    0000000a     libc.a : e_pow.c.obj (.text.OUTLINED_FUNCTION_1)
                  0001e3f6    0000000a            : e_pow.c.obj (.text.OUTLINED_FUNCTION_6)
                  0001e400    0000000a     ST7735.o (.text.ST7735_close)
                  0001e40a    0000000a     ST7735.o (.text.ST7735_unlink)
                  0001e414    0000000a     libc.a : sprintf.c.obj (.text._outc)
                  0001e41e    00000008            : e_pow.c.obj (.text.OUTLINED_FUNCTION_2)
                  0001e426    00000002     --HOLE-- [fill = 0]
                  0001e428    00000010     libclang_rt.builtins.a : adddf3.S.obj (.tramp.__aeabi_dsub.1)
                  0001e438    00000008     libc.a : aeabi_portable.c.obj (.text.__aeabi_errno_addr)
                  0001e440    00000008     libclang_rt.builtins.a : aeabi_memcpy.S.obj (.text.__aeabi_memcpy)
                  0001e448    00000008     libc.a : printf.c.obj (.text._outc)
                  0001e450    00000008            : printf.c.obj (.text._outs)
                  0001e458    00000008            : fseek.c.obj (.text.fseek)
                  0001e460    00000008     libsysbm.a : remove.c.obj (.text.remove)
                  0001e468    00000006     libc.a : e_pow.c.obj (.text.OUTLINED_FUNCTION_3)
                  0001e46e    00000002     --HOLE-- [fill = 0]
                  0001e470    00000010     libclang_rt.builtins.a : adddf3.S.obj (.tramp.__aeabi_dadd.1)
                  0001e480    00000006     libc.a : e_pow.c.obj (.text.OUTLINED_FUNCTION_4)
                  0001e486    00000006            : e_pow.c.obj (.text.OUTLINED_FUNCTION_5)
                  0001e48c    00000004            : e_pow.c.obj (.text.OUTLINED_FUNCTION_10)
                  0001e490    00000004            : e_pow.c.obj (.text.OUTLINED_FUNCTION_7)
                  0001e494    00000004            : e_pow.c.obj (.text.OUTLINED_FUNCTION_8)
                  0001e498    00000004            : e_pow.c.obj (.text.OUTLINED_FUNCTION_9)
                  0001e49c    00000004     startup_mspm0g3507_ticlang.o (.text.Reset_Handler)
                  0001e4a0    00000004     libc.a : exit.c.obj (.text:abort)
                  0001e4a4    0000000c     --HOLE-- [fill = 0]

.cinit     0    0001e4b0    00000228     
                  0001e4b0    00000201     (.cinit..data.load) [load image, compression = lzss]
                  0001e6b1    00000003     --HOLE-- [fill = 0]
                  0001e6b4    0000000c     (__TI_handler_table)
                  0001e6c0    00000008     (.cinit..bss.load) [load image, compression = zero_init]
                  0001e6c8    00000010     (__TI_cinit_table)

.rodata    0    000000c0    00016d10     
                  000000c0    00004900     Sounds.o (.rodata.reloadSound)
                  000049c0    00002ab4     Sounds.o (.rodata.pistolSound)
                  00007474    00002000     Graphics.o (.rodata.SCBarkley)
                  00009474    00002000     Graphics.o (.rodata.circuitBoardTex2)
                  0000b474    00002000     Graphics.o (.rodata.circuitBoardTex)
                  0000d474    00002000     Graphics.o (.rodata.matrix2)
                  0000f474    00001e78     Sounds.o (.rodata.shotgunSound)
                  000112ec    0000095a     Sounds.o (.rodata.weaploadSound)
                  00011c46    0000094f     Sounds.o (.rodata.outofammoSound)
                  00012595    00000001     main.o (.rodata.str1.30235616187663446621)
                  00012596    00000800     main.o (.rodata.AgentPixelBack)
                  00012d96    00000800     main.o (.rodata.AgentPixelFront)
                  00013596    00000800     main.o (.rodata.ExplosionImage)
                  00013d96    00000800     main.o (.rodata.PistolImage)
                  00014596    00000800     main.o (.rodata.RifleImage)
                  00014d96    00000800     main.o (.rodata.ShotgunImage)
                  00015596    000004fb     Buffer.o (.rodata.Font)
                  00015a91    000004fb     ST7735.o (.rodata.Font)
                  00015f8c    00000240     Graphics.o (.rodata.OGMap)
                  000161cc    00000200     main.o (.rodata.Ammosprite)
                  000163cc    00000200     main.o (.rodata.Medkitsprite)
                  000165cc    00000200     main.o (.rodata.Pistolsprite)
                  000167cc    00000200     main.o (.rodata.Riflesprite)
                  000169cc    00000200     main.o (.rodata.Shotgunsprite)
                  00016bcc    0000003b     ST7735.o (.rodata.Rcmd1)
                  00016c07    00000035     main.o (.rodata.str1.157592557656998809351)
                  00016c3c    00000035     main.o (.rodata.str1.182731374899196392841)
                  00016c71    00000035     main.o (.rodata.str1.54842681482495761191)
                  00016ca6    00000002     ST7735.o (.rodata.str1.147171064836689809571)
                  00016ca8    00000030     libc.a : e_pow.c.obj (.rodata.cst16)
                  00016cd8    00000030     main.o (.rodata.str1.42835430280232758001)
                  00016d08    0000002b     ST7735.o (.rodata.Rcmd3)
                  00016d33    00000016     ST7735.o (.rodata.str1.180840905664508391481)
                  00016d49    00000011     libc.a : _printfi.c.obj (.rodata.str1.153638888446227384661)
                  00016d5a    0000000d     ST7735.o (.rodata.Rcmd2green)
                  00016d67    0000000d     ST7735.o (.rodata.Rcmd2red)
                  00016d74    0000000c     Graphics.o (.rodata.str1.37161536259113115651)
                  00016d80    00000009     Graphics.o (.rodata.str1.46143995295070766951)
                  00016d89    00000008     main.o (.rodata.str1.128962870563899395191)
                  00016d91    00000008     ST7735.o (.rodata.str1.42106280550816602831)
                  00016d99    00000007     ST7735.o (.rodata.str1.124659516132232304751)
                  00016da0    00000007     main.o (.rodata.str1.164552152177587026401)
                  00016da7    00000007     main.o (.rodata.str1.181369900268917052751)
                  00016dae    00000007     Graphics.o (.rodata.str1.67127546031375070101)
                  00016db5    00000007     ST7735.o (.rodata.str1.97082724960320730491)
                  00016dbc    00000006     Graphics.o (.rodata.str1.2002389610935928081)
                  00016dc2    00000006     main.o (.rodata.str1.58265674741439123291)
                  00016dc8    00000004     Graphics.o (.rodata.str1.25158831670344200691)
                  00016dcc    00000004     --HOLE-- [fill = 0]

.init_array 
*          0    00000000    00000000     UNINITIALIZED

.binit     0    00000000    00000000     

.bss       0    20200000    00005e9b     UNINITIALIZED
                  20200000    00005000     (.common:renderBuffer)
                  20205000    00000500     (.common:ZBuffer)
                  20205500    00000480     (.common:miniMap)
                  20205980    00000240     (.common:worldMap)
                  20205bc0    00000120     libsysbm.a : trgmsg.c.obj (.bss:_CIOBUF_)
                  20205ce0    000000a0     libc.a : defs.c.obj (.bss.__TI_tmpnams)
                  20205d80    00000080     (.common:floorGradient)
                  20205e00    00000040     FIFO.o (.bss.RxFifo)
                  20205e40    00000008     libsysbm.a : hostopen.c.obj (.bss.parmbuf)
                  20205e48    00000008     (.common:otherDirX)
                  20205e50    00000008     (.common:otherDirY)
                  20205e58    00000008     (.common:otherPosX)
                  20205e60    00000008     (.common:otherPosY)
                  20205e68    00000004     libc.a : memory.c.obj (.bss.sys_free)
                  20205e6c    00000004     (.common:Joy_x)
                  20205e70    00000004     (.common:Joy_y)
                  20205e74    00000004     (.common:Length)
                  20205e78    00000004     (.common:LostData)
                  20205e7c    00000004     (.common:RxGetI)
                  20205e80    00000004     (.common:RxPutI)
                  20205e84    00000004     (.common:SoundPt)
                  20205e88    00000004     (.common:flag_done)
                  20205e8c    00000004     (.common:ms_done)
                  20205e90    00000004     (.common:ms_passed)
                  20205e94    00000001     ST7735.o (.bss.ColStart)
                  20205e95    00000001     ST7735.o (.bss.Rotation)
                  20205e96    00000001     ST7735.o (.bss.RowStart)
                  20205e97    00000001     ST7735.o (.bss.TabColor)
                  20205e98    00000001     (.common:isShooting)
                  20205e99    00000001     (.common:isSwapping)
                  20205e9a    00000001     (.common:reloaded)

.data      0    20205ea0    00000799     UNINITIALIZED
                  20205ea0    00000258     main.o (.data.Sprites)
                  202060f8    000000f0     libc.a : defs.c.obj (.data._ftable)
                  202061e8    00000078     libsysbm.a : host_device.c.obj (.data._device)
                  20206260    00000068     main.o (.data.ammo_big)
                  202062c8    00000068     main.o (.data.ammo_small)
                  20206330    00000068     main.o (.data.medkit)
                  20206398    00000068     main.o (.data.pistol)
                  20206400    00000068     main.o (.data.rifle)
                  20206468    00000068     main.o (.data.shotgun)
                  202064d0    00000050     libsysbm.a : host_device.c.obj (.data._stream)
                  20206520    00000028     Sounds.o (.data.SoundEffects)
                  20206548    00000028     main.o (.data.gunFlash)
                  20206570    00000018     main.o (.data.items)
                  20206588    00000014     main.o (.data.inventory)
                  2020659c    00000010     Graphics.o (.data.textures)
                  202065ac    00000008     libc.a : exit.c.obj (.data..L_MergedGlobals)
                  202065b4    00000004     Clock.o (.data.BusFreq)
                  202065b8    00000008     main.o (.data.dirX)
                  202065c0    00000008     main.o (.data.dirY)
                  202065c8    00000008     main.o (.data.planeX)
                  202065d0    00000008     main.o (.data.planeY)
                  202065d8    00000008     main.o (.data.posX)
                  202065e0    00000008     main.o (.data.posY)
                  202065e8    00000004     Graphics.o (.data.RenderScene.side)
                  202065ec    00000004     ST7735.o (.data.StX)
                  202065f0    00000004     ST7735.o (.data.StY)
                  202065f4    00000004     libc.a : defs.c.obj (.data.__TI_ft_end)
                  202065f8    00000004            : aeabi_portable.c.obj (.data.__aeabi_errno)
                  202065fc    00000004            : _lock.c.obj (.data._lock)
                  20206600    00000004            : _lock.c.obj (.data._unlock)
                  20206604    00000004     main.o (.data.kills)
                  20206608    00000004     libc.a : rand.c.obj (.data.next)
                  2020660c    00000004     main.o (.data.numsprites)
                  20206610    00000004     main.o (.data.otherHealth)
                  20206614    00000004     main.o (.data.otherKills)
                  20206618    00000004     Sync.o (.data.otherPlayer)
                  2020661c    00000004     main.o (.data.playerHealth)
                  20206620    00000002     ST7735.o (.data.StTextColor)
                  20206622    00000002     Sync.o (.data.TIMG6_IRQHandler.timeCt)
                  20206624    00000002     ST7735.o (.data._height)
                  20206626    00000002     ST7735.o (.data._width)
                  20206628    00000001     sprites.o (.data.RenderForegroundSprites.sidesDrawn)
                  20206629    00000001     Sync.o (.data.TIMG7_IRQHandler.packetIndex)
                  2020662a    00000001     Sync.o (.data.TIMG8_IRQHandler.packetIndex)
                  2020662b    00000001     sprites.o (.data.canSwapItems)
                  2020662c    00000001     libsysbm.a : add_device.c.obj (.data.add_device.device_init)
                  2020662d    00000001     main.o (.data.healthCode)
                  2020662e    00000001     main.o (.data.isOnTarget)
                  2020662f    00000001     main.o (.data.isVulnerable)
                  20206630    00000001     Sync.o (.data.itemsStatus)
                  20206631    00000001     Input.o (.data.lastInput)
                  20206632    00000002     --HOLE--
                  20206634    00000001     libc.a : memory.c.obj (.data.memory_is_initialized)
                  20206635    00000003     --HOLE--
                  20206638    00000001     libsysbm.a : open.c.obj (.data.open.stream_init)

.sysmem    0    20206640    00000200     UNINITIALIZED
                  20206640    00000010     libc.a : memory.c.obj (.sysmem)
                  20206650    000001f0     --HOLE--

.stack     0    20207e00    00000200     UNINITIALIZED
                  20207e00    00000004     libc.a : boot_cortex_m.c.obj (.stack)
                  20207e04    000001fc     --HOLE--

__llvm_prf_cnts 
*          0    20200000    00000000     UNINITIALIZED

__llvm_prf_bits 
*          0    20200000    00000000     UNINITIALIZED

MODULE SUMMARY

       Module                         code    ro data   rw data
       ------                         ----    -------   -------
    .\
       Sounds.o                       196     42197     48     
       Graphics.o                     3368    33382     3036   
       Buffer.o                       1552    1275      20608  
       main.o                         642     15084     1411   
       ST7735.o                       2738    1449      18     
       sprites.o                      2490    0         2      
       Input.o                        2212    0         4      
       Sync.o                         1784    0         9      
       Timer.o                        816     0         0      
       ADC.o                          704     0         0      
       Inventory.o                    680     0         0      
       Clock.o                        516     0         4      
       SPI.o                          440     0         0      
       UART2.o                        358     0         4      
       FIFO.o                         196     0         72     
       LaunchPad.o                    196     0         0      
       DAC.o                          188     0         0      
       UART1.o                        148     0         0      
       Async_Delay.o                  132     0         12     
       Joy.o                          80      0         0      
    +--+------------------------------+-------+---------+---------+
       Total:                         19436   93387     25228  
                                                               
    .\ticlang\
       startup_mspm0g3507_ticlang.o   60      192       0      
    +--+------------------------------+-------+---------+---------+
       Total:                         60      192       0      
                                                               
    C:\ti\ccs2000\ccs\tools\compiler\ti-cgt-armllvm_4.0.1.LTS\lib\armv6m-ti-none-eabi/c/libc.a
       e_pow.c.obj                    2704    48        0      
       memory.c.obj                   702     0         5      
       _printfi.c.obj                 658     17        0      
       fopen.c.obj                    556     0         0      
       defs.c.obj                     0       0         404    
       e_sqrt.c.obj                   368     0         0      
       s_floor.c.obj                  324     0         0      
       qsort.c.obj                    308     0         0      
       fputs.c.obj                    248     0         0      
       setvbuf.c.obj                  224     0         0      
       s_scalbn.c.obj                 216     0         0      
       getdevice.c.obj                160     0         0      
       fputc.c.obj                    156     0         0      
       strcmp-armv6m.S.obj            136     0         0      
       copy_decompress_lzss.c.obj     124     0         0      
       fclose.c.obj                   124     0         0      
       fseek.c.obj                    116     0         0      
       printf.c.obj                   108     0         0      
       _io_perm.c.obj                 100     0         0      
       rand.c.obj                     92      0         4      
       sprintf.c.obj                  90      0         0      
       fflush.c.obj                   82      0         0      
       exit.c.obj                     56      0         8      
       autoinit.c.obj                 60      0         0      
       boot_cortex_m.c.obj            40      0         0      
       memccpy.c.obj                  34      0         0      
       copy_decompress_none.c.obj     18      0         0      
       memcpy16.S.obj                 18      0         0      
       copy_zero_init.c.obj           16      0         0      
       memset16.S.obj                 14      0         0      
       aeabi_portable.c.obj           8       0         4      
       _lock.c.obj                    2       0         8      
       pre_init.c.obj                 4       0         0      
    +--+------------------------------+-------+---------+---------+
       Total:                         7866    65        433    
                                                               
    C:\ti\ccs2000\ccs\tools\compiler\ti-cgt-armllvm_4.0.1.LTS\lib\armv6m-ti-none-eabi/c/libsysbm.a
       trgmsg.c.obj                   104     0         288    
       add_device.c.obj               236     0         1      
       host_device.c.obj              0       0         200    
       open.c.obj                     160     0         1      
       hostrename.c.obj               136     0         0      
       hostlseek.c.obj                108     0         0      
       hostopen.c.obj                 96      0         8      
       hostread.c.obj                 88      0         0      
       hostwrite.c.obj                88      0         0      
       close.c.obj                    80      0         0      
       hostclose.c.obj                72      0         0      
       hostunlink.c.obj               72      0         0      
       unlink.c.obj                   44      0         0      
       lseek.c.obj                    40      0         0      
       write.c.obj                    40      0         0      
       remove.c.obj                   8       0         0      
    +--+------------------------------+-------+---------+---------+
       Total:                         1372    0         498    
                                                               
    C:\ti\ccs2000\ccs\tools\compiler\ti-cgt-armllvm_4.0.1.LTS\lib\armv6m-ti-none-eabi/libclang_rt.builtins.a
       adddf3.S.obj                   434     0         0      
       divdf3.S.obj                   268     0         0      
       muldf3.S.obj                   244     0         0      
       comparedf2.c.obj               220     0         0      
       aeabi_dcmp.S.obj               98      0         0      
       aeabi_idivmod.S.obj            86      0         0      
       fixdfsi.S.obj                  74      0         0      
       aeabi_uidivmod.S.obj           64      0         0      
       muldsi3.S.obj                  58      0         0      
       floatsidf.S.obj                44      0         0      
       floatunsidf.S.obj              36      0         0      
       aeabi_memset.S.obj             26      0         0      
       aeabi_memcpy.S.obj             8       0         0      
       aeabi_div0.c.obj               2       0         0      
    +--+------------------------------+-------+---------+---------+
       Total:                         1662    0         0      
                                                               
       Heap:                          0       0         512    
       Stack:                         0       0         512    
       Linker Generated:              0       549       0      
    +--+------------------------------+-------+---------+---------+
       Grand Total:                   30396   94193     27183  


LINKER GENERATED COPY TABLES

__TI_cinit_table @ 0001e6c8 records: 2, size/record: 8, table size: 16
	.data: load addr=0001e4b0, load size=00000201 bytes, run addr=20205ea0, run size=00000799 bytes, compression=lzss
	.bss: load addr=0001e6c0, load size=00000008 bytes, run addr=20200000, run size=00005e9b bytes, compression=zero_init


LINKER GENERATED HANDLER TABLE

__TI_handler_table @ 0001e6b4 records: 3, size/record: 4, table size: 12
	index: 0, handler: __TI_decompress_lzss
	index: 1, handler: __TI_decompress_none
	index: 2, handler: __TI_zero_init


FAR CALL TRAMPOLINES

callee name               trampoline name
   callee addr  tramp addr   call addr  call info
--------------  -----------  ---------  ----------------
__aeabi_dmul              $Tramp$TT$L$PI$$__aeabi_dmul
   0001b1fd     0001e3dc     0001e3d8   libc.a : e_pow.c.obj (.text.OUTLINED_FUNCTION_0)
                             0001e3f4          : e_pow.c.obj (.text.OUTLINED_FUNCTION_1)
                             0001e3fe          : e_pow.c.obj (.text.OUTLINED_FUNCTION_6)
                             0001e484          : e_pow.c.obj (.text.OUTLINED_FUNCTION_4)
                             0001e48a          : e_pow.c.obj (.text.OUTLINED_FUNCTION_5)
                             0001e496          : e_pow.c.obj (.text.OUTLINED_FUNCTION_8)
__aeabi_dsub              $Tramp$TT$L$PI$$__aeabi_dsub
   00019889     0001e428     0001e424   libc.a : e_pow.c.obj (.text.OUTLINED_FUNCTION_2)
__aeabi_dadd              $Tramp$TT$L$PI$$__aeabi_dadd
   00019893     0001e470     0001e46c   libc.a : e_pow.c.obj (.text.OUTLINED_FUNCTION_3)
                             0001e48e          : e_pow.c.obj (.text.OUTLINED_FUNCTION_10)
                             0001e492          : e_pow.c.obj (.text.OUTLINED_FUNCTION_7)
                             0001e49a          : e_pow.c.obj (.text.OUTLINED_FUNCTION_9)

[3 trampolines]
[11 trampoline calls]


GLOBAL SYMBOLS: SORTED ALPHABETICALLY BY Name 

address   name                          
-------   ----                          
0001e18d  ADC0_IRQHandler               
0001d775  ADC0_In                       
0001ac59  ADC0_Init                     
0001e18d  ADC1_IRQHandler               
0001cf8d  ADC_InDual                    
0001a50d  ADC_InitDual                  
0001e18d  AES_IRQHandler                
0001daf1  ActivatePortA_B               
00012596  AgentPixelBack                
00012d96  AgentPixelFront               
000161cc  Ammosprite                    
202065b4  BusFreq                       
0001e4a0  C$$EXIT                       
0001dda5  C$$IO$$                       
0001e18d  CANFD0_IRQHandler             
00018531  CastRays                      
0001e2e1  Clock_Delay                   
0001dc41  Clock_Delay1ms                
0001e395  Clock_Freq                    
0001952d  Clock_Init80MHz               
0001e18d  DAC0_IRQHandler               
0001bb55  DAC_Init                      
0001e271  DAC_Out                       
0001e18d  DMA_IRQHandler                
0001e18d  Default_Handler               
0001e2f1  Delay                         
00018cd9  DrawCrosshair                 
00019339  DrawHealthBar                 
0001cabd  DrawMinimap                   
00013596  ExplosionImage                
0001c389  FillMap                       
0001e18d  GROUP0_IRQHandler             
0001e18d  GROUP1_IRQHandler             
0001e12d  Graphics_Init                 
0001d60d  HOSTclose                     
0001cd09  HOSTlseek                     
0001d11d  HOSTopen                      
0001d291  HOSTread                      
0001cd75  HOSTrename                    
0001d655  HOSTunlink                    
0001d2e9  HOSTwrite                     
0001e1a9  HardFault_Handler             
0001e18d  I2C0_IRQHandler               
0001e18d  I2C1_IRQHandler               
0001d7b9  Input_Init                    
0001b499  Inventory_add                 
0001e299  Inventory_currentItem         
0001e077  Inventory_next                
0001cbad  Inventory_removeCurrent       
0001b9f9  Inventory_replace             
0001e2ab  Item_isSpent                  
0001e14d  Item_isWeapon                 
0001e1c5  Joy_In                        
0001e301  Joy_InButton                  
0001e09d  Joy_Init                      
20205e6c  Joy_x                         
20205e70  Joy_y                         
0001c851  LaunchPad_Init                
20205e74  Length                        
20205e78  LostData                      
000163cc  Medkitsprite                  
00017819  MovePlayer                    
0001e18d  NMI_Handler                   
00015f8c  OGMap                         
0001e18d  PendSV_Handler                
00013d96  PistolImage                   
000165cc  Pistolsprite                  
0001c649  PrecalculateFloorGradient     
0001e18d  RTC_IRQHandler                
0001b88d  RandomizeSprites              
0001e311  ReadKeys                      
0001db29  RenderBuffer                  
0001ad4d  RenderForegroundSprites       
0001cb35  RenderHUD                     
0001bbfd  RenderInventory               
0001d885  RenderScene                   
0001ae41  RenderSky                     
00017f39  RenderSprite                  
00019a1d  RenderSprites                 
0001e49d  Reset_Handler                 
00014596  RifleImage                    
000167cc  Riflesprite                   
0001d491  RxFifo_Get                    
0001e285  RxFifo_Init                   
0001d4dd  RxFifo_Put                    
0001e1fd  RxFifo_Size                   
20205e7c  RxGetI                        
20205e80  RxPutI                        
00007474  SCBarkley                     
0001e18d  SPI0_IRQHandler               
0001e18d  SPI1_IRQHandler               
0001aa69  SPI_Init                      
0001d69d  SPI_OutCommand                
0001db61  SPI_OutData                   
0001d8c5  SPI_Reset                     
00019129  ST7735_DrawBitmap             
000196e1  ST7735_DrawChar               
0001c6cd  ST7735_DrawString             
0001a631  ST7735_FillRect               
0001ded9  ST7735_FillScreen             
0001c125  ST7735_InitPrintf             
0001c25d  ST7735_InitR                  
0001b569  ST7735_OutChar                
0001dc75  ST7735_SetCursor              
0001af35  ST7735_SetRotation            
0001e401  ST7735_close                  
0001e33f  ST7735_lseek                  
0001e245  ST7735_open                   
0001e25b  ST7735_read                   
0001e3a1  ST7735_rename                 
0001e40b  ST7735_unlink                 
0001dca9  ST7735_write                  
0001e18d  SVC_Handler                   
00014d96  ShotgunImage                  
000169cc  Shotgunsprite                 
20206520  SoundEffects                  
20205e84  SoundPt                       
0001d6e5  Sound_Init                    
0001db99  Sound_Start                   
20205ea0  Sprites                       
20206620  StTextColor                   
202065ec  StX                           
202065f0  StY                           
0001e3ad  Sync_Init                     
0001d7fd  SysTick_Handler               
0001dcdd  SystemInit                    
0001e18d  TIMA0_IRQHandler              
0001e18d  TIMA1_IRQHandler              
0001d72d  TIMG0_IRQHandler              
0001b709  TIMG12_IRQHandler             
0001d905  TIMG6_IRQHandler              
0001cc21  TIMG7_IRQHandler              
0001d17d  TIMG8_IRQHandler              
0001e2bd  TI_memcpy_small               
0001e385  TI_memset_small               
0001be9d  TimerG0_IntArm                
0001c2f5  TimerG12_IntArm               
0001bca5  TimerG6_IntArm                
0001bd4d  TimerG7_IntArm                
0001bdf5  TimerG8_IntArm                
0001e18d  UART0_IRQHandler              
0001e18d  UART1_IRQHandler              
0001c8cd  UART1_Init                    
0001e215  UART1_OutChar                 
0001cde1  UART2_IRQHandler              
0001df5d  UART2_InChar                  
0001b639  UART2_Init                    
0001e18d  UART3_IRQHandler              
20205000  ZBuffer                       
20205bc0  _CIOBUF_                      
20205bc0  __CIOBUF_                     
20208000  __STACK_END                   
00000200  __STACK_SIZE                  
00000200  __SYSMEM_SIZE                 
00000000  __TI_ATRegion0_region_sz      
00000000  __TI_ATRegion0_src_addr       
00000000  __TI_ATRegion0_trg_addr       
00000000  __TI_ATRegion1_region_sz      
00000000  __TI_ATRegion1_src_addr       
00000000  __TI_ATRegion1_trg_addr       
00000000  __TI_ATRegion2_region_sz      
00000000  __TI_ATRegion2_src_addr       
00000000  __TI_ATRegion2_trg_addr       
0001e6c8  __TI_CINIT_Base               
0001e6d8  __TI_CINIT_Limit              
0001e6d8  __TI_CINIT_Warm               
0001e6b4  __TI_Handler_Table_Base       
0001e6c0  __TI_Handler_Table_Limit      
0001da79  __TI_auto_init_nobinit_nopinit
0001dd11  __TI_cleanup                  
202065ac  __TI_cleanup_ptr              
0001c949  __TI_closefile                
0001ca41  __TI_decompress_lzss          
0001e2cf  __TI_decompress_none          
0001d3ed  __TI_doflush                  
202065b0  __TI_dtors_ptr                
202065f4  __TI_ft_end                   
ffffffff  __TI_pprof_out_hndl           
00018a55  __TI_printfi_minimal          
ffffffff  __TI_prof_data_size           
ffffffff  __TI_prof_data_start          
0001dd45  __TI_readmsg                  
00000000  __TI_static_base__            
20205ce0  __TI_tmpnams                  
0001dd79  __TI_writemsg                 
0001cff1  __TI_wrt_ok                   
0001e321  __TI_zero_init                
00019893  __adddf3                      
0001d5c1  __aeabi_d2iz                  
00019893  __aeabi_dadd                  
0001d0b9  __aeabi_dcmpeq                
0001d0f5  __aeabi_dcmpge                
0001d109  __aeabi_dcmpgt                
0001d0e1  __aeabi_dcmple                
0001d0cd  __aeabi_dcmplt                
0001a85d  __aeabi_ddiv                  
0001b1fd  __aeabi_dmul                  
00019889  __aeabi_dsub                  
202065f8  __aeabi_errno                 
0001e439  __aeabi_errno_addr            
0001df05  __aeabi_i2d                   
0001d341  __aeabi_idiv                  
00019a1b  __aeabi_idiv0                 
0001d341  __aeabi_idivmod               
0001e3b9  __aeabi_memclr                
0001e3b9  __aeabi_memclr4               
0001e3b9  __aeabi_memclr8               
0001e441  __aeabi_memcpy                
0001e441  __aeabi_memcpy4               
0001e441  __aeabi_memcpy8               
0001e34d  __aeabi_memset                
0001e34d  __aeabi_memset4               
0001e34d  __aeabi_memset8               
0001e0c1  __aeabi_ui2d                  
0001d945  __aeabi_uidiv                 
0001d945  __aeabi_uidivmod              
ffffffff  __binit__                     
0001cf25  __cmpdf2                      
0001a85d  __divdf3                      
0001cf25  __eqdf2                       
0001d5c1  __fixdfsi                     
0001df05  __floatsidf                   
0001e0c1  __floatunsidf                 
0001cc95  __gedf2                       
0001cc95  __gtdf2                       
0001cf25  __ledf2                       
0001cf25  __ltdf2                       
UNDEFED   __mpu_init                    
0001b1fd  __muldf3                      
0001dab5  __muldsi3                     
0001cf25  __nedf2                       
20207e00  __stack                       
20200000  __start___llvm_prf_bits       
20200000  __start___llvm_prf_cnts       
20200000  __stop___llvm_prf_bits        
20200000  __stop___llvm_prf_cnts        
00019889  __subdf3                      
0001e029  _c_int00_noargs               
202061e8  _device                       
202060f8  _ftable                       
202065fc  _lock                         
0001bfe3  _nop                          
202064d0  _stream                       
20206640  _sys_memory                   
UNDEFED   _system_post_cinit            
0001c5bd  _system_pre_init              
20206600  _unlock                       
0001e4a1  abort                         
0001b029  add_device                    
0001a749  aligned_alloc                 
20206260  ammo_big                      
202062c8  ammo_small                    
ffffffff  binit                         
0001bfe5  blitBufferToRenderBuffer      
2020662b  canSwapItems                  
0000b474  circuitBoardTex               
00009474  circuitBoardTex2              
0001c4a9  clearRenderBuffer             
0001d441  close                         
0001d397  compareSprites                
202065b8  dirX                          
202065c0  dirY                          
0001a969  drawCharToBuffer              
00018f11  drawForegroundSpriteToBuffer  
0001ddad  exit                          
0001de79  fastCos                       
0001d9c5  fastSin                       
0001dde1  finddevice                    
20205e88  flag_done                     
0001a295  floor                         
20205d80  floorGradient                 
0001a295  floorl                        
0001dea9  fopen                         
0001c1c1  fputc                         
0001ab61  fputs                         
0001b115  free                          
0001de15  freopen                       
0001e459  fseek                         
0001ce4d  fseeko                        
0001d841  generateSprite                
0001a141  getDirectionPacket            
00019e95  getInfoPacket                 
0001b7cd  getPositionPacket             
0001c9c5  getRandomMapPos               
0001ceb9  getdevice                     
20206548  gunFlash                      
2020662d  healthCode                    
0001d529  inInventory                   
0001e051  initRandom                    
00000000  interruptVectors              
20206588  inventory                     
2020662e  isOnTarget                    
20205e98  isShooting                    
20205e99  isSwapping                    
2020662f  isVulnerable                  
20206570  items                         
20206630  itemsStatus                   
20206604  kills                         
20206631  lastInput                     
0001b3c1  ldexp                         
0001b3c1  ldexpl                        
0001dfb1  lseek                         
00019ba9  main                          
0001e3c5  malloc                        
0000d474  matrix2                       
20206330  medkit                        
0001a749  memalign                      
0001e109  memccpy                       
20205500  miniMap                       
20205e8c  ms_done                       
20205e90  ms_passed                     
2020660c  numsprites                    
0001c085  open                          
20205e48  otherDirX                     
20205e50  otherDirY                     
20206610  otherHealth                   
20206614  otherKills                    
20206618  otherPlayer                   
20205e58  otherPosX                     
20205e60  otherPosY                     
00011c46  outofammoSound                
20205e40  parmbuf                       
20206398  pistol                        
000049c0  pistolSound                   
202065c8  planeX                        
202065d0  planeY                        
2020661c  playerHealth                  
202065d8  posX                          
202065e0  posY                          
00016dd1  pow                           
00016dd1  powl                          
0001d575  printAmmo                     
0001dfd9  printItem                     
0001c419  printLeaderboard              
0001b945  printToBuffer                 
0001d1d9  printf                        
0001a3d9  qsort                         
0001dbd1  rand                          
000000c0  reloadSound                   
20205e9a  reloaded                      
0001e461  remove                        
20200000  renderBuffer                  
0001baa9  respawnPlayer                 
20206400  rifle                         
0001b3c1  scalbn                        
0001b3c1  scalbnl                       
0001c751  sendDirectionPacket           
0001da01  sendInfoPacket                
0001c7d1  sendPositionPacket            
0001d235  setPixelBuffer                
0001b2e1  setvbuf                       
20206468  shotgun                       
0000f474  shotgunSound                  
0001dc09  sprintf                       
00019d25  sqrt                          
00019d25  sqrtl                         
0001e0e5  srand                         
0001da3d  start_delay                   
0001c5c1  strcmp                        
2020659c  textures                      
0001df31  unlink                        
000112ec  weaploadSound                 
20205980  worldMap                      
0001e001  write                         


GLOBAL SYMBOLS: SORTED BY Symbol Address 

address   name                          
-------   ----                          
00000000  __TI_ATRegion0_region_sz      
00000000  __TI_ATRegion0_src_addr       
00000000  __TI_ATRegion0_trg_addr       
00000000  __TI_ATRegion1_region_sz      
00000000  __TI_ATRegion1_src_addr       
00000000  __TI_ATRegion1_trg_addr       
00000000  __TI_ATRegion2_region_sz      
00000000  __TI_ATRegion2_src_addr       
00000000  __TI_ATRegion2_trg_addr       
00000000  __TI_static_base__            
00000000  interruptVectors              
000000c0  reloadSound                   
00000200  __STACK_SIZE                  
00000200  __SYSMEM_SIZE                 
000049c0  pistolSound                   
00007474  SCBarkley                     
00009474  circuitBoardTex2              
0000b474  circuitBoardTex               
0000d474  matrix2                       
0000f474  shotgunSound                  
000112ec  weaploadSound                 
00011c46  outofammoSound                
00012596  AgentPixelBack                
00012d96  AgentPixelFront               
00013596  ExplosionImage                
00013d96  PistolImage                   
00014596  RifleImage                    
00014d96  ShotgunImage                  
00015f8c  OGMap                         
000161cc  Ammosprite                    
000163cc  Medkitsprite                  
000165cc  Pistolsprite                  
000167cc  Riflesprite                   
000169cc  Shotgunsprite                 
00016dd1  pow                           
00016dd1  powl                          
00017819  MovePlayer                    
00017f39  RenderSprite                  
00018531  CastRays                      
00018a55  __TI_printfi_minimal          
00018cd9  DrawCrosshair                 
00018f11  drawForegroundSpriteToBuffer  
00019129  ST7735_DrawBitmap             
00019339  DrawHealthBar                 
0001952d  Clock_Init80MHz               
000196e1  ST7735_DrawChar               
00019889  __aeabi_dsub                  
00019889  __subdf3                      
00019893  __adddf3                      
00019893  __aeabi_dadd                  
00019a1b  __aeabi_idiv0                 
00019a1d  RenderSprites                 
00019ba9  main                          
00019d25  sqrt                          
00019d25  sqrtl                         
00019e95  getInfoPacket                 
0001a141  getDirectionPacket            
0001a295  floor                         
0001a295  floorl                        
0001a3d9  qsort                         
0001a50d  ADC_InitDual                  
0001a631  ST7735_FillRect               
0001a749  aligned_alloc                 
0001a749  memalign                      
0001a85d  __aeabi_ddiv                  
0001a85d  __divdf3                      
0001a969  drawCharToBuffer              
0001aa69  SPI_Init                      
0001ab61  fputs                         
0001ac59  ADC0_Init                     
0001ad4d  RenderForegroundSprites       
0001ae41  RenderSky                     
0001af35  ST7735_SetRotation            
0001b029  add_device                    
0001b115  free                          
0001b1fd  __aeabi_dmul                  
0001b1fd  __muldf3                      
0001b2e1  setvbuf                       
0001b3c1  ldexp                         
0001b3c1  ldexpl                        
0001b3c1  scalbn                        
0001b3c1  scalbnl                       
0001b499  Inventory_add                 
0001b569  ST7735_OutChar                
0001b639  UART2_Init                    
0001b709  TIMG12_IRQHandler             
0001b7cd  getPositionPacket             
0001b88d  RandomizeSprites              
0001b945  printToBuffer                 
0001b9f9  Inventory_replace             
0001baa9  respawnPlayer                 
0001bb55  DAC_Init                      
0001bbfd  RenderInventory               
0001bca5  TimerG6_IntArm                
0001bd4d  TimerG7_IntArm                
0001bdf5  TimerG8_IntArm                
0001be9d  TimerG0_IntArm                
0001bfe3  _nop                          
0001bfe5  blitBufferToRenderBuffer      
0001c085  open                          
0001c125  ST7735_InitPrintf             
0001c1c1  fputc                         
0001c25d  ST7735_InitR                  
0001c2f5  TimerG12_IntArm               
0001c389  FillMap                       
0001c419  printLeaderboard              
0001c4a9  clearRenderBuffer             
0001c5bd  _system_pre_init              
0001c5c1  strcmp                        
0001c649  PrecalculateFloorGradient     
0001c6cd  ST7735_DrawString             
0001c751  sendDirectionPacket           
0001c7d1  sendPositionPacket            
0001c851  LaunchPad_Init                
0001c8cd  UART1_Init                    
0001c949  __TI_closefile                
0001c9c5  getRandomMapPos               
0001ca41  __TI_decompress_lzss          
0001cabd  DrawMinimap                   
0001cb35  RenderHUD                     
0001cbad  Inventory_removeCurrent       
0001cc21  TIMG7_IRQHandler              
0001cc95  __gedf2                       
0001cc95  __gtdf2                       
0001cd09  HOSTlseek                     
0001cd75  HOSTrename                    
0001cde1  UART2_IRQHandler              
0001ce4d  fseeko                        
0001ceb9  getdevice                     
0001cf25  __cmpdf2                      
0001cf25  __eqdf2                       
0001cf25  __ledf2                       
0001cf25  __ltdf2                       
0001cf25  __nedf2                       
0001cf8d  ADC_InDual                    
0001cff1  __TI_wrt_ok                   
0001d0b9  __aeabi_dcmpeq                
0001d0cd  __aeabi_dcmplt                
0001d0e1  __aeabi_dcmple                
0001d0f5  __aeabi_dcmpge                
0001d109  __aeabi_dcmpgt                
0001d11d  HOSTopen                      
0001d17d  TIMG8_IRQHandler              
0001d1d9  printf                        
0001d235  setPixelBuffer                
0001d291  HOSTread                      
0001d2e9  HOSTwrite                     
0001d341  __aeabi_idiv                  
0001d341  __aeabi_idivmod               
0001d397  compareSprites                
0001d3ed  __TI_doflush                  
0001d441  close                         
0001d491  RxFifo_Get                    
0001d4dd  RxFifo_Put                    
0001d529  inInventory                   
0001d575  printAmmo                     
0001d5c1  __aeabi_d2iz                  
0001d5c1  __fixdfsi                     
0001d60d  HOSTclose                     
0001d655  HOSTunlink                    
0001d69d  SPI_OutCommand                
0001d6e5  Sound_Init                    
0001d72d  TIMG0_IRQHandler              
0001d775  ADC0_In                       
0001d7b9  Input_Init                    
0001d7fd  SysTick_Handler               
0001d841  generateSprite                
0001d885  RenderScene                   
0001d8c5  SPI_Reset                     
0001d905  TIMG6_IRQHandler              
0001d945  __aeabi_uidiv                 
0001d945  __aeabi_uidivmod              
0001d9c5  fastSin                       
0001da01  sendInfoPacket                
0001da3d  start_delay                   
0001da79  __TI_auto_init_nobinit_nopinit
0001dab5  __muldsi3                     
0001daf1  ActivatePortA_B               
0001db29  RenderBuffer                  
0001db61  SPI_OutData                   
0001db99  Sound_Start                   
0001dbd1  rand                          
0001dc09  sprintf                       
0001dc41  Clock_Delay1ms                
0001dc75  ST7735_SetCursor              
0001dca9  ST7735_write                  
0001dcdd  SystemInit                    
0001dd11  __TI_cleanup                  
0001dd45  __TI_readmsg                  
0001dd79  __TI_writemsg                 
0001dda5  C$$IO$$                       
0001ddad  exit                          
0001dde1  finddevice                    
0001de15  freopen                       
0001de79  fastCos                       
0001dea9  fopen                         
0001ded9  ST7735_FillScreen             
0001df05  __aeabi_i2d                   
0001df05  __floatsidf                   
0001df31  unlink                        
0001df5d  UART2_InChar                  
0001dfb1  lseek                         
0001dfd9  printItem                     
0001e001  write                         
0001e029  _c_int00_noargs               
0001e051  initRandom                    
0001e077  Inventory_next                
0001e09d  Joy_Init                      
0001e0c1  __aeabi_ui2d                  
0001e0c1  __floatunsidf                 
0001e0e5  srand                         
0001e109  memccpy                       
0001e12d  Graphics_Init                 
0001e14d  Item_isWeapon                 
0001e18d  ADC0_IRQHandler               
0001e18d  ADC1_IRQHandler               
0001e18d  AES_IRQHandler                
0001e18d  CANFD0_IRQHandler             
0001e18d  DAC0_IRQHandler               
0001e18d  DMA_IRQHandler                
0001e18d  Default_Handler               
0001e18d  GROUP0_IRQHandler             
0001e18d  GROUP1_IRQHandler             
0001e18d  I2C0_IRQHandler               
0001e18d  I2C1_IRQHandler               
0001e18d  NMI_Handler                   
0001e18d  PendSV_Handler                
0001e18d  RTC_IRQHandler                
0001e18d  SPI0_IRQHandler               
0001e18d  SPI1_IRQHandler               
0001e18d  SVC_Handler                   
0001e18d  TIMA0_IRQHandler              
0001e18d  TIMA1_IRQHandler              
0001e18d  UART0_IRQHandler              
0001e18d  UART1_IRQHandler              
0001e18d  UART3_IRQHandler              
0001e1a9  HardFault_Handler             
0001e1c5  Joy_In                        
0001e1fd  RxFifo_Size                   
0001e215  UART1_OutChar                 
0001e245  ST7735_open                   
0001e25b  ST7735_read                   
0001e271  DAC_Out                       
0001e285  RxFifo_Init                   
0001e299  Inventory_currentItem         
0001e2ab  Item_isSpent                  
0001e2bd  TI_memcpy_small               
0001e2cf  __TI_decompress_none          
0001e2e1  Clock_Delay                   
0001e2f1  Delay                         
0001e301  Joy_InButton                  
0001e311  ReadKeys                      
0001e321  __TI_zero_init                
0001e33f  ST7735_lseek                  
0001e34d  __aeabi_memset                
0001e34d  __aeabi_memset4               
0001e34d  __aeabi_memset8               
0001e385  TI_memset_small               
0001e395  Clock_Freq                    
0001e3a1  ST7735_rename                 
0001e3ad  Sync_Init                     
0001e3b9  __aeabi_memclr                
0001e3b9  __aeabi_memclr4               
0001e3b9  __aeabi_memclr8               
0001e3c5  malloc                        
0001e401  ST7735_close                  
0001e40b  ST7735_unlink                 
0001e439  __aeabi_errno_addr            
0001e441  __aeabi_memcpy                
0001e441  __aeabi_memcpy4               
0001e441  __aeabi_memcpy8               
0001e459  fseek                         
0001e461  remove                        
0001e49d  Reset_Handler                 
0001e4a0  C$$EXIT                       
0001e4a1  abort                         
0001e6b4  __TI_Handler_Table_Base       
0001e6c0  __TI_Handler_Table_Limit      
0001e6c8  __TI_CINIT_Base               
0001e6d8  __TI_CINIT_Limit              
0001e6d8  __TI_CINIT_Warm               
20200000  __start___llvm_prf_bits       
20200000  __start___llvm_prf_cnts       
20200000  __stop___llvm_prf_bits        
20200000  __stop___llvm_prf_cnts        
20200000  renderBuffer                  
20205000  ZBuffer                       
20205500  miniMap                       
20205980  worldMap                      
20205bc0  _CIOBUF_                      
20205bc0  __CIOBUF_                     
20205ce0  __TI_tmpnams                  
20205d80  floorGradient                 
20205e40  parmbuf                       
20205e48  otherDirX                     
20205e50  otherDirY                     
20205e58  otherPosX                     
20205e60  otherPosY                     
20205e6c  Joy_x                         
20205e70  Joy_y                         
20205e74  Length                        
20205e78  LostData                      
20205e7c  RxGetI                        
20205e80  RxPutI                        
20205e84  SoundPt                       
20205e88  flag_done                     
20205e8c  ms_done                       
20205e90  ms_passed                     
20205e98  isShooting                    
20205e99  isSwapping                    
20205e9a  reloaded                      
20205ea0  Sprites                       
202060f8  _ftable                       
202061e8  _device                       
20206260  ammo_big                      
202062c8  ammo_small                    
20206330  medkit                        
20206398  pistol                        
20206400  rifle                         
20206468  shotgun                       
202064d0  _stream                       
20206520  SoundEffects                  
20206548  gunFlash                      
20206570  items                         
20206588  inventory                     
2020659c  textures                      
202065ac  __TI_cleanup_ptr              
202065b0  __TI_dtors_ptr                
202065b4  BusFreq                       
202065b8  dirX                          
202065c0  dirY                          
202065c8  planeX                        
202065d0  planeY                        
202065d8  posX                          
202065e0  posY                          
202065ec  StX                           
202065f0  StY                           
202065f4  __TI_ft_end                   
202065f8  __aeabi_errno                 
202065fc  _lock                         
20206600  _unlock                       
20206604  kills                         
2020660c  numsprites                    
20206610  otherHealth                   
20206614  otherKills                    
20206618  otherPlayer                   
2020661c  playerHealth                  
20206620  StTextColor                   
2020662b  canSwapItems                  
2020662d  healthCode                    
2020662e  isOnTarget                    
2020662f  isVulnerable                  
20206630  itemsStatus                   
20206631  lastInput                     
20206640  _sys_memory                   
20207e00  __stack                       
20208000  __STACK_END                   
ffffffff  __TI_pprof_out_hndl           
ffffffff  __TI_prof_data_size           
ffffffff  __TI_prof_data_start          
ffffffff  __binit__                     
ffffffff  binit                         
UNDEFED   __mpu_init                    
UNDEFED   _system_post_cinit            

[364 symbols]
