******************************************************************************
            TI ARM Clang Linker PC v4.0.1                      
******************************************************************************
>> Linked Wed Apr 23 23:18:45 2025

OUTPUT FILE NAME:   <TheM0+rix_Segfaulted.out>
ENTRY POINT SYMBOL: "_c_int00_noargs"  address: 0001e891


MEMORY CONFIGURATION

         name            origin    length      used     unused   attr    fill
----------------------  --------  ---------  --------  --------  ----  --------
  FLASH                 00000000   00020000  0001f0e8  00000f18  R  X
  SRAM                  20200000   00008000  000076a3  0000095d  RW X
  BCR_CONFIG            41c00000   00000080  00000000  00000080  R   
  BSL_CONFIG            41c00100   00000080  00000000  00000080  R   


SEGMENT ALLOCATION MAP

run origin  load origin   length   init length attrs members
----------  ----------- ---------- ----------- ----- -------
00000000    00000000    0001f0e8   0001f0e8    r-x
  00000000    00000000    000000c0   000000c0    r-- .intvecs
  000000c0    000000c0    00014290   00014290    r-- .rodata
  00014350    00014350    0000aa40   0000aa40    r-x .text
  0001ed90    0001ed90    00000358   00000358    r-- .cinit
20200000    20200000    000074b0   00000000    rw-
  20200000    20200000    0000695a   00000000    rw- .bss
  20206960    20206960    00000949   00000000    rw- .data
  202072b0    202072b0    00000200   00000000    rw- .sysmem
20207e00    20207e00    00000200   00000000    rw-
  20207e00    20207e00    00000200   00000000    rw- .stack


SECTION ALLOCATION MAP

 output                                  attributes/
section   page    origin      length       input sections
--------  ----  ----------  ----------   ----------------
.intvecs   0    00000000    000000c0     
                  00000000    000000c0     startup_mspm0g3507_ticlang.o (.intvecs)

.text      0    00014350    0000aa40     
                  00014350    00000748     Input.o (.text.MovePlayer)
                  00014a98    000005fc     sprites.o (.text.RenderSprite)
                  00015094    00000598     ff.o (.text.find_volume)
                  0001562c    00000524     Graphics.o (.text.CastRays)
                  00015b50    00000318     ff.o (.text.create_name)
                  00015e68    000002b8     diskio.o (.text.disk_ioctl)
                  00016120    000002a4     ff.o (.text.f_lseek)
                  000163c4    00000298     ff.o (.text.f_read)
                  0001665c    0000028c     menus.o (.text.Menus_Run)
                  000168e8    00000284     libc.a : _printfi.c.obj (.text:__TI_printfi_minimal)
                  00016b6c    00000270     ff.o (.text.f_open)
                  00016ddc    00000238     Graphics.o (.text.DrawCrosshair)
                  00017014    00000228     diskio.o (.text.disk_initialize)
                  0001723c    00000218     Buffer.o (.text.drawForegroundSpriteToBuffer)
                  00017454    00000214     ST7735_SDC.o (.text.ST7735_DrawTextBoxS_IF)
                  00017668    00000210     ST7735_SDC.o (.text.ST7735_DrawBitmap)
                  00017878    000001f4     Graphics.o (.text.DrawHealthBar)
                  00017a6c    000001f0     ST7735_SDC.o (.text.ST7735_DrawTextBoxS)
                  00017c5c    000001d0     ff.o (.text.put_fat)
                  00017e2c    000001cc     ff.o (.text.dir_next)
                  00017ff8    000001b4     Clock.o (.text.Clock_Init80MHz)
                  000181ac    000001b0     Sync.o (.text.getDirectionPacket)
                  0001835c    000001a0     ST7735_SDC.o (.text.ST7735_DrawCharS)
                  000184fc    00000192     libclang_rt.builtins.a : adddf3.S.obj (.text.adddf3_subdf3)
                  0001868e    00000002                            : aeabi_div0.c.obj (.text.__aeabi_idiv0)
                  00018690    00000184     sprites.o (.text.RenderSprites)
                  00018814    0000016c     ff.o (.text.create_chain)
                  00018980    00000158     ff.o (.text.get_fat)
                  00018ad8    00000154     libc.a : fopen.c.obj (.text._openfile)
                  00018c2c    00000144            : s_floor.c.obj (.text.floor)
                  00018d70    00000144     ff.o (.text.sync_fs)
                  00018eb4    00000140     diskio.o (.text.SPI1_Init)
                  00018ff4    00000138     main.o (.text.DeathScreen)
                  0001912c    00000134     Sync.o (.text.ComputeHitDirection)
                  00019260    00000134     libc.a : qsort.c.obj (.text.qsort)
                  00019394    00000128     Sync.o (.text.getInfoPacket)
                  000194bc    00000126     diskio.o (.text.send_cmd)
                  000195e2    00000002     libc.a : _lock.c.obj (.text._nop)
                  000195e4    00000124     ADC.o (.text.ADC_InitDual)
                  00019708    00000124     ff.o (.text.dir_sdi)
                  0001982c    00000120     ff.o (.text.follow_path)
                  0001994c    00000118     ST7735_SDC.o (.text.ST7735_FillRect)
                  00019a64    00000118     diskio.o (.text.disk_write)
                  00019b7c    00000114     ST7735_SDC.o (.text.ST7735_DrawBitmapFromSDC)
                  00019c90    00000114     libc.a : memory.c.obj (.text.aligned_alloc)
                  00019da4    00000114     ff.o (.text.f_sync)
                  00019eb8    0000010c     libclang_rt.builtins.a : divdf3.S.obj (.text.__divdf3)
                  00019fc4    00000100     Buffer.o (.text.drawCharToBuffer)
                  0001a0c4    000000f8     SPI.o (.text.SPI_Init)
                  0001a1bc    000000f4     ADC.o (.text.ADC0_Init)
                  0001a2b0    000000f4     sprites.o (.text.RenderForegroundSprites)
                  0001a3a4    000000f4     Graphics.o (.text.RenderSky)
                  0001a498    000000f4     ST7735_SDC.o (.text.ST7735_SetRotation)
                  0001a58c    000000f0     Inventory.o (.text.Inventory_add)
                  0001a67c    000000ec     main.o (.text.GameLoop)
                  0001a768    000000ec     libsysbm.a : add_device.c.obj (.text.add_device)
                  0001a854    000000e8     libc.a : memory.c.obj (.text.free)
                  0001a93c    000000e4     libclang_rt.builtins.a : muldf3.S.obj (.text.__muldf3)
                  0001aa20    000000e4     diskio.o (.text.disk_read)
                  0001ab04    000000e0     Inventory.o (.text.Inventory_replace)
                  0001abe4    000000e0     libc.a : setvbuf.c.obj (.text.setvbuf)
                  0001acc4    000000dc     Graphics.o (.text.DrawHitIndicator)
                  0001ada0    000000d0     ST7735_SDC.o (.text.ST7735_OutChar)
                  0001ae70    000000d0     UART2.o (.text.UART2_Init)
                  0001af40    000000cc     Sync.o (.text.RandomizeSprites)
                  0001b00c    000000c8     menus.o (.text.dialogueScreen)
                  0001b0d4    000000c4     Input.o (.text.TIMG12_IRQHandler)
                  0001b198    000000c0     Sync.o (.text.getPositionPacket)
                  0001b258    000000bc     main.o (.text.respawnPlayer)
                  0001b314    000000b8     ff.o (.text.remove_chain)
                  0001b3cc    000000b4     Buffer.o (.text.printToBuffer)
                  0001b480    000000ae     ff.o (.text.get_ldnumber)
                  0001b52e    00000002     --HOLE-- [fill = 0]
                  0001b530    000000ac     ff.o (.text.check_fs)
                  0001b5dc    000000ac     ST7735_SDC.o (.text.diskError)
                  0001b688    000000a8     DAC.o (.text.DAC_Init)
                  0001b730    000000a8     sprites.o (.text.RenderInventory)
                  0001b7d8    000000a8     Timer.o (.text.TimerA0_IntArm)
                  0001b880    000000a8     Timer.o (.text.TimerG6_IntArm)
                  0001b928    000000a8     Timer.o (.text.TimerG7_IntArm)
                  0001b9d0    000000a8     Timer.o (.text.TimerG8_IntArm)
                  0001ba78    000000a6     ff.o (.text.dir_find)
                  0001bb1e    00000002     --HOLE-- [fill = 0]
                  0001bb20    000000a4     Timer.o (.text.TimerG0_IntArm)
                  0001bbc4    000000a2     ST7735_SDC.o (.text.commandList)
                  0001bc66    000000a2     ff.o (.text.dir_alloc)
                  0001bd08    000000a0     Buffer.o (.text.blitBufferToRenderBuffer)
                  0001bda8    000000a0     libsysbm.a : open.c.obj (.text.open)
                  0001be48    0000009c     ST7735_SDC.o (.text.ST7735_InitPrintf)
                  0001bee4    00000098     ST7735_SDC.o (.text.ST7735_InitR)
                  0001bf7c    00000098     ff.o (.text.f_mount)
                  0001c014    00000094     SoundSD.o (.text.SoundSD_Service)
                  0001c0a8    00000094     SoundSD.o (.text.SysTick_Handler)
                  0001c13c    00000094     Timer.o (.text.TimerG12_IntArm)
                  0001c1d0    00000090     Graphics.o (.text.FillMap)
                  0001c260    00000090     Graphics.o (.text.printLeaderboard)
                  0001c2f0    0000008e     ff.o (.text.sync_window)
                  0001c37e    00000002     --HOLE-- [fill = 0]
                  0001c380    0000008c     Buffer.o (.text.clearRenderBuffer)
                  0001c40c    00000088     ST7735_SDC.o (.text.setAddrWindow)
                  0001c494    0000000c     menus.o (.text.Action_SetEnglish)
                  0001c4a0    00000088     libc.a : strcmp-armv6m.S.obj (.text:strcmp)
                  0001c528    00000084     Buffer.o (.text.PrecalculateFloorGradient)
                  0001c5ac    00000084     ST7735_SDC.o (.text.ST7735_DrawString)
                  0001c630    00000084     ST7735_SDC.o (.text.ST7735_OutUDec)
                  0001c6b4    00000080     Sync.o (.text.sendDirectionPacket)
                  0001c734    00000080     Sync.o (.text.sendPositionPacket)
                  0001c7b4    0000007c     LaunchPad.o (.text.LaunchPad_Init)
                  0001c830    0000007c     UART1.o (.text.UART1_Init)
                  0001c8ac    0000007c     libc.a : fclose.c.obj (.text.__TI_closefile)
                  0001c928    0000007c     Sync.o (.text.getRandomMapPos)
                  0001c9a4    0000007c     libc.a : copy_decompress_lzss.c.obj (.text:decompress:lzss)
                  0001ca20    00000078     Graphics.o (.text.DrawMinimap)
                  0001ca98    00000078     Graphics.o (.text.RenderHUD)
                  0001cb10    00000078     diskio.o (.text.rcvr_datablock)
                  0001cb88    00000076     diskio.o (.text.xmit_datablock)
                  0001cbfe    00000074     Inventory.o (.text.Inventory_removeCurrent)
                  0001cc72    00000002     --HOLE-- [fill = 0]
                  0001cc74    00000074     Sync.o (.text.TIMG7_IRQHandler)
                  0001cce8    00000074     libclang_rt.builtins.a : comparedf2.c.obj (.text.__gedf2)
                  0001cd5c    00000074     sprites.o (.text.generateSprite)
                  0001cdd0    00000070     Graphics.o (.text.Graphics_Init)
                  0001ce40    00000070     ST7735_SDC.o (.text.ST7735_DrawPixel)
                  0001ceb0    00000070     SoundSD.o (.text.SoundSD_Play)
                  0001cf20    00000070     ST7735_SDC.o (.text.TFT_OutCommand)
                  0001cf90    00000070     diskio.o (.text.disk_timerproc)
                  0001d000    0000006c     libsysbm.a : hostlseek.c.obj (.text.HOSTlseek)
                  0001d06c    0000006c                : hostrename.c.obj (.text.HOSTrename)
                  0001d0d8    0000006c     ST7735_SDC.o (.text.TFT_OutData)
                  0001d144    0000006c     UART2.o (.text.UART2_IRQHandler)
                  0001d1b0    0000006c     libc.a : getdevice.c.obj (.text.getdevice)
                  0001d21c    00000068     libclang_rt.builtins.a : comparedf2.c.obj (.text.__ledf2)
                  0001d284    00000068     ff.o (.text.validate)
                  0001d2ec    00000064     ADC.o (.text.ADC_InDual)
                  0001d350    00000064     libc.a : memory.c.obj (.text.split)
                  0001d3b4    00000062     libclang_rt.builtins.a : aeabi_dcmp.S.obj (.text.__aeabi_dcmp)
                  0001d416    00000062     ff.o (.text.move_window)
                  0001d478    00000060     libsysbm.a : hostopen.c.obj (.text.HOSTopen)
                  0001d4d8    00000060     ff.o (.text.dir_register)
                  0001d538    0000005c     Sync.o (.text.TIMG8_IRQHandler)
                  0001d594    0000005c     Buffer.o (.text.setPixelBuffer)
                  0001d5f0    00000058     libsysbm.a : hostread.c.obj (.text.HOSTread)
                  0001d648    00000058                : hostwrite.c.obj (.text.HOSTwrite)
                  0001d6a0    00000056     ST7735_SDC.o (.text.ST7735_ClearScreenBlack)
                  0001d6f6    00000002     --HOLE-- [fill = 0]
                  0001d6f8    00000056     libclang_rt.builtins.a : aeabi_idivmod.S.obj (.text.__aeabi_idivmod)
                  0001d74e    00000056     sprites.o (.text.compareSprites)
                  0001d7a4    00000054     ST7735_SDC.o (.text.fillmessage)
                  0001d7f8    00000054     ff.o (.text.mem_cmp)
                  0001d84c    00000052     libc.a : fflush.c.obj (.text.__TI_doflush)
                  0001d89e    00000002     --HOLE-- [fill = 0]
                  0001d8a0    00000050     Sounds.o (.text.Sound_Start)
                  0001d8f0    00000050     libsysbm.a : close.c.obj (.text.close)
                  0001d940    00000050     diskio.o (.text.wait_ready)
                  0001d990    00000050     diskio.o (.text.xmit_spi_multi)
                  0001d9e0    0000004c     FIFO.o (.text.RxFifo_Get)
                  0001da2c    0000004c     FIFO.o (.text.RxFifo_Put)
                  0001da78    0000004c     Inventory.o (.text.inInventory)
                  0001dac4    0000004c     Graphics.o (.text.printAmmo)
                  0001db10    0000004a     libclang_rt.builtins.a : fixdfsi.S.obj (.text.__fixdfsi)
                  0001db5a    00000002     --HOLE-- [fill = 0]
                  0001db5c    00000048     menus.o (.text.GetTriggerPressed)
                  0001dba4    00000048     libsysbm.a : hostclose.c.obj (.text.HOSTclose)
                  0001dbec    00000048                : hostunlink.c.obj (.text.HOSTunlink)
                  0001dc34    00000048     SoundSD.o (.text.SoundSD_Init)
                  0001dc7c    00000048     Sounds.o (.text.Sound_Init)
                  0001dcc4    00000048     Async_Delay.o (.text.TIMG0_IRQHandler)
                  0001dd0c    00000048     diskio.o (.text.xchg_spi)
                  0001dd54    00000044     ADC.o (.text.ADC0_In)
                  0001dd98    00000044     Input.o (.text.Input_Init)
                  0001dddc    00000044     Graphics.o (.text.RenderScene)
                  0001de20    00000044     diskio.o (.text.select)
                  0001de64    00000040     SPI.o (.text.SPI_Reset)
                  0001dea4    00000040     Sync.o (.text.TIMA0_IRQHandler)
                  0001dee4    00000040     libclang_rt.builtins.a : aeabi_uidivmod.S.obj (.text.__aeabi_uidivmod)
                  0001df24    00000040     libc.a : fopen.c.obj (.text._search_fp)
                  0001df64    00000040     ff.o (.text.chk_chr)
                  0001dfa4    00000040     ff.o (.text.f_close)
                  0001dfe4    0000003c     Buffer.o (.text.RenderBuffer)
                  0001e020    0000003c     Input.o (.text.fastSin)
                  0001e05c    0000003c     diskio.o (.text.rcvr_spi)
                  0001e098    0000003c     Sync.o (.text.sendInfoPacket)
                  0001e0d4    0000003c     libc.a : autoinit.c.obj (.text:__TI_auto_init_nobinit_nopinit)
                  0001e110    0000003a     libclang_rt.builtins.a : muldsi3.S.obj (.text.__muldsi3)
                  0001e14a    00000002     --HOLE-- [fill = 0]
                  0001e14c    00000038     LaunchPad.o (.text.ActivatePortA_B)
                  0001e184    00000038     Sync.o (.text.processHit)
                  0001e1bc    00000038     libc.a : rand.c.obj (.text.rand)
                  0001e1f4    00000038            : sprintf.c.obj (.text.sprintf)
                  0001e22c    00000038     Async_Delay.o (.text.start_delay)
                  0001e264    00000036     ff.o (.text.clust2sect)
                  0001e29a    00000036     ff.o (.text.ld_clust)
                  0001e2d0    00000034     Clock.o (.text.Clock_Delay1ms)
                  0001e304    00000034     ST7735_SDC.o (.text.ST7735_SetCursor)
                  0001e338    00000034     ST7735_SDC.o (.text.ST7735_write)
                  0001e36c    00000034     main.o (.text.SystemInit)
                  0001e3a0    00000034     libc.a : fopen.c.obj (.text.__TI_cleanup)
                  0001e3d4    00000034     libsysbm.a : trgmsg.c.obj (.text.__TI_readmsg)
                  0001e408    00000034                : trgmsg.c.obj (.text.__TI_writemsg)
                  0001e43c    00000034     libc.a : exit.c.obj (.text.exit)
                  0001e470    00000034            : getdevice.c.obj (.text.finddevice)
                  0001e4a4    00000034            : fopen.c.obj (.text.freopen)
                  0001e4d8    00000034     main.o (.text.main)
                  0001e50c    00000034     ff.o (.text.mem_cpy)
                  0001e540    00000032     ST7735_SDC.o (.text.ST7735_Color565)
                  0001e572    00000002     --HOLE-- [fill = 0]
                  0001e574    00000030     menus.o (.text.Menu_Delay)
                  0001e5a4    00000030     diskio.o (.text.disk_status)
                  0001e5d4    00000030     Input.o (.text.fastCos)
                  0001e604    00000030     libc.a : fopen.c.obj (.text.fopen)
                  0001e634    0000002e     SoundSD.o (.text.friendlyDelay)
                  0001e662    0000002e     menus.o (.text.typeDialogueLine)
                  0001e690    0000002c     menus.o (.text.GetJoystickY)
                  0001e6bc    0000002c     ST7735_SDC.o (.text.ST7735_FillScreen)
                  0001e6e8    0000002c     libclang_rt.builtins.a : floatsidf.S.obj (.text.__floatsidf)
                  0001e714    0000002c     ST7735_SDC.o (.text.commonInit)
                  0001e740    0000002c     diskio.o (.text.init_spi)
                  0001e76c    0000002c     diskio.o (.text.rcvr_spi_multi)
                  0001e798    0000002c     libsysbm.a : unlink.c.obj (.text.unlink)
                  0001e7c4    0000002a     UART2.o (.text.UART2_InChar)
                  0001e7ee    0000002a     ff.o (.text.mem_set)
                  0001e818    00000028     libc.a : memory.c.obj (.text.free_list_insert)
                  0001e840    00000028     Graphics.o (.text.printItem)
                  0001e868    00000028     libsysbm.a : write.c.obj (.text.write)
                  0001e890    00000028     libc.a : boot_cortex_m.c.obj (.text:_c_int00_noargs)
                  0001e8b8    00000026     main.o (.text.initRandom)
                  0001e8de    00000026     ff.o (.text.st_clust)
                  0001e904    00000024     diskio.o (.text.CS_Init)
                  0001e928    00000024     Inventory.o (.text.Inventory_next)
                  0001e94c    00000024     Joy.o (.text.Joy_Init)
                  0001e970    00000024     libclang_rt.builtins.a : floatunsidf.S.obj (.text.__floatunsidf)
                  0001e994    00000024     libc.a : rand.c.obj (.text.srand)
                  0001e9b8    00000022            : memccpy.c.obj (.text.memccpy)
                  0001e9da    00000020     Inventory.o (.text.Item_isWeapon)
                  0001e9fa    00000002     --HOLE-- [fill = 0]
                  0001e9fc    00000020     menus.o (.text.LinkMenus)
                  0001ea1c    0000001e     ST7735_SDC.o (.text.pushColor)
                  0001ea3a    00000002     --HOLE-- [fill = 0]
                  0001ea3c    0000001c     menus.o (.text.Action_SelectMap2)
                  0001ea58    0000001c     menus.o (.text.Action_SelectOGMap)
                  0001ea74    0000001c     startup_mspm0g3507_ticlang.o (.text.Default_Handler)
                  0001ea90    0000001c     startup_mspm0g3507_ticlang.o (.text.HardFault_Handler)
                  0001eaac    0000001c     Joy.o (.text.Joy_In)
                  0001eac8    0000001c     libc.a : memory.c.obj (.text.free_list_remove)
                  0001eae4    00000018     FIFO.o (.text.RxFifo_Size)
                  0001eafc    00000018     SoundSD.o (.text.SoundSD_Mount)
                  0001eb14    00000018     diskio.o (.text.TIMG6_IRQHandler)
                  0001eb2c    00000018     UART1.o (.text.UART1_OutChar)
                  0001eb44    00000018     libc.a : sprintf.c.obj (.text._outs)
                  0001eb5c    00000018     diskio.o (.text.deselect)
                  0001eb74    00000016     ST7735_SDC.o (.text.ST7735_open)
                  0001eb8a    00000016     ST7735_SDC.o (.text.ST7735_read)
                  0001eba0    00000016     menus.o (.text.clearDialogueLine)
                  0001ebb6    00000002     --HOLE-- [fill = 0]
                  0001ebb8    00000014     DAC.o (.text.DAC_Out)
                  0001ebcc    00000014     FIFO.o (.text.RxFifo_Init)
                  0001ebe0    00000014     ST7735_SDC.o (.text.ST7735_SetTextColor)
                  0001ebf4    00000012     Inventory.o (.text.Inventory_currentItem)
                  0001ec06    00000012     Inventory.o (.text.Item_isSpent)
                  0001ec18    00000012     libc.a : memcpy16.S.obj (.text:TI_memcpy_small)
                  0001ec2a    00000012            : copy_decompress_none.c.obj (.text:decompress:none)
                  0001ec3c    00000010     Clock.o (.text.Clock_Delay)
                  0001ec4c    00000010     LaunchPad.o (.text.Delay)
                  0001ec5c    00000010     Joy.o (.text.Joy_InButton)
                  0001ec6c    00000010     Input.o (.text.ReadKeys)
                  0001ec7c    00000010     libc.a : copy_zero_init.c.obj (.text:decompress:ZI)
                  0001ec8c    0000000e            : memory.c.obj (.text.OUTLINED_FUNCTION_0)
                  0001ec9a    0000000e     ST7735_SDC.o (.text.ST7735_lseek)
                  0001eca8    0000000e     libclang_rt.builtins.a : aeabi_memset.S.obj (.text.__aeabi_memset)
                  0001ecb6    0000000e     libsysbm.a : hostrename.c.obj (.text.strcpy)
                  0001ecc4    0000000e     libc.a : _printfi.c.obj (.text.strlen)
                  0001ecd2    0000000e     libsysbm.a : hostrename.c.obj (.text.strlen)
                  0001ece0    0000000e     libc.a : memset16.S.obj (.text:TI_memset_small)
                  0001ecee    00000002     --HOLE-- [fill = 0]
                  0001ecf0    0000000c     menus.o (.text.Action_SetGleeb)
                  0001ecfc    0000000c     menus.o (.text.Action_SetSpanish)
                  0001ed08    0000000c     Clock.o (.text.Clock_Freq)
                  0001ed14    0000000c     ST7735_SDC.o (.text.ST7735_rename)
                  0001ed20    0000000c     Sounds.o (.text.SoundEffects_enable)
                  0001ed2c    0000000c     Sync.o (.text.Sync_Init)
                  0001ed38    0000000c     libclang_rt.builtins.a : aeabi_memset.S.obj (.text.__aeabi_memclr)
                  0001ed44    0000000c     libc.a : memory.c.obj (.text.malloc)
                  0001ed50    0000000a     ST7735_SDC.o (.text.ST7735_close)
                  0001ed5a    0000000a     ST7735_SDC.o (.text.ST7735_unlink)
                  0001ed64    0000000a     libc.a : sprintf.c.obj (.text._outc)
                  0001ed6e    00000002     --HOLE-- [fill = 0]
                  0001ed70    00000008     libclang_rt.builtins.a : aeabi_memcpy.S.obj (.text.__aeabi_memcpy)
                  0001ed78    00000008     libsysbm.a : remove.c.obj (.text.remove)
                  0001ed80    00000004     startup_mspm0g3507_ticlang.o (.text.Reset_Handler)
                  0001ed84    00000004     libc.a : pre_init.c.obj (.text._system_pre_init)
                  0001ed88    00000004            : exit.c.obj (.text:abort)
                  0001ed8c    00000004     --HOLE-- [fill = 0]

.cinit     0    0001ed90    00000358     
                  0001ed90    00000331     (.cinit..data.load) [load image, compression = lzss]
                  0001f0c1    00000003     --HOLE-- [fill = 0]
                  0001f0c4    0000000c     (__TI_handler_table)
                  0001f0d0    00000008     (.cinit..bss.load) [load image, compression = zero_init]
                  0001f0d8    00000010     (__TI_cinit_table)

.rodata    0    000000c0    00014290     
                  000000c0    000023c0     Sounds.o (.rodata.reloadSound)
                  00002480    00002000     main.o (.rodata.DrM0Back)
                  00004480    00002000     main.o (.rodata.DrM0Front)
                  00006480    00002000     Graphics.o (.rodata.SCBarkley)
                  00008480    00002000     Graphics.o (.rodata.circuitBoardTex)
                  0000a480    00002000     Graphics.o (.rodata.matrix2)
                  0000c480    00001e78     Sounds.o (.rodata.shotgunSound)
                  0000e2f8    00000b9e     Sounds.o (.rodata.pistolSound)
                  0000ee96    0000095a     Sounds.o (.rodata.weaploadSound)
                  0000f7f0    0000094f     Sounds.o (.rodata.outofammoSound)
                  0001013f    00000001     SoundSD.o (.rodata.str1.13527524778485116141)
                  00010140    00000800     main.o (.rodata.ExplosionImage)
                  00010940    00000800     main.o (.rodata.PistolImage)
                  00011140    00000800     main.o (.rodata.RifleImage)
                  00011940    00000800     main.o (.rodata.ShotgunImage)
                  00012140    000004fb     Buffer.o (.rodata.Font)
                  0001263b    000004fb     ST7735_SDC.o (.rodata.Font)
                  00012b36    00000240     menus.o (.rodata.Map2)
                  00012d76    00000240     menus.o (.rodata.OGMap)
                  00012fb6    00000200     main.o (.rodata.Ammosprite)
                  000131b6    00000200     main.o (.rodata.Medkitsprite)
                  000133b6    00000200     main.o (.rodata.Pistolsprite)
                  000135b6    00000200     main.o (.rodata.Riflesprite)
                  000137b6    00000200     main.o (.rodata.Shotgunsprite)
                  000139b6    0000003b     ST7735_SDC.o (.rodata.Rcmd1)
                  000139f1    0000002b     ST7735_SDC.o (.rodata.Rcmd3)
                  00013a1c    00000027     menus.o (.rodata.str1.171536697661445010611)
                  00013a43    00000027     menus.o (.rodata.str1.25712616704570180601)
                  00013a6a    00000026     menus.o (.rodata.str1.139709806712486296131)
                  00013a90    00000026     menus.o (.rodata.str1.65101454262300800101)
                  00013ab6    00000025     menus.o (.rodata.str1.164041020247211741451)
                  00013adb    00000025     menus.o (.rodata.str1.164168837810866932091)
                  00013b00    00000025     menus.o (.rodata.str1.168804270709906286661)
                  00013b25    00000025     menus.o (.rodata.str1.179569691910569239811)
                  00013b4a    00000025     menus.o (.rodata.str1.98146970493463322371)
                  00013b6f    00000024     menus.o (.rodata.str1.104906657326347491321)
                  00013b93    00000024     menus.o (.rodata.str1.114298640224064572441)
                  00013bb7    00000024     menus.o (.rodata.str1.138850008672340545551)
                  00013bdb    00000024     menus.o (.rodata.str1.142835721602906572131)
                  00013bff    00000024     menus.o (.rodata.str1.144269742893505892681)
                  00013c23    00000024     menus.o (.rodata.str1.49336572981300707011)
                  00013c47    00000023     menus.o (.rodata.str1.156971648410575654681)
                  00013c6a    00000023     menus.o (.rodata.str1.173425778896342377441)
                  00013c8d    00000023     menus.o (.rodata.str1.72891921298035102951)
                  00013cb0    00000023     menus.o (.rodata.str1.95797220485181863321)
                  00013cd3    00000022     menus.o (.rodata.str1.149973703997145723141)
                  00013cf5    00000022     menus.o (.rodata.str1.165514800381475140901)
                  00013d17    00000021     menus.o (.rodata.str1.156978731556101701311)
                  00013d38    00000021     menus.o (.rodata.str1.35453722408450888701)
                  00013d59    00000021     menus.o (.rodata.str1.55326779122960332911)
                  00013d7a    00000021     menus.o (.rodata.str1.98368547301456502061)
                  00013d9b    00000020     menus.o (.rodata.str1.123996266479129689641)
                  00013dbb    00000020     menus.o (.rodata.str1.160156652346893135841)
                  00013ddb    0000001f     menus.o (.rodata.str1.127746781883163928771)
                  00013dfa    0000001f     menus.o (.rodata.str1.76193812434508946691)
                  00013e19    0000001e     menus.o (.rodata.str1.123781003589582358431)
                  00013e37    0000001e     menus.o (.rodata.str1.63894035550135605261)
                  00013e55    0000001e     menus.o (.rodata.str1.70583102750037411421)
                  00013e73    0000001d     menus.o (.rodata.str1.160115412195507249741)
                  00013e90    0000001d     menus.o (.rodata.str1.31239778691859755401)
                  00013ead    0000001d     menus.o (.rodata.str1.45072717762419283511)
                  00013eca    0000001d     menus.o (.rodata.str1.76284031905266819931)
                  00013ee7    0000001d     menus.o (.rodata.str1.84226594383225847461)
                  00013f04    0000001c     menus.o (.rodata.str1.159315259275915726441)
                  00013f20    0000001c     menus.o (.rodata.str1.182099141163481472991)
                  00013f3c    0000001b     menus.o (.rodata.str1.134456681646435098991)
                  00013f57    0000001b     menus.o (.rodata.str1.151823896263116994851)
                  00013f72    0000001b     menus.o (.rodata.str1.166369451094164865431)
                  00013f8d    0000001a     menus.o (.rodata.str1.32972604204622997601)
                  00013fa7    0000001a     menus.o (.rodata.str1.67344958428517426261)
                  00013fc1    00000019     menus.o (.rodata.str1.49209655232122593671)
                  00013fda    00000017     menus.o (.rodata.str1.17806825418392101261)
                  00013ff1    00000017     menus.o (.rodata.str1.44513436441731468601)
                  00014008    00000017     menus.o (.rodata.str1.52873050588701785371)
                  0001401f    00000017     menus.o (.rodata.str1.7928282895222706721)
                  00014036    00000017     menus.o (.rodata.str1.95972786851599416241)
                  0001404d    00000016     ST7735_SDC.o (.rodata.str1.28433820059943190321)
                  00014063    00000014     menus.o (.rodata.str1.44323779711376306551)
                  00014077    00000014     menus.o (.rodata.str1.99723067460874747631)
                  0001408b    00000011     libc.a : _printfi.c.obj (.rodata.str1.153638888446227384661)
                  0001409c    00000010     menus.o (.rodata.str1.72841784736326705081)
                  000140ac    0000000f     ff.o (.rodata.str1.113280866994296648041)
                  000140bb    0000000f     menus.o (.rodata.str1.74614961083098936291)
                  000140ca    0000000e     menus.o (.rodata.str1.105613764357858899821)
                  000140d8    0000000e     Graphics.o (.rodata.str1.111845795882479080211)
                  000140e6    0000000e     menus.o (.rodata.str1.72053916584311919101)
                  000140f4    0000000e     menus.o (.rodata.str1.98699209345328443171)
                  00014102    0000000d     ST7735_SDC.o (.rodata.Rcmd2green)
                  0001410f    0000000d     ST7735_SDC.o (.rodata.Rcmd2red)
                  0001411c    0000000d     menus.o (.rodata.str1.99564983211434588061)
                  00014129    00000003     Graphics.o (.rodata.str1.25158831670344200691)
                  0001412c    0000000c     menus.o (.rodata.backText)
                  00014138    0000000c     menus.o (.rodata.englishText)
                  00014144    0000000c     menus.o (.rodata.gleebText)
                  00014150    0000000c     menus.o (.rodata.languageMenuTitle)
                  0001415c    0000000c     menus.o (.rodata.languageText)
                  00014168    0000000c     menus.o (.rodata.mainTitleText)
                  00014174    0000000c     menus.o (.rodata.map2Text)
                  00014180    0000000c     menus.o (.rodata.ogMapText)
                  0001418c    0000000c     menus.o (.rodata.selectMapText)
                  00014198    0000000c     menus.o (.rodata.spanishText)
                  000141a4    0000000c     menus.o (.rodata.startGameText)
                  000141b0    0000000c     Graphics.o (.rodata.str1.37161536259113115651)
                  000141bc    0000000c     menus.o (.rodata.str1.44852280986964266461)
                  000141c8    0000000b     menus.o (.rodata.str1.107618944876940139201)
                  000141d3    0000000b     menus.o (.rodata.str1.37298010153340831671)
                  000141de    0000000b     menus.o (.rodata.str1.6586680656692322771)
                  000141e9    0000000b     Graphics.o (.rodata.str1.67127546031375070101)
                  000141f4    0000000a     menus.o (.rodata.str1.11748345053224590121)
                  000141fe    0000000a     menus.o (.rodata.str1.124914464180015033831)
                  00014208    0000000a     menus.o (.rodata.str1.147465653251047986931)
                  00014212    0000000a     Graphics.o (.rodata.str1.46143995295070766951)
                  0001421c    00000009     ST7735_SDC.o (.rodata.str1.119827176004061594541)
                  00014225    00000009     menus.o (.rodata.str1.127816206145025086161)
                  0001422e    00000009     menus.o (.rodata.str1.143962844449559802791)
                  00014237    00000009     main.o (.rodata.str1.157592557656998809351)
                  00014240    00000009     menus.o (.rodata.str1.15971142441765235821)
                  00014249    00000009     menus.o (.rodata.str1.170996034951354877861)
                  00014252    00000009     main.o (.rodata.str1.182731374899196392841)
                  0001425b    00000009     menus.o (.rodata.str1.59382714011411076131)
                  00014264    00000009     menus.o (.rodata.str1.82245934695475978981)
                  0001426d    00000009     ST7735_SDC.o (.rodata.str1.96930949990895218701)
                  00014276    00000008     menus.o (.rodata.str1.121123247888127407721)
                  0001427e    00000008     main.o (.rodata.str1.128962870563899395191)
                  00014286    00000008     menus.o (.rodata.str1.151812138345797082741)
                  0001428e    00000008     menus.o (.rodata.str1.155228271783013021831)
                  00014296    00000008     ST7735_SDC.o (.rodata.str1.165812335033060454901)
                  0001429e    00000008     menus.o (.rodata.str1.27961984965217310221)
                  000142a6    00000008     menus.o (.rodata.str1.28534660028422600551)
                  000142ae    00000008     menus.o (.rodata.str1.63580008137743042971)
                  000142b6    00000008     menus.o (.rodata.str1.71614747585608304151)
                  000142be    00000007     menus.o (.rodata.str1.105692775232363439901)
                  000142c5    00000007     ST7735_SDC.o (.rodata.str1.108798170232719549071)
                  000142cc    00000007     menus.o (.rodata.str1.109323214156024499631)
                  000142d3    00000007     menus.o (.rodata.str1.1277942910637927151)
                  000142da    00000007     menus.o (.rodata.str1.136911105019720578541)
                  000142e1    00000007     main.o (.rodata.str1.164552152177587026401)
                  000142e8    00000007     main.o (.rodata.str1.181369900268917052751)
                  000142ef    00000007     ST7735_SDC.o (.rodata.str1.48346598350755635861)
                  000142f6    00000007     menus.o (.rodata.str1.59493562986345245221)
                  000142fd    00000007     ST7735_SDC.o (.rodata.str1.65157548236227532931)
                  00014304    00000007     menus.o (.rodata.str1.69999045451270665711)
                  0001430b    00000006     ST7735_SDC.o (.rodata.str1.105453447318699584981)
                  00014311    00000006     ST7735_SDC.o (.rodata.str1.175182287407566781581)
                  00014317    00000006     menus.o (.rodata.str1.18587315262870873111)
                  0001431d    00000006     main.o (.rodata.str1.58265674741439123291)
                  00014323    00000006     menus.o (.rodata.str1.6049594314190078561)
                  00014329    00000006     menus.o (.rodata.str1.63063412741383656541)
                  0001432f    00000006     menus.o (.rodata.str1.65750054775735849871)
                  00014335    00000006     menus.o (.rodata.str1.70705070438164780481)
                  0001433b    00000006     menus.o (.rodata.str1.74484252914149724171)
                  00014341    00000005     menus.o (.rodata.str1.80119958098595689001)
                  00014346    00000002     ST7735_SDC.o (.rodata.str1.139922138757215469871)
                  00014348    00000002     Graphics.o (.rodata.str1.2002389610935928081)
                  0001434a    00000001     Graphics.o (.rodata.str1.174670005707905455781)
                  0001434b    00000001     main.o (.rodata.str1.30235616187663446621)
                  0001434c    00000004     --HOLE-- [fill = 0]

.init_array 
*          0    00000000    00000000     UNINITIALIZED

.binit     0    00000000    00000000     

.bss       0    20200000    0000695a     UNINITIALIZED
                  20200000    00005000     (.common:renderBuffer)
                  20205000    00000500     (.common:ZBuffer)
                  20205500    00000480     (.common:miniMap)
                  20205980    00000240     (.common:worldMap)
                  20205bc0    00000234     SoundSD.o (.bss.fs)
                  20205df4    00000234     Graphics.o (.bss.g_sFatFs)
                  20206028    00000224     SoundSD.o (.bss.fil)
                  2020624c    00000200     SoundSD.o (.bss.buf1)
                  2020644c    00000200     SoundSD.o (.bss.buf2)
                  2020664c    00000120     libsysbm.a : trgmsg.c.obj (.bss:_CIOBUF_)
                  2020676c    000000a0     libc.a : defs.c.obj (.bss.__TI_tmpnams)
                  2020680c    00000080     (.common:floorGradient)
                  2020688c    00000040     FIFO.o (.bss.RxFifo)
                  202068cc    0000000c     (.common:Message)
                  202068d8    00000008     libsysbm.a : hostopen.c.obj (.bss.parmbuf)
                  202068e0    00000008     (.common:otherDirX)
                  202068e8    00000008     (.common:otherDirY)
                  202068f0    00000008     (.common:otherPosX)
                  202068f8    00000008     (.common:otherPosY)
                  20206900    00000004     ff.o (.bss.FatFs)
                  20206904    00000004     diskio.o (.bss.Timer1)
                  20206908    00000004     diskio.o (.bss.Timer2)
                  2020690c    00000004     SoundSD.o (.bss.blockCount)
                  20206910    00000004     SoundSD.o (.bss.bytesRead)
                  20206914    00000004     SoundSD.o (.bss.needRefill)
                  20206918    00000004     libc.a : memory.c.obj (.bss.sys_free)
                  2020691c    00000004     (.common:Joy_x)
                  20206920    00000004     (.common:Joy_y)
                  20206924    00000004     (.common:LCDresetFlag)
                  20206928    00000004     (.common:Length)
                  2020692c    00000004     (.common:LostData)
                  20206930    00000004     (.common:Messageindex)
                  20206934    00000004     (.common:RxGetI)
                  20206938    00000004     (.common:RxPutI)
                  2020693c    00000004     (.common:SoundPt)
                  20206940    00000004     (.common:flag_done)
                  20206944    00000004     (.common:ms_done)
                  20206948    00000004     (.common:ms_passed)
                  2020694c    00000002     ff.o (.bss.Fsid)
                  2020694e    00000002     ST7735_SDC.o (.bss.sdcBuffer)
                  20206950    00000001     diskio.o (.bss.CardType)
                  20206951    00000001     ST7735_SDC.o (.bss.ColStart)
                  20206952    00000001     ST7735_SDC.o (.bss.Rotation)
                  20206953    00000001     ST7735_SDC.o (.bss.RowStart)
                  20206954    00000001     ST7735_SDC.o (.bss.TabColor)
                  20206955    00000001     (.common:InitStatus)
                  20206956    00000001     (.common:MountFresult)
                  20206957    00000001     (.common:isShooting)
                  20206958    00000001     (.common:isSwapping)
                  20206959    00000001     (.common:reloaded)

.data      0    20206960    00000949     UNINITIALIZED
                  20206960    00000258     main.o (.data.Sprites)
                  20206bb8    000000f0     libc.a : defs.c.obj (.data._ftable)
                  20206ca8    00000078     libsysbm.a : host_device.c.obj (.data._device)
                  20206d20    00000068     main.o (.data.ammo_big)
                  20206d88    00000068     main.o (.data.ammo_small)
                  20206df0    00000068     main.o (.data.medkit)
                  20206e58    00000068     main.o (.data.pistol)
                  20206ec0    00000068     main.o (.data.rifle)
                  20206f28    00000068     main.o (.data.shotgun)
                  20206f90    00000050     libsysbm.a : host_device.c.obj (.data._stream)
                  20206fe0    00000048     menus.o (.data.valvanoDialogueEnglish)
                  20207028    00000048     menus.o (.data.valvanoDialogueGleeb)
                  20207070    00000048     menus.o (.data.valvanoDialogueSpanish)
                  202070b8    00000030     menus.o (.data.languageMenuItems)
                  202070e8    00000028     Sounds.o (.data.SoundEffects)
                  20207110    00000028     main.o (.data.gunFlash)
                  20207138    00000024     menus.o (.data.mapMenuItems)
                  2020715c    0000001c     menus.o (.data.deathScreenTextEnglish)
                  20207178    00000018     main.o (.data.items)
                  20207190    00000018     menus.o (.data.mainMenuItems)
                  202071a8    00000014     main.o (.data.inventory)
                  202071bc    00000010     menus.o (.data.languageMenu)
                  202071cc    00000010     menus.o (.data.mainMenu)
                  202071dc    00000010     menus.o (.data.mapMenu)
                  202071ec    00000010     Graphics.o (.data.textures)
                  202071fc    0000000c     menus.o (.data.valvanoDialogues)
                  20207208    00000008     libc.a : exit.c.obj (.data..L_MergedGlobals)
                  20207210    00000008     main.o (.data.dirX)
                  20207218    00000008     main.o (.data.dirY)
                  20207220    00000008     main.o (.data.planeX)
                  20207228    00000008     main.o (.data.planeY)
                  20207230    00000008     main.o (.data.posX)
                  20207238    00000008     main.o (.data.posY)
                  20207240    00000004     Clock.o (.data.BusFreq)
                  20207244    00000004     Graphics.o (.data.RenderScene.side)
                  20207248    00000004     ST7735_SDC.o (.data.StX)
                  2020724c    00000004     ST7735_SDC.o (.data.StY)
                  20207250    00000004     SoundSD.o (.data.SysTick_Handler.idx)
                  20207254    00000004     libc.a : defs.c.obj (.data.__TI_ft_end)
                  20207258    00000004            : _lock.c.obj (.data._lock)
                  2020725c    00000004            : _lock.c.obj (.data._unlock)
                  20207260    00000004     SoundSD.o (.data.back)
                  20207264    00000004     menus.o (.data.deathScreenTexts)
                  20207268    00000004     SoundSD.o (.data.front)
                  2020726c    00000004     main.o (.data.kills)
                  20207270    00000004     libc.a : rand.c.obj (.data.next)
                  20207274    00000004     main.o (.data.numsprites)
                  20207278    00000004     main.o (.data.otherHealth)
                  2020727c    00000004     main.o (.data.otherKills)
                  20207280    00000004     Sync.o (.data.otherPlayer)
                  20207284    00000004     main.o (.data.playerHealth)
                  20207288    00000002     ST7735_SDC.o (.data.StTextColor)
                  2020728a    00000002     Sync.o (.data.TIMA0_IRQHandler.timeCt)
                  2020728c    00000002     ST7735_SDC.o (.data._height)
                  2020728e    00000002     ST7735_SDC.o (.data._width)
                  20207290    00000002     Sync.o (.data.hitTimer)
                  20207292    00000001     menus.o (.data.GetTriggerPressed.last)
                  20207293    00000001     sprites.o (.data.RenderForegroundSprites.sidesDrawn)
                  20207294    00000001     Sounds.o (.data.SoundMode)
                  20207295    00000001     diskio.o (.data.Stat)
                  20207296    00000001     Sync.o (.data.TIMG7_IRQHandler.packetIndex)
                  20207297    00000001     Sync.o (.data.TIMG8_IRQHandler.packetIndex)
                  20207298    00000001     libsysbm.a : add_device.c.obj (.data.add_device.device_init)
                  20207299    00000001     sprites.o (.data.canSwapItems)
                  2020729a    00000001     Sounds.o (.data.enabled)
                  2020729b    00000001     main.o (.data.healthCode)
                  2020729c    00000001     Sync.o (.data.hitDir)
                  2020729d    00000001     main.o (.data.isOnTarget)
                  2020729e    00000001     main.o (.data.isVulnerable)
                  2020729f    00000001     Sync.o (.data.itemsStatus)
                  202072a0    00000001     menus.o (.data.language)
                  202072a1    00000001     Input.o (.data.lastInput)
                  202072a2    00000001     Input.o (.data.rifleCanShoot)
                  202072a3    00000001     menus.o (.data.startGameSelected)
                  202072a4    00000001     libc.a : memory.c.obj (.data.memory_is_initialized)
                  202072a5    00000003     --HOLE--
                  202072a8    00000001     libsysbm.a : open.c.obj (.data.open.stream_init)

.sysmem    0    202072b0    00000200     UNINITIALIZED
                  202072b0    00000010     libc.a : memory.c.obj (.sysmem)
                  202072c0    000001f0     --HOLE--

.stack     0    20207e00    00000200     UNINITIALIZED
                  20207e00    00000004     libc.a : boot_cortex_m.c.obj (.stack)
                  20207e04    000001fc     --HOLE--

__llvm_prf_cnts 
*          0    20200000    00000000     UNINITIALIZED

__llvm_prf_bits 
*          0    20200000    00000000     UNINITIALIZED

MODULE SUMMARY

       Module                         code    ro data   rw data
       ------                         ----    -------   -------
    .\
       Graphics.o                     3672    24629     3602   
       main.o                         878     27183     1411   
       Sounds.o                       164     24703     50     
       Buffer.o                       1556    1275      20608  
       ff.o                           8902    15        6      
       ST7735_SDC.o                   4906    1486      36     
       menus.o                        1208    3263      419    
       diskio.o                       3300    0         14     
       SoundSD.o                      550     1         2160   
       sprites.o                      2534    0         2      
       Input.o                        2252    0         5      
       Sync.o                         2212    0         12     
       Timer.o                        984     0         0      
       Inventory.o                    760     0         0      
       ADC.o                          704     0         0      
       Clock.o                        516     0         4      
       UART2.o                        358     0         4      
       SPI.o                          312     0         0      
       FIFO.o                         196     0         72     
       LaunchPad.o                    196     0         0      
       DAC.o                          188     0         0      
       UART1.o                        148     0         0      
       Async_Delay.o                  128     0         12     
       Joy.o                          80      0         0      
    +--+------------------------------+-------+---------+---------+
       Total:                         36704   82555     28417  
                                                               
    .\ticlang\
       startup_mspm0g3507_ticlang.o   60      192       0      
    +--+------------------------------+-------+---------+---------+
       Total:                         60      192       0      
                                                               
    C:\ti\ccs2000\ccs\tools\compiler\ti-cgt-armllvm_4.0.1.LTS\lib\armv6m-ti-none-eabi/c/libc.a
       memory.c.obj                   702     0         5      
       _printfi.c.obj                 658     17        0      
       fopen.c.obj                    556     0         0      
       defs.c.obj                     0       0         404    
       s_floor.c.obj                  324     0         0      
       qsort.c.obj                    308     0         0      
       setvbuf.c.obj                  224     0         0      
       getdevice.c.obj                160     0         0      
       strcmp-armv6m.S.obj            136     0         0      
       copy_decompress_lzss.c.obj     124     0         0      
       fclose.c.obj                   124     0         0      
       rand.c.obj                     92      0         4      
       sprintf.c.obj                  90      0         0      
       fflush.c.obj                   82      0         0      
       exit.c.obj                     56      0         8      
       autoinit.c.obj                 60      0         0      
       boot_cortex_m.c.obj            40      0         0      
       memccpy.c.obj                  34      0         0      
       copy_decompress_none.c.obj     18      0         0      
       memcpy16.S.obj                 18      0         0      
       copy_zero_init.c.obj           16      0         0      
       memset16.S.obj                 14      0         0      
       _lock.c.obj                    2       0         8      
       pre_init.c.obj                 4       0         0      
    +--+------------------------------+-------+---------+---------+
       Total:                         3842    17        429    
                                                               
    C:\ti\ccs2000\ccs\tools\compiler\ti-cgt-armllvm_4.0.1.LTS\lib\armv6m-ti-none-eabi/c/libsysbm.a
       trgmsg.c.obj                   104     0         288    
       add_device.c.obj               236     0         1      
       host_device.c.obj              0       0         200    
       open.c.obj                     160     0         1      
       hostrename.c.obj               136     0         0      
       hostlseek.c.obj                108     0         0      
       hostopen.c.obj                 96      0         8      
       hostread.c.obj                 88      0         0      
       hostwrite.c.obj                88      0         0      
       close.c.obj                    80      0         0      
       hostclose.c.obj                72      0         0      
       hostunlink.c.obj               72      0         0      
       unlink.c.obj                   44      0         0      
       write.c.obj                    40      0         0      
       remove.c.obj                   8       0         0      
    +--+------------------------------+-------+---------+---------+
       Total:                         1332    0         498    
                                                               
    C:\ti\ccs2000\ccs\tools\compiler\ti-cgt-armllvm_4.0.1.LTS\lib\armv6m-ti-none-eabi/libclang_rt.builtins.a
       adddf3.S.obj                   402     0         0      
       divdf3.S.obj                   268     0         0      
       muldf3.S.obj                   228     0         0      
       comparedf2.c.obj               220     0         0      
       aeabi_dcmp.S.obj               98      0         0      
       aeabi_idivmod.S.obj            86      0         0      
       fixdfsi.S.obj                  74      0         0      
       aeabi_uidivmod.S.obj           64      0         0      
       muldsi3.S.obj                  58      0         0      
       floatsidf.S.obj                44      0         0      
       floatunsidf.S.obj              36      0         0      
       aeabi_memset.S.obj             26      0         0      
       aeabi_memcpy.S.obj             8       0         0      
       aeabi_div0.c.obj               2       0         0      
    +--+------------------------------+-------+---------+---------+
       Total:                         1614    0         0      
                                                               
       Heap:                          0       0         512    
       Stack:                         0       0         512    
       Linker Generated:              0       853       0      
    +--+------------------------------+-------+---------+---------+
       Grand Total:                   43552   83617     30368  


LINKER GENERATED COPY TABLES

__TI_cinit_table @ 0001f0d8 records: 2, size/record: 8, table size: 16
	.data: load addr=0001ed90, load size=00000331 bytes, run addr=20206960, run size=00000949 bytes, compression=lzss
	.bss: load addr=0001f0d0, load size=00000008 bytes, run addr=20200000, run size=0000695a bytes, compression=zero_init


LINKER GENERATED HANDLER TABLE

__TI_handler_table @ 0001f0c4 records: 3, size/record: 4, table size: 12
	index: 0, handler: __TI_decompress_lzss
	index: 1, handler: __TI_decompress_none
	index: 2, handler: __TI_zero_init


GLOBAL SYMBOLS: SORTED ALPHABETICALLY BY Name 

address   name                          
-------   ----                          
0001ea75  ADC0_IRQHandler               
0001dd55  ADC0_In                       
0001a1bd  ADC0_Init                     
0001ea75  ADC1_IRQHandler               
0001d2ed  ADC_InDual                    
000195e5  ADC_InitDual                  
0001ea75  AES_IRQHandler                
0001e14d  ActivatePortA_B               
00012fb6  Ammosprite                    
20207240  BusFreq                       
0001ed88  C$$EXIT                       
0001e435  C$$IO$$                       
0001ea75  CANFD0_IRQHandler             
0001e905  CS_Init                       
0001562d  CastRays                      
0001ec3d  Clock_Delay                   
0001e2d1  Clock_Delay1ms                
0001ed09  Clock_Freq                    
00017ff9  Clock_Init80MHz               
0001ea75  DAC0_IRQHandler               
0001b689  DAC_Init                      
0001ebb9  DAC_Out                       
0001ea75  DMA_IRQHandler                
00018ff5  DeathScreen                   
0001ea75  Default_Handler               
0001ec4d  Delay                         
00002480  DrM0Back                      
00004480  DrM0Front                     
00016ddd  DrawCrosshair                 
00017879  DrawHealthBar                 
0001acc5  DrawHitIndicator              
0001ca21  DrawMinimap                   
00010140  ExplosionImage                
0001c1d1  FillMap                       
0001ea75  GROUP0_IRQHandler             
0001ea75  GROUP1_IRQHandler             
0001a67d  GameLoop                      
0001cdd1  Graphics_Init                 
0001dba5  HOSTclose                     
0001d001  HOSTlseek                     
0001d479  HOSTopen                      
0001d5f1  HOSTread                      
0001d06d  HOSTrename                    
0001dbed  HOSTunlink                    
0001d649  HOSTwrite                     
0001ea91  HardFault_Handler             
0001ea75  I2C0_IRQHandler               
0001ea75  I2C1_IRQHandler               
20206955  InitStatus                    
0001dd99  Input_Init                    
0001a58d  Inventory_add                 
0001ebf5  Inventory_currentItem         
0001e929  Inventory_next                
0001cbff  Inventory_removeCurrent       
0001ab05  Inventory_replace             
0001ec07  Item_isSpent                  
0001e9db  Item_isWeapon                 
0001eaad  Joy_In                        
0001ec5d  Joy_InButton                  
0001e94d  Joy_Init                      
2020691c  Joy_x                         
20206920  Joy_y                         
20206924  LCDresetFlag                  
0001c7b5  LaunchPad_Init                
20206928  Length                        
2020692c  LostData                      
00012b36  Map2                          
000131b6  Medkitsprite                  
0001665d  Menus_Run                     
202068cc  Message                       
20206930  Messageindex                  
20206956  MountFresult                  
00014351  MovePlayer                    
0001ea75  NMI_Handler                   
00012d76  OGMap                         
0001ea75  PendSV_Handler                
00010940  PistolImage                   
000133b6  Pistolsprite                  
0001c529  PrecalculateFloorGradient     
0001ea75  RTC_IRQHandler                
0001af41  RandomizeSprites              
0001ec6d  ReadKeys                      
0001dfe5  RenderBuffer                  
0001a2b1  RenderForegroundSprites       
0001ca99  RenderHUD                     
0001b731  RenderInventory               
0001dddd  RenderScene                   
0001a3a5  RenderSky                     
00014a99  RenderSprite                  
00018691  RenderSprites                 
0001ed81  Reset_Handler                 
00011140  RifleImage                    
000135b6  Riflesprite                   
0001d9e1  RxFifo_Get                    
0001ebcd  RxFifo_Init                   
0001da2d  RxFifo_Put                    
0001eae5  RxFifo_Size                   
20206934  RxGetI                        
20206938  RxPutI                        
00006480  SCBarkley                     
0001ea75  SPI0_IRQHandler               
0001ea75  SPI1_IRQHandler               
00018eb5  SPI1_Init                     
0001a0c5  SPI_Init                      
0001de65  SPI_Reset                     
0001d6a1  ST7735_ClearScreenBlack       
0001e541  ST7735_Color565               
00017669  ST7735_DrawBitmap             
00019b7d  ST7735_DrawBitmapFromSDC      
0001835d  ST7735_DrawCharS              
0001ce41  ST7735_DrawPixel              
0001c5ad  ST7735_DrawString             
00017a6d  ST7735_DrawTextBoxS           
00017455  ST7735_DrawTextBoxS_IF        
0001994d  ST7735_FillRect               
0001e6bd  ST7735_FillScreen             
0001be49  ST7735_InitPrintf             
0001bee5  ST7735_InitR                  
0001ada1  ST7735_OutChar                
0001c631  ST7735_OutUDec                
0001e305  ST7735_SetCursor              
0001a499  ST7735_SetRotation            
0001ebe1  ST7735_SetTextColor           
0001ed51  ST7735_close                  
0001ec9b  ST7735_lseek                  
0001eb75  ST7735_open                   
0001eb8b  ST7735_read                   
0001ed15  ST7735_rename                 
0001ed5b  ST7735_unlink                 
0001e339  ST7735_write                  
0001ea75  SVC_Handler                   
00011940  ShotgunImage                  
000137b6  Shotgunsprite                 
202070e8  SoundEffects                  
0001ed21  SoundEffects_enable           
20207294  SoundMode                     
2020693c  SoundPt                       
0001dc35  SoundSD_Init                  
0001eafd  SoundSD_Mount                 
0001ceb1  SoundSD_Play                  
0001c015  SoundSD_Service               
0001dc7d  Sound_Init                    
0001d8a1  Sound_Start                   
20206960  Sprites                       
20207288  StTextColor                   
20207248  StX                           
2020724c  StY                           
0001ed2d  Sync_Init                     
0001c0a9  SysTick_Handler               
0001e36d  SystemInit                    
0001cf21  TFT_OutCommand                
0001d0d9  TFT_OutData                   
0001dea5  TIMA0_IRQHandler              
0001ea75  TIMA1_IRQHandler              
0001dcc5  TIMG0_IRQHandler              
0001b0d5  TIMG12_IRQHandler             
0001eb15  TIMG6_IRQHandler              
0001cc75  TIMG7_IRQHandler              
0001d539  TIMG8_IRQHandler              
0001ec19  TI_memcpy_small               
0001ece1  TI_memset_small               
0001b7d9  TimerA0_IntArm                
0001bb21  TimerG0_IntArm                
0001c13d  TimerG12_IntArm               
0001b881  TimerG6_IntArm                
0001b929  TimerG7_IntArm                
0001b9d1  TimerG8_IntArm                
0001ea75  UART0_IRQHandler              
0001ea75  UART1_IRQHandler              
0001c831  UART1_Init                    
0001eb2d  UART1_OutChar                 
0001d145  UART2_IRQHandler              
0001e7c5  UART2_InChar                  
0001ae71  UART2_Init                    
0001ea75  UART3_IRQHandler              
20205000  ZBuffer                       
2020664c  _CIOBUF_                      
2020664c  __CIOBUF_                     
20208000  __STACK_END                   
00000200  __STACK_SIZE                  
00000200  __SYSMEM_SIZE                 
00000000  __TI_ATRegion0_region_sz      
00000000  __TI_ATRegion0_src_addr       
00000000  __TI_ATRegion0_trg_addr       
00000000  __TI_ATRegion1_region_sz      
00000000  __TI_ATRegion1_src_addr       
00000000  __TI_ATRegion1_trg_addr       
00000000  __TI_ATRegion2_region_sz      
00000000  __TI_ATRegion2_src_addr       
00000000  __TI_ATRegion2_trg_addr       
0001f0d8  __TI_CINIT_Base               
0001f0e8  __TI_CINIT_Limit              
0001f0e8  __TI_CINIT_Warm               
0001f0c4  __TI_Handler_Table_Base       
0001f0d0  __TI_Handler_Table_Limit      
0001e0d5  __TI_auto_init_nobinit_nopinit
0001e3a1  __TI_cleanup                  
20207208  __TI_cleanup_ptr              
0001c8ad  __TI_closefile                
0001c9a5  __TI_decompress_lzss          
0001ec2b  __TI_decompress_none          
0001d84d  __TI_doflush                  
2020720c  __TI_dtors_ptr                
20207254  __TI_ft_end                   
ffffffff  __TI_pprof_out_hndl           
000168e9  __TI_printfi_minimal          
ffffffff  __TI_prof_data_size           
ffffffff  __TI_prof_data_start          
0001e3d5  __TI_readmsg                  
00000000  __TI_static_base__            
2020676c  __TI_tmpnams                  
0001e409  __TI_writemsg                 
0001ec7d  __TI_zero_init                
00018507  __adddf3                      
0001db11  __aeabi_d2iz                  
00018507  __aeabi_dadd                  
0001d3b5  __aeabi_dcmpeq                
0001d3f1  __aeabi_dcmpge                
0001d405  __aeabi_dcmpgt                
0001d3dd  __aeabi_dcmple                
0001d3c9  __aeabi_dcmplt                
00019eb9  __aeabi_ddiv                  
0001a93d  __aeabi_dmul                  
000184fd  __aeabi_dsub                  
0001e6e9  __aeabi_i2d                   
0001d6f9  __aeabi_idiv                  
0001868f  __aeabi_idiv0                 
0001d6f9  __aeabi_idivmod               
0001ed39  __aeabi_memclr                
0001ed39  __aeabi_memclr4               
0001ed39  __aeabi_memclr8               
0001ed71  __aeabi_memcpy                
0001ed71  __aeabi_memcpy4               
0001ed71  __aeabi_memcpy8               
0001eca9  __aeabi_memset                
0001eca9  __aeabi_memset4               
0001eca9  __aeabi_memset8               
0001e971  __aeabi_ui2d                  
0001dee5  __aeabi_uidiv                 
0001dee5  __aeabi_uidivmod              
ffffffff  __binit__                     
0001d21d  __cmpdf2                      
00019eb9  __divdf3                      
0001d21d  __eqdf2                       
0001db11  __fixdfsi                     
0001e6e9  __floatsidf                   
0001e971  __floatunsidf                 
0001cce9  __gedf2                       
0001cce9  __gtdf2                       
0001d21d  __ledf2                       
0001d21d  __ltdf2                       
UNDEFED   __mpu_init                    
0001a93d  __muldf3                      
0001e111  __muldsi3                     
0001d21d  __nedf2                       
20207e00  __stack                       
20200000  __start___llvm_prf_bits       
20200000  __start___llvm_prf_cnts       
20200000  __stop___llvm_prf_bits        
20200000  __stop___llvm_prf_cnts        
000184fd  __subdf3                      
0001e891  _c_int00_noargs               
20206ca8  _device                       
20206bb8  _ftable                       
20207258  _lock                         
000195e3  _nop                          
20206f90  _stream                       
202072b0  _sys_memory                   
UNDEFED   _system_post_cinit            
0001ed85  _system_pre_init              
2020725c  _unlock                       
0001ed89  abort                         
0001a769  add_device                    
00019c91  aligned_alloc                 
20206d20  ammo_big                      
20206d88  ammo_small                    
0001412c  backText                      
ffffffff  binit                         
0001bd09  blitBufferToRenderBuffer      
20207299  canSwapItems                  
00008480  circuitBoardTex               
0001eba1  clearDialogueLine             
0001c381  clearRenderBuffer             
0001d8f1  close                         
0001e265  clust2sect                    
0001d74f  compareSprites                
2020715c  deathScreenTextEnglish        
20207264  deathScreenTexts              
0001b00d  dialogueScreen                
20207210  dirX                          
20207218  dirY                          
0001b5dd  diskError                     
00017015  disk_initialize               
00015e69  disk_ioctl                    
0001aa21  disk_read                     
0001e5a5  disk_status                   
0001cf91  disk_timerproc                
00019a65  disk_write                    
00019fc5  drawCharToBuffer              
0001723d  drawForegroundSpriteToBuffer  
2020729a  enabled                       
00014138  englishText                   
0001e43d  exit                          
0001dfa5  f_close                       
00016121  f_lseek                       
0001bf7d  f_mount                       
00016b6d  f_open                        
000163c5  f_read                        
00019da5  f_sync                        
0001e5d5  fastCos                       
0001e021  fastSin                       
0001d7a5  fillmessage                   
0001e471  finddevice                    
20206940  flag_done                     
00018c2d  floor                         
2020680c  floorGradient                 
00018c2d  floorl                        
0001e605  fopen                         
0001a855  free                          
0001e4a5  freopen                       
0001e635  friendlyDelay                 
0001cd5d  generateSprite                
000181ad  getDirectionPacket            
00019395  getInfoPacket                 
0001b199  getPositionPacket             
0001c929  getRandomMapPos               
00018981  get_fat                       
0001d1b1  getdevice                     
00014144  gleebText                     
20207110  gunFlash                      
2020729b  healthCode                    
2020729c  hitDir                        
20207290  hitTimer                      
0001da79  inInventory                   
0001e8b9  initRandom                    
00000000  interruptVectors              
202071a8  inventory                     
2020729d  isOnTarget                    
20206957  isShooting                    
20206958  isSwapping                    
2020729e  isVulnerable                  
20207178  items                         
2020729f  itemsStatus                   
2020726c  kills                         
202072a0  language                      
00014150  languageMenuTitle             
0001415c  languageText                  
202072a1  lastInput                     
0001e4d9  main                          
00014168  mainTitleText                 
0001ed45  malloc                        
00014174  map2Text                      
0000a480  matrix2                       
20206df0  medkit                        
00019c91  memalign                      
0001e9b9  memccpy                       
20205500  miniMap                       
20206944  ms_done                       
20206948  ms_passed                     
20207274  numsprites                    
00014180  ogMapText                     
0001bda9  open                          
202068e0  otherDirX                     
202068e8  otherDirY                     
20207278  otherHealth                   
2020727c  otherKills                    
20207280  otherPlayer                   
202068f0  otherPosX                     
202068f8  otherPosY                     
0000f7f0  outofammoSound                
202068d8  parmbuf                       
20206e58  pistol                        
0000e2f8  pistolSound                   
20207220  planeX                        
20207228  planeY                        
20207284  playerHealth                  
20207230  posX                          
20207238  posY                          
0001dac5  printAmmo                     
0001e841  printItem                     
0001c261  printLeaderboard              
0001b3cd  printToBuffer                 
0001e185  processHit                    
00017c5d  put_fat                       
00019261  qsort                         
0001e1bd  rand                          
000000c0  reloadSound                   
20206959  reloaded                      
0001ed79  remove                        
20200000  renderBuffer                  
0001b259  respawnPlayer                 
20206ec0  rifle                         
202072a2  rifleCanShoot                 
0001418c  selectMapText                 
0001c6b5  sendDirectionPacket           
0001e099  sendInfoPacket                
0001c735  sendPositionPacket            
0001d595  setPixelBuffer                
0001abe5  setvbuf                       
20206f28  shotgun                       
0000c480  shotgunSound                  
00014198  spanishText                   
0001e1f5  sprintf                       
0001e995  srand                         
000141a4  startGameText                 
0001e22d  start_delay                   
0001c4a1  strcmp                        
202071ec  textures                      
0001e663  typeDialogueLine              
0001e799  unlink                        
20206fe0  valvanoDialogueEnglish        
20207028  valvanoDialogueGleeb          
20207070  valvanoDialogueSpanish        
202071fc  valvanoDialogues              
0000ee96  weaploadSound                 
20205980  worldMap                      
0001e869  write                         


GLOBAL SYMBOLS: SORTED BY Symbol Address 

address   name                          
-------   ----                          
00000000  __TI_ATRegion0_region_sz      
00000000  __TI_ATRegion0_src_addr       
00000000  __TI_ATRegion0_trg_addr       
00000000  __TI_ATRegion1_region_sz      
00000000  __TI_ATRegion1_src_addr       
00000000  __TI_ATRegion1_trg_addr       
00000000  __TI_ATRegion2_region_sz      
00000000  __TI_ATRegion2_src_addr       
00000000  __TI_ATRegion2_trg_addr       
00000000  __TI_static_base__            
00000000  interruptVectors              
000000c0  reloadSound                   
00000200  __STACK_SIZE                  
00000200  __SYSMEM_SIZE                 
00002480  DrM0Back                      
00004480  DrM0Front                     
00006480  SCBarkley                     
00008480  circuitBoardTex               
0000a480  matrix2                       
0000c480  shotgunSound                  
0000e2f8  pistolSound                   
0000ee96  weaploadSound                 
0000f7f0  outofammoSound                
00010140  ExplosionImage                
00010940  PistolImage                   
00011140  RifleImage                    
00011940  ShotgunImage                  
00012b36  Map2                          
00012d76  OGMap                         
00012fb6  Ammosprite                    
000131b6  Medkitsprite                  
000133b6  Pistolsprite                  
000135b6  Riflesprite                   
000137b6  Shotgunsprite                 
0001412c  backText                      
00014138  englishText                   
00014144  gleebText                     
00014150  languageMenuTitle             
0001415c  languageText                  
00014168  mainTitleText                 
00014174  map2Text                      
00014180  ogMapText                     
0001418c  selectMapText                 
00014198  spanishText                   
000141a4  startGameText                 
00014351  MovePlayer                    
00014a99  RenderSprite                  
0001562d  CastRays                      
00015e69  disk_ioctl                    
00016121  f_lseek                       
000163c5  f_read                        
0001665d  Menus_Run                     
000168e9  __TI_printfi_minimal          
00016b6d  f_open                        
00016ddd  DrawCrosshair                 
00017015  disk_initialize               
0001723d  drawForegroundSpriteToBuffer  
00017455  ST7735_DrawTextBoxS_IF        
00017669  ST7735_DrawBitmap             
00017879  DrawHealthBar                 
00017a6d  ST7735_DrawTextBoxS           
00017c5d  put_fat                       
00017ff9  Clock_Init80MHz               
000181ad  getDirectionPacket            
0001835d  ST7735_DrawCharS              
000184fd  __aeabi_dsub                  
000184fd  __subdf3                      
00018507  __adddf3                      
00018507  __aeabi_dadd                  
0001868f  __aeabi_idiv0                 
00018691  RenderSprites                 
00018981  get_fat                       
00018c2d  floor                         
00018c2d  floorl                        
00018eb5  SPI1_Init                     
00018ff5  DeathScreen                   
00019261  qsort                         
00019395  getInfoPacket                 
000195e3  _nop                          
000195e5  ADC_InitDual                  
0001994d  ST7735_FillRect               
00019a65  disk_write                    
00019b7d  ST7735_DrawBitmapFromSDC      
00019c91  aligned_alloc                 
00019c91  memalign                      
00019da5  f_sync                        
00019eb9  __aeabi_ddiv                  
00019eb9  __divdf3                      
00019fc5  drawCharToBuffer              
0001a0c5  SPI_Init                      
0001a1bd  ADC0_Init                     
0001a2b1  RenderForegroundSprites       
0001a3a5  RenderSky                     
0001a499  ST7735_SetRotation            
0001a58d  Inventory_add                 
0001a67d  GameLoop                      
0001a769  add_device                    
0001a855  free                          
0001a93d  __aeabi_dmul                  
0001a93d  __muldf3                      
0001aa21  disk_read                     
0001ab05  Inventory_replace             
0001abe5  setvbuf                       
0001acc5  DrawHitIndicator              
0001ada1  ST7735_OutChar                
0001ae71  UART2_Init                    
0001af41  RandomizeSprites              
0001b00d  dialogueScreen                
0001b0d5  TIMG12_IRQHandler             
0001b199  getPositionPacket             
0001b259  respawnPlayer                 
0001b3cd  printToBuffer                 
0001b5dd  diskError                     
0001b689  DAC_Init                      
0001b731  RenderInventory               
0001b7d9  TimerA0_IntArm                
0001b881  TimerG6_IntArm                
0001b929  TimerG7_IntArm                
0001b9d1  TimerG8_IntArm                
0001bb21  TimerG0_IntArm                
0001bd09  blitBufferToRenderBuffer      
0001bda9  open                          
0001be49  ST7735_InitPrintf             
0001bee5  ST7735_InitR                  
0001bf7d  f_mount                       
0001c015  SoundSD_Service               
0001c0a9  SysTick_Handler               
0001c13d  TimerG12_IntArm               
0001c1d1  FillMap                       
0001c261  printLeaderboard              
0001c381  clearRenderBuffer             
0001c4a1  strcmp                        
0001c529  PrecalculateFloorGradient     
0001c5ad  ST7735_DrawString             
0001c631  ST7735_OutUDec                
0001c6b5  sendDirectionPacket           
0001c735  sendPositionPacket            
0001c7b5  LaunchPad_Init                
0001c831  UART1_Init                    
0001c8ad  __TI_closefile                
0001c929  getRandomMapPos               
0001c9a5  __TI_decompress_lzss          
0001ca21  DrawMinimap                   
0001ca99  RenderHUD                     
0001cbff  Inventory_removeCurrent       
0001cc75  TIMG7_IRQHandler              
0001cce9  __gedf2                       
0001cce9  __gtdf2                       
0001cd5d  generateSprite                
0001cdd1  Graphics_Init                 
0001ce41  ST7735_DrawPixel              
0001ceb1  SoundSD_Play                  
0001cf21  TFT_OutCommand                
0001cf91  disk_timerproc                
0001d001  HOSTlseek                     
0001d06d  HOSTrename                    
0001d0d9  TFT_OutData                   
0001d145  UART2_IRQHandler              
0001d1b1  getdevice                     
0001d21d  __cmpdf2                      
0001d21d  __eqdf2                       
0001d21d  __ledf2                       
0001d21d  __ltdf2                       
0001d21d  __nedf2                       
0001d2ed  ADC_InDual                    
0001d3b5  __aeabi_dcmpeq                
0001d3c9  __aeabi_dcmplt                
0001d3dd  __aeabi_dcmple                
0001d3f1  __aeabi_dcmpge                
0001d405  __aeabi_dcmpgt                
0001d479  HOSTopen                      
0001d539  TIMG8_IRQHandler              
0001d595  setPixelBuffer                
0001d5f1  HOSTread                      
0001d649  HOSTwrite                     
0001d6a1  ST7735_ClearScreenBlack       
0001d6f9  __aeabi_idiv                  
0001d6f9  __aeabi_idivmod               
0001d74f  compareSprites                
0001d7a5  fillmessage                   
0001d84d  __TI_doflush                  
0001d8a1  Sound_Start                   
0001d8f1  close                         
0001d9e1  RxFifo_Get                    
0001da2d  RxFifo_Put                    
0001da79  inInventory                   
0001dac5  printAmmo                     
0001db11  __aeabi_d2iz                  
0001db11  __fixdfsi                     
0001dba5  HOSTclose                     
0001dbed  HOSTunlink                    
0001dc35  SoundSD_Init                  
0001dc7d  Sound_Init                    
0001dcc5  TIMG0_IRQHandler              
0001dd55  ADC0_In                       
0001dd99  Input_Init                    
0001dddd  RenderScene                   
0001de65  SPI_Reset                     
0001dea5  TIMA0_IRQHandler              
0001dee5  __aeabi_uidiv                 
0001dee5  __aeabi_uidivmod              
0001dfa5  f_close                       
0001dfe5  RenderBuffer                  
0001e021  fastSin                       
0001e099  sendInfoPacket                
0001e0d5  __TI_auto_init_nobinit_nopinit
0001e111  __muldsi3                     
0001e14d  ActivatePortA_B               
0001e185  processHit                    
0001e1bd  rand                          
0001e1f5  sprintf                       
0001e22d  start_delay                   
0001e265  clust2sect                    
0001e2d1  Clock_Delay1ms                
0001e305  ST7735_SetCursor              
0001e339  ST7735_write                  
0001e36d  SystemInit                    
0001e3a1  __TI_cleanup                  
0001e3d5  __TI_readmsg                  
0001e409  __TI_writemsg                 
0001e435  C$$IO$$                       
0001e43d  exit                          
0001e471  finddevice                    
0001e4a5  freopen                       
0001e4d9  main                          
0001e541  ST7735_Color565               
0001e5a5  disk_status                   
0001e5d5  fastCos                       
0001e605  fopen                         
0001e635  friendlyDelay                 
0001e663  typeDialogueLine              
0001e6bd  ST7735_FillScreen             
0001e6e9  __aeabi_i2d                   
0001e6e9  __floatsidf                   
0001e799  unlink                        
0001e7c5  UART2_InChar                  
0001e841  printItem                     
0001e869  write                         
0001e891  _c_int00_noargs               
0001e8b9  initRandom                    
0001e905  CS_Init                       
0001e929  Inventory_next                
0001e94d  Joy_Init                      
0001e971  __aeabi_ui2d                  
0001e971  __floatunsidf                 
0001e995  srand                         
0001e9b9  memccpy                       
0001e9db  Item_isWeapon                 
0001ea75  ADC0_IRQHandler               
0001ea75  ADC1_IRQHandler               
0001ea75  AES_IRQHandler                
0001ea75  CANFD0_IRQHandler             
0001ea75  DAC0_IRQHandler               
0001ea75  DMA_IRQHandler                
0001ea75  Default_Handler               
0001ea75  GROUP0_IRQHandler             
0001ea75  GROUP1_IRQHandler             
0001ea75  I2C0_IRQHandler               
0001ea75  I2C1_IRQHandler               
0001ea75  NMI_Handler                   
0001ea75  PendSV_Handler                
0001ea75  RTC_IRQHandler                
0001ea75  SPI0_IRQHandler               
0001ea75  SPI1_IRQHandler               
0001ea75  SVC_Handler                   
0001ea75  TIMA1_IRQHandler              
0001ea75  UART0_IRQHandler              
0001ea75  UART1_IRQHandler              
0001ea75  UART3_IRQHandler              
0001ea91  HardFault_Handler             
0001eaad  Joy_In                        
0001eae5  RxFifo_Size                   
0001eafd  SoundSD_Mount                 
0001eb15  TIMG6_IRQHandler              
0001eb2d  UART1_OutChar                 
0001eb75  ST7735_open                   
0001eb8b  ST7735_read                   
0001eba1  clearDialogueLine             
0001ebb9  DAC_Out                       
0001ebcd  RxFifo_Init                   
0001ebe1  ST7735_SetTextColor           
0001ebf5  Inventory_currentItem         
0001ec07  Item_isSpent                  
0001ec19  TI_memcpy_small               
0001ec2b  __TI_decompress_none          
0001ec3d  Clock_Delay                   
0001ec4d  Delay                         
0001ec5d  Joy_InButton                  
0001ec6d  ReadKeys                      
0001ec7d  __TI_zero_init                
0001ec9b  ST7735_lseek                  
0001eca9  __aeabi_memset                
0001eca9  __aeabi_memset4               
0001eca9  __aeabi_memset8               
0001ece1  TI_memset_small               
0001ed09  Clock_Freq                    
0001ed15  ST7735_rename                 
0001ed21  SoundEffects_enable           
0001ed2d  Sync_Init                     
0001ed39  __aeabi_memclr                
0001ed39  __aeabi_memclr4               
0001ed39  __aeabi_memclr8               
0001ed45  malloc                        
0001ed51  ST7735_close                  
0001ed5b  ST7735_unlink                 
0001ed71  __aeabi_memcpy                
0001ed71  __aeabi_memcpy4               
0001ed71  __aeabi_memcpy8               
0001ed79  remove                        
0001ed81  Reset_Handler                 
0001ed85  _system_pre_init              
0001ed88  C$$EXIT                       
0001ed89  abort                         
0001f0c4  __TI_Handler_Table_Base       
0001f0d0  __TI_Handler_Table_Limit      
0001f0d8  __TI_CINIT_Base               
0001f0e8  __TI_CINIT_Limit              
0001f0e8  __TI_CINIT_Warm               
20200000  __start___llvm_prf_bits       
20200000  __start___llvm_prf_cnts       
20200000  __stop___llvm_prf_bits        
20200000  __stop___llvm_prf_cnts        
20200000  renderBuffer                  
20205000  ZBuffer                       
20205500  miniMap                       
20205980  worldMap                      
2020664c  _CIOBUF_                      
2020664c  __CIOBUF_                     
2020676c  __TI_tmpnams                  
2020680c  floorGradient                 
202068cc  Message                       
202068d8  parmbuf                       
202068e0  otherDirX                     
202068e8  otherDirY                     
202068f0  otherPosX                     
202068f8  otherPosY                     
2020691c  Joy_x                         
20206920  Joy_y                         
20206924  LCDresetFlag                  
20206928  Length                        
2020692c  LostData                      
20206930  Messageindex                  
20206934  RxGetI                        
20206938  RxPutI                        
2020693c  SoundPt                       
20206940  flag_done                     
20206944  ms_done                       
20206948  ms_passed                     
20206955  InitStatus                    
20206956  MountFresult                  
20206957  isShooting                    
20206958  isSwapping                    
20206959  reloaded                      
20206960  Sprites                       
20206bb8  _ftable                       
20206ca8  _device                       
20206d20  ammo_big                      
20206d88  ammo_small                    
20206df0  medkit                        
20206e58  pistol                        
20206ec0  rifle                         
20206f28  shotgun                       
20206f90  _stream                       
20206fe0  valvanoDialogueEnglish        
20207028  valvanoDialogueGleeb          
20207070  valvanoDialogueSpanish        
202070e8  SoundEffects                  
20207110  gunFlash                      
2020715c  deathScreenTextEnglish        
20207178  items                         
202071a8  inventory                     
202071ec  textures                      
202071fc  valvanoDialogues              
20207208  __TI_cleanup_ptr              
2020720c  __TI_dtors_ptr                
20207210  dirX                          
20207218  dirY                          
20207220  planeX                        
20207228  planeY                        
20207230  posX                          
20207238  posY                          
20207240  BusFreq                       
20207248  StX                           
2020724c  StY                           
20207254  __TI_ft_end                   
20207258  _lock                         
2020725c  _unlock                       
20207264  deathScreenTexts              
2020726c  kills                         
20207274  numsprites                    
20207278  otherHealth                   
2020727c  otherKills                    
20207280  otherPlayer                   
20207284  playerHealth                  
20207288  StTextColor                   
20207290  hitTimer                      
20207294  SoundMode                     
20207299  canSwapItems                  
2020729a  enabled                       
2020729b  healthCode                    
2020729c  hitDir                        
2020729d  isOnTarget                    
2020729e  isVulnerable                  
2020729f  itemsStatus                   
202072a0  language                      
202072a1  lastInput                     
202072a2  rifleCanShoot                 
202072b0  _sys_memory                   
20207e00  __stack                       
20208000  __STACK_END                   
ffffffff  __TI_pprof_out_hndl           
ffffffff  __TI_prof_data_size           
ffffffff  __TI_prof_data_start          
ffffffff  __binit__                     
ffffffff  binit                         
UNDEFED   __mpu_init                    
UNDEFED   _system_post_cinit            

[417 symbols]
