******************************************************************************
            TI ARM Clang Linker PC v4.0.1                      
******************************************************************************
>> Linked Thu Apr 10 09:07:14 2025

OUTPUT FILE NAME:   <TheM0+rix_Segfaulted.out>
ENTRY POINT SYMBOL: "_c_int00_noargs"  address: 0001cf61


MEMORY CONFIGURATION

         name            origin    length      used     unused   attr    fill
----------------------  --------  ---------  --------  --------  ----  --------
  FLASH                 00000000   00020000  0001d550  00002ab0  R  X
  SRAM                  20200000   00008000  0000685f  000017a1  RW X
  BCR_CONFIG            41c00000   00000080  00000000  00000080  R   
  BSL_CONFIG            41c00100   00000080  00000000  00000080  R   


SEGMENT ALLOCATION MAP

run origin  load origin   length   init length attrs members
----------  ----------- ---------- ----------- ----- -------
00000000    00000000    0001d550   0001d550    r-x
  00000000    00000000    000000c0   000000c0    r-- .intvecs
  000000c0    000000c0    00016270   00016270    r-- .rodata
  00016330    00016330    00007050   00007050    r-x .text
  0001d380    0001d380    000001d0   000001d0    r-- .cinit
20200000    20200000    00006668   00000000    rw-
  20200000    20200000    00005e9a   00000000    rw- .bss
  20205ea0    20205ea0    000005c5   00000000    rw- .data
  20206468    20206468    00000200   00000000    rw- .sysmem
20207e00    20207e00    00000200   00000000    rw-
  20207e00    20207e00    00000200   00000000    rw- .stack


SECTION ALLOCATION MAP

 output                                  attributes/
section   page    origin      length       input sections
--------  ----  ----------  ----------   ----------------
.intvecs   0    00000000    000000c0     
                  00000000    000000c0     startup_mspm0g3507_ticlang.o (.intvecs)

.text      0    00016330    00007050     
                  00016330    00000a48     libc.a : e_pow.c.obj (.text.pow)
                  00016d78    00000698     Input.o (.text.MovePlayer)
                  00017410    00000580     sprites.o (.text.RenderSprite)
                  00017990    00000524     Graphics.o (.text.CastRays)
                  00017eb4    00000284     libc.a : _printfi.c.obj (.text:__TI_printfi_minimal)
                  00018138    00000238     Graphics.o (.text.DrawCrosshair)
                  00018370    00000218     Buffer.o (.text.drawForegroundSpriteToBuffer)
                  00018588    00000210     ST7735.o (.text.ST7735_DrawBitmap)
                  00018798    000001f4     Graphics.o (.text.DrawHealthBar)
                  0001898c    000001b4     Clock.o (.text.Clock_Init80MHz)
                  00018b40    000001a8     ST7735.o (.text.ST7735_DrawChar)
                  00018ce8    00000192     libclang_rt.builtins.a : adddf3.S.obj (.text.adddf3_subdf3)
                  00018e7a    00000002                            : aeabi_div0.c.obj (.text.__aeabi_idiv0)
                  00018e7c    0000018c     sprites.o (.text.RenderSprites)
                  00019008    00000170     libc.a : e_sqrt.c.obj (.text.sqrt)
                  00019178    00000154            : fopen.c.obj (.text._openfile)
                  000192cc    00000154     Sync.o (.text.getDirectionPacket)
                  00019420    00000144     libc.a : s_floor.c.obj (.text.floor)
                  00019564    00000134            : qsort.c.obj (.text.qsort)
                  00019698    00000124     ADC.o (.text.ADC_InitDual)
                  000197bc    00000118     ST7735.o (.text.ST7735_FillRect)
                  000198d4    00000114     libc.a : memory.c.obj (.text.aligned_alloc)
                  000199e8    0000010c     libclang_rt.builtins.a : divdf3.S.obj (.text.__divdf3)
                  00019af4    00000100     Buffer.o (.text.drawCharToBuffer)
                  00019bf4    000000fc     Sync.o (.text.getInfoPacket)
                  00019cf0    000000f8     SPI.o (.text.SPI_Init)
                  00019de8    000000f8     libc.a : fputs.c.obj (.text.fputs)
                  00019ee0    000000f4     sprites.o (.text.RenderForegroundSprites)
                  00019fd4    000000f4     Graphics.o (.text.RenderSky)
                  0001a0c8    000000f4     ST7735.o (.text.ST7735_SetRotation)
                  0001a1bc    000000ec     libsysbm.a : add_device.c.obj (.text.add_device)
                  0001a2a8    000000e8     libc.a : memory.c.obj (.text.free)
                  0001a390    000000e4     libclang_rt.builtins.a : muldf3.S.obj (.text.__muldf3)
                  0001a474    000000e0     libc.a : setvbuf.c.obj (.text.setvbuf)
                  0001a554    000000d8            : s_scalbn.c.obj (.text.scalbn)
                  0001a62c    000000d0     Inventory.o (.text.Inventory_add)
                  0001a6fc    000000d0     ST7735.o (.text.ST7735_OutChar)
                  0001a7cc    000000d0     UART2.o (.text.UART2_Init)
                  0001a89c    000000cc     Input.o (.text.TIMG12_IRQHandler)
                  0001a968    000000c0     Sync.o (.text.getPositionPacket)
                  0001aa28    000000c0     main.o (.text.main)
                  0001aae8    000000b4     Buffer.o (.text.printToBuffer)
                  0001ab9c    000000a8     DAC.o (.text.DAC_Init)
                  0001ac44    000000a8     sprites.o (.text.RenderInventory)
                  0001acec    000000a8     Timer.o (.text.TimerG6_IntArm)
                  0001ad94    000000a8     Timer.o (.text.TimerG7_IntArm)
                  0001ae3c    000000a8     Timer.o (.text.TimerG8_IntArm)
                  0001aee4    000000a4     Timer.o (.text.TimerG0_IntArm)
                  0001af88    000000a2     ST7735.o (.text.commandList)
                  0001b02a    00000002     libc.a : _lock.c.obj (.text._nop)
                  0001b02c    000000a0     Buffer.o (.text.blitBufferToRenderBuffer)
                  0001b0cc    000000a0     libsysbm.a : open.c.obj (.text.open)
                  0001b16c    0000009c     ST7735.o (.text.ST7735_InitPrintf)
                  0001b208    0000009c     libc.a : fputc.c.obj (.text.fputc)
                  0001b2a4    00000098     ST7735.o (.text.ST7735_InitR)
                  0001b33c    00000094     Timer.o (.text.TimerG12_IntArm)
                  0001b3d0    00000090     Graphics.o (.text.FillMap)
                  0001b460    0000008c     Buffer.o (.text.clearRenderBuffer)
                  0001b4ec    00000088     ST7735.o (.text.setAddrWindow)
                  0001b574    0000000c     Clock.o (.text.Clock_Freq)
                  0001b580    00000088     libc.a : strcmp-armv6m.S.obj (.text:strcmp)
                  0001b608    00000084     Buffer.o (.text.PrecalculateFloorGradient)
                  0001b68c    00000084     ST7735.o (.text.ST7735_DrawString)
                  0001b710    00000080     Sync.o (.text.sendDirectionPacket)
                  0001b790    00000080     Sync.o (.text.sendPositionPacket)
                  0001b810    0000007c     LaunchPad.o (.text.LaunchPad_Init)
                  0001b88c    0000007c     UART1.o (.text.UART1_Init)
                  0001b908    0000007c     libc.a : fclose.c.obj (.text.__TI_closefile)
                  0001b984    0000007c            : copy_decompress_lzss.c.obj (.text:decompress:lzss)
                  0001ba00    00000078     Graphics.o (.text.DrawMinimap)
                  0001ba78    00000074     Inventory.o (.text.Inventory_removeCurrent)
                  0001baec    00000074     Sync.o (.text.TIMG7_IRQHandler)
                  0001bb60    00000074     libclang_rt.builtins.a : comparedf2.c.obj (.text.__gedf2)
                  0001bbd4    00000070     Graphics.o (.text.RenderHUD)
                  0001bc44    0000006c     libsysbm.a : hostlseek.c.obj (.text.HOSTlseek)
                  0001bcb0    0000006c                : hostrename.c.obj (.text.HOSTrename)
                  0001bd1c    0000006c     UART2.o (.text.UART2_IRQHandler)
                  0001bd88    0000006c     libc.a : fseek.c.obj (.text.fseeko)
                  0001bdf4    0000006c            : getdevice.c.obj (.text.getdevice)
                  0001be60    00000068     libclang_rt.builtins.a : comparedf2.c.obj (.text.__ledf2)
                  0001bec8    00000064     ADC.o (.text.ADC_InDual)
                  0001bf2c    00000064     libc.a : _io_perm.c.obj (.text.__TI_wrt_ok)
                  0001bf90    00000064            : memory.c.obj (.text.split)
                  0001bff4    00000062     libclang_rt.builtins.a : aeabi_dcmp.S.obj (.text.__aeabi_dcmp)
                  0001c056    00000002     --HOLE-- [fill = 0]
                  0001c058    00000060     libsysbm.a : hostopen.c.obj (.text.HOSTopen)
                  0001c0b8    0000005c     Sync.o (.text.TIMG8_IRQHandler)
                  0001c114    0000005c     libc.a : printf.c.obj (.text.printf)
                  0001c170    0000005c     Buffer.o (.text.setPixelBuffer)
                  0001c1cc    00000058     libsysbm.a : hostread.c.obj (.text.HOSTread)
                  0001c224    00000058                : hostwrite.c.obj (.text.HOSTwrite)
                  0001c27c    00000056     libclang_rt.builtins.a : aeabi_idivmod.S.obj (.text.__aeabi_idivmod)
                  0001c2d2    00000056     sprites.o (.text.compareSprites)
                  0001c328    00000052     libc.a : fflush.c.obj (.text.__TI_doflush)
                  0001c37a    00000002     --HOLE-- [fill = 0]
                  0001c37c    00000050     libsysbm.a : close.c.obj (.text.close)
                  0001c3cc    0000004c     FIFO.o (.text.RxFifo_Get)
                  0001c418    0000004c     FIFO.o (.text.RxFifo_Put)
                  0001c464    0000004c     Inventory.o (.text.inInventory)
                  0001c4b0    0000004c     Graphics.o (.text.printAmmo)
                  0001c4fc    0000004a     libclang_rt.builtins.a : fixdfsi.S.obj (.text.__fixdfsi)
                  0001c546    00000002     --HOLE-- [fill = 0]
                  0001c548    00000048     libsysbm.a : hostclose.c.obj (.text.HOSTclose)
                  0001c590    00000048                : hostunlink.c.obj (.text.HOSTunlink)
                  0001c5d8    00000048     SPI.o (.text.SPI_OutCommand)
                  0001c620    00000048     Sounds.o (.text.Sound_Init)
                  0001c668    00000048     Async_Delay.o (.text.TIMG0_IRQHandler)
                  0001c6b0    00000044     Input.o (.text.Input_Init)
                  0001c6f4    00000044     Sounds.o (.text.SysTick_Handler)
                  0001c738    00000044     sprites.o (.text.generateSprite)
                  0001c77c    00000040     Graphics.o (.text.RenderScene)
                  0001c7bc    00000040     SPI.o (.text.SPI_Reset)
                  0001c7fc    00000040     Sync.o (.text.TIMG6_IRQHandler)
                  0001c83c    00000040     libclang_rt.builtins.a : aeabi_uidivmod.S.obj (.text.__aeabi_uidivmod)
                  0001c87c    00000040     libc.a : fopen.c.obj (.text._search_fp)
                  0001c8bc    0000003c     Sync.o (.text.Sync_Init)
                  0001c8f8    0000003c     Input.o (.text.fastSin)
                  0001c934    0000003c     Sync.o (.text.sendInfoPacket)
                  0001c970    0000003c     libc.a : autoinit.c.obj (.text:__TI_auto_init_nobinit_nopinit)
                  0001c9ac    0000003a     libclang_rt.builtins.a : muldsi3.S.obj (.text.__muldsi3)
                  0001c9e6    00000002     --HOLE-- [fill = 0]
                  0001c9e8    00000038     LaunchPad.o (.text.ActivatePortA_B)
                  0001ca20    00000038     Buffer.o (.text.RenderBuffer)
                  0001ca58    00000038     SPI.o (.text.SPI_OutData)
                  0001ca90    00000038     Sounds.o (.text.Sound_Start)
                  0001cac8    00000038     libc.a : rand.c.obj (.text.rand)
                  0001cb00    00000038            : sprintf.c.obj (.text.sprintf)
                  0001cb38    00000038     Async_Delay.o (.text.start_delay)
                  0001cb70    00000034     Clock.o (.text.Clock_Delay1ms)
                  0001cba4    00000034     ST7735.o (.text.ST7735_SetCursor)
                  0001cbd8    00000034     ST7735.o (.text.ST7735_write)
                  0001cc0c    00000034     libc.a : fopen.c.obj (.text.__TI_cleanup)
                  0001cc40    00000034     libsysbm.a : trgmsg.c.obj (.text.__TI_readmsg)
                  0001cc74    00000034                : trgmsg.c.obj (.text.__TI_writemsg)
                  0001cca8    00000034     libc.a : exit.c.obj (.text.exit)
                  0001ccdc    00000034            : getdevice.c.obj (.text.finddevice)
                  0001cd10    00000034            : fopen.c.obj (.text.freopen)
                  0001cd44    00000034     Graphics.o (.text.printItem)
                  0001cd78    00000030     main.o (.text.SystemInit)
                  0001cda8    00000030     ST7735.o (.text.commonInit)
                  0001cdd8    00000030     Input.o (.text.fastCos)
                  0001ce08    00000030     libc.a : fopen.c.obj (.text.fopen)
                  0001ce38    0000002c     ST7735.o (.text.ST7735_FillScreen)
                  0001ce64    0000002c     libclang_rt.builtins.a : floatsidf.S.obj (.text.__floatsidf)
                  0001ce90    0000002c     libsysbm.a : unlink.c.obj (.text.unlink)
                  0001cebc    0000002a     UART2.o (.text.UART2_InChar)
                  0001cee6    00000002     --HOLE-- [fill = 0]
                  0001cee8    00000028     libc.a : memory.c.obj (.text.free_list_insert)
                  0001cf10    00000028     libsysbm.a : lseek.c.obj (.text.lseek)
                  0001cf38    00000028                : write.c.obj (.text.write)
                  0001cf60    00000028     libc.a : boot_cortex_m.c.obj (.text:_c_int00_noargs)
                  0001cf88    00000024     Inventory.o (.text.Inventory_next)
                  0001cfac    00000024     Joy.o (.text.Joy_Init)
                  0001cfd0    00000024     libclang_rt.builtins.a : floatunsidf.S.obj (.text.__floatunsidf)
                  0001cff4    00000022     libc.a : memccpy.c.obj (.text.memccpy)
                  0001d016    00000002     --HOLE-- [fill = 0]
                  0001d018    00000020     Graphics.o (.text.Graphics_Init)
                  0001d038    00000020     Inventory.o (.text.Item_isWeapon)
                  0001d058    0000001e     ST7735.o (.text.pushColor)
                  0001d076    00000002     --HOLE-- [fill = 0]
                  0001d078    0000001c     startup_mspm0g3507_ticlang.o (.text.Default_Handler)
                  0001d094    0000001c     startup_mspm0g3507_ticlang.o (.text.HardFault_Handler)
                  0001d0b0    0000001c     Joy.o (.text.Joy_In)
                  0001d0cc    0000001c     libc.a : memory.c.obj (.text.free_list_remove)
                  0001d0e8    00000018     FIFO.o (.text.RxFifo_Size)
                  0001d100    00000018     UART1.o (.text.UART1_OutChar)
                  0001d118    00000018     libc.a : sprintf.c.obj (.text._outs)
                  0001d130    00000016     ST7735.o (.text.ST7735_open)
                  0001d146    00000016     ST7735.o (.text.ST7735_read)
                  0001d15c    00000014     DAC.o (.text.DAC_Out)
                  0001d170    00000014     FIFO.o (.text.RxFifo_Init)
                  0001d184    00000012     Inventory.o (.text.Inventory_currentItem)
                  0001d196    00000012     Inventory.o (.text.Item_isSpent)
                  0001d1a8    00000012     libc.a : memcpy16.S.obj (.text:TI_memcpy_small)
                  0001d1ba    00000012            : copy_decompress_none.c.obj (.text:decompress:none)
                  0001d1cc    00000010     Clock.o (.text.Clock_Delay)
                  0001d1dc    00000010     LaunchPad.o (.text.Delay)
                  0001d1ec    00000010     Joy.o (.text.Joy_InButton)
                  0001d1fc    00000010     Input.o (.text.ReadKeys)
                  0001d20c    00000010     libc.a : copy_zero_init.c.obj (.text:decompress:ZI)
                  0001d21c    0000000e            : memory.c.obj (.text.OUTLINED_FUNCTION_0)
                  0001d22a    0000000e     ST7735.o (.text.ST7735_lseek)
                  0001d238    0000000e     libclang_rt.builtins.a : aeabi_memset.S.obj (.text.__aeabi_memset)
                  0001d246    0000000e     libsysbm.a : hostrename.c.obj (.text.strcpy)
                  0001d254    0000000e     libc.a : _printfi.c.obj (.text.strlen)
                  0001d262    0000000e     libsysbm.a : hostrename.c.obj (.text.strlen)
                  0001d270    0000000e     libc.a : memset16.S.obj (.text:TI_memset_small)
                  0001d27e    0000000c     ST7735.o (.text.ST7735_rename)
                  0001d28a    00000002     --HOLE-- [fill = 0]
                  0001d28c    0000000c     libclang_rt.builtins.a : aeabi_memset.S.obj (.text.__aeabi_memclr)
                  0001d298    0000000c     libc.a : memory.c.obj (.text.malloc)
                  0001d2a4    0000000a            : e_pow.c.obj (.text.OUTLINED_FUNCTION_0)
                  0001d2ae    00000002     --HOLE-- [fill = 0]
                  0001d2b0    00000010     libclang_rt.builtins.a : muldf3.S.obj (.tramp.__aeabi_dmul.1)
                  0001d2c0    0000000a     libc.a : e_pow.c.obj (.text.OUTLINED_FUNCTION_1)
                  0001d2ca    0000000a            : e_pow.c.obj (.text.OUTLINED_FUNCTION_6)
                  0001d2d4    0000000a     ST7735.o (.text.ST7735_close)
                  0001d2de    0000000a     ST7735.o (.text.ST7735_unlink)
                  0001d2e8    0000000a     libc.a : sprintf.c.obj (.text._outc)
                  0001d2f2    00000008            : e_pow.c.obj (.text.OUTLINED_FUNCTION_2)
                  0001d2fa    00000002     --HOLE-- [fill = 0]
                  0001d2fc    00000010     libclang_rt.builtins.a : adddf3.S.obj (.tramp.__aeabi_dsub.1)
                  0001d30c    00000008     libc.a : aeabi_portable.c.obj (.text.__aeabi_errno_addr)
                  0001d314    00000008     libclang_rt.builtins.a : aeabi_memcpy.S.obj (.text.__aeabi_memcpy)
                  0001d31c    00000008     libc.a : printf.c.obj (.text._outc)
                  0001d324    00000008            : printf.c.obj (.text._outs)
                  0001d32c    00000008            : fseek.c.obj (.text.fseek)
                  0001d334    00000008     libsysbm.a : remove.c.obj (.text.remove)
                  0001d33c    00000006     libc.a : e_pow.c.obj (.text.OUTLINED_FUNCTION_3)
                  0001d342    00000002     --HOLE-- [fill = 0]
                  0001d344    00000010     libclang_rt.builtins.a : adddf3.S.obj (.tramp.__aeabi_dadd.1)
                  0001d354    00000006     libc.a : e_pow.c.obj (.text.OUTLINED_FUNCTION_4)
                  0001d35a    00000006            : e_pow.c.obj (.text.OUTLINED_FUNCTION_5)
                  0001d360    00000004            : e_pow.c.obj (.text.OUTLINED_FUNCTION_10)
                  0001d364    00000004            : e_pow.c.obj (.text.OUTLINED_FUNCTION_7)
                  0001d368    00000004            : e_pow.c.obj (.text.OUTLINED_FUNCTION_8)
                  0001d36c    00000004            : e_pow.c.obj (.text.OUTLINED_FUNCTION_9)
                  0001d370    00000004     startup_mspm0g3507_ticlang.o (.text.Reset_Handler)
                  0001d374    00000004     libc.a : pre_init.c.obj (.text._system_pre_init)
                  0001d378    00000004            : exit.c.obj (.text:abort)
                  0001d37c    00000004     --HOLE-- [fill = 0]

.cinit     0    0001d380    000001d0     
                  0001d380    000001ac     (.cinit..data.load) [load image, compression = lzss]
                  0001d52c    0000000c     (__TI_handler_table)
                  0001d538    00000008     (.cinit..bss.load) [load image, compression = zero_init]
                  0001d540    00000010     (__TI_cinit_table)

.rodata    0    000000c0    00016270     
                  000000c0    00004900     Sounds.o (.rodata.reloadSound)
                  000049c0    00002ab4     Sounds.o (.rodata.pistolSound)
                  00007474    00002000     Graphics.o (.rodata.SCBarkley)
                  00009474    00002000     Graphics.o (.rodata.circuitBoardTex2)
                  0000b474    00002000     Graphics.o (.rodata.circuitBoardTex)
                  0000d474    00002000     Graphics.o (.rodata.matrix2)
                  0000f474    00001e78     Sounds.o (.rodata.shotgunSound)
                  000112ec    0000095a     Sounds.o (.rodata.weaploadSound)
                  00011c46    0000094f     Sounds.o (.rodata.outofammoSound)
                  00012595    00000001     main.o (.rodata.str1.164552152177587026401)
                  00012596    00000800     main.o (.rodata.AgentPixelBack)
                  00012d96    00000800     main.o (.rodata.AgentPixelFront)
                  00013596    00000800     main.o (.rodata.ExplosionImage)
                  00013d96    00000800     main.o (.rodata.PistolImage)
                  00014596    00000800     main.o (.rodata.ShotgunImage)
                  00014d96    000004fb     Buffer.o (.rodata.Font)
                  00015291    000004fb     ST7735.o (.rodata.Font)
                  0001578c    00000240     Graphics.o (.rodata.OGMap)
                  000159cc    00000200     main.o (.rodata.Ammosprite)
                  00015bcc    00000200     main.o (.rodata.Medkitsprite)
                  00015dcc    00000200     main.o (.rodata.Shotgunsprite)
                  00015fcc    00000200     main.o (.rodata.pistolsprite)
                  000161cc    0000003b     ST7735.o (.rodata.Rcmd1)
                  00016207    00000001     --HOLE-- [fill = 0]
                  00016208    00000030     libc.a : e_pow.c.obj (.rodata.cst16)
                  00016238    0000002b     ST7735.o (.rodata.Rcmd3)
                  00016263    00000016     ST7735.o (.rodata.str1.180840905664508391481)
                  00016279    00000014     main.o (.rodata.str1.157592557656998809351)
                  0001628d    00000011     libc.a : _printfi.c.obj (.rodata.str1.153638888446227384661)
                  0001629e    00000011     main.o (.rodata.str1.54842681482495761191)
                  000162af    00000010     main.o (.rodata.str1.182731374899196392841)
                  000162bf    0000000d     ST7735.o (.rodata.Rcmd2green)
                  000162cc    0000000d     ST7735.o (.rodata.Rcmd2red)
                  000162d9    0000000c     main.o (.rodata.str1.30235616187663446621)
                  000162e5    0000000c     Graphics.o (.rodata.str1.37161536259113115651)
                  000162f1    00000008     main.o (.rodata.str1.128962870563899395191)
                  000162f9    00000008     ST7735.o (.rodata.str1.42106280550816602831)
                  00016301    00000007     ST7735.o (.rodata.str1.124659516132232304751)
                  00016308    00000007     main.o (.rodata.str1.181369900268917052751)
                  0001630f    00000007     main.o (.rodata.str1.58265674741439123291)
                  00016316    00000007     ST7735.o (.rodata.str1.97082724960320730491)
                  0001631d    00000006     Graphics.o (.rodata.str1.2002389610935928081)
                  00016323    00000004     Graphics.o (.rodata.str1.25158831670344200691)
                  00016327    00000002     ST7735.o (.rodata.str1.147171064836689809571)
                  00016329    00000007     --HOLE-- [fill = 0]

.init_array 
*          0    00000000    00000000     UNINITIALIZED

.binit     0    00000000    00000000     

.bss       0    20200000    00005e9a     UNINITIALIZED
                  20200000    00005000     (.common:renderBuffer)
                  20205000    00000500     (.common:ZBuffer)
                  20205500    00000480     (.common:miniMap)
                  20205980    00000240     (.common:worldMap)
                  20205bc0    00000120     libsysbm.a : trgmsg.c.obj (.bss:_CIOBUF_)
                  20205ce0    000000a0     libc.a : defs.c.obj (.bss.__TI_tmpnams)
                  20205d80    00000080     (.common:floorGradient)
                  20205e00    00000040     FIFO.o (.bss.RxFifo)
                  20205e40    00000008     libsysbm.a : hostopen.c.obj (.bss.parmbuf)
                  20205e48    00000008     (.common:otherDirX)
                  20205e50    00000008     (.common:otherDirY)
                  20205e58    00000008     (.common:otherPosX)
                  20205e60    00000008     (.common:otherPosY)
                  20205e68    00000004     libc.a : memory.c.obj (.bss.sys_free)
                  20205e6c    00000004     (.common:Joy_x)
                  20205e70    00000004     (.common:Joy_y)
                  20205e74    00000004     (.common:Length)
                  20205e78    00000004     (.common:LostData)
                  20205e7c    00000004     (.common:RxGetI)
                  20205e80    00000004     (.common:RxPutI)
                  20205e84    00000004     (.common:SoundPt)
                  20205e88    00000004     (.common:flag_done)
                  20205e8c    00000004     (.common:ms_done)
                  20205e90    00000004     (.common:ms_passed)
                  20205e94    00000001     ST7735.o (.bss.ColStart)
                  20205e95    00000001     ST7735.o (.bss.Rotation)
                  20205e96    00000001     ST7735.o (.bss.RowStart)
                  20205e97    00000001     ST7735.o (.bss.TabColor)
                  20205e98    00000001     (.common:isShooting)
                  20205e99    00000001     (.common:reloaded)

.data      0    20205ea0    000005c5     UNINITIALIZED
                  20205ea0    00000168     main.o (.data.Sprites)
                  20206008    000000f0     libc.a : defs.c.obj (.data._ftable)
                  202060f8    00000078     libsysbm.a : host_device.c.obj (.data._device)
                  20206170    00000068     main.o (.data.ammo_small)
                  202061d8    00000068     main.o (.data.medkit)
                  20206240    00000068     main.o (.data.pistol)
                  202062a8    00000068     main.o (.data.shotgun)
                  20206310    00000050     libsysbm.a : host_device.c.obj (.data._stream)
                  20206360    00000028     Sounds.o (.data.SoundEffects)
                  20206388    00000028     main.o (.data.gunFlash)
                  202063b0    00000014     main.o (.data.inventory)
                  202063c4    00000010     main.o (.data.items)
                  202063d4    00000010     Graphics.o (.data.textures)
                  202063e4    00000008     libc.a : exit.c.obj (.data..L_MergedGlobals)
                  202063ec    00000004     Clock.o (.data.BusFreq)
                  202063f0    00000008     main.o (.data.dirX)
                  202063f8    00000008     main.o (.data.dirY)
                  20206400    00000008     main.o (.data.planeX)
                  20206408    00000008     main.o (.data.planeY)
                  20206410    00000008     main.o (.data.posX)
                  20206418    00000008     main.o (.data.posY)
                  20206420    00000004     Graphics.o (.data.RenderScene.side)
                  20206424    00000004     ST7735.o (.data.StX)
                  20206428    00000004     ST7735.o (.data.StY)
                  2020642c    00000004     libc.a : defs.c.obj (.data.__TI_ft_end)
                  20206430    00000004            : aeabi_portable.c.obj (.data.__aeabi_errno)
                  20206434    00000004            : _lock.c.obj (.data._lock)
                  20206438    00000004            : _lock.c.obj (.data._unlock)
                  2020643c    00000004            : rand.c.obj (.data.next)
                  20206440    00000004     main.o (.data.numsprites)
                  20206444    00000004     main.o (.data.otherHealth)
                  20206448    00000004     Sync.o (.data.otherPlayer)
                  2020644c    00000004     main.o (.data.playerHealth)
                  20206450    00000002     ST7735.o (.data.StTextColor)
                  20206452    00000002     ST7735.o (.data._height)
                  20206454    00000002     ST7735.o (.data._width)
                  20206456    00000001     sprites.o (.data.RenderForegroundSprites.sidesDrawn)
                  20206457    00000001     Sync.o (.data.TIMG6_IRQHandler.timeCt)
                  20206458    00000001     Sync.o (.data.TIMG7_IRQHandler.packetIndex)
                  20206459    00000001     Sync.o (.data.TIMG8_IRQHandler.packetIndex)
                  2020645a    00000001     main.o (.data.healthCode)
                  2020645b    00000001     main.o (.data.isOnTarget)
                  2020645c    00000001     libsysbm.a : add_device.c.obj (.data.add_device.device_init)
                  2020645d    00000001     Sync.o (.data.itemsStatus)
                  2020645e    00000001     Input.o (.data.lastInput)
                  2020645f    00000001     --HOLE--
                  20206460    00000001     libc.a : memory.c.obj (.data.memory_is_initialized)
                  20206461    00000003     --HOLE--
                  20206464    00000001     libsysbm.a : open.c.obj (.data.open.stream_init)

.sysmem    0    20206468    00000200     UNINITIALIZED
                  20206468    00000010     libc.a : memory.c.obj (.sysmem)
                  20206478    000001f0     --HOLE--

.stack     0    20207e00    00000200     UNINITIALIZED
                  20207e00    00000004     libc.a : boot_cortex_m.c.obj (.stack)
                  20207e04    000001fc     --HOLE--

__llvm_prf_cnts 
*          0    20200000    00000000     UNINITIALIZED

__llvm_prf_bits 
*          0    20200000    00000000     UNINITIALIZED

MODULE SUMMARY

       Module                         code    ro data   rw data
       ------                         ----    -------   -------
    .\
       Sounds.o                       196     42197     48     
       Graphics.o                     3228    33366     3036   
       Buffer.o                       1552    1275      20608  
       main.o                         240     12376     946    
       ST7735.o                       2738    1449      18     
       sprites.o                      2370    0         1      
       Input.o                        2084    0         3      
       Sync.o                         1432    0         8      
       Timer.o                        816     0         0      
       Clock.o                        516     0         4      
       Inventory.o                    504     0         0      
       SPI.o                          440     0         0      
       ADC.o                          392     0         0      
       UART2.o                        358     0         4      
       FIFO.o                         196     0         72     
       LaunchPad.o                    196     0         0      
       DAC.o                          188     0         0      
       UART1.o                        148     0         0      
       Async_Delay.o                  128     0         12     
       Joy.o                          80      0         0      
    +--+------------------------------+-------+---------+---------+
       Total:                         17802   90663     24760  
                                                               
    .\ticlang\
       startup_mspm0g3507_ticlang.o   60      192       0      
    +--+------------------------------+-------+---------+---------+
       Total:                         60      192       0      
                                                               
    C:\ti\ccs2000\ccs\tools\compiler\ti-cgt-armllvm_4.0.1.LTS\lib\armv6m-ti-none-eabi/c/libc.a
       e_pow.c.obj                    2704    48        0      
       memory.c.obj                   702     0         5      
       _printfi.c.obj                 658     17        0      
       fopen.c.obj                    556     0         0      
       defs.c.obj                     0       0         404    
       e_sqrt.c.obj                   368     0         0      
       s_floor.c.obj                  324     0         0      
       qsort.c.obj                    308     0         0      
       fputs.c.obj                    248     0         0      
       setvbuf.c.obj                  224     0         0      
       s_scalbn.c.obj                 216     0         0      
       getdevice.c.obj                160     0         0      
       fputc.c.obj                    156     0         0      
       strcmp-armv6m.S.obj            136     0         0      
       copy_decompress_lzss.c.obj     124     0         0      
       fclose.c.obj                   124     0         0      
       fseek.c.obj                    116     0         0      
       printf.c.obj                   108     0         0      
       _io_perm.c.obj                 100     0         0      
       sprintf.c.obj                  90      0         0      
       fflush.c.obj                   82      0         0      
       exit.c.obj                     56      0         8      
       autoinit.c.obj                 60      0         0      
       rand.c.obj                     56      0         4      
       boot_cortex_m.c.obj            40      0         0      
       memccpy.c.obj                  34      0         0      
       copy_decompress_none.c.obj     18      0         0      
       memcpy16.S.obj                 18      0         0      
       copy_zero_init.c.obj           16      0         0      
       memset16.S.obj                 14      0         0      
       aeabi_portable.c.obj           8       0         4      
       _lock.c.obj                    2       0         8      
       pre_init.c.obj                 4       0         0      
    +--+------------------------------+-------+---------+---------+
       Total:                         7830    65        433    
                                                               
    C:\ti\ccs2000\ccs\tools\compiler\ti-cgt-armllvm_4.0.1.LTS\lib\armv6m-ti-none-eabi/c/libsysbm.a
       trgmsg.c.obj                   104     0         288    
       add_device.c.obj               236     0         1      
       host_device.c.obj              0       0         200    
       open.c.obj                     160     0         1      
       hostrename.c.obj               136     0         0      
       hostlseek.c.obj                108     0         0      
       hostopen.c.obj                 96      0         8      
       hostread.c.obj                 88      0         0      
       hostwrite.c.obj                88      0         0      
       close.c.obj                    80      0         0      
       hostclose.c.obj                72      0         0      
       hostunlink.c.obj               72      0         0      
       unlink.c.obj                   44      0         0      
       lseek.c.obj                    40      0         0      
       write.c.obj                    40      0         0      
       remove.c.obj                   8       0         0      
    +--+------------------------------+-------+---------+---------+
       Total:                         1372    0         498    
                                                               
    C:\ti\ccs2000\ccs\tools\compiler\ti-cgt-armllvm_4.0.1.LTS\lib\armv6m-ti-none-eabi/libclang_rt.builtins.a
       adddf3.S.obj                   434     0         0      
       divdf3.S.obj                   268     0         0      
       muldf3.S.obj                   244     0         0      
       comparedf2.c.obj               220     0         0      
       aeabi_dcmp.S.obj               98      0         0      
       aeabi_idivmod.S.obj            86      0         0      
       fixdfsi.S.obj                  74      0         0      
       aeabi_uidivmod.S.obj           64      0         0      
       muldsi3.S.obj                  58      0         0      
       floatsidf.S.obj                44      0         0      
       floatunsidf.S.obj              36      0         0      
       aeabi_memset.S.obj             26      0         0      
       aeabi_memcpy.S.obj             8       0         0      
       aeabi_div0.c.obj               2       0         0      
    +--+------------------------------+-------+---------+---------+
       Total:                         1662    0         0      
                                                               
       Heap:                          0       0         512    
       Stack:                         0       0         512    
       Linker Generated:              0       464       0      
    +--+------------------------------+-------+---------+---------+
       Grand Total:                   28726   91384     26715  


LINKER GENERATED COPY TABLES

__TI_cinit_table @ 0001d540 records: 2, size/record: 8, table size: 16
	.data: load addr=0001d380, load size=000001ac bytes, run addr=20205ea0, run size=000005c5 bytes, compression=lzss
	.bss: load addr=0001d538, load size=00000008 bytes, run addr=20200000, run size=00005e9a bytes, compression=zero_init


LINKER GENERATED HANDLER TABLE

__TI_handler_table @ 0001d52c records: 3, size/record: 4, table size: 12
	index: 0, handler: __TI_decompress_lzss
	index: 1, handler: __TI_decompress_none
	index: 2, handler: __TI_zero_init


FAR CALL TRAMPOLINES

callee name               trampoline name
   callee addr  tramp addr   call addr  call info
--------------  -----------  ---------  ----------------
__aeabi_dmul              $Tramp$TT$L$PI$$__aeabi_dmul
   0001a391     0001d2b0     0001d2ac   libc.a : e_pow.c.obj (.text.OUTLINED_FUNCTION_0)
                             0001d2c8          : e_pow.c.obj (.text.OUTLINED_FUNCTION_1)
                             0001d2d2          : e_pow.c.obj (.text.OUTLINED_FUNCTION_6)
                             0001d358          : e_pow.c.obj (.text.OUTLINED_FUNCTION_4)
                             0001d35e          : e_pow.c.obj (.text.OUTLINED_FUNCTION_5)
                             0001d36a          : e_pow.c.obj (.text.OUTLINED_FUNCTION_8)
__aeabi_dsub              $Tramp$TT$L$PI$$__aeabi_dsub
   00018ce9     0001d2fc     0001d2f8   libc.a : e_pow.c.obj (.text.OUTLINED_FUNCTION_2)
__aeabi_dadd              $Tramp$TT$L$PI$$__aeabi_dadd
   00018cf3     0001d344     0001d340   libc.a : e_pow.c.obj (.text.OUTLINED_FUNCTION_3)
                             0001d362          : e_pow.c.obj (.text.OUTLINED_FUNCTION_10)
                             0001d366          : e_pow.c.obj (.text.OUTLINED_FUNCTION_7)
                             0001d36e          : e_pow.c.obj (.text.OUTLINED_FUNCTION_9)

[3 trampolines]
[11 trampoline calls]


GLOBAL SYMBOLS: SORTED ALPHABETICALLY BY Name 

address   name                          
-------   ----                          
0001d079  ADC0_IRQHandler               
0001d079  ADC1_IRQHandler               
0001bec9  ADC_InDual                    
00019699  ADC_InitDual                  
0001d079  AES_IRQHandler                
0001c9e9  ActivatePortA_B               
00012596  AgentPixelBack                
00012d96  AgentPixelFront               
000159cc  Ammosprite                    
202063ec  BusFreq                       
0001d378  C$$EXIT                       
0001cca1  C$$IO$$                       
0001d079  CANFD0_IRQHandler             
00017991  CastRays                      
0001d1cd  Clock_Delay                   
0001cb71  Clock_Delay1ms                
0001b575  Clock_Freq                    
0001898d  Clock_Init80MHz               
0001d079  DAC0_IRQHandler               
0001ab9d  DAC_Init                      
0001d15d  DAC_Out                       
0001d079  DMA_IRQHandler                
0001d079  Default_Handler               
0001d1dd  Delay                         
00018139  DrawCrosshair                 
00018799  DrawHealthBar                 
0001ba01  DrawMinimap                   
00013596  ExplosionImage                
0001b3d1  FillMap                       
0001d079  GROUP0_IRQHandler             
0001d079  GROUP1_IRQHandler             
0001d019  Graphics_Init                 
0001c549  HOSTclose                     
0001bc45  HOSTlseek                     
0001c059  HOSTopen                      
0001c1cd  HOSTread                      
0001bcb1  HOSTrename                    
0001c591  HOSTunlink                    
0001c225  HOSTwrite                     
0001d095  HardFault_Handler             
0001d079  I2C0_IRQHandler               
0001d079  I2C1_IRQHandler               
0001c6b1  Input_Init                    
0001a62d  Inventory_add                 
0001d185  Inventory_currentItem         
0001cf89  Inventory_next                
0001ba79  Inventory_removeCurrent       
0001d197  Item_isSpent                  
0001d039  Item_isWeapon                 
0001d0b1  Joy_In                        
0001d1ed  Joy_InButton                  
0001cfad  Joy_Init                      
20205e6c  Joy_x                         
20205e70  Joy_y                         
0001b811  LaunchPad_Init                
20205e74  Length                        
20205e78  LostData                      
00015bcc  Medkitsprite                  
00016d79  MovePlayer                    
0001d079  NMI_Handler                   
0001578c  OGMap                         
0001d079  PendSV_Handler                
00013d96  PistolImage                   
0001b609  PrecalculateFloorGradient     
0001d079  RTC_IRQHandler                
0001d1fd  ReadKeys                      
0001ca21  RenderBuffer                  
00019ee1  RenderForegroundSprites       
0001bbd5  RenderHUD                     
0001ac45  RenderInventory               
0001c77d  RenderScene                   
00019fd5  RenderSky                     
00017411  RenderSprite                  
00018e7d  RenderSprites                 
0001d371  Reset_Handler                 
0001c3cd  RxFifo_Get                    
0001d171  RxFifo_Init                   
0001c419  RxFifo_Put                    
0001d0e9  RxFifo_Size                   
20205e7c  RxGetI                        
20205e80  RxPutI                        
00007474  SCBarkley                     
0001d079  SPI0_IRQHandler               
0001d079  SPI1_IRQHandler               
00019cf1  SPI_Init                      
0001c5d9  SPI_OutCommand                
0001ca59  SPI_OutData                   
0001c7bd  SPI_Reset                     
00018589  ST7735_DrawBitmap             
00018b41  ST7735_DrawChar               
0001b68d  ST7735_DrawString             
000197bd  ST7735_FillRect               
0001ce39  ST7735_FillScreen             
0001b16d  ST7735_InitPrintf             
0001b2a5  ST7735_InitR                  
0001a6fd  ST7735_OutChar                
0001cba5  ST7735_SetCursor              
0001a0c9  ST7735_SetRotation            
0001d2d5  ST7735_close                  
0001d22b  ST7735_lseek                  
0001d131  ST7735_open                   
0001d147  ST7735_read                   
0001d27f  ST7735_rename                 
0001d2df  ST7735_unlink                 
0001cbd9  ST7735_write                  
0001d079  SVC_Handler                   
00014596  ShotgunImage                  
00015dcc  Shotgunsprite                 
20206360  SoundEffects                  
20205e84  SoundPt                       
0001c621  Sound_Init                    
0001ca91  Sound_Start                   
20205ea0  Sprites                       
20206450  StTextColor                   
20206424  StX                           
20206428  StY                           
0001c8bd  Sync_Init                     
0001c6f5  SysTick_Handler               
0001cd79  SystemInit                    
0001d079  TIMA0_IRQHandler              
0001d079  TIMA1_IRQHandler              
0001c669  TIMG0_IRQHandler              
0001a89d  TIMG12_IRQHandler             
0001c7fd  TIMG6_IRQHandler              
0001baed  TIMG7_IRQHandler              
0001c0b9  TIMG8_IRQHandler              
0001d1a9  TI_memcpy_small               
0001d271  TI_memset_small               
0001aee5  TimerG0_IntArm                
0001b33d  TimerG12_IntArm               
0001aced  TimerG6_IntArm                
0001ad95  TimerG7_IntArm                
0001ae3d  TimerG8_IntArm                
0001d079  UART0_IRQHandler              
0001d079  UART1_IRQHandler              
0001b88d  UART1_Init                    
0001d101  UART1_OutChar                 
0001bd1d  UART2_IRQHandler              
0001cebd  UART2_InChar                  
0001a7cd  UART2_Init                    
0001d079  UART3_IRQHandler              
20205000  ZBuffer                       
20205bc0  _CIOBUF_                      
20205bc0  __CIOBUF_                     
20208000  __STACK_END                   
00000200  __STACK_SIZE                  
00000200  __SYSMEM_SIZE                 
00000000  __TI_ATRegion0_region_sz      
00000000  __TI_ATRegion0_src_addr       
00000000  __TI_ATRegion0_trg_addr       
00000000  __TI_ATRegion1_region_sz      
00000000  __TI_ATRegion1_src_addr       
00000000  __TI_ATRegion1_trg_addr       
00000000  __TI_ATRegion2_region_sz      
00000000  __TI_ATRegion2_src_addr       
00000000  __TI_ATRegion2_trg_addr       
0001d540  __TI_CINIT_Base               
0001d550  __TI_CINIT_Limit              
0001d550  __TI_CINIT_Warm               
0001d52c  __TI_Handler_Table_Base       
0001d538  __TI_Handler_Table_Limit      
0001c971  __TI_auto_init_nobinit_nopinit
0001cc0d  __TI_cleanup                  
202063e4  __TI_cleanup_ptr              
0001b909  __TI_closefile                
0001b985  __TI_decompress_lzss          
0001d1bb  __TI_decompress_none          
0001c329  __TI_doflush                  
202063e8  __TI_dtors_ptr                
2020642c  __TI_ft_end                   
ffffffff  __TI_pprof_out_hndl           
00017eb5  __TI_printfi_minimal          
ffffffff  __TI_prof_data_size           
ffffffff  __TI_prof_data_start          
0001cc41  __TI_readmsg                  
00000000  __TI_static_base__            
20205ce0  __TI_tmpnams                  
0001cc75  __TI_writemsg                 
0001bf2d  __TI_wrt_ok                   
0001d20d  __TI_zero_init                
00018cf3  __adddf3                      
0001c4fd  __aeabi_d2iz                  
00018cf3  __aeabi_dadd                  
0001bff5  __aeabi_dcmpeq                
0001c031  __aeabi_dcmpge                
0001c045  __aeabi_dcmpgt                
0001c01d  __aeabi_dcmple                
0001c009  __aeabi_dcmplt                
000199e9  __aeabi_ddiv                  
0001a391  __aeabi_dmul                  
00018ce9  __aeabi_dsub                  
20206430  __aeabi_errno                 
0001d30d  __aeabi_errno_addr            
0001ce65  __aeabi_i2d                   
0001c27d  __aeabi_idiv                  
00018e7b  __aeabi_idiv0                 
0001c27d  __aeabi_idivmod               
0001d28d  __aeabi_memclr                
0001d28d  __aeabi_memclr4               
0001d28d  __aeabi_memclr8               
0001d315  __aeabi_memcpy                
0001d315  __aeabi_memcpy4               
0001d315  __aeabi_memcpy8               
0001d239  __aeabi_memset                
0001d239  __aeabi_memset4               
0001d239  __aeabi_memset8               
0001cfd1  __aeabi_ui2d                  
0001c83d  __aeabi_uidiv                 
0001c83d  __aeabi_uidivmod              
ffffffff  __binit__                     
0001be61  __cmpdf2                      
000199e9  __divdf3                      
0001be61  __eqdf2                       
0001c4fd  __fixdfsi                     
0001ce65  __floatsidf                   
0001cfd1  __floatunsidf                 
0001bb61  __gedf2                       
0001bb61  __gtdf2                       
0001be61  __ledf2                       
0001be61  __ltdf2                       
UNDEFED   __mpu_init                    
0001a391  __muldf3                      
0001c9ad  __muldsi3                     
0001be61  __nedf2                       
20207e00  __stack                       
20200000  __start___llvm_prf_bits       
20200000  __start___llvm_prf_cnts       
20200000  __stop___llvm_prf_bits        
20200000  __stop___llvm_prf_cnts        
00018ce9  __subdf3                      
0001cf61  _c_int00_noargs               
202060f8  _device                       
20206008  _ftable                       
20206434  _lock                         
0001b02b  _nop                          
20206310  _stream                       
20206468  _sys_memory                   
UNDEFED   _system_post_cinit            
0001d375  _system_pre_init              
20206438  _unlock                       
0001d379  abort                         
0001a1bd  add_device                    
000198d5  aligned_alloc                 
20206170  ammo_small                    
ffffffff  binit                         
0001b02d  blitBufferToRenderBuffer      
0000b474  circuitBoardTex               
00009474  circuitBoardTex2              
0001b461  clearRenderBuffer             
0001c37d  close                         
0001c2d3  compareSprites                
202063f0  dirX                          
202063f8  dirY                          
00019af5  drawCharToBuffer              
00018371  drawForegroundSpriteToBuffer  
0001cca9  exit                          
0001cdd9  fastCos                       
0001c8f9  fastSin                       
0001ccdd  finddevice                    
20205e88  flag_done                     
00019421  floor                         
20205d80  floorGradient                 
00019421  floorl                        
0001ce09  fopen                         
0001b209  fputc                         
00019de9  fputs                         
0001a2a9  free                          
0001cd11  freopen                       
0001d32d  fseek                         
0001bd89  fseeko                        
0001c739  generateSprite                
000192cd  getDirectionPacket            
00019bf5  getInfoPacket                 
0001a969  getPositionPacket             
0001bdf5  getdevice                     
20206388  gunFlash                      
2020645a  healthCode                    
0001c465  inInventory                   
00000000  interruptVectors              
202063b0  inventory                     
2020645b  isOnTarget                    
20205e98  isShooting                    
202063c4  items                         
2020645d  itemsStatus                   
2020645e  lastInput                     
0001a555  ldexp                         
0001a555  ldexpl                        
0001cf11  lseek                         
0001aa29  main                          
0001d299  malloc                        
0000d474  matrix2                       
202061d8  medkit                        
000198d5  memalign                      
0001cff5  memccpy                       
20205500  miniMap                       
20205e8c  ms_done                       
20205e90  ms_passed                     
20206440  numsprites                    
0001b0cd  open                          
20205e48  otherDirX                     
20205e50  otherDirY                     
20206444  otherHealth                   
20206448  otherPlayer                   
20205e58  otherPosX                     
20205e60  otherPosY                     
00011c46  outofammoSound                
20205e40  parmbuf                       
20206240  pistol                        
000049c0  pistolSound                   
00015fcc  pistolsprite                  
20206400  planeX                        
20206408  planeY                        
2020644c  playerHealth                  
20206410  posX                          
20206418  posY                          
00016331  pow                           
00016331  powl                          
0001c4b1  printAmmo                     
0001cd45  printItem                     
0001aae9  printToBuffer                 
0001c115  printf                        
00019565  qsort                         
0001cac9  rand                          
000000c0  reloadSound                   
20205e99  reloaded                      
0001d335  remove                        
20200000  renderBuffer                  
0001a555  scalbn                        
0001a555  scalbnl                       
0001b711  sendDirectionPacket           
0001c935  sendInfoPacket                
0001b791  sendPositionPacket            
0001c171  setPixelBuffer                
0001a475  setvbuf                       
202062a8  shotgun                       
0000f474  shotgunSound                  
0001cb01  sprintf                       
00019009  sqrt                          
00019009  sqrtl                         
0001cb39  start_delay                   
0001b581  strcmp                        
202063d4  textures                      
0001ce91  unlink                        
000112ec  weaploadSound                 
20205980  worldMap                      
0001cf39  write                         


GLOBAL SYMBOLS: SORTED BY Symbol Address 

address   name                          
-------   ----                          
00000000  __TI_ATRegion0_region_sz      
00000000  __TI_ATRegion0_src_addr       
00000000  __TI_ATRegion0_trg_addr       
00000000  __TI_ATRegion1_region_sz      
00000000  __TI_ATRegion1_src_addr       
00000000  __TI_ATRegion1_trg_addr       
00000000  __TI_ATRegion2_region_sz      
00000000  __TI_ATRegion2_src_addr       
00000000  __TI_ATRegion2_trg_addr       
00000000  __TI_static_base__            
00000000  interruptVectors              
000000c0  reloadSound                   
00000200  __STACK_SIZE                  
00000200  __SYSMEM_SIZE                 
000049c0  pistolSound                   
00007474  SCBarkley                     
00009474  circuitBoardTex2              
0000b474  circuitBoardTex               
0000d474  matrix2                       
0000f474  shotgunSound                  
000112ec  weaploadSound                 
00011c46  outofammoSound                
00012596  AgentPixelBack                
00012d96  AgentPixelFront               
00013596  ExplosionImage                
00013d96  PistolImage                   
00014596  ShotgunImage                  
0001578c  OGMap                         
000159cc  Ammosprite                    
00015bcc  Medkitsprite                  
00015dcc  Shotgunsprite                 
00015fcc  pistolsprite                  
00016331  pow                           
00016331  powl                          
00016d79  MovePlayer                    
00017411  RenderSprite                  
00017991  CastRays                      
00017eb5  __TI_printfi_minimal          
00018139  DrawCrosshair                 
00018371  drawForegroundSpriteToBuffer  
00018589  ST7735_DrawBitmap             
00018799  DrawHealthBar                 
0001898d  Clock_Init80MHz               
00018b41  ST7735_DrawChar               
00018ce9  __aeabi_dsub                  
00018ce9  __subdf3                      
00018cf3  __adddf3                      
00018cf3  __aeabi_dadd                  
00018e7b  __aeabi_idiv0                 
00018e7d  RenderSprites                 
00019009  sqrt                          
00019009  sqrtl                         
000192cd  getDirectionPacket            
00019421  floor                         
00019421  floorl                        
00019565  qsort                         
00019699  ADC_InitDual                  
000197bd  ST7735_FillRect               
000198d5  aligned_alloc                 
000198d5  memalign                      
000199e9  __aeabi_ddiv                  
000199e9  __divdf3                      
00019af5  drawCharToBuffer              
00019bf5  getInfoPacket                 
00019cf1  SPI_Init                      
00019de9  fputs                         
00019ee1  RenderForegroundSprites       
00019fd5  RenderSky                     
0001a0c9  ST7735_SetRotation            
0001a1bd  add_device                    
0001a2a9  free                          
0001a391  __aeabi_dmul                  
0001a391  __muldf3                      
0001a475  setvbuf                       
0001a555  ldexp                         
0001a555  ldexpl                        
0001a555  scalbn                        
0001a555  scalbnl                       
0001a62d  Inventory_add                 
0001a6fd  ST7735_OutChar                
0001a7cd  UART2_Init                    
0001a89d  TIMG12_IRQHandler             
0001a969  getPositionPacket             
0001aa29  main                          
0001aae9  printToBuffer                 
0001ab9d  DAC_Init                      
0001ac45  RenderInventory               
0001aced  TimerG6_IntArm                
0001ad95  TimerG7_IntArm                
0001ae3d  TimerG8_IntArm                
0001aee5  TimerG0_IntArm                
0001b02b  _nop                          
0001b02d  blitBufferToRenderBuffer      
0001b0cd  open                          
0001b16d  ST7735_InitPrintf             
0001b209  fputc                         
0001b2a5  ST7735_InitR                  
0001b33d  TimerG12_IntArm               
0001b3d1  FillMap                       
0001b461  clearRenderBuffer             
0001b575  Clock_Freq                    
0001b581  strcmp                        
0001b609  PrecalculateFloorGradient     
0001b68d  ST7735_DrawString             
0001b711  sendDirectionPacket           
0001b791  sendPositionPacket            
0001b811  LaunchPad_Init                
0001b88d  UART1_Init                    
0001b909  __TI_closefile                
0001b985  __TI_decompress_lzss          
0001ba01  DrawMinimap                   
0001ba79  Inventory_removeCurrent       
0001baed  TIMG7_IRQHandler              
0001bb61  __gedf2                       
0001bb61  __gtdf2                       
0001bbd5  RenderHUD                     
0001bc45  HOSTlseek                     
0001bcb1  HOSTrename                    
0001bd1d  UART2_IRQHandler              
0001bd89  fseeko                        
0001bdf5  getdevice                     
0001be61  __cmpdf2                      
0001be61  __eqdf2                       
0001be61  __ledf2                       
0001be61  __ltdf2                       
0001be61  __nedf2                       
0001bec9  ADC_InDual                    
0001bf2d  __TI_wrt_ok                   
0001bff5  __aeabi_dcmpeq                
0001c009  __aeabi_dcmplt                
0001c01d  __aeabi_dcmple                
0001c031  __aeabi_dcmpge                
0001c045  __aeabi_dcmpgt                
0001c059  HOSTopen                      
0001c0b9  TIMG8_IRQHandler              
0001c115  printf                        
0001c171  setPixelBuffer                
0001c1cd  HOSTread                      
0001c225  HOSTwrite                     
0001c27d  __aeabi_idiv                  
0001c27d  __aeabi_idivmod               
0001c2d3  compareSprites                
0001c329  __TI_doflush                  
0001c37d  close                         
0001c3cd  RxFifo_Get                    
0001c419  RxFifo_Put                    
0001c465  inInventory                   
0001c4b1  printAmmo                     
0001c4fd  __aeabi_d2iz                  
0001c4fd  __fixdfsi                     
0001c549  HOSTclose                     
0001c591  HOSTunlink                    
0001c5d9  SPI_OutCommand                
0001c621  Sound_Init                    
0001c669  TIMG0_IRQHandler              
0001c6b1  Input_Init                    
0001c6f5  SysTick_Handler               
0001c739  generateSprite                
0001c77d  RenderScene                   
0001c7bd  SPI_Reset                     
0001c7fd  TIMG6_IRQHandler              
0001c83d  __aeabi_uidiv                 
0001c83d  __aeabi_uidivmod              
0001c8bd  Sync_Init                     
0001c8f9  fastSin                       
0001c935  sendInfoPacket                
0001c971  __TI_auto_init_nobinit_nopinit
0001c9ad  __muldsi3                     
0001c9e9  ActivatePortA_B               
0001ca21  RenderBuffer                  
0001ca59  SPI_OutData                   
0001ca91  Sound_Start                   
0001cac9  rand                          
0001cb01  sprintf                       
0001cb39  start_delay                   
0001cb71  Clock_Delay1ms                
0001cba5  ST7735_SetCursor              
0001cbd9  ST7735_write                  
0001cc0d  __TI_cleanup                  
0001cc41  __TI_readmsg                  
0001cc75  __TI_writemsg                 
0001cca1  C$$IO$$                       
0001cca9  exit                          
0001ccdd  finddevice                    
0001cd11  freopen                       
0001cd45  printItem                     
0001cd79  SystemInit                    
0001cdd9  fastCos                       
0001ce09  fopen                         
0001ce39  ST7735_FillScreen             
0001ce65  __aeabi_i2d                   
0001ce65  __floatsidf                   
0001ce91  unlink                        
0001cebd  UART2_InChar                  
0001cf11  lseek                         
0001cf39  write                         
0001cf61  _c_int00_noargs               
0001cf89  Inventory_next                
0001cfad  Joy_Init                      
0001cfd1  __aeabi_ui2d                  
0001cfd1  __floatunsidf                 
0001cff5  memccpy                       
0001d019  Graphics_Init                 
0001d039  Item_isWeapon                 
0001d079  ADC0_IRQHandler               
0001d079  ADC1_IRQHandler               
0001d079  AES_IRQHandler                
0001d079  CANFD0_IRQHandler             
0001d079  DAC0_IRQHandler               
0001d079  DMA_IRQHandler                
0001d079  Default_Handler               
0001d079  GROUP0_IRQHandler             
0001d079  GROUP1_IRQHandler             
0001d079  I2C0_IRQHandler               
0001d079  I2C1_IRQHandler               
0001d079  NMI_Handler                   
0001d079  PendSV_Handler                
0001d079  RTC_IRQHandler                
0001d079  SPI0_IRQHandler               
0001d079  SPI1_IRQHandler               
0001d079  SVC_Handler                   
0001d079  TIMA0_IRQHandler              
0001d079  TIMA1_IRQHandler              
0001d079  UART0_IRQHandler              
0001d079  UART1_IRQHandler              
0001d079  UART3_IRQHandler              
0001d095  HardFault_Handler             
0001d0b1  Joy_In                        
0001d0e9  RxFifo_Size                   
0001d101  UART1_OutChar                 
0001d131  ST7735_open                   
0001d147  ST7735_read                   
0001d15d  DAC_Out                       
0001d171  RxFifo_Init                   
0001d185  Inventory_currentItem         
0001d197  Item_isSpent                  
0001d1a9  TI_memcpy_small               
0001d1bb  __TI_decompress_none          
0001d1cd  Clock_Delay                   
0001d1dd  Delay                         
0001d1ed  Joy_InButton                  
0001d1fd  ReadKeys                      
0001d20d  __TI_zero_init                
0001d22b  ST7735_lseek                  
0001d239  __aeabi_memset                
0001d239  __aeabi_memset4               
0001d239  __aeabi_memset8               
0001d271  TI_memset_small               
0001d27f  ST7735_rename                 
0001d28d  __aeabi_memclr                
0001d28d  __aeabi_memclr4               
0001d28d  __aeabi_memclr8               
0001d299  malloc                        
0001d2d5  ST7735_close                  
0001d2df  ST7735_unlink                 
0001d30d  __aeabi_errno_addr            
0001d315  __aeabi_memcpy                
0001d315  __aeabi_memcpy4               
0001d315  __aeabi_memcpy8               
0001d32d  fseek                         
0001d335  remove                        
0001d371  Reset_Handler                 
0001d375  _system_pre_init              
0001d378  C$$EXIT                       
0001d379  abort                         
0001d52c  __TI_Handler_Table_Base       
0001d538  __TI_Handler_Table_Limit      
0001d540  __TI_CINIT_Base               
0001d550  __TI_CINIT_Limit              
0001d550  __TI_CINIT_Warm               
20200000  __start___llvm_prf_bits       
20200000  __start___llvm_prf_cnts       
20200000  __stop___llvm_prf_bits        
20200000  __stop___llvm_prf_cnts        
20200000  renderBuffer                  
20205000  ZBuffer                       
20205500  miniMap                       
20205980  worldMap                      
20205bc0  _CIOBUF_                      
20205bc0  __CIOBUF_                     
20205ce0  __TI_tmpnams                  
20205d80  floorGradient                 
20205e40  parmbuf                       
20205e48  otherDirX                     
20205e50  otherDirY                     
20205e58  otherPosX                     
20205e60  otherPosY                     
20205e6c  Joy_x                         
20205e70  Joy_y                         
20205e74  Length                        
20205e78  LostData                      
20205e7c  RxGetI                        
20205e80  RxPutI                        
20205e84  SoundPt                       
20205e88  flag_done                     
20205e8c  ms_done                       
20205e90  ms_passed                     
20205e98  isShooting                    
20205e99  reloaded                      
20205ea0  Sprites                       
20206008  _ftable                       
202060f8  _device                       
20206170  ammo_small                    
202061d8  medkit                        
20206240  pistol                        
202062a8  shotgun                       
20206310  _stream                       
20206360  SoundEffects                  
20206388  gunFlash                      
202063b0  inventory                     
202063c4  items                         
202063d4  textures                      
202063e4  __TI_cleanup_ptr              
202063e8  __TI_dtors_ptr                
202063ec  BusFreq                       
202063f0  dirX                          
202063f8  dirY                          
20206400  planeX                        
20206408  planeY                        
20206410  posX                          
20206418  posY                          
20206424  StX                           
20206428  StY                           
2020642c  __TI_ft_end                   
20206430  __aeabi_errno                 
20206434  _lock                         
20206438  _unlock                       
20206440  numsprites                    
20206444  otherHealth                   
20206448  otherPlayer                   
2020644c  playerHealth                  
20206450  StTextColor                   
2020645a  healthCode                    
2020645b  isOnTarget                    
2020645d  itemsStatus                   
2020645e  lastInput                     
20206468  _sys_memory                   
20207e00  __stack                       
20208000  __STACK_END                   
ffffffff  __TI_pprof_out_hndl           
ffffffff  __TI_prof_data_size           
ffffffff  __TI_prof_data_start          
ffffffff  __binit__                     
ffffffff  binit                         
UNDEFED   __mpu_init                    
UNDEFED   _system_post_cinit            

[346 symbols]
