******************************************************************************
            TI ARM Clang Linker PC v4.0.1                      
******************************************************************************
>> Linked Mon Mar 31 13:26:19 2025

OUTPUT FILE NAME:   <TheM0+rix_Segfaulted.out>
ENTRY POINT SYMBOL: "_c_int00_noargs"  address: 0001cc49


MEMORY CONFIGURATION

         name            origin    length      used     unused   attr    fill
----------------------  --------  ---------  --------  --------  ----  --------
  FLASH                 00000000   00020000  0001d048  00002fb8  R  X
  SRAM                  20200000   00008000  00006521  00001adf  RW X
  BCR_CONFIG            41c00000   00000080  00000000  00000080  R   
  BSL_CONFIG            41c00100   00000080  00000000  00000080  R   


SEGMENT ALLOCATION MAP

run origin  load origin   length   init length attrs members
----------  ----------- ---------- ----------- ----- -------
00000000    00000000    00017ab8   00017ab8    r--
  00000000    00000000    000000c0   000000c0    r-- .intvecs
  000000c0    000000c0    000179f8   000179f8    r-- .rodata
00017ac0    00017ac0    00005590   00005590    r-x
  00017ac0    00017ac0    00005460   00005460    r-x .text
  0001cf20    0001cf20    00000130   00000130    r-- .cinit
20200000    20200000    00006328   00000000    rw-
  20200000    20200000    000059a0   00000000    rw- .bss
  202059a0    202059a0    00000781   00000000    rw- .data
  20206128    20206128    00000200   00000000    rw- .sysmem
20207e00    20207e00    00000200   00000000    rw-
  20207e00    20207e00    00000200   00000000    rw- .stack


SECTION ALLOCATION MAP

 output                                  attributes/
section   page    origin      length       input sections
--------  ----  ----------  ----------   ----------------
.intvecs   0    00000000    000000c0     
                  00000000    000000c0     startup_mspm0g3507_ticlang.o (.intvecs)

.text      0    00017ac0    00005460     
                  00017ac0    00000a48     libc.a : e_pow.c.obj (.text.pow)
                  00018508    00000524     Graphics.o (.text.CastRays)
                  00018a2c    0000049c     Input.o (.text.MovePlayer)
                  00018ec8    00000460     sprites.o (.text.RenderSprite)
                  00019328    00000284     libc.a : _printfi.c.obj (.text:__TI_printfi_minimal)
                  000195ac    00000224     Graphics.o (.text.DrawCrosshair)
                  000197d0    00000210     ST7735.o (.text.ST7735_DrawBitmap)
                  000199e0    0000020c     Buffer.o (.text.drawForegroundSpriteToBuffer)
                  00019bec    000001b4     Clock.o (.text.Clock_Init80MHz)
                  00019da0    00000192     libclang_rt.builtins.a : adddf3.S.obj (.text.adddf3_subdf3)
                  00019f32    00000002                            : aeabi_div0.c.obj (.text.__aeabi_idiv0)
                  00019f34    00000170     libc.a : e_sqrt.c.obj (.text.sqrt)
                  0001a0a4    00000144            : s_floor.c.obj (.text.floor)
                  0001a1e8    00000134            : qsort.c.obj (.text.qsort)
                  0001a31c    00000124     ADC.o (.text.ADC_InitDual)
                  0001a440    00000118     ST7735.o (.text.ST7735_FillRect)
                  0001a558    00000114     sprites.o (.text.RenderSprites)
                  0001a66c    00000114     libc.a : memory.c.obj (.text.aligned_alloc)
                  0001a780    0000010c     libclang_rt.builtins.a : divdf3.S.obj (.text.__divdf3)
                  0001a88c    00000100     Buffer.o (.text.drawCharToBuffer)
                  0001a98c    000000f8     Graphics.o (.text.DrawHealthBar)
                  0001aa84    000000f8     SPI.o (.text.SPI_Init)
                  0001ab7c    000000f8     libc.a : fputs.c.obj (.text.fputs)
                  0001ac74    000000f4     Graphics.o (.text.RenderSky)
                  0001ad68    000000f4     ST7735.o (.text.ST7735_SetRotation)
                  0001ae5c    000000e8     libc.a : memory.c.obj (.text.free)
                  0001af44    000000e4     libclang_rt.builtins.a : muldf3.S.obj (.text.__muldf3)
                  0001b028    000000e0     libc.a : setvbuf.c.obj (.text.setvbuf)
                  0001b108    000000d8            : s_scalbn.c.obj (.text.scalbn)
                  0001b1e0    000000cc     Input.o (.text.TIMG12_IRQHandler)
                  0001b2ac    000000b4     Buffer.o (.text.printToBuffer)
                  0001b360    000000a8     DAC.o (.text.DAC_Init)
                  0001b408    000000a2     ST7735.o (.text.commandList)
                  0001b4aa    00000002     libc.a : _lock.c.obj (.text._nop)
                  0001b4ac    000000a0     Buffer.o (.text.blitBufferToRenderBuffer)
                  0001b54c    0000009c     libc.a : fputc.c.obj (.text.fputc)
                  0001b5e8    00000098     ST7735.o (.text.ST7735_InitR)
                  0001b680    00000094     Timer.o (.text.TimerG12_IntArm)
                  0001b714    00000090     Graphics.o (.text.FillMap)
                  0001b7a4    00000090     Graphics.o (.text.main)
                  0001b834    0000008c     Buffer.o (.text.clearRenderBuffer)
                  0001b8c0    00000088     ST7735.o (.text.setAddrWindow)
                  0001b948    00000008     libc.a : aeabi_portable.c.obj (.text.__aeabi_errno_addr)
                  0001b950    00000088            : strcmp-armv6m.S.obj (.text:strcmp)
                  0001b9d8    00000084     Buffer.o (.text.PrecalculateFloorGradient)
                  0001ba5c    0000007c     LaunchPad.o (.text.LaunchPad_Init)
                  0001bad8    0000007c     libc.a : fclose.c.obj (.text.__TI_closefile)
                  0001bb54    0000007c            : copy_decompress_lzss.c.obj (.text:decompress:lzss)
                  0001bbd0    00000078     Graphics.o (.text.DrawMinimap)
                  0001bc48    00000074     libclang_rt.builtins.a : comparedf2.c.obj (.text.__gedf2)
                  0001bcbc    0000006c     libsysbm.a : hostlseek.c.obj (.text.HOSTlseek)
                  0001bd28    0000006c                : hostrename.c.obj (.text.HOSTrename)
                  0001bd94    0000006c     libc.a : fseek.c.obj (.text.fseeko)
                  0001be00    0000006c            : getdevice.c.obj (.text.getdevice)
                  0001be6c    00000068     libclang_rt.builtins.a : comparedf2.c.obj (.text.__ledf2)
                  0001bed4    00000064     ADC.o (.text.ADC_InDual)
                  0001bf38    00000064     libc.a : _io_perm.c.obj (.text.__TI_wrt_ok)
                  0001bf9c    00000064            : memory.c.obj (.text.split)
                  0001c000    00000062     libclang_rt.builtins.a : aeabi_dcmp.S.obj (.text.__aeabi_dcmp)
                  0001c062    00000002     --HOLE-- [fill = 0]
                  0001c064    00000060     libsysbm.a : hostopen.c.obj (.text.HOSTopen)
                  0001c0c4    0000005c     libc.a : printf.c.obj (.text.printf)
                  0001c120    0000005c     Buffer.o (.text.setPixelBuffer)
                  0001c17c    00000058     libsysbm.a : hostread.c.obj (.text.HOSTread)
                  0001c1d4    00000058                : hostwrite.c.obj (.text.HOSTwrite)
                  0001c22c    00000058     Graphics.o (.text.RenderHUD)
                  0001c284    00000056     libclang_rt.builtins.a : aeabi_idivmod.S.obj (.text.__aeabi_idivmod)
                  0001c2da    00000056     sprites.o (.text.compareSprites)
                  0001c330    00000054     sprites.o (.text.RenderForegroundSprites)
                  0001c384    00000052     libc.a : fflush.c.obj (.text.__TI_doflush)
                  0001c3d6    00000002     --HOLE-- [fill = 0]
                  0001c3d8    00000050     libsysbm.a : close.c.obj (.text.close)
                  0001c428    0000004c     sprites.o (.text.RenderInventory)
                  0001c474    0000004a     libclang_rt.builtins.a : fixdfsi.S.obj (.text.__fixdfsi)
                  0001c4be    00000002     --HOLE-- [fill = 0]
                  0001c4c0    00000048     libsysbm.a : hostclose.c.obj (.text.HOSTclose)
                  0001c508    00000048                : hostunlink.c.obj (.text.HOSTunlink)
                  0001c550    00000048     SPI.o (.text.SPI_OutCommand)
                  0001c598    00000048     Sounds.o (.text.Sound_Init)
                  0001c5e0    00000044     Input.o (.text.Input_Init)
                  0001c624    00000044     Sounds.o (.text.SysTick_Handler)
                  0001c668    00000040     SPI.o (.text.SPI_Reset)
                  0001c6a8    00000040     libclang_rt.builtins.a : aeabi_uidivmod.S.obj (.text.__aeabi_uidivmod)
                  0001c6e8    0000003c     Input.o (.text.fastSin)
                  0001c724    0000003c     Graphics.o (.text.printAmmo)
                  0001c760    0000003c     libc.a : autoinit.c.obj (.text:__TI_auto_init_nobinit_nopinit)
                  0001c79c    0000003a     libclang_rt.builtins.a : muldsi3.S.obj (.text.__muldsi3)
                  0001c7d6    00000002     --HOLE-- [fill = 0]
                  0001c7d8    00000038     LaunchPad.o (.text.ActivatePortA_B)
                  0001c810    00000038     Buffer.o (.text.RenderBuffer)
                  0001c848    00000038     SPI.o (.text.SPI_OutData)
                  0001c880    00000038     Sounds.o (.text.Sound_Start)
                  0001c8b8    00000038     libc.a : rand.c.obj (.text.rand)
                  0001c8f0    00000038            : sprintf.c.obj (.text.sprintf)
                  0001c928    00000034     Clock.o (.text.Clock_Delay1ms)
                  0001c95c    00000034     ST7735.o (.text.ST7735_SetCursor)
                  0001c990    00000034     libc.a : fopen.c.obj (.text.__TI_cleanup)
                  0001c9c4    00000034     libsysbm.a : trgmsg.c.obj (.text.__TI_readmsg)
                  0001c9f8    00000034                : trgmsg.c.obj (.text.__TI_writemsg)
                  0001ca2c    00000034     libc.a : exit.c.obj (.text.exit)
                  0001ca60    00000034            : getdevice.c.obj (.text.finddevice)
                  0001ca94    00000030     ST7735.o (.text.commonInit)
                  0001cac4    00000030     Input.o (.text.fastCos)
                  0001caf4    0000002c     ST7735.o (.text.ST7735_FillScreen)
                  0001cb20    0000002c     Graphics.o (.text.SystemInit)
                  0001cb4c    0000002c     libclang_rt.builtins.a : floatsidf.S.obj (.text.__floatsidf)
                  0001cb78    0000002c     libsysbm.a : unlink.c.obj (.text.unlink)
                  0001cba4    0000002a     Graphics.o (.text.RenderScene)
                  0001cbce    00000002     --HOLE-- [fill = 0]
                  0001cbd0    00000028     libc.a : memory.c.obj (.text.free_list_insert)
                  0001cbf8    00000028     libsysbm.a : lseek.c.obj (.text.lseek)
                  0001cc20    00000028                : write.c.obj (.text.write)
                  0001cc48    00000028     libc.a : boot_cortex_m.c.obj (.text:_c_int00_noargs)
                  0001cc70    00000024     Graphics.o (.text.Graphics_Init)
                  0001cc94    00000024     Joy.o (.text.Joy_Init)
                  0001ccb8    00000022     libc.a : memccpy.c.obj (.text.memccpy)
                  0001ccda    00000002     --HOLE-- [fill = 0]
                  0001ccdc    0000001c     startup_mspm0g3507_ticlang.o (.text.Default_Handler)
                  0001ccf8    0000001c     startup_mspm0g3507_ticlang.o (.text.HardFault_Handler)
                  0001cd14    0000001c     Joy.o (.text.Joy_In)
                  0001cd30    0000001c     libc.a : memory.c.obj (.text.free_list_remove)
                  0001cd4c    00000018            : sprintf.c.obj (.text._outs)
                  0001cd64    00000014     DAC.o (.text.DAC_Out)
                  0001cd78    00000012     libc.a : memcpy16.S.obj (.text:TI_memcpy_small)
                  0001cd8a    00000012            : copy_decompress_none.c.obj (.text:decompress:none)
                  0001cd9c    00000010     Clock.o (.text.Clock_Delay)
                  0001cdac    00000010     LaunchPad.o (.text.Delay)
                  0001cdbc    00000010     Input.o (.text.ReadKeys)
                  0001cdcc    00000010     libc.a : copy_zero_init.c.obj (.text:decompress:ZI)
                  0001cddc    0000000e            : memory.c.obj (.text.OUTLINED_FUNCTION_0)
                  0001cdea    00000002     --HOLE-- [fill = 0]
                  0001cdec    0000000e     libclang_rt.builtins.a : aeabi_memset.S.obj (.text.__aeabi_memset)
                  0001cdfa    0000000e     libsysbm.a : hostrename.c.obj (.text.strcpy)
                  0001ce08    0000000e     libc.a : _printfi.c.obj (.text.strlen)
                  0001ce16    0000000e     libsysbm.a : hostrename.c.obj (.text.strlen)
                  0001ce24    0000000e     libc.a : memset16.S.obj (.text:TI_memset_small)
                  0001ce32    00000002     --HOLE-- [fill = 0]
                  0001ce34    0000000c     Clock.o (.text.Clock_Freq)
                  0001ce40    0000000c     libclang_rt.builtins.a : aeabi_memset.S.obj (.text.__aeabi_memclr)
                  0001ce4c    0000000c     libc.a : memory.c.obj (.text.malloc)
                  0001ce58    0000000a            : e_pow.c.obj (.text.OUTLINED_FUNCTION_0)
                  0001ce62    00000002     --HOLE-- [fill = 0]
                  0001ce64    00000010     libclang_rt.builtins.a : muldf3.S.obj (.tramp.__aeabi_dmul.1)
                  0001ce74    0000000a     libc.a : e_pow.c.obj (.text.OUTLINED_FUNCTION_1)
                  0001ce7e    0000000a            : e_pow.c.obj (.text.OUTLINED_FUNCTION_6)
                  0001ce88    0000000a            : sprintf.c.obj (.text._outc)
                  0001ce92    00000008            : e_pow.c.obj (.text.OUTLINED_FUNCTION_2)
                  0001ce9a    00000002     --HOLE-- [fill = 0]
                  0001ce9c    00000010     libclang_rt.builtins.a : adddf3.S.obj (.tramp.__aeabi_dsub.1)
                  0001ceac    00000008                            : aeabi_memcpy.S.obj (.text.__aeabi_memcpy)
                  0001ceb4    00000008     libc.a : printf.c.obj (.text._outc)
                  0001cebc    00000008            : printf.c.obj (.text._outs)
                  0001cec4    00000008            : fseek.c.obj (.text.fseek)
                  0001cecc    00000008     libsysbm.a : remove.c.obj (.text.remove)
                  0001ced4    00000006     libc.a : e_pow.c.obj (.text.OUTLINED_FUNCTION_3)
                  0001ceda    00000002     --HOLE-- [fill = 0]
                  0001cedc    00000010     libclang_rt.builtins.a : adddf3.S.obj (.tramp.__aeabi_dadd.1)
                  0001ceec    00000006     libc.a : e_pow.c.obj (.text.OUTLINED_FUNCTION_4)
                  0001cef2    00000006            : e_pow.c.obj (.text.OUTLINED_FUNCTION_5)
                  0001cef8    00000004            : e_pow.c.obj (.text.OUTLINED_FUNCTION_10)
                  0001cefc    00000004            : e_pow.c.obj (.text.OUTLINED_FUNCTION_7)
                  0001cf00    00000004            : e_pow.c.obj (.text.OUTLINED_FUNCTION_8)
                  0001cf04    00000004            : e_pow.c.obj (.text.OUTLINED_FUNCTION_9)
                  0001cf08    00000004     startup_mspm0g3507_ticlang.o (.text.Reset_Handler)
                  0001cf0c    00000004     libc.a : pre_init.c.obj (.text._system_pre_init)
                  0001cf10    00000004            : exit.c.obj (.text:abort)
                  0001cf14    0000000c     --HOLE-- [fill = 0]

.cinit     0    0001cf20    00000130     
                  0001cf20    00000105     (.cinit..data.load) [load image, compression = lzss]
                  0001d025    00000003     --HOLE-- [fill = 0]
                  0001d028    0000000c     (__TI_handler_table)
                  0001d034    00000008     (.cinit..bss.load) [load image, compression = zero_init]
                  0001d03c    00000010     (__TI_cinit_table)
                  0001d04c    00000004     --HOLE-- [fill = 0]

.rodata    0    000000c0    000179f8     
                  000000c0    00004900     Sounds.o (.rodata.reload)
                  000049c0    00003753     Sounds.o (.rodata.shotgun)
                  00008113    00002ab4     Sounds.o (.rodata.pistol)
                  0000abc7    00000001     --HOLE-- [fill = 0]
                  0000abc8    00002000     Graphics.o (.rodata.SCBarkley)
                  0000cbc8    00002000     Graphics.o (.rodata.circuitBoardTex2)
                  0000ebc8    00002000     Graphics.o (.rodata.circuitBoardTex)
                  00010bc8    00002000     Graphics.o (.rodata.matrix2)
                  00012bc8    00002000     Graphics.o (.rodata.matrix)
                  00014bc8    0000095a     Sounds.o (.rodata.weapload)
                  00015522    0000094f     Sounds.o (.rodata.outofammo)
                  00015e71    00000001     --HOLE-- [fill = 0]
                  00015e72    00000800     sprites.o (.rodata.Pistol)
                  00016672    00000800     sprites.o (.rodata.target)
                  00016e72    000004fb     Buffer.o (.rodata.Font)
                  0001736d    00000240     Graphics.o (.rodata.OGMap)
                  000175ad    00000001     --HOLE-- [fill = 0]
                  000175ae    00000200     sprites.o (.rodata.Ammo)
                  000177ae    00000200     sprites.o (.rodata.pistolsprite)
                  000179ae    0000003b     ST7735.o (.rodata.Rcmd1)
                  000179e9    00000007     --HOLE-- [fill = 0]
                  000179f0    00000030     libc.a : e_pow.c.obj (.rodata.cst16)
                  00017a20    0000002b     ST7735.o (.rodata.Rcmd3)
                  00017a4b    00000014     Graphics.o (.rodata.str1.67127546031375070101)
                  00017a5f    00000011     libc.a : _printfi.c.obj (.rodata.str1.153638888446227384661)
                  00017a70    00000010     Graphics.o (.rodata.str1.37161536259113115651)
                  00017a80    0000000d     ST7735.o (.rodata.Rcmd2green)
                  00017a8d    0000000d     ST7735.o (.rodata.Rcmd2red)
                  00017a9a    0000000c     Graphics.o (.rodata.str1.2002389610935928081)
                  00017aa6    0000000c     Graphics.o (.rodata.str1.25158831670344200691)
                  00017ab2    00000006     --HOLE-- [fill = 0]

.init_array 
*          0    00000000    00000000     UNINITIALIZED

.binit     0    00000000    00000000     

.bss       0    20200000    000059a0     UNINITIALIZED
                  20200000    00005000     (.common:renderBuffer)
                  20205000    00000500     (.common:ZBuffer)
                  20205500    00000240     (.common:worldMap)
                  20205740    00000120     libsysbm.a : trgmsg.c.obj (.bss:_CIOBUF_)
                  20205860    000000a0     libc.a : defs.c.obj (.bss.__TI_tmpnams)
                  20205900    00000080     (.common:floorGradient)
                  20205980    00000008     libsysbm.a : hostopen.c.obj (.bss.parmbuf)
                  20205988    00000004     libc.a : memory.c.obj (.bss.sys_free)
                  2020598c    00000004     (.common:Joy_x)
                  20205990    00000004     (.common:Joy_y)
                  20205994    00000004     (.common:Length)
                  20205998    00000004     (.common:SoundPt)
                  2020599c    00000001     ST7735.o (.bss.ColStart)
                  2020599d    00000001     ST7735.o (.bss.Rotation)
                  2020599e    00000001     ST7735.o (.bss.RowStart)
                  2020599f    00000001     ST7735.o (.bss.TabColor)

.data      0    202059a0    00000781     UNINITIALIZED
                  202059a0    00000480     Graphics.o (.data.miniMap)
                  20205e20    000000f0     libc.a : defs.c.obj (.data._ftable)
                  20205f10    00000078     libsysbm.a : host_device.c.obj (.data._device)
                  20205f88    00000050     sprites.o (.data.Sprites)
                  20205fd8    00000050     libsysbm.a : host_device.c.obj (.data._stream)
                  20206028    00000028     Sounds.o (.data.SoundEffects)
                  20206050    00000028     sprites.o (.data.inventory)
                  20206078    00000028     sprites.o (.data.weapon)
                  202060a0    00000014     Graphics.o (.data.textures)
                  202060b4    00000008     libc.a : exit.c.obj (.data..L_MergedGlobals)
                  202060bc    00000004     Clock.o (.data.BusFreq)
                  202060c0    00000008     Graphics.o (.data.dirX)
                  202060c8    00000008     Graphics.o (.data.dirY)
                  202060d0    00000008     Graphics.o (.data.planeX)
                  202060d8    00000008     Graphics.o (.data.planeY)
                  202060e0    00000008     Graphics.o (.data.posX)
                  202060e8    00000008     Graphics.o (.data.posY)
                  202060f0    00000004     ST7735.o (.data.StX)
                  202060f4    00000004     ST7735.o (.data.StY)
                  202060f8    00000004     libc.a : defs.c.obj (.data.__TI_ft_end)
                  202060fc    00000004            : aeabi_portable.c.obj (.data.__aeabi_errno)
                  20206100    00000004            : _lock.c.obj (.data._lock)
                  20206104    00000004            : _lock.c.obj (.data._unlock)
                  20206108    00000004     Graphics.o (.data.lastHealth)
                  2020610c    00000004     libc.a : rand.c.obj (.data.next)
                  20206110    00000004     Graphics.o (.data.playerHealth)
                  20206114    00000002     ST7735.o (.data.StTextColor)
                  20206116    00000002     ST7735.o (.data._height)
                  20206118    00000002     ST7735.o (.data._width)
                  2020611a    00000001     Graphics.o (.data.accuracyRad)
                  2020611b    00000001     Graphics.o (.data.ammo)
                  2020611c    00000001     Graphics.o (.data.isOnTarget)
                  2020611d    00000001     Input.o (.data.lastInput)
                  2020611e    00000001     Graphics.o (.data.max_ammo)
                  2020611f    00000001     --HOLE--
                  20206120    00000001     libc.a : memory.c.obj (.data.memory_is_initialized)

.sysmem    0    20206128    00000200     UNINITIALIZED
                  20206128    00000010     libc.a : memory.c.obj (.sysmem)
                  20206138    000001f0     --HOLE--

.stack     0    20207e00    00000200     UNINITIALIZED
                  20207e00    00000004     libc.a : boot_cortex_m.c.obj (.stack)
                  20207e04    000001fc     --HOLE--

__llvm_prf_cnts 
*          0    20200000    00000000     UNINITIALIZED

__llvm_prf_bits 
*          0    20200000    00000000     UNINITIALIZED

MODULE SUMMARY

       Module                         code    ro data   rw data
       ------                         ----    -------   -------
    .\
       Sounds.o                       196     48560     48     
       Graphics.o                     3034    41596     3096   
       Buffer.o                       1540    1275      20608  
       sprites.o                      1642    5120      160    
       ST7735.o                       1646    128       18     
       Input.o                        1576    0         1      
       Clock.o                        516     0         4      
       SPI.o                          440     0         0      
       ADC.o                          392     0         0      
       LaunchPad.o                    196     0         0      
       DAC.o                          188     0         0      
       Timer.o                        148     0         0      
       Joy.o                          64      0         0      
    +--+------------------------------+-------+---------+---------+
       Total:                         11578   96679     23935  
                                                               
    .\ticlang\
       startup_mspm0g3507_ticlang.o   60      192       0      
    +--+------------------------------+-------+---------+---------+
       Total:                         60      192       0      
                                                               
    C:\ti\ccs2000\ccs\tools\compiler\ti-cgt-armllvm_4.0.1.LTS\lib\armv6m-ti-none-eabi/c/libc.a
       e_pow.c.obj                    2704    48        0      
       memory.c.obj                   702     0         5      
       _printfi.c.obj                 658     17        0      
       defs.c.obj                     0       0         404    
       e_sqrt.c.obj                   368     0         0      
       s_floor.c.obj                  324     0         0      
       qsort.c.obj                    308     0         0      
       fputs.c.obj                    248     0         0      
       setvbuf.c.obj                  224     0         0      
       s_scalbn.c.obj                 216     0         0      
       getdevice.c.obj                160     0         0      
       fputc.c.obj                    156     0         0      
       strcmp-armv6m.S.obj            136     0         0      
       copy_decompress_lzss.c.obj     124     0         0      
       fclose.c.obj                   124     0         0      
       fseek.c.obj                    116     0         0      
       printf.c.obj                   108     0         0      
       _io_perm.c.obj                 100     0         0      
       sprintf.c.obj                  90      0         0      
       fflush.c.obj                   82      0         0      
       exit.c.obj                     56      0         8      
       autoinit.c.obj                 60      0         0      
       rand.c.obj                     56      0         4      
       fopen.c.obj                    52      0         0      
       boot_cortex_m.c.obj            40      0         0      
       memccpy.c.obj                  34      0         0      
       copy_decompress_none.c.obj     18      0         0      
       memcpy16.S.obj                 18      0         0      
       copy_zero_init.c.obj           16      0         0      
       memset16.S.obj                 14      0         0      
       aeabi_portable.c.obj           8       0         4      
       _lock.c.obj                    2       0         8      
       pre_init.c.obj                 4       0         0      
    +--+------------------------------+-------+---------+---------+
       Total:                         7326    65        433    
                                                               
    C:\ti\ccs2000\ccs\tools\compiler\ti-cgt-armllvm_4.0.1.LTS\lib\armv6m-ti-none-eabi/c/libsysbm.a
       trgmsg.c.obj                   104     0         288    
       host_device.c.obj              0       0         200    
       hostrename.c.obj               136     0         0      
       hostlseek.c.obj                108     0         0      
       hostopen.c.obj                 96      0         8      
       hostread.c.obj                 88      0         0      
       hostwrite.c.obj                88      0         0      
       close.c.obj                    80      0         0      
       hostclose.c.obj                72      0         0      
       hostunlink.c.obj               72      0         0      
       unlink.c.obj                   44      0         0      
       lseek.c.obj                    40      0         0      
       write.c.obj                    40      0         0      
       remove.c.obj                   8       0         0      
    +--+------------------------------+-------+---------+---------+
       Total:                         976     0         496    
                                                               
    C:\ti\ccs2000\ccs\tools\compiler\ti-cgt-armllvm_4.0.1.LTS\lib\armv6m-ti-none-eabi/libclang_rt.builtins.a
       adddf3.S.obj                   434     0         0      
       divdf3.S.obj                   268     0         0      
       muldf3.S.obj                   244     0         0      
       comparedf2.c.obj               220     0         0      
       aeabi_dcmp.S.obj               98      0         0      
       aeabi_idivmod.S.obj            86      0         0      
       fixdfsi.S.obj                  74      0         0      
       aeabi_uidivmod.S.obj           64      0         0      
       muldsi3.S.obj                  58      0         0      
       floatsidf.S.obj                44      0         0      
       aeabi_memset.S.obj             26      0         0      
       aeabi_memcpy.S.obj             8       0         0      
       aeabi_div0.c.obj               2       0         0      
    +--+------------------------------+-------+---------+---------+
       Total:                         1626    0         0      
                                                               
       Heap:                          0       0         512    
       Stack:                         0       0         512    
       Linker Generated:              0       297       0      
    +--+------------------------------+-------+---------+---------+
       Grand Total:                   21566   97233     25888  


LINKER GENERATED COPY TABLES

__TI_cinit_table @ 0001d03c records: 2, size/record: 8, table size: 16
	.data: load addr=0001cf20, load size=00000105 bytes, run addr=202059a0, run size=00000781 bytes, compression=lzss
	.bss: load addr=0001d034, load size=00000008 bytes, run addr=20200000, run size=000059a0 bytes, compression=zero_init


LINKER GENERATED HANDLER TABLE

__TI_handler_table @ 0001d028 records: 3, size/record: 4, table size: 12
	index: 0, handler: __TI_decompress_lzss
	index: 1, handler: __TI_decompress_none
	index: 2, handler: __TI_zero_init


FAR CALL TRAMPOLINES

callee name               trampoline name
   callee addr  tramp addr   call addr  call info
--------------  -----------  ---------  ----------------
__aeabi_dmul              $Tramp$TT$L$PI$$__aeabi_dmul
   0001af45     0001ce64     0001ce60   libc.a : e_pow.c.obj (.text.OUTLINED_FUNCTION_0)
                             0001ce7c          : e_pow.c.obj (.text.OUTLINED_FUNCTION_1)
                             0001ce86          : e_pow.c.obj (.text.OUTLINED_FUNCTION_6)
                             0001cef0          : e_pow.c.obj (.text.OUTLINED_FUNCTION_4)
                             0001cef6          : e_pow.c.obj (.text.OUTLINED_FUNCTION_5)
                             0001cf02          : e_pow.c.obj (.text.OUTLINED_FUNCTION_8)
__aeabi_dsub              $Tramp$TT$L$PI$$__aeabi_dsub
   00019da1     0001ce9c     0001ce98   libc.a : e_pow.c.obj (.text.OUTLINED_FUNCTION_2)
__aeabi_dadd              $Tramp$TT$L$PI$$__aeabi_dadd
   00019dab     0001cedc     0001ced8   libc.a : e_pow.c.obj (.text.OUTLINED_FUNCTION_3)
                             0001cefa          : e_pow.c.obj (.text.OUTLINED_FUNCTION_10)
                             0001cefe          : e_pow.c.obj (.text.OUTLINED_FUNCTION_7)
                             0001cf06          : e_pow.c.obj (.text.OUTLINED_FUNCTION_9)

[3 trampolines]
[11 trampoline calls]


GLOBAL SYMBOLS: SORTED ALPHABETICALLY BY Name 

address   name                          
-------   ----                          
0001ccdd  ADC0_IRQHandler               
0001ccdd  ADC1_IRQHandler               
0001bed5  ADC_InDual                    
0001a31d  ADC_InitDual                  
0001ccdd  AES_IRQHandler                
0001c7d9  ActivatePortA_B               
000175ae  Ammo                          
202060bc  BusFreq                       
0001cf10  C$$EXIT                       
0001ca25  C$$IO$$                       
0001ccdd  CANFD0_IRQHandler             
00018509  CastRays                      
0001cd9d  Clock_Delay                   
0001c929  Clock_Delay1ms                
0001ce35  Clock_Freq                    
00019bed  Clock_Init80MHz               
0001ccdd  DAC0_IRQHandler               
0001b361  DAC_Init                      
0001cd65  DAC_Out                       
0001ccdd  DMA_IRQHandler                
0001ccdd  Default_Handler               
0001cdad  Delay                         
000195ad  DrawCrosshair                 
0001a98d  DrawHealthBar                 
0001bbd1  DrawMinimap                   
0001b715  FillMap                       
0001ccdd  GROUP0_IRQHandler             
0001ccdd  GROUP1_IRQHandler             
0001cc71  Graphics_Init                 
0001c4c1  HOSTclose                     
0001bcbd  HOSTlseek                     
0001c065  HOSTopen                      
0001c17d  HOSTread                      
0001bd29  HOSTrename                    
0001c509  HOSTunlink                    
0001c1d5  HOSTwrite                     
0001ccf9  HardFault_Handler             
0001ccdd  I2C0_IRQHandler               
0001ccdd  I2C1_IRQHandler               
0001c5e1  Input_Init                    
0001cd15  Joy_In                        
0001cc95  Joy_Init                      
2020598c  Joy_x                         
20205990  Joy_y                         
0001ba5d  LaunchPad_Init                
20205994  Length                        
00018a2d  MovePlayer                    
0001ccdd  NMI_Handler                   
0001736d  OGMap                         
0001ccdd  PendSV_Handler                
00015e72  Pistol                        
0001b9d9  PrecalculateFloorGradient     
0001ccdd  RTC_IRQHandler                
0001cdbd  ReadKeys                      
0001c811  RenderBuffer                  
0001c331  RenderForegroundSprites       
0001c22d  RenderHUD                     
0001c429  RenderInventory               
0001cba5  RenderScene                   
0001ac75  RenderSky                     
00018ec9  RenderSprite                  
0001a559  RenderSprites                 
0001cf09  Reset_Handler                 
0000abc8  SCBarkley                     
0001ccdd  SPI0_IRQHandler               
0001ccdd  SPI1_IRQHandler               
0001aa85  SPI_Init                      
0001c551  SPI_OutCommand                
0001c849  SPI_OutData                   
0001c669  SPI_Reset                     
000197d1  ST7735_DrawBitmap             
0001a441  ST7735_FillRect               
0001caf5  ST7735_FillScreen             
0001b5e9  ST7735_InitR                  
0001c95d  ST7735_SetCursor              
0001ad69  ST7735_SetRotation            
0001ccdd  SVC_Handler                   
20206028  SoundEffects                  
20205998  SoundPt                       
0001c599  Sound_Init                    
0001c881  Sound_Start                   
20205f88  Sprites                       
20206114  StTextColor                   
202060f0  StX                           
202060f4  StY                           
0001c625  SysTick_Handler               
0001cb21  SystemInit                    
0001ccdd  TIMA0_IRQHandler              
0001ccdd  TIMA1_IRQHandler              
0001ccdd  TIMG0_IRQHandler              
0001b1e1  TIMG12_IRQHandler             
0001ccdd  TIMG6_IRQHandler              
0001ccdd  TIMG7_IRQHandler              
0001ccdd  TIMG8_IRQHandler              
0001cd79  TI_memcpy_small               
0001ce25  TI_memset_small               
0001b681  TimerG12_IntArm               
0001ccdd  UART0_IRQHandler              
0001ccdd  UART1_IRQHandler              
0001ccdd  UART2_IRQHandler              
0001ccdd  UART3_IRQHandler              
20205000  ZBuffer                       
20205740  _CIOBUF_                      
20205740  __CIOBUF_                     
20208000  __STACK_END                   
00000200  __STACK_SIZE                  
00000200  __SYSMEM_SIZE                 
00000000  __TI_ATRegion0_region_sz      
00000000  __TI_ATRegion0_src_addr       
00000000  __TI_ATRegion0_trg_addr       
00000000  __TI_ATRegion1_region_sz      
00000000  __TI_ATRegion1_src_addr       
00000000  __TI_ATRegion1_trg_addr       
00000000  __TI_ATRegion2_region_sz      
00000000  __TI_ATRegion2_src_addr       
00000000  __TI_ATRegion2_trg_addr       
0001d03c  __TI_CINIT_Base               
0001d04c  __TI_CINIT_Limit              
0001d04c  __TI_CINIT_Warm               
0001d028  __TI_Handler_Table_Base       
0001d034  __TI_Handler_Table_Limit      
0001c761  __TI_auto_init_nobinit_nopinit
0001c991  __TI_cleanup                  
202060b4  __TI_cleanup_ptr              
0001bad9  __TI_closefile                
0001bb55  __TI_decompress_lzss          
0001cd8b  __TI_decompress_none          
0001c385  __TI_doflush                  
202060b8  __TI_dtors_ptr                
202060f8  __TI_ft_end                   
ffffffff  __TI_pprof_out_hndl           
00019329  __TI_printfi_minimal          
ffffffff  __TI_prof_data_size           
ffffffff  __TI_prof_data_start          
0001c9c5  __TI_readmsg                  
00000000  __TI_static_base__            
20205860  __TI_tmpnams                  
0001c9f9  __TI_writemsg                 
0001bf39  __TI_wrt_ok                   
0001cdcd  __TI_zero_init                
00019dab  __adddf3                      
0001c475  __aeabi_d2iz                  
00019dab  __aeabi_dadd                  
0001c001  __aeabi_dcmpeq                
0001c03d  __aeabi_dcmpge                
0001c051  __aeabi_dcmpgt                
0001c029  __aeabi_dcmple                
0001c015  __aeabi_dcmplt                
0001a781  __aeabi_ddiv                  
0001af45  __aeabi_dmul                  
00019da1  __aeabi_dsub                  
202060fc  __aeabi_errno                 
0001b949  __aeabi_errno_addr            
0001cb4d  __aeabi_i2d                   
0001c285  __aeabi_idiv                  
00019f33  __aeabi_idiv0                 
0001c285  __aeabi_idivmod               
0001ce41  __aeabi_memclr                
0001ce41  __aeabi_memclr4               
0001ce41  __aeabi_memclr8               
0001cead  __aeabi_memcpy                
0001cead  __aeabi_memcpy4               
0001cead  __aeabi_memcpy8               
0001cded  __aeabi_memset                
0001cded  __aeabi_memset4               
0001cded  __aeabi_memset8               
0001c6a9  __aeabi_uidiv                 
0001c6a9  __aeabi_uidivmod              
ffffffff  __binit__                     
0001be6d  __cmpdf2                      
0001a781  __divdf3                      
0001be6d  __eqdf2                       
0001c475  __fixdfsi                     
0001cb4d  __floatsidf                   
0001bc49  __gedf2                       
0001bc49  __gtdf2                       
0001be6d  __ledf2                       
0001be6d  __ltdf2                       
UNDEFED   __mpu_init                    
0001af45  __muldf3                      
0001c79d  __muldsi3                     
0001be6d  __nedf2                       
20207e00  __stack                       
20200000  __start___llvm_prf_bits       
20200000  __start___llvm_prf_cnts       
20200000  __stop___llvm_prf_bits        
20200000  __stop___llvm_prf_cnts        
00019da1  __subdf3                      
0001cc49  _c_int00_noargs               
20205f10  _device                       
20205e20  _ftable                       
20206100  _lock                         
0001b4ab  _nop                          
20205fd8  _stream                       
20206128  _sys_memory                   
UNDEFED   _system_post_cinit            
0001cf0d  _system_pre_init              
20206104  _unlock                       
0001cf11  abort                         
2020611a  accuracyRad                   
0001a66d  aligned_alloc                 
2020611b  ammo                          
ffffffff  binit                         
0001b4ad  blitBufferToRenderBuffer      
0000ebc8  circuitBoardTex               
0000cbc8  circuitBoardTex2              
0001b835  clearRenderBuffer             
0001c3d9  close                         
0001c2db  compareSprites                
202060c0  dirX                          
202060c8  dirY                          
0001a88d  drawCharToBuffer              
000199e1  drawForegroundSpriteToBuffer  
0001ca2d  exit                          
0001cac5  fastCos                       
0001c6e9  fastSin                       
0001ca61  finddevice                    
0001a0a5  floor                         
20205900  floorGradient                 
0001a0a5  floorl                        
0001b54d  fputc                         
0001ab7d  fputs                         
0001ae5d  free                          
0001cec5  fseek                         
0001bd95  fseeko                        
0001be01  getdevice                     
00000000  interruptVectors              
20206050  inventory                     
2020611c  isOnTarget                    
20206108  lastHealth                    
2020611d  lastInput                     
0001b109  ldexp                         
0001b109  ldexpl                        
0001cbf9  lseek                         
0001b7a5  main                          
0001ce4d  malloc                        
00012bc8  matrix                        
00010bc8  matrix2                       
2020611e  max_ammo                      
0001a66d  memalign                      
0001ccb9  memccpy                       
202059a0  miniMap                       
00015522  outofammo                     
20205980  parmbuf                       
00008113  pistol                        
000177ae  pistolsprite                  
202060d0  planeX                        
202060d8  planeY                        
20206110  playerHealth                  
202060e0  posX                          
202060e8  posY                          
00017ac1  pow                           
00017ac1  powl                          
0001c725  printAmmo                     
0001b2ad  printToBuffer                 
0001c0c5  printf                        
0001a1e9  qsort                         
0001c8b9  rand                          
000000c0  reload                        
0001cecd  remove                        
20200000  renderBuffer                  
0001b109  scalbn                        
0001b109  scalbnl                       
0001c121  setPixelBuffer                
0001b029  setvbuf                       
000049c0  shotgun                       
0001c8f1  sprintf                       
00019f35  sqrt                          
00019f35  sqrtl                         
0001b951  strcmp                        
00016672  target                        
202060a0  textures                      
0001cb79  unlink                        
00014bc8  weapload                      
20206078  weapon                        
20205500  worldMap                      
0001cc21  write                         


GLOBAL SYMBOLS: SORTED BY Symbol Address 

address   name                          
-------   ----                          
00000000  __TI_ATRegion0_region_sz      
00000000  __TI_ATRegion0_src_addr       
00000000  __TI_ATRegion0_trg_addr       
00000000  __TI_ATRegion1_region_sz      
00000000  __TI_ATRegion1_src_addr       
00000000  __TI_ATRegion1_trg_addr       
00000000  __TI_ATRegion2_region_sz      
00000000  __TI_ATRegion2_src_addr       
00000000  __TI_ATRegion2_trg_addr       
00000000  __TI_static_base__            
00000000  interruptVectors              
000000c0  reload                        
00000200  __STACK_SIZE                  
00000200  __SYSMEM_SIZE                 
000049c0  shotgun                       
00008113  pistol                        
0000abc8  SCBarkley                     
0000cbc8  circuitBoardTex2              
0000ebc8  circuitBoardTex               
00010bc8  matrix2                       
00012bc8  matrix                        
00014bc8  weapload                      
00015522  outofammo                     
00015e72  Pistol                        
00016672  target                        
0001736d  OGMap                         
000175ae  Ammo                          
000177ae  pistolsprite                  
00017ac1  pow                           
00017ac1  powl                          
00018509  CastRays                      
00018a2d  MovePlayer                    
00018ec9  RenderSprite                  
00019329  __TI_printfi_minimal          
000195ad  DrawCrosshair                 
000197d1  ST7735_DrawBitmap             
000199e1  drawForegroundSpriteToBuffer  
00019bed  Clock_Init80MHz               
00019da1  __aeabi_dsub                  
00019da1  __subdf3                      
00019dab  __adddf3                      
00019dab  __aeabi_dadd                  
00019f33  __aeabi_idiv0                 
00019f35  sqrt                          
00019f35  sqrtl                         
0001a0a5  floor                         
0001a0a5  floorl                        
0001a1e9  qsort                         
0001a31d  ADC_InitDual                  
0001a441  ST7735_FillRect               
0001a559  RenderSprites                 
0001a66d  aligned_alloc                 
0001a66d  memalign                      
0001a781  __aeabi_ddiv                  
0001a781  __divdf3                      
0001a88d  drawCharToBuffer              
0001a98d  DrawHealthBar                 
0001aa85  SPI_Init                      
0001ab7d  fputs                         
0001ac75  RenderSky                     
0001ad69  ST7735_SetRotation            
0001ae5d  free                          
0001af45  __aeabi_dmul                  
0001af45  __muldf3                      
0001b029  setvbuf                       
0001b109  ldexp                         
0001b109  ldexpl                        
0001b109  scalbn                        
0001b109  scalbnl                       
0001b1e1  TIMG12_IRQHandler             
0001b2ad  printToBuffer                 
0001b361  DAC_Init                      
0001b4ab  _nop                          
0001b4ad  blitBufferToRenderBuffer      
0001b54d  fputc                         
0001b5e9  ST7735_InitR                  
0001b681  TimerG12_IntArm               
0001b715  FillMap                       
0001b7a5  main                          
0001b835  clearRenderBuffer             
0001b949  __aeabi_errno_addr            
0001b951  strcmp                        
0001b9d9  PrecalculateFloorGradient     
0001ba5d  LaunchPad_Init                
0001bad9  __TI_closefile                
0001bb55  __TI_decompress_lzss          
0001bbd1  DrawMinimap                   
0001bc49  __gedf2                       
0001bc49  __gtdf2                       
0001bcbd  HOSTlseek                     
0001bd29  HOSTrename                    
0001bd95  fseeko                        
0001be01  getdevice                     
0001be6d  __cmpdf2                      
0001be6d  __eqdf2                       
0001be6d  __ledf2                       
0001be6d  __ltdf2                       
0001be6d  __nedf2                       
0001bed5  ADC_InDual                    
0001bf39  __TI_wrt_ok                   
0001c001  __aeabi_dcmpeq                
0001c015  __aeabi_dcmplt                
0001c029  __aeabi_dcmple                
0001c03d  __aeabi_dcmpge                
0001c051  __aeabi_dcmpgt                
0001c065  HOSTopen                      
0001c0c5  printf                        
0001c121  setPixelBuffer                
0001c17d  HOSTread                      
0001c1d5  HOSTwrite                     
0001c22d  RenderHUD                     
0001c285  __aeabi_idiv                  
0001c285  __aeabi_idivmod               
0001c2db  compareSprites                
0001c331  RenderForegroundSprites       
0001c385  __TI_doflush                  
0001c3d9  close                         
0001c429  RenderInventory               
0001c475  __aeabi_d2iz                  
0001c475  __fixdfsi                     
0001c4c1  HOSTclose                     
0001c509  HOSTunlink                    
0001c551  SPI_OutCommand                
0001c599  Sound_Init                    
0001c5e1  Input_Init                    
0001c625  SysTick_Handler               
0001c669  SPI_Reset                     
0001c6a9  __aeabi_uidiv                 
0001c6a9  __aeabi_uidivmod              
0001c6e9  fastSin                       
0001c725  printAmmo                     
0001c761  __TI_auto_init_nobinit_nopinit
0001c79d  __muldsi3                     
0001c7d9  ActivatePortA_B               
0001c811  RenderBuffer                  
0001c849  SPI_OutData                   
0001c881  Sound_Start                   
0001c8b9  rand                          
0001c8f1  sprintf                       
0001c929  Clock_Delay1ms                
0001c95d  ST7735_SetCursor              
0001c991  __TI_cleanup                  
0001c9c5  __TI_readmsg                  
0001c9f9  __TI_writemsg                 
0001ca25  C$$IO$$                       
0001ca2d  exit                          
0001ca61  finddevice                    
0001cac5  fastCos                       
0001caf5  ST7735_FillScreen             
0001cb21  SystemInit                    
0001cb4d  __aeabi_i2d                   
0001cb4d  __floatsidf                   
0001cb79  unlink                        
0001cba5  RenderScene                   
0001cbf9  lseek                         
0001cc21  write                         
0001cc49  _c_int00_noargs               
0001cc71  Graphics_Init                 
0001cc95  Joy_Init                      
0001ccb9  memccpy                       
0001ccdd  ADC0_IRQHandler               
0001ccdd  ADC1_IRQHandler               
0001ccdd  AES_IRQHandler                
0001ccdd  CANFD0_IRQHandler             
0001ccdd  DAC0_IRQHandler               
0001ccdd  DMA_IRQHandler                
0001ccdd  Default_Handler               
0001ccdd  GROUP0_IRQHandler             
0001ccdd  GROUP1_IRQHandler             
0001ccdd  I2C0_IRQHandler               
0001ccdd  I2C1_IRQHandler               
0001ccdd  NMI_Handler                   
0001ccdd  PendSV_Handler                
0001ccdd  RTC_IRQHandler                
0001ccdd  SPI0_IRQHandler               
0001ccdd  SPI1_IRQHandler               
0001ccdd  SVC_Handler                   
0001ccdd  TIMA0_IRQHandler              
0001ccdd  TIMA1_IRQHandler              
0001ccdd  TIMG0_IRQHandler              
0001ccdd  TIMG6_IRQHandler              
0001ccdd  TIMG7_IRQHandler              
0001ccdd  TIMG8_IRQHandler              
0001ccdd  UART0_IRQHandler              
0001ccdd  UART1_IRQHandler              
0001ccdd  UART2_IRQHandler              
0001ccdd  UART3_IRQHandler              
0001ccf9  HardFault_Handler             
0001cd15  Joy_In                        
0001cd65  DAC_Out                       
0001cd79  TI_memcpy_small               
0001cd8b  __TI_decompress_none          
0001cd9d  Clock_Delay                   
0001cdad  Delay                         
0001cdbd  ReadKeys                      
0001cdcd  __TI_zero_init                
0001cded  __aeabi_memset                
0001cded  __aeabi_memset4               
0001cded  __aeabi_memset8               
0001ce25  TI_memset_small               
0001ce35  Clock_Freq                    
0001ce41  __aeabi_memclr                
0001ce41  __aeabi_memclr4               
0001ce41  __aeabi_memclr8               
0001ce4d  malloc                        
0001cead  __aeabi_memcpy                
0001cead  __aeabi_memcpy4               
0001cead  __aeabi_memcpy8               
0001cec5  fseek                         
0001cecd  remove                        
0001cf09  Reset_Handler                 
0001cf0d  _system_pre_init              
0001cf10  C$$EXIT                       
0001cf11  abort                         
0001d028  __TI_Handler_Table_Base       
0001d034  __TI_Handler_Table_Limit      
0001d03c  __TI_CINIT_Base               
0001d04c  __TI_CINIT_Limit              
0001d04c  __TI_CINIT_Warm               
20200000  __start___llvm_prf_bits       
20200000  __start___llvm_prf_cnts       
20200000  __stop___llvm_prf_bits        
20200000  __stop___llvm_prf_cnts        
20200000  renderBuffer                  
20205000  ZBuffer                       
20205500  worldMap                      
20205740  _CIOBUF_                      
20205740  __CIOBUF_                     
20205860  __TI_tmpnams                  
20205900  floorGradient                 
20205980  parmbuf                       
2020598c  Joy_x                         
20205990  Joy_y                         
20205994  Length                        
20205998  SoundPt                       
202059a0  miniMap                       
20205e20  _ftable                       
20205f10  _device                       
20205f88  Sprites                       
20205fd8  _stream                       
20206028  SoundEffects                  
20206050  inventory                     
20206078  weapon                        
202060a0  textures                      
202060b4  __TI_cleanup_ptr              
202060b8  __TI_dtors_ptr                
202060bc  BusFreq                       
202060c0  dirX                          
202060c8  dirY                          
202060d0  planeX                        
202060d8  planeY                        
202060e0  posX                          
202060e8  posY                          
202060f0  StX                           
202060f4  StY                           
202060f8  __TI_ft_end                   
202060fc  __aeabi_errno                 
20206100  _lock                         
20206104  _unlock                       
20206108  lastHealth                    
20206110  playerHealth                  
20206114  StTextColor                   
2020611a  accuracyRad                   
2020611b  ammo                          
2020611c  isOnTarget                    
2020611d  lastInput                     
2020611e  max_ammo                      
20206128  _sys_memory                   
20207e00  __stack                       
20208000  __STACK_END                   
ffffffff  __TI_pprof_out_hndl           
ffffffff  __TI_prof_data_size           
ffffffff  __TI_prof_data_start          
ffffffff  __binit__                     
ffffffff  binit                         
UNDEFED   __mpu_init                    
UNDEFED   _system_post_cinit            

[277 symbols]
