******************************************************************************
            TI ARM Clang Linker PC v4.0.1                      
******************************************************************************
>> Linked Wed Apr  9 17:13:34 2025

OUTPUT FILE NAME:   <TheM0+rix_Segfaulted.out>
ENTRY POINT SYMBOL: "_c_int00_noargs"  address: 0001c509


MEMORY CONFIGURATION

         name            origin    length      used     unused   attr    fill
----------------------  --------  ---------  --------  --------  ----  --------
  FLASH                 00000000   00020000  0001cb10  000034f0  R  X
  SRAM                  20200000   00008000  0000683f  000017c1  RW X
  BCR_CONFIG            41c00000   00000080  00000000  00000080  R   
  BSL_CONFIG            41c00100   00000080  00000000  00000080  R   


SEGMENT ALLOCATION MAP

run origin  load origin   length   init length attrs members
----------  ----------- ---------- ----------- ----- -------
00000000    00000000    0001cb10   0001cb10    r-x
  00000000    00000000    000000c0   000000c0    r-- .intvecs
  000000c0    000000c0    00015a70   00015a70    r-- .rodata
  00015b30    00015b30    00006e10   00006e10    r-x .text
  0001c940    0001c940    000001d0   000001d0    r-- .cinit
20200000    20200000    00006648   00000000    rw-
  20200000    20200000    00005e7a   00000000    rw- .bss
  20205e80    20205e80    000005c5   00000000    rw- .data
  20206448    20206448    00000200   00000000    rw- .sysmem
20207e00    20207e00    00000200   00000000    rw-
  20207e00    20207e00    00000200   00000000    rw- .stack


SECTION ALLOCATION MAP

 output                                  attributes/
section   page    origin      length       input sections
--------  ----  ----------  ----------   ----------------
.intvecs   0    00000000    000000c0     
                  00000000    000000c0     startup_mspm0g3507_ticlang.o (.intvecs)

.text      0    00015b30    00006e10     
                  00015b30    00000a48     libc.a : e_pow.c.obj (.text.pow)
                  00016578    00000698     Input.o (.text.MovePlayer)
                  00016c10    0000058c     sprites.o (.text.RenderSprite)
                  0001719c    00000524     Graphics.o (.text.CastRays)
                  000176c0    00000284     libc.a : _printfi.c.obj (.text:__TI_printfi_minimal)
                  00017944    00000238     Graphics.o (.text.DrawCrosshair)
                  00017b7c    00000218     Buffer.o (.text.drawForegroundSpriteToBuffer)
                  00017d94    00000210     ST7735.o (.text.ST7735_DrawBitmap)
                  00017fa4    000001f4     Graphics.o (.text.DrawHealthBar)
                  00018198    000001b4     Clock.o (.text.Clock_Init80MHz)
                  0001834c    000001a8     ST7735.o (.text.ST7735_DrawChar)
                  000184f4    00000192     libclang_rt.builtins.a : adddf3.S.obj (.text.adddf3_subdf3)
                  00018686    00000002                            : aeabi_div0.c.obj (.text.__aeabi_idiv0)
                  00018688    0000018c     sprites.o (.text.RenderSprites)
                  00018814    00000170     libc.a : e_sqrt.c.obj (.text.sqrt)
                  00018984    00000154            : fopen.c.obj (.text._openfile)
                  00018ad8    00000144            : s_floor.c.obj (.text.floor)
                  00018c1c    00000134            : qsort.c.obj (.text.qsort)
                  00018d50    00000124     ADC.o (.text.ADC_InitDual)
                  00018e74    00000118     ST7735.o (.text.ST7735_FillRect)
                  00018f8c    00000114     libc.a : memory.c.obj (.text.aligned_alloc)
                  000190a0    0000010c     libclang_rt.builtins.a : divdf3.S.obj (.text.__divdf3)
                  000191ac    00000100     Buffer.o (.text.drawCharToBuffer)
                  000192ac    000000fc     Sync.o (.text.getInfoPacket)
                  000193a8    000000f8     SPI.o (.text.SPI_Init)
                  000194a0    000000f8     libc.a : fputs.c.obj (.text.fputs)
                  00019598    000000f4     sprites.o (.text.RenderForegroundSprites)
                  0001968c    000000f4     Graphics.o (.text.RenderSky)
                  00019780    000000f4     ST7735.o (.text.ST7735_SetRotation)
                  00019874    000000ec     libsysbm.a : add_device.c.obj (.text.add_device)
                  00019960    000000e8     libc.a : memory.c.obj (.text.free)
                  00019a48    000000e4     libclang_rt.builtins.a : muldf3.S.obj (.text.__muldf3)
                  00019b2c    000000e0     libc.a : setvbuf.c.obj (.text.setvbuf)
                  00019c0c    000000d8            : s_scalbn.c.obj (.text.scalbn)
                  00019ce4    000000d0     Inventory.o (.text.Inventory_add)
                  00019db4    000000d0     ST7735.o (.text.ST7735_OutChar)
                  00019e84    000000d0     UART2.o (.text.UART2_Init)
                  00019f54    000000cc     Input.o (.text.TIMG12_IRQHandler)
                  0001a020    000000c0     main.o (.text.main)
                  0001a0e0    000000b4     Buffer.o (.text.printToBuffer)
                  0001a194    000000a8     DAC.o (.text.DAC_Init)
                  0001a23c    000000a8     sprites.o (.text.RenderInventory)
                  0001a2e4    000000a8     Timer.o (.text.TimerA0_IntArm)
                  0001a38c    000000a8     Timer.o (.text.TimerG7_IntArm)
                  0001a434    000000a8     Timer.o (.text.TimerG8_IntArm)
                  0001a4dc    000000a4     Timer.o (.text.TimerG0_IntArm)
                  0001a580    000000a2     ST7735.o (.text.commandList)
                  0001a622    00000002     libc.a : _lock.c.obj (.text._nop)
                  0001a624    000000a0     Buffer.o (.text.blitBufferToRenderBuffer)
                  0001a6c4    000000a0     libsysbm.a : open.c.obj (.text.open)
                  0001a764    0000009c     ST7735.o (.text.ST7735_InitPrintf)
                  0001a800    0000009c     libc.a : fputc.c.obj (.text.fputc)
                  0001a89c    0000009c     Sync.o (.text.getPositionPacket)
                  0001a938    00000098     ST7735.o (.text.ST7735_InitR)
                  0001a9d0    00000094     Timer.o (.text.TimerG12_IntArm)
                  0001aa64    00000090     Graphics.o (.text.FillMap)
                  0001aaf4    0000008c     Buffer.o (.text.clearRenderBuffer)
                  0001ab80    00000088     ST7735.o (.text.setAddrWindow)
                  0001ac08    00000008     libc.a : aeabi_portable.c.obj (.text.__aeabi_errno_addr)
                  0001ac10    00000088            : strcmp-armv6m.S.obj (.text:strcmp)
                  0001ac98    00000084     Buffer.o (.text.PrecalculateFloorGradient)
                  0001ad1c    00000084     ST7735.o (.text.ST7735_DrawString)
                  0001ada0    00000080     Sync.o (.text.sendPositionPacket)
                  0001ae20    0000007c     LaunchPad.o (.text.LaunchPad_Init)
                  0001ae9c    0000007c     UART1.o (.text.UART1_Init)
                  0001af18    0000007c     libc.a : fclose.c.obj (.text.__TI_closefile)
                  0001af94    0000007c            : copy_decompress_lzss.c.obj (.text:decompress:lzss)
                  0001b010    00000078     Graphics.o (.text.DrawMinimap)
                  0001b088    00000074     Inventory.o (.text.Inventory_removeCurrent)
                  0001b0fc    00000074     libclang_rt.builtins.a : comparedf2.c.obj (.text.__gedf2)
                  0001b170    00000070     Graphics.o (.text.RenderHUD)
                  0001b1e0    0000006c     libsysbm.a : hostlseek.c.obj (.text.HOSTlseek)
                  0001b24c    0000006c                : hostrename.c.obj (.text.HOSTrename)
                  0001b2b8    0000006c     UART2.o (.text.UART2_IRQHandler)
                  0001b324    0000006c     libc.a : fseek.c.obj (.text.fseeko)
                  0001b390    0000006c            : getdevice.c.obj (.text.getdevice)
                  0001b3fc    00000068     libclang_rt.builtins.a : comparedf2.c.obj (.text.__ledf2)
                  0001b464    00000064     ADC.o (.text.ADC_InDual)
                  0001b4c8    00000064     libc.a : _io_perm.c.obj (.text.__TI_wrt_ok)
                  0001b52c    00000064            : memory.c.obj (.text.split)
                  0001b590    00000062     libclang_rt.builtins.a : aeabi_dcmp.S.obj (.text.__aeabi_dcmp)
                  0001b5f2    00000002     --HOLE-- [fill = 0]
                  0001b5f4    00000060     libsysbm.a : hostopen.c.obj (.text.HOSTopen)
                  0001b654    0000005c     libc.a : printf.c.obj (.text.printf)
                  0001b6b0    0000005c     Buffer.o (.text.setPixelBuffer)
                  0001b70c    00000058     libsysbm.a : hostread.c.obj (.text.HOSTread)
                  0001b764    00000058                : hostwrite.c.obj (.text.HOSTwrite)
                  0001b7bc    00000058     Sync.o (.text.TIMG7_IRQHandler)
                  0001b814    00000056     libclang_rt.builtins.a : aeabi_idivmod.S.obj (.text.__aeabi_idivmod)
                  0001b86a    00000056     sprites.o (.text.compareSprites)
                  0001b8c0    00000052     libc.a : fflush.c.obj (.text.__TI_doflush)
                  0001b912    00000002     --HOLE-- [fill = 0]
                  0001b914    00000050     libsysbm.a : close.c.obj (.text.close)
                  0001b964    0000004c     FIFO.o (.text.RxFifo_Get)
                  0001b9b0    0000004c     FIFO.o (.text.RxFifo_Put)
                  0001b9fc    0000004c     Sync.o (.text.TIMG8_IRQHandler)
                  0001ba48    0000004c     Inventory.o (.text.inInventory)
                  0001ba94    0000004c     Graphics.o (.text.printAmmo)
                  0001bae0    0000004a     libclang_rt.builtins.a : fixdfsi.S.obj (.text.__fixdfsi)
                  0001bb2a    00000002     --HOLE-- [fill = 0]
                  0001bb2c    00000048     libsysbm.a : hostclose.c.obj (.text.HOSTclose)
                  0001bb74    00000048                : hostunlink.c.obj (.text.HOSTunlink)
                  0001bbbc    00000048     SPI.o (.text.SPI_OutCommand)
                  0001bc04    00000048     Sounds.o (.text.Sound_Init)
                  0001bc4c    00000048     Async_Delay.o (.text.TIMG0_IRQHandler)
                  0001bc94    00000044     Input.o (.text.Input_Init)
                  0001bcd8    00000044     Sounds.o (.text.SysTick_Handler)
                  0001bd1c    00000044     sprites.o (.text.generateSprite)
                  0001bd60    00000040     Graphics.o (.text.RenderScene)
                  0001bda0    00000040     SPI.o (.text.SPI_Reset)
                  0001bde0    00000040     Sync.o (.text.Sync_Init)
                  0001be20    00000040     libclang_rt.builtins.a : aeabi_uidivmod.S.obj (.text.__aeabi_uidivmod)
                  0001be60    00000040     libc.a : fopen.c.obj (.text._search_fp)
                  0001bea0    0000003c     Input.o (.text.fastSin)
                  0001bedc    0000003c     Sync.o (.text.sendInfoPacket)
                  0001bf18    0000003c     libc.a : autoinit.c.obj (.text:__TI_auto_init_nobinit_nopinit)
                  0001bf54    0000003a     libclang_rt.builtins.a : muldsi3.S.obj (.text.__muldsi3)
                  0001bf8e    00000002     --HOLE-- [fill = 0]
                  0001bf90    00000038     LaunchPad.o (.text.ActivatePortA_B)
                  0001bfc8    00000038     Buffer.o (.text.RenderBuffer)
                  0001c000    00000038     SPI.o (.text.SPI_OutData)
                  0001c038    00000038     Sounds.o (.text.Sound_Start)
                  0001c070    00000038     libc.a : rand.c.obj (.text.rand)
                  0001c0a8    00000038            : sprintf.c.obj (.text.sprintf)
                  0001c0e0    00000038     Async_Delay.o (.text.start_delay)
                  0001c118    00000034     Clock.o (.text.Clock_Delay1ms)
                  0001c14c    00000034     ST7735.o (.text.ST7735_SetCursor)
                  0001c180    00000034     ST7735.o (.text.ST7735_write)
                  0001c1b4    00000034     libc.a : fopen.c.obj (.text.__TI_cleanup)
                  0001c1e8    00000034     libsysbm.a : trgmsg.c.obj (.text.__TI_readmsg)
                  0001c21c    00000034                : trgmsg.c.obj (.text.__TI_writemsg)
                  0001c250    00000034     libc.a : exit.c.obj (.text.exit)
                  0001c284    00000034            : getdevice.c.obj (.text.finddevice)
                  0001c2b8    00000034            : fopen.c.obj (.text.freopen)
                  0001c2ec    00000034     Graphics.o (.text.printItem)
                  0001c320    00000030     main.o (.text.SystemInit)
                  0001c350    00000030     ST7735.o (.text.commonInit)
                  0001c380    00000030     Input.o (.text.fastCos)
                  0001c3b0    00000030     libc.a : fopen.c.obj (.text.fopen)
                  0001c3e0    0000002c     ST7735.o (.text.ST7735_FillScreen)
                  0001c40c    0000002c     libclang_rt.builtins.a : floatsidf.S.obj (.text.__floatsidf)
                  0001c438    0000002c     libsysbm.a : unlink.c.obj (.text.unlink)
                  0001c464    0000002a     UART2.o (.text.UART2_InChar)
                  0001c48e    00000002     --HOLE-- [fill = 0]
                  0001c490    00000028     libc.a : memory.c.obj (.text.free_list_insert)
                  0001c4b8    00000028     libsysbm.a : lseek.c.obj (.text.lseek)
                  0001c4e0    00000028                : write.c.obj (.text.write)
                  0001c508    00000028     libc.a : boot_cortex_m.c.obj (.text:_c_int00_noargs)
                  0001c530    00000024     Inventory.o (.text.Inventory_next)
                  0001c554    00000024     Joy.o (.text.Joy_Init)
                  0001c578    00000024     libclang_rt.builtins.a : floatunsidf.S.obj (.text.__floatunsidf)
                  0001c59c    00000022     libc.a : memccpy.c.obj (.text.memccpy)
                  0001c5be    00000002     --HOLE-- [fill = 0]
                  0001c5c0    00000020     Graphics.o (.text.Graphics_Init)
                  0001c5e0    00000020     Inventory.o (.text.Item_isWeapon)
                  0001c600    0000001e     ST7735.o (.text.pushColor)
                  0001c61e    00000002     --HOLE-- [fill = 0]
                  0001c620    0000001c     startup_mspm0g3507_ticlang.o (.text.Default_Handler)
                  0001c63c    0000001c     startup_mspm0g3507_ticlang.o (.text.HardFault_Handler)
                  0001c658    0000001c     Joy.o (.text.Joy_In)
                  0001c674    0000001c     libc.a : memory.c.obj (.text.free_list_remove)
                  0001c690    00000018     FIFO.o (.text.RxFifo_Size)
                  0001c6a8    00000018     Sync.o (.text.TIMA0_IRQHandler)
                  0001c6c0    00000018     UART1.o (.text.UART1_OutChar)
                  0001c6d8    00000018     libc.a : sprintf.c.obj (.text._outs)
                  0001c6f0    00000016     ST7735.o (.text.ST7735_open)
                  0001c706    00000016     ST7735.o (.text.ST7735_read)
                  0001c71c    00000014     DAC.o (.text.DAC_Out)
                  0001c730    00000014     FIFO.o (.text.RxFifo_Init)
                  0001c744    00000012     Inventory.o (.text.Inventory_currentItem)
                  0001c756    00000012     Inventory.o (.text.Item_isSpent)
                  0001c768    00000012     libc.a : memcpy16.S.obj (.text:TI_memcpy_small)
                  0001c77a    00000012            : copy_decompress_none.c.obj (.text:decompress:none)
                  0001c78c    00000010     Clock.o (.text.Clock_Delay)
                  0001c79c    00000010     LaunchPad.o (.text.Delay)
                  0001c7ac    00000010     Joy.o (.text.Joy_InButton)
                  0001c7bc    00000010     Input.o (.text.ReadKeys)
                  0001c7cc    00000010     libc.a : copy_zero_init.c.obj (.text:decompress:ZI)
                  0001c7dc    0000000e            : memory.c.obj (.text.OUTLINED_FUNCTION_0)
                  0001c7ea    0000000e     ST7735.o (.text.ST7735_lseek)
                  0001c7f8    0000000e     libclang_rt.builtins.a : aeabi_memset.S.obj (.text.__aeabi_memset)
                  0001c806    0000000e     libsysbm.a : hostrename.c.obj (.text.strcpy)
                  0001c814    0000000e     libc.a : _printfi.c.obj (.text.strlen)
                  0001c822    0000000e     libsysbm.a : hostrename.c.obj (.text.strlen)
                  0001c830    0000000e     libc.a : memset16.S.obj (.text:TI_memset_small)
                  0001c83e    00000002     --HOLE-- [fill = 0]
                  0001c840    0000000c     Clock.o (.text.Clock_Freq)
                  0001c84c    0000000c     ST7735.o (.text.ST7735_rename)
                  0001c858    0000000c     libclang_rt.builtins.a : aeabi_memset.S.obj (.text.__aeabi_memclr)
                  0001c864    0000000c     libc.a : memory.c.obj (.text.malloc)
                  0001c870    0000000a            : e_pow.c.obj (.text.OUTLINED_FUNCTION_0)
                  0001c87a    00000002     --HOLE-- [fill = 0]
                  0001c87c    00000010     libclang_rt.builtins.a : muldf3.S.obj (.tramp.__aeabi_dmul.1)
                  0001c88c    0000000a     libc.a : e_pow.c.obj (.text.OUTLINED_FUNCTION_1)
                  0001c896    0000000a            : e_pow.c.obj (.text.OUTLINED_FUNCTION_6)
                  0001c8a0    0000000a     ST7735.o (.text.ST7735_close)
                  0001c8aa    0000000a     ST7735.o (.text.ST7735_unlink)
                  0001c8b4    0000000a     libc.a : sprintf.c.obj (.text._outc)
                  0001c8be    00000008            : e_pow.c.obj (.text.OUTLINED_FUNCTION_2)
                  0001c8c6    00000002     --HOLE-- [fill = 0]
                  0001c8c8    00000010     libclang_rt.builtins.a : adddf3.S.obj (.tramp.__aeabi_dsub.1)
                  0001c8d8    00000008                            : aeabi_memcpy.S.obj (.text.__aeabi_memcpy)
                  0001c8e0    00000008     libc.a : printf.c.obj (.text._outc)
                  0001c8e8    00000008            : printf.c.obj (.text._outs)
                  0001c8f0    00000008            : fseek.c.obj (.text.fseek)
                  0001c8f8    00000008     libsysbm.a : remove.c.obj (.text.remove)
                  0001c900    00000006     libc.a : e_pow.c.obj (.text.OUTLINED_FUNCTION_3)
                  0001c906    00000002     --HOLE-- [fill = 0]
                  0001c908    00000010     libclang_rt.builtins.a : adddf3.S.obj (.tramp.__aeabi_dadd.1)
                  0001c918    00000006     libc.a : e_pow.c.obj (.text.OUTLINED_FUNCTION_4)
                  0001c91e    00000006            : e_pow.c.obj (.text.OUTLINED_FUNCTION_5)
                  0001c924    00000004            : e_pow.c.obj (.text.OUTLINED_FUNCTION_10)
                  0001c928    00000004            : e_pow.c.obj (.text.OUTLINED_FUNCTION_7)
                  0001c92c    00000004            : e_pow.c.obj (.text.OUTLINED_FUNCTION_8)
                  0001c930    00000004            : e_pow.c.obj (.text.OUTLINED_FUNCTION_9)
                  0001c934    00000004     startup_mspm0g3507_ticlang.o (.text.Reset_Handler)
                  0001c938    00000004     libc.a : pre_init.c.obj (.text._system_pre_init)
                  0001c93c    00000004            : exit.c.obj (.text:abort)

.cinit     0    0001c940    000001d0     
                  0001c940    000001a8     (.cinit..data.load) [load image, compression = lzss]
                  0001cae8    0000000c     (__TI_handler_table)
                  0001caf4    00000008     (.cinit..bss.load) [load image, compression = zero_init]
                  0001cafc    00000010     (__TI_cinit_table)
                  0001cb0c    00000004     --HOLE-- [fill = 0]

.rodata    0    000000c0    00015a70     
                  000000c0    00004900     Sounds.o (.rodata.reloadSound)
                  000049c0    00002ab4     Sounds.o (.rodata.pistolSound)
                  00007474    00002000     Graphics.o (.rodata.SCBarkley)
                  00009474    00002000     Graphics.o (.rodata.circuitBoardTex2)
                  0000b474    00002000     Graphics.o (.rodata.circuitBoardTex)
                  0000d474    00002000     Graphics.o (.rodata.matrix2)
                  0000f474    00001e78     Sounds.o (.rodata.shotgunSound)
                  000112ec    0000095a     Sounds.o (.rodata.weaploadSound)
                  00011c46    0000094f     Sounds.o (.rodata.outofammoSound)
                  00012595    00000001     main.o (.rodata.str1.164552152177587026401)
                  00012596    00000800     main.o (.rodata.ExplosionImage)
                  00012d96    00000800     main.o (.rodata.PistolImage)
                  00013596    00000800     main.o (.rodata.ShotgunImage)
                  00013d96    00000800     main.o (.rodata.agent)
                  00014596    000004fb     Buffer.o (.rodata.Font)
                  00014a91    000004fb     ST7735.o (.rodata.Font)
                  00014f8c    00000240     Graphics.o (.rodata.OGMap)
                  000151cc    00000200     main.o (.rodata.Ammosprite)
                  000153cc    00000200     main.o (.rodata.Medkitsprite)
                  000155cc    00000200     main.o (.rodata.Shotgunsprite)
                  000157cc    00000200     main.o (.rodata.pistolsprite)
                  000159cc    0000003b     ST7735.o (.rodata.Rcmd1)
                  00015a07    00000001     --HOLE-- [fill = 0]
                  00015a08    00000030     libc.a : e_pow.c.obj (.rodata.cst16)
                  00015a38    0000002b     ST7735.o (.rodata.Rcmd3)
                  00015a63    00000016     ST7735.o (.rodata.str1.180840905664508391481)
                  00015a79    00000014     main.o (.rodata.str1.157592557656998809351)
                  00015a8d    00000011     libc.a : _printfi.c.obj (.rodata.str1.153638888446227384661)
                  00015a9e    00000011     main.o (.rodata.str1.54842681482495761191)
                  00015aaf    00000010     main.o (.rodata.str1.182731374899196392841)
                  00015abf    0000000d     ST7735.o (.rodata.Rcmd2green)
                  00015acc    0000000d     ST7735.o (.rodata.Rcmd2red)
                  00015ad9    0000000c     main.o (.rodata.str1.30235616187663446621)
                  00015ae5    0000000c     Graphics.o (.rodata.str1.37161536259113115651)
                  00015af1    00000008     main.o (.rodata.str1.128962870563899395191)
                  00015af9    00000008     ST7735.o (.rodata.str1.42106280550816602831)
                  00015b01    00000007     ST7735.o (.rodata.str1.124659516132232304751)
                  00015b08    00000007     main.o (.rodata.str1.181369900268917052751)
                  00015b0f    00000007     main.o (.rodata.str1.58265674741439123291)
                  00015b16    00000007     ST7735.o (.rodata.str1.97082724960320730491)
                  00015b1d    00000006     Graphics.o (.rodata.str1.2002389610935928081)
                  00015b23    00000004     Graphics.o (.rodata.str1.25158831670344200691)
                  00015b27    00000002     ST7735.o (.rodata.str1.147171064836689809571)
                  00015b29    00000007     --HOLE-- [fill = 0]

.init_array 
*          0    00000000    00000000     UNINITIALIZED

.binit     0    00000000    00000000     

.bss       0    20200000    00005e7a     UNINITIALIZED
                  20200000    00005000     (.common:renderBuffer)
                  20205000    00000500     (.common:ZBuffer)
                  20205500    00000480     (.common:miniMap)
                  20205980    00000240     (.common:worldMap)
                  20205bc0    00000120     libsysbm.a : trgmsg.c.obj (.bss:_CIOBUF_)
                  20205ce0    000000a0     libc.a : defs.c.obj (.bss.__TI_tmpnams)
                  20205d80    00000080     (.common:floorGradient)
                  20205e00    00000040     (.common:RxFifo)
                  20205e40    00000008     libsysbm.a : hostopen.c.obj (.bss.parmbuf)
                  20205e48    00000004     libc.a : memory.c.obj (.bss.sys_free)
                  20205e4c    00000004     (.common:Joy_x)
                  20205e50    00000004     (.common:Joy_y)
                  20205e54    00000004     (.common:Length)
                  20205e58    00000004     (.common:LostData)
                  20205e5c    00000004     (.common:RxGetI)
                  20205e60    00000004     (.common:RxPutI)
                  20205e64    00000004     (.common:SoundPt)
                  20205e68    00000004     (.common:flag_done)
                  20205e6c    00000004     (.common:ms_done)
                  20205e70    00000004     (.common:ms_passed)
                  20205e74    00000001     ST7735.o (.bss.ColStart)
                  20205e75    00000001     ST7735.o (.bss.Rotation)
                  20205e76    00000001     ST7735.o (.bss.RowStart)
                  20205e77    00000001     ST7735.o (.bss.TabColor)
                  20205e78    00000001     (.common:isShooting)
                  20205e79    00000001     (.common:reloaded)

.data      0    20205e80    000005c5     UNINITIALIZED
                  20205e80    00000168     main.o (.data.Sprites)
                  20205fe8    000000f0     libc.a : defs.c.obj (.data._ftable)
                  202060d8    00000078     libsysbm.a : host_device.c.obj (.data._device)
                  20206150    00000068     main.o (.data.ammo_small)
                  202061b8    00000068     main.o (.data.medkit)
                  20206220    00000068     main.o (.data.pistol)
                  20206288    00000068     main.o (.data.shotgun)
                  202062f0    00000050     libsysbm.a : host_device.c.obj (.data._stream)
                  20206340    00000028     Sounds.o (.data.SoundEffects)
                  20206368    00000028     main.o (.data.gunFlash)
                  20206390    00000014     main.o (.data.inventory)
                  202063a4    00000010     main.o (.data.items)
                  202063b4    00000010     Graphics.o (.data.textures)
                  202063c4    00000008     libc.a : exit.c.obj (.data..L_MergedGlobals)
                  202063cc    00000004     Clock.o (.data.BusFreq)
                  202063d0    00000008     main.o (.data.dirX)
                  202063d8    00000008     main.o (.data.dirY)
                  202063e0    00000008     main.o (.data.planeX)
                  202063e8    00000008     main.o (.data.planeY)
                  202063f0    00000008     main.o (.data.posX)
                  202063f8    00000008     main.o (.data.posY)
                  20206400    00000004     Graphics.o (.data.RenderScene.side)
                  20206404    00000004     ST7735.o (.data.StX)
                  20206408    00000004     ST7735.o (.data.StY)
                  2020640c    00000004     libc.a : defs.c.obj (.data.__TI_ft_end)
                  20206410    00000004            : aeabi_portable.c.obj (.data.__aeabi_errno)
                  20206414    00000004            : _lock.c.obj (.data._lock)
                  20206418    00000004            : _lock.c.obj (.data._unlock)
                  2020641c    00000004            : rand.c.obj (.data.next)
                  20206420    00000004     main.o (.data.numsprites)
                  20206424    00000004     main.o (.data.otherHealth)
                  20206428    00000004     Sync.o (.data.otherPlayer)
                  2020642c    00000004     main.o (.data.playerHealth)
                  20206430    00000002     ST7735.o (.data.StTextColor)
                  20206432    00000002     ST7735.o (.data._height)
                  20206434    00000002     ST7735.o (.data._width)
                  20206436    00000001     sprites.o (.data.RenderForegroundSprites.sidesDrawn)
                  20206437    00000001     Sync.o (.data.TIMG7_IRQHandler.packetIndex)
                  20206438    00000001     Sync.o (.data.TIMG8_IRQHandler.packetIndex)
                  20206439    00000001     main.o (.data.healthCode)
                  2020643a    00000001     main.o (.data.isOnTarget)
                  2020643b    00000001     Sync.o (.data.itemsStatus)
                  2020643c    00000001     libsysbm.a : add_device.c.obj (.data.add_device.device_init)
                  2020643d    00000001     Input.o (.data.lastInput)
                  2020643e    00000002     --HOLE--
                  20206440    00000001     libc.a : memory.c.obj (.data.memory_is_initialized)
                  20206441    00000003     --HOLE--
                  20206444    00000001     libsysbm.a : open.c.obj (.data.open.stream_init)

.sysmem    0    20206448    00000200     UNINITIALIZED
                  20206448    00000010     libc.a : memory.c.obj (.sysmem)
                  20206458    000001f0     --HOLE--

.stack     0    20207e00    00000200     UNINITIALIZED
                  20207e00    00000004     libc.a : boot_cortex_m.c.obj (.stack)
                  20207e04    000001fc     --HOLE--

__llvm_prf_cnts 
*          0    20200000    00000000     UNINITIALIZED

__llvm_prf_bits 
*          0    20200000    00000000     UNINITIALIZED

MODULE SUMMARY

       Module                         code    ro data   rw data
       ------                         ----    -------   -------
    .\
       Sounds.o                       196     42197     48     
       Graphics.o                     3228    33366     3036   
       Buffer.o                       1552    1275      20608  
       main.o                         240     10328     914    
       ST7735.o                       2738    1449      18     
       sprites.o                      2382    0         1      
       Input.o                        2084    0         3      
       Sync.o                         848     0         7      
       Timer.o                        816     0         0      
       Clock.o                        516     0         4      
       Inventory.o                    504     0         0      
       SPI.o                          440     0         0      
       ADC.o                          392     0         0      
       UART2.o                        358     0         4      
       FIFO.o                         196     0         72     
       LaunchPad.o                    196     0         0      
       DAC.o                          188     0         0      
       UART1.o                        148     0         0      
       Async_Delay.o                  128     0         12     
       Joy.o                          80      0         0      
    +--+------------------------------+-------+---------+---------+
       Total:                         17230   88615     24727  
                                                               
    .\ticlang\
       startup_mspm0g3507_ticlang.o   60      192       0      
    +--+------------------------------+-------+---------+---------+
       Total:                         60      192       0      
                                                               
    C:\ti\ccs2000\ccs\tools\compiler\ti-cgt-armllvm_4.0.1.LTS\lib\armv6m-ti-none-eabi/c/libc.a
       e_pow.c.obj                    2704    48        0      
       memory.c.obj                   702     0         5      
       _printfi.c.obj                 658     17        0      
       fopen.c.obj                    556     0         0      
       defs.c.obj                     0       0         404    
       e_sqrt.c.obj                   368     0         0      
       s_floor.c.obj                  324     0         0      
       qsort.c.obj                    308     0         0      
       fputs.c.obj                    248     0         0      
       setvbuf.c.obj                  224     0         0      
       s_scalbn.c.obj                 216     0         0      
       getdevice.c.obj                160     0         0      
       fputc.c.obj                    156     0         0      
       strcmp-armv6m.S.obj            136     0         0      
       copy_decompress_lzss.c.obj     124     0         0      
       fclose.c.obj                   124     0         0      
       fseek.c.obj                    116     0         0      
       printf.c.obj                   108     0         0      
       _io_perm.c.obj                 100     0         0      
       sprintf.c.obj                  90      0         0      
       fflush.c.obj                   82      0         0      
       exit.c.obj                     56      0         8      
       autoinit.c.obj                 60      0         0      
       rand.c.obj                     56      0         4      
       boot_cortex_m.c.obj            40      0         0      
       memccpy.c.obj                  34      0         0      
       copy_decompress_none.c.obj     18      0         0      
       memcpy16.S.obj                 18      0         0      
       copy_zero_init.c.obj           16      0         0      
       memset16.S.obj                 14      0         0      
       aeabi_portable.c.obj           8       0         4      
       _lock.c.obj                    2       0         8      
       pre_init.c.obj                 4       0         0      
    +--+------------------------------+-------+---------+---------+
       Total:                         7830    65        433    
                                                               
    C:\ti\ccs2000\ccs\tools\compiler\ti-cgt-armllvm_4.0.1.LTS\lib\armv6m-ti-none-eabi/c/libsysbm.a
       trgmsg.c.obj                   104     0         288    
       add_device.c.obj               236     0         1      
       host_device.c.obj              0       0         200    
       open.c.obj                     160     0         1      
       hostrename.c.obj               136     0         0      
       hostlseek.c.obj                108     0         0      
       hostopen.c.obj                 96      0         8      
       hostread.c.obj                 88      0         0      
       hostwrite.c.obj                88      0         0      
       close.c.obj                    80      0         0      
       hostclose.c.obj                72      0         0      
       hostunlink.c.obj               72      0         0      
       unlink.c.obj                   44      0         0      
       lseek.c.obj                    40      0         0      
       write.c.obj                    40      0         0      
       remove.c.obj                   8       0         0      
    +--+------------------------------+-------+---------+---------+
       Total:                         1372    0         498    
                                                               
    C:\ti\ccs2000\ccs\tools\compiler\ti-cgt-armllvm_4.0.1.LTS\lib\armv6m-ti-none-eabi/libclang_rt.builtins.a
       adddf3.S.obj                   434     0         0      
       divdf3.S.obj                   268     0         0      
       muldf3.S.obj                   244     0         0      
       comparedf2.c.obj               220     0         0      
       aeabi_dcmp.S.obj               98      0         0      
       aeabi_idivmod.S.obj            86      0         0      
       fixdfsi.S.obj                  74      0         0      
       aeabi_uidivmod.S.obj           64      0         0      
       muldsi3.S.obj                  58      0         0      
       floatsidf.S.obj                44      0         0      
       floatunsidf.S.obj              36      0         0      
       aeabi_memset.S.obj             26      0         0      
       aeabi_memcpy.S.obj             8       0         0      
       aeabi_div0.c.obj               2       0         0      
    +--+------------------------------+-------+---------+---------+
       Total:                         1662    0         0      
                                                               
       Heap:                          0       0         512    
       Stack:                         0       0         512    
       Linker Generated:              0       460       0      
    +--+------------------------------+-------+---------+---------+
       Grand Total:                   28154   89332     26682  


LINKER GENERATED COPY TABLES

__TI_cinit_table @ 0001cafc records: 2, size/record: 8, table size: 16
	.data: load addr=0001c940, load size=000001a8 bytes, run addr=20205e80, run size=000005c5 bytes, compression=lzss
	.bss: load addr=0001caf4, load size=00000008 bytes, run addr=20200000, run size=00005e7a bytes, compression=zero_init


LINKER GENERATED HANDLER TABLE

__TI_handler_table @ 0001cae8 records: 3, size/record: 4, table size: 12
	index: 0, handler: __TI_decompress_lzss
	index: 1, handler: __TI_decompress_none
	index: 2, handler: __TI_zero_init


FAR CALL TRAMPOLINES

callee name               trampoline name
   callee addr  tramp addr   call addr  call info
--------------  -----------  ---------  ----------------
__aeabi_dmul              $Tramp$TT$L$PI$$__aeabi_dmul
   00019a49     0001c87c     0001c878   libc.a : e_pow.c.obj (.text.OUTLINED_FUNCTION_0)
                             0001c894          : e_pow.c.obj (.text.OUTLINED_FUNCTION_1)
                             0001c89e          : e_pow.c.obj (.text.OUTLINED_FUNCTION_6)
                             0001c91c          : e_pow.c.obj (.text.OUTLINED_FUNCTION_4)
                             0001c922          : e_pow.c.obj (.text.OUTLINED_FUNCTION_5)
                             0001c92e          : e_pow.c.obj (.text.OUTLINED_FUNCTION_8)
__aeabi_dsub              $Tramp$TT$L$PI$$__aeabi_dsub
   000184f5     0001c8c8     0001c8c4   libc.a : e_pow.c.obj (.text.OUTLINED_FUNCTION_2)
__aeabi_dadd              $Tramp$TT$L$PI$$__aeabi_dadd
   000184ff     0001c908     0001c904   libc.a : e_pow.c.obj (.text.OUTLINED_FUNCTION_3)
                             0001c926          : e_pow.c.obj (.text.OUTLINED_FUNCTION_10)
                             0001c92a          : e_pow.c.obj (.text.OUTLINED_FUNCTION_7)
                             0001c932          : e_pow.c.obj (.text.OUTLINED_FUNCTION_9)

[3 trampolines]
[11 trampoline calls]


GLOBAL SYMBOLS: SORTED ALPHABETICALLY BY Name 

address   name                          
-------   ----                          
0001c621  ADC0_IRQHandler               
0001c621  ADC1_IRQHandler               
0001b465  ADC_InDual                    
00018d51  ADC_InitDual                  
0001c621  AES_IRQHandler                
0001bf91  ActivatePortA_B               
000151cc  Ammosprite                    
202063cc  BusFreq                       
0001c93c  C$$EXIT                       
0001c249  C$$IO$$                       
0001c621  CANFD0_IRQHandler             
0001719d  CastRays                      
0001c78d  Clock_Delay                   
0001c119  Clock_Delay1ms                
0001c841  Clock_Freq                    
00018199  Clock_Init80MHz               
0001c621  DAC0_IRQHandler               
0001a195  DAC_Init                      
0001c71d  DAC_Out                       
0001c621  DMA_IRQHandler                
0001c621  Default_Handler               
0001c79d  Delay                         
00017945  DrawCrosshair                 
00017fa5  DrawHealthBar                 
0001b011  DrawMinimap                   
00012596  ExplosionImage                
0001aa65  FillMap                       
0001c621  GROUP0_IRQHandler             
0001c621  GROUP1_IRQHandler             
0001c5c1  Graphics_Init                 
0001bb2d  HOSTclose                     
0001b1e1  HOSTlseek                     
0001b5f5  HOSTopen                      
0001b70d  HOSTread                      
0001b24d  HOSTrename                    
0001bb75  HOSTunlink                    
0001b765  HOSTwrite                     
0001c63d  HardFault_Handler             
0001c621  I2C0_IRQHandler               
0001c621  I2C1_IRQHandler               
0001bc95  Input_Init                    
00019ce5  Inventory_add                 
0001c745  Inventory_currentItem         
0001c531  Inventory_next                
0001b089  Inventory_removeCurrent       
0001c757  Item_isSpent                  
0001c5e1  Item_isWeapon                 
0001c659  Joy_In                        
0001c7ad  Joy_InButton                  
0001c555  Joy_Init                      
20205e4c  Joy_x                         
20205e50  Joy_y                         
0001ae21  LaunchPad_Init                
20205e54  Length                        
20205e58  LostData                      
000153cc  Medkitsprite                  
00016579  MovePlayer                    
0001c621  NMI_Handler                   
00014f8c  OGMap                         
0001c621  PendSV_Handler                
00012d96  PistolImage                   
0001ac99  PrecalculateFloorGradient     
0001c621  RTC_IRQHandler                
0001c7bd  ReadKeys                      
0001bfc9  RenderBuffer                  
00019599  RenderForegroundSprites       
0001b171  RenderHUD                     
0001a23d  RenderInventory               
0001bd61  RenderScene                   
0001968d  RenderSky                     
00016c11  RenderSprite                  
00018689  RenderSprites                 
0001c935  Reset_Handler                 
20205e00  RxFifo                        
0001b965  RxFifo_Get                    
0001c731  RxFifo_Init                   
0001b9b1  RxFifo_Put                    
0001c691  RxFifo_Size                   
20205e5c  RxGetI                        
20205e60  RxPutI                        
00007474  SCBarkley                     
0001c621  SPI0_IRQHandler               
0001c621  SPI1_IRQHandler               
000193a9  SPI_Init                      
0001bbbd  SPI_OutCommand                
0001c001  SPI_OutData                   
0001bda1  SPI_Reset                     
00017d95  ST7735_DrawBitmap             
0001834d  ST7735_DrawChar               
0001ad1d  ST7735_DrawString             
00018e75  ST7735_FillRect               
0001c3e1  ST7735_FillScreen             
0001a765  ST7735_InitPrintf             
0001a939  ST7735_InitR                  
00019db5  ST7735_OutChar                
0001c14d  ST7735_SetCursor              
00019781  ST7735_SetRotation            
0001c8a1  ST7735_close                  
0001c7eb  ST7735_lseek                  
0001c6f1  ST7735_open                   
0001c707  ST7735_read                   
0001c84d  ST7735_rename                 
0001c8ab  ST7735_unlink                 
0001c181  ST7735_write                  
0001c621  SVC_Handler                   
00013596  ShotgunImage                  
000155cc  Shotgunsprite                 
20206340  SoundEffects                  
20205e64  SoundPt                       
0001bc05  Sound_Init                    
0001c039  Sound_Start                   
20205e80  Sprites                       
20206430  StTextColor                   
20206404  StX                           
20206408  StY                           
0001bde1  Sync_Init                     
0001bcd9  SysTick_Handler               
0001c321  SystemInit                    
0001c6a9  TIMA0_IRQHandler              
0001c621  TIMA1_IRQHandler              
0001bc4d  TIMG0_IRQHandler              
00019f55  TIMG12_IRQHandler             
0001c621  TIMG6_IRQHandler              
0001b7bd  TIMG7_IRQHandler              
0001b9fd  TIMG8_IRQHandler              
0001c769  TI_memcpy_small               
0001c831  TI_memset_small               
0001a2e5  TimerA0_IntArm                
0001a4dd  TimerG0_IntArm                
0001a9d1  TimerG12_IntArm               
0001a38d  TimerG7_IntArm                
0001a435  TimerG8_IntArm                
0001c621  UART0_IRQHandler              
0001c621  UART1_IRQHandler              
0001ae9d  UART1_Init                    
0001c6c1  UART1_OutChar                 
0001b2b9  UART2_IRQHandler              
0001c465  UART2_InChar                  
00019e85  UART2_Init                    
0001c621  UART3_IRQHandler              
20205000  ZBuffer                       
20205bc0  _CIOBUF_                      
20205bc0  __CIOBUF_                     
20208000  __STACK_END                   
00000200  __STACK_SIZE                  
00000200  __SYSMEM_SIZE                 
00000000  __TI_ATRegion0_region_sz      
00000000  __TI_ATRegion0_src_addr       
00000000  __TI_ATRegion0_trg_addr       
00000000  __TI_ATRegion1_region_sz      
00000000  __TI_ATRegion1_src_addr       
00000000  __TI_ATRegion1_trg_addr       
00000000  __TI_ATRegion2_region_sz      
00000000  __TI_ATRegion2_src_addr       
00000000  __TI_ATRegion2_trg_addr       
0001cafc  __TI_CINIT_Base               
0001cb0c  __TI_CINIT_Limit              
0001cb0c  __TI_CINIT_Warm               
0001cae8  __TI_Handler_Table_Base       
0001caf4  __TI_Handler_Table_Limit      
0001bf19  __TI_auto_init_nobinit_nopinit
0001c1b5  __TI_cleanup                  
202063c4  __TI_cleanup_ptr              
0001af19  __TI_closefile                
0001af95  __TI_decompress_lzss          
0001c77b  __TI_decompress_none          
0001b8c1  __TI_doflush                  
202063c8  __TI_dtors_ptr                
2020640c  __TI_ft_end                   
ffffffff  __TI_pprof_out_hndl           
000176c1  __TI_printfi_minimal          
ffffffff  __TI_prof_data_size           
ffffffff  __TI_prof_data_start          
0001c1e9  __TI_readmsg                  
00000000  __TI_static_base__            
20205ce0  __TI_tmpnams                  
0001c21d  __TI_writemsg                 
0001b4c9  __TI_wrt_ok                   
0001c7cd  __TI_zero_init                
000184ff  __adddf3                      
0001bae1  __aeabi_d2iz                  
000184ff  __aeabi_dadd                  
0001b591  __aeabi_dcmpeq                
0001b5cd  __aeabi_dcmpge                
0001b5e1  __aeabi_dcmpgt                
0001b5b9  __aeabi_dcmple                
0001b5a5  __aeabi_dcmplt                
000190a1  __aeabi_ddiv                  
00019a49  __aeabi_dmul                  
000184f5  __aeabi_dsub                  
20206410  __aeabi_errno                 
0001ac09  __aeabi_errno_addr            
0001c40d  __aeabi_i2d                   
0001b815  __aeabi_idiv                  
00018687  __aeabi_idiv0                 
0001b815  __aeabi_idivmod               
0001c859  __aeabi_memclr                
0001c859  __aeabi_memclr4               
0001c859  __aeabi_memclr8               
0001c8d9  __aeabi_memcpy                
0001c8d9  __aeabi_memcpy4               
0001c8d9  __aeabi_memcpy8               
0001c7f9  __aeabi_memset                
0001c7f9  __aeabi_memset4               
0001c7f9  __aeabi_memset8               
0001c579  __aeabi_ui2d                  
0001be21  __aeabi_uidiv                 
0001be21  __aeabi_uidivmod              
ffffffff  __binit__                     
0001b3fd  __cmpdf2                      
000190a1  __divdf3                      
0001b3fd  __eqdf2                       
0001bae1  __fixdfsi                     
0001c40d  __floatsidf                   
0001c579  __floatunsidf                 
0001b0fd  __gedf2                       
0001b0fd  __gtdf2                       
0001b3fd  __ledf2                       
0001b3fd  __ltdf2                       
UNDEFED   __mpu_init                    
00019a49  __muldf3                      
0001bf55  __muldsi3                     
0001b3fd  __nedf2                       
20207e00  __stack                       
20200000  __start___llvm_prf_bits       
20200000  __start___llvm_prf_cnts       
20200000  __stop___llvm_prf_bits        
20200000  __stop___llvm_prf_cnts        
000184f5  __subdf3                      
0001c509  _c_int00_noargs               
202060d8  _device                       
20205fe8  _ftable                       
20206414  _lock                         
0001a623  _nop                          
202062f0  _stream                       
20206448  _sys_memory                   
UNDEFED   _system_post_cinit            
0001c939  _system_pre_init              
20206418  _unlock                       
0001c93d  abort                         
00019875  add_device                    
00013d96  agent                         
00018f8d  aligned_alloc                 
20206150  ammo_small                    
ffffffff  binit                         
0001a625  blitBufferToRenderBuffer      
0000b474  circuitBoardTex               
00009474  circuitBoardTex2              
0001aaf5  clearRenderBuffer             
0001b915  close                         
0001b86b  compareSprites                
202063d0  dirX                          
202063d8  dirY                          
000191ad  drawCharToBuffer              
00017b7d  drawForegroundSpriteToBuffer  
0001c251  exit                          
0001c381  fastCos                       
0001bea1  fastSin                       
0001c285  finddevice                    
20205e68  flag_done                     
00018ad9  floor                         
20205d80  floorGradient                 
00018ad9  floorl                        
0001c3b1  fopen                         
0001a801  fputc                         
000194a1  fputs                         
00019961  free                          
0001c2b9  freopen                       
0001c8f1  fseek                         
0001b325  fseeko                        
0001bd1d  generateSprite                
000192ad  getInfoPacket                 
0001a89d  getPositionPacket             
0001b391  getdevice                     
20206368  gunFlash                      
20206439  healthCode                    
0001ba49  inInventory                   
00000000  interruptVectors              
20206390  inventory                     
2020643a  isOnTarget                    
20205e78  isShooting                    
202063a4  items                         
2020643b  itemsStatus                   
2020643d  lastInput                     
00019c0d  ldexp                         
00019c0d  ldexpl                        
0001c4b9  lseek                         
0001a021  main                          
0001c865  malloc                        
0000d474  matrix2                       
202061b8  medkit                        
00018f8d  memalign                      
0001c59d  memccpy                       
20205500  miniMap                       
20205e6c  ms_done                       
20205e70  ms_passed                     
20206420  numsprites                    
0001a6c5  open                          
20206424  otherHealth                   
20206428  otherPlayer                   
00011c46  outofammoSound                
20205e40  parmbuf                       
20206220  pistol                        
000049c0  pistolSound                   
000157cc  pistolsprite                  
202063e0  planeX                        
202063e8  planeY                        
2020642c  playerHealth                  
202063f0  posX                          
202063f8  posY                          
00015b31  pow                           
00015b31  powl                          
0001ba95  printAmmo                     
0001c2ed  printItem                     
0001a0e1  printToBuffer                 
0001b655  printf                        
00018c1d  qsort                         
0001c071  rand                          
000000c0  reloadSound                   
20205e79  reloaded                      
0001c8f9  remove                        
20200000  renderBuffer                  
00019c0d  scalbn                        
00019c0d  scalbnl                       
0001bedd  sendInfoPacket                
0001ada1  sendPositionPacket            
0001b6b1  setPixelBuffer                
00019b2d  setvbuf                       
20206288  shotgun                       
0000f474  shotgunSound                  
0001c0a9  sprintf                       
00018815  sqrt                          
00018815  sqrtl                         
0001c0e1  start_delay                   
0001ac11  strcmp                        
202063b4  textures                      
0001c439  unlink                        
000112ec  weaploadSound                 
20205980  worldMap                      
0001c4e1  write                         


GLOBAL SYMBOLS: SORTED BY Symbol Address 

address   name                          
-------   ----                          
00000000  __TI_ATRegion0_region_sz      
00000000  __TI_ATRegion0_src_addr       
00000000  __TI_ATRegion0_trg_addr       
00000000  __TI_ATRegion1_region_sz      
00000000  __TI_ATRegion1_src_addr       
00000000  __TI_ATRegion1_trg_addr       
00000000  __TI_ATRegion2_region_sz      
00000000  __TI_ATRegion2_src_addr       
00000000  __TI_ATRegion2_trg_addr       
00000000  __TI_static_base__            
00000000  interruptVectors              
000000c0  reloadSound                   
00000200  __STACK_SIZE                  
00000200  __SYSMEM_SIZE                 
000049c0  pistolSound                   
00007474  SCBarkley                     
00009474  circuitBoardTex2              
0000b474  circuitBoardTex               
0000d474  matrix2                       
0000f474  shotgunSound                  
000112ec  weaploadSound                 
00011c46  outofammoSound                
00012596  ExplosionImage                
00012d96  PistolImage                   
00013596  ShotgunImage                  
00013d96  agent                         
00014f8c  OGMap                         
000151cc  Ammosprite                    
000153cc  Medkitsprite                  
000155cc  Shotgunsprite                 
000157cc  pistolsprite                  
00015b31  pow                           
00015b31  powl                          
00016579  MovePlayer                    
00016c11  RenderSprite                  
0001719d  CastRays                      
000176c1  __TI_printfi_minimal          
00017945  DrawCrosshair                 
00017b7d  drawForegroundSpriteToBuffer  
00017d95  ST7735_DrawBitmap             
00017fa5  DrawHealthBar                 
00018199  Clock_Init80MHz               
0001834d  ST7735_DrawChar               
000184f5  __aeabi_dsub                  
000184f5  __subdf3                      
000184ff  __adddf3                      
000184ff  __aeabi_dadd                  
00018687  __aeabi_idiv0                 
00018689  RenderSprites                 
00018815  sqrt                          
00018815  sqrtl                         
00018ad9  floor                         
00018ad9  floorl                        
00018c1d  qsort                         
00018d51  ADC_InitDual                  
00018e75  ST7735_FillRect               
00018f8d  aligned_alloc                 
00018f8d  memalign                      
000190a1  __aeabi_ddiv                  
000190a1  __divdf3                      
000191ad  drawCharToBuffer              
000192ad  getInfoPacket                 
000193a9  SPI_Init                      
000194a1  fputs                         
00019599  RenderForegroundSprites       
0001968d  RenderSky                     
00019781  ST7735_SetRotation            
00019875  add_device                    
00019961  free                          
00019a49  __aeabi_dmul                  
00019a49  __muldf3                      
00019b2d  setvbuf                       
00019c0d  ldexp                         
00019c0d  ldexpl                        
00019c0d  scalbn                        
00019c0d  scalbnl                       
00019ce5  Inventory_add                 
00019db5  ST7735_OutChar                
00019e85  UART2_Init                    
00019f55  TIMG12_IRQHandler             
0001a021  main                          
0001a0e1  printToBuffer                 
0001a195  DAC_Init                      
0001a23d  RenderInventory               
0001a2e5  TimerA0_IntArm                
0001a38d  TimerG7_IntArm                
0001a435  TimerG8_IntArm                
0001a4dd  TimerG0_IntArm                
0001a623  _nop                          
0001a625  blitBufferToRenderBuffer      
0001a6c5  open                          
0001a765  ST7735_InitPrintf             
0001a801  fputc                         
0001a89d  getPositionPacket             
0001a939  ST7735_InitR                  
0001a9d1  TimerG12_IntArm               
0001aa65  FillMap                       
0001aaf5  clearRenderBuffer             
0001ac09  __aeabi_errno_addr            
0001ac11  strcmp                        
0001ac99  PrecalculateFloorGradient     
0001ad1d  ST7735_DrawString             
0001ada1  sendPositionPacket            
0001ae21  LaunchPad_Init                
0001ae9d  UART1_Init                    
0001af19  __TI_closefile                
0001af95  __TI_decompress_lzss          
0001b011  DrawMinimap                   
0001b089  Inventory_removeCurrent       
0001b0fd  __gedf2                       
0001b0fd  __gtdf2                       
0001b171  RenderHUD                     
0001b1e1  HOSTlseek                     
0001b24d  HOSTrename                    
0001b2b9  UART2_IRQHandler              
0001b325  fseeko                        
0001b391  getdevice                     
0001b3fd  __cmpdf2                      
0001b3fd  __eqdf2                       
0001b3fd  __ledf2                       
0001b3fd  __ltdf2                       
0001b3fd  __nedf2                       
0001b465  ADC_InDual                    
0001b4c9  __TI_wrt_ok                   
0001b591  __aeabi_dcmpeq                
0001b5a5  __aeabi_dcmplt                
0001b5b9  __aeabi_dcmple                
0001b5cd  __aeabi_dcmpge                
0001b5e1  __aeabi_dcmpgt                
0001b5f5  HOSTopen                      
0001b655  printf                        
0001b6b1  setPixelBuffer                
0001b70d  HOSTread                      
0001b765  HOSTwrite                     
0001b7bd  TIMG7_IRQHandler              
0001b815  __aeabi_idiv                  
0001b815  __aeabi_idivmod               
0001b86b  compareSprites                
0001b8c1  __TI_doflush                  
0001b915  close                         
0001b965  RxFifo_Get                    
0001b9b1  RxFifo_Put                    
0001b9fd  TIMG8_IRQHandler              
0001ba49  inInventory                   
0001ba95  printAmmo                     
0001bae1  __aeabi_d2iz                  
0001bae1  __fixdfsi                     
0001bb2d  HOSTclose                     
0001bb75  HOSTunlink                    
0001bbbd  SPI_OutCommand                
0001bc05  Sound_Init                    
0001bc4d  TIMG0_IRQHandler              
0001bc95  Input_Init                    
0001bcd9  SysTick_Handler               
0001bd1d  generateSprite                
0001bd61  RenderScene                   
0001bda1  SPI_Reset                     
0001bde1  Sync_Init                     
0001be21  __aeabi_uidiv                 
0001be21  __aeabi_uidivmod              
0001bea1  fastSin                       
0001bedd  sendInfoPacket                
0001bf19  __TI_auto_init_nobinit_nopinit
0001bf55  __muldsi3                     
0001bf91  ActivatePortA_B               
0001bfc9  RenderBuffer                  
0001c001  SPI_OutData                   
0001c039  Sound_Start                   
0001c071  rand                          
0001c0a9  sprintf                       
0001c0e1  start_delay                   
0001c119  Clock_Delay1ms                
0001c14d  ST7735_SetCursor              
0001c181  ST7735_write                  
0001c1b5  __TI_cleanup                  
0001c1e9  __TI_readmsg                  
0001c21d  __TI_writemsg                 
0001c249  C$$IO$$                       
0001c251  exit                          
0001c285  finddevice                    
0001c2b9  freopen                       
0001c2ed  printItem                     
0001c321  SystemInit                    
0001c381  fastCos                       
0001c3b1  fopen                         
0001c3e1  ST7735_FillScreen             
0001c40d  __aeabi_i2d                   
0001c40d  __floatsidf                   
0001c439  unlink                        
0001c465  UART2_InChar                  
0001c4b9  lseek                         
0001c4e1  write                         
0001c509  _c_int00_noargs               
0001c531  Inventory_next                
0001c555  Joy_Init                      
0001c579  __aeabi_ui2d                  
0001c579  __floatunsidf                 
0001c59d  memccpy                       
0001c5c1  Graphics_Init                 
0001c5e1  Item_isWeapon                 
0001c621  ADC0_IRQHandler               
0001c621  ADC1_IRQHandler               
0001c621  AES_IRQHandler                
0001c621  CANFD0_IRQHandler             
0001c621  DAC0_IRQHandler               
0001c621  DMA_IRQHandler                
0001c621  Default_Handler               
0001c621  GROUP0_IRQHandler             
0001c621  GROUP1_IRQHandler             
0001c621  I2C0_IRQHandler               
0001c621  I2C1_IRQHandler               
0001c621  NMI_Handler                   
0001c621  PendSV_Handler                
0001c621  RTC_IRQHandler                
0001c621  SPI0_IRQHandler               
0001c621  SPI1_IRQHandler               
0001c621  SVC_Handler                   
0001c621  TIMA1_IRQHandler              
0001c621  TIMG6_IRQHandler              
0001c621  UART0_IRQHandler              
0001c621  UART1_IRQHandler              
0001c621  UART3_IRQHandler              
0001c63d  HardFault_Handler             
0001c659  Joy_In                        
0001c691  RxFifo_Size                   
0001c6a9  TIMA0_IRQHandler              
0001c6c1  UART1_OutChar                 
0001c6f1  ST7735_open                   
0001c707  ST7735_read                   
0001c71d  DAC_Out                       
0001c731  RxFifo_Init                   
0001c745  Inventory_currentItem         
0001c757  Item_isSpent                  
0001c769  TI_memcpy_small               
0001c77b  __TI_decompress_none          
0001c78d  Clock_Delay                   
0001c79d  Delay                         
0001c7ad  Joy_InButton                  
0001c7bd  ReadKeys                      
0001c7cd  __TI_zero_init                
0001c7eb  ST7735_lseek                  
0001c7f9  __aeabi_memset                
0001c7f9  __aeabi_memset4               
0001c7f9  __aeabi_memset8               
0001c831  TI_memset_small               
0001c841  Clock_Freq                    
0001c84d  ST7735_rename                 
0001c859  __aeabi_memclr                
0001c859  __aeabi_memclr4               
0001c859  __aeabi_memclr8               
0001c865  malloc                        
0001c8a1  ST7735_close                  
0001c8ab  ST7735_unlink                 
0001c8d9  __aeabi_memcpy                
0001c8d9  __aeabi_memcpy4               
0001c8d9  __aeabi_memcpy8               
0001c8f1  fseek                         
0001c8f9  remove                        
0001c935  Reset_Handler                 
0001c939  _system_pre_init              
0001c93c  C$$EXIT                       
0001c93d  abort                         
0001cae8  __TI_Handler_Table_Base       
0001caf4  __TI_Handler_Table_Limit      
0001cafc  __TI_CINIT_Base               
0001cb0c  __TI_CINIT_Limit              
0001cb0c  __TI_CINIT_Warm               
20200000  __start___llvm_prf_bits       
20200000  __start___llvm_prf_cnts       
20200000  __stop___llvm_prf_bits        
20200000  __stop___llvm_prf_cnts        
20200000  renderBuffer                  
20205000  ZBuffer                       
20205500  miniMap                       
20205980  worldMap                      
20205bc0  _CIOBUF_                      
20205bc0  __CIOBUF_                     
20205ce0  __TI_tmpnams                  
20205d80  floorGradient                 
20205e00  RxFifo                        
20205e40  parmbuf                       
20205e4c  Joy_x                         
20205e50  Joy_y                         
20205e54  Length                        
20205e58  LostData                      
20205e5c  RxGetI                        
20205e60  RxPutI                        
20205e64  SoundPt                       
20205e68  flag_done                     
20205e6c  ms_done                       
20205e70  ms_passed                     
20205e78  isShooting                    
20205e79  reloaded                      
20205e80  Sprites                       
20205fe8  _ftable                       
202060d8  _device                       
20206150  ammo_small                    
202061b8  medkit                        
20206220  pistol                        
20206288  shotgun                       
202062f0  _stream                       
20206340  SoundEffects                  
20206368  gunFlash                      
20206390  inventory                     
202063a4  items                         
202063b4  textures                      
202063c4  __TI_cleanup_ptr              
202063c8  __TI_dtors_ptr                
202063cc  BusFreq                       
202063d0  dirX                          
202063d8  dirY                          
202063e0  planeX                        
202063e8  planeY                        
202063f0  posX                          
202063f8  posY                          
20206404  StX                           
20206408  StY                           
2020640c  __TI_ft_end                   
20206410  __aeabi_errno                 
20206414  _lock                         
20206418  _unlock                       
20206420  numsprites                    
20206424  otherHealth                   
20206428  otherPlayer                   
2020642c  playerHealth                  
20206430  StTextColor                   
20206439  healthCode                    
2020643a  isOnTarget                    
2020643b  itemsStatus                   
2020643d  lastInput                     
20206448  _sys_memory                   
20207e00  __stack                       
20208000  __STACK_END                   
ffffffff  __TI_pprof_out_hndl           
ffffffff  __TI_prof_data_size           
ffffffff  __TI_prof_data_start          
ffffffff  __binit__                     
ffffffff  binit                         
UNDEFED   __mpu_init                    
UNDEFED   _system_post_cinit            

[340 symbols]
