******************************************************************************
            TI ARM Clang Linker PC v4.0.1                      
******************************************************************************
>> Linked Thu Apr 24 03:06:59 2025

OUTPUT FILE NAME:   <TheM0+rix_Segfaulted.out>
ENTRY POINT SYMBOL: "_c_int00_noargs"  address: 0001f5e5


MEMORY CONFIGURATION

         name            origin    length      used     unused   attr    fill
----------------------  --------  ---------  --------  --------  ----  --------
  FLASH                 00000000   00020000  0001fec0  00000140  R  X
  SRAM                  20200000   00008000  0000775b  000008a5  RW X
  BCR_CONFIG            41c00000   00000080  00000000  00000080  R   
  BSL_CONFIG            41c00100   00000080  00000000  00000080  R   


SEGMENT ALLOCATION MAP

run origin  load origin   length   init length attrs members
----------  ----------- ---------- ----------- ----- -------
00000000    00000000    00014ef8   00014ef8    r--
  00000000    00000000    000000c0   000000c0    r-- .intvecs
  000000c0    000000c0    00014e38   00014e38    r-- .rodata
00014f00    00014f00    0000afc8   0000afc8    r-x
  00014f00    00014f00    0000ac10   0000ac10    r-x .text
  0001fb10    0001fb10    000003b8   000003b8    r-- .cinit
20200000    20200000    00007568   00000000    rw-
  20200000    20200000    0000695a   00000000    rw- .bss
  20206960    20206960    00000a01   00000000    rw- .data
  20207368    20207368    00000200   00000000    rw- .sysmem
20207e00    20207e00    00000200   00000000    rw-
  20207e00    20207e00    00000200   00000000    rw- .stack


SECTION ALLOCATION MAP

 output                                  attributes/
section   page    origin      length       input sections
--------  ----  ----------  ----------   ----------------
.intvecs   0    00000000    000000c0     
                  00000000    000000c0     startup_mspm0g3507_ticlang.o (.intvecs)

.text      0    00014f00    0000ac10     
                  00014f00    00000778     Input.o (.text.MovePlayer)
                  00015678    0000060c     sprites.o (.text.RenderSprite)
                  00015c84    00000598     ff.o (.text.find_volume)
                  0001621c    00000524     Graphics.o (.text.CastRays)
                  00016740    00000318     ff.o (.text.create_name)
                  00016a58    000002b8     menus.o (.text.Menus_Run)
                  00016d10    000002b8     diskio.o (.text.disk_ioctl)
                  00016fc8    000002a4     ff.o (.text.f_lseek)
                  0001726c    00000298     ff.o (.text.f_read)
                  00017504    00000284     libc.a : _printfi.c.obj (.text:__TI_printfi_minimal)
                  00017788    00000270     ff.o (.text.f_open)
                  000179f8    00000238     Graphics.o (.text.DrawCrosshair)
                  00017c30    00000228     diskio.o (.text.disk_initialize)
                  00017e58    00000218     Buffer.o (.text.drawForegroundSpriteToBuffer)
                  00018070    00000214     ST7735_SDC.o (.text.ST7735_DrawTextBoxS_IF)
                  00018284    00000210     ST7735_SDC.o (.text.ST7735_DrawBitmap)
                  00018494    000001f4     Graphics.o (.text.DrawHealthBar)
                  00018688    000001f0     ST7735_SDC.o (.text.ST7735_DrawTextBoxS)
                  00018878    000001d0     ff.o (.text.put_fat)
                  00018a48    000001cc     ff.o (.text.dir_next)
                  00018c14    000001b4     Clock.o (.text.Clock_Init80MHz)
                  00018dc8    000001b0     Sync.o (.text.getDirectionPacket)
                  00018f78    000001a0     ST7735_SDC.o (.text.ST7735_DrawCharS)
                  00019118    00000192     libclang_rt.builtins.a : adddf3.S.obj (.text.adddf3_subdf3)
                  000192aa    00000002                            : aeabi_div0.c.obj (.text.__aeabi_idiv0)
                  000192ac    00000184     sprites.o (.text.RenderSprites)
                  00019430    0000016c     ff.o (.text.create_chain)
                  0001959c    00000158     ff.o (.text.get_fat)
                  000196f4    00000154     libc.a : fopen.c.obj (.text._openfile)
                  00019848    00000144            : s_floor.c.obj (.text.floor)
                  0001998c    00000144     ff.o (.text.sync_fs)
                  00019ad0    00000140     diskio.o (.text.SPI1_Init)
                  00019c10    00000138     main.o (.text.DeathScreen)
                  00019d48    00000134     Sync.o (.text.ComputeHitDirection)
                  00019e7c    00000134     libc.a : qsort.c.obj (.text.qsort)
                  00019fb0    00000128     Sync.o (.text.getInfoPacket)
                  0001a0d8    00000126     diskio.o (.text.send_cmd)
                  0001a1fe    00000002     libc.a : _lock.c.obj (.text._nop)
                  0001a200    00000124     ADC.o (.text.ADC_InitDual)
                  0001a324    00000124     ff.o (.text.dir_sdi)
                  0001a448    00000120     ff.o (.text.follow_path)
                  0001a568    00000118     ST7735_SDC.o (.text.ST7735_FillRect)
                  0001a680    00000118     diskio.o (.text.disk_write)
                  0001a798    00000114     ST7735_SDC.o (.text.ST7735_DrawBitmapFromSDC)
                  0001a8ac    00000114     libc.a : memory.c.obj (.text.aligned_alloc)
                  0001a9c0    00000114     ff.o (.text.f_sync)
                  0001aad4    0000010c     libclang_rt.builtins.a : divdf3.S.obj (.text.__divdf3)
                  0001abe0    00000100     Buffer.o (.text.drawCharToBuffer)
                  0001ace0    000000f8     SPI.o (.text.SPI_Init)
                  0001add8    000000f4     ADC.o (.text.ADC0_Init)
                  0001aecc    000000f4     sprites.o (.text.RenderForegroundSprites)
                  0001afc0    000000f4     Graphics.o (.text.RenderSky)
                  0001b0b4    000000f4     ST7735_SDC.o (.text.ST7735_SetRotation)
                  0001b1a8    000000f0     Inventory.o (.text.Inventory_add)
                  0001b298    000000ec     libsysbm.a : add_device.c.obj (.text.add_device)
                  0001b384    000000e8     libc.a : memory.c.obj (.text.free)
                  0001b46c    000000e4     libclang_rt.builtins.a : muldf3.S.obj (.text.__muldf3)
                  0001b550    000000e4     diskio.o (.text.disk_read)
                  0001b634    000000e0     Inventory.o (.text.Inventory_replace)
                  0001b714    000000e0     libc.a : setvbuf.c.obj (.text.setvbuf)
                  0001b7f4    000000dc     Graphics.o (.text.DrawHitIndicator)
                  0001b8d0    000000d0     ST7735_SDC.o (.text.ST7735_OutChar)
                  0001b9a0    000000d0     UART2.o (.text.UART2_Init)
                  0001ba70    000000cc     main.o (.text.GameLoop)
                  0001bb3c    000000cc     Sync.o (.text.RandomizeSprites)
                  0001bc08    000000c8     menus.o (.text.dialogueScreen)
                  0001bcd0    000000c4     Input.o (.text.TIMG12_IRQHandler)
                  0001bd94    000000c0     Sync.o (.text.getPositionPacket)
                  0001be54    000000bc     main.o (.text.respawnPlayer)
                  0001bf10    000000b8     ff.o (.text.remove_chain)
                  0001bfc8    000000b4     Buffer.o (.text.printToBuffer)
                  0001c07c    000000ae     ff.o (.text.get_ldnumber)
                  0001c12a    00000002     --HOLE-- [fill = 0]
                  0001c12c    000000ac     Timer.o (.text.TimerA1_IntArm)
                  0001c1d8    000000ac     ff.o (.text.check_fs)
                  0001c284    000000ac     ST7735_SDC.o (.text.diskError)
                  0001c330    000000a8     DAC.o (.text.DAC_Init)
                  0001c3d8    000000a8     sprites.o (.text.RenderInventory)
                  0001c480    000000a8     Timer.o (.text.TimerA0_IntArm)
                  0001c528    000000a8     Timer.o (.text.TimerG6_IntArm)
                  0001c5d0    000000a8     Timer.o (.text.TimerG7_IntArm)
                  0001c678    000000a8     Timer.o (.text.TimerG8_IntArm)
                  0001c720    000000a8     sprites.o (.text.generateSprite)
                  0001c7c8    000000a6     ff.o (.text.dir_find)
                  0001c86e    00000002     --HOLE-- [fill = 0]
                  0001c870    000000a4     Timer.o (.text.TimerG0_IntArm)
                  0001c914    000000a2     ST7735_SDC.o (.text.commandList)
                  0001c9b6    000000a2     ff.o (.text.dir_alloc)
                  0001ca58    000000a0     Buffer.o (.text.blitBufferToRenderBuffer)
                  0001caf8    000000a0     libsysbm.a : open.c.obj (.text.open)
                  0001cb98    0000009c     ST7735_SDC.o (.text.ST7735_InitPrintf)
                  0001cc34    00000098     ST7735_SDC.o (.text.ST7735_InitR)
                  0001cccc    00000098     ff.o (.text.f_mount)
                  0001cd64    00000094     SoundSD.o (.text.SoundSD_Service)
                  0001cdf8    00000094     SoundSD.o (.text.SysTick_Handler)
                  0001ce8c    00000094     Timer.o (.text.TimerG12_IntArm)
                  0001cf20    00000090     Graphics.o (.text.FillMap)
                  0001cfb0    00000090     Graphics.o (.text.printLeaderboard)
                  0001d040    0000008e     ff.o (.text.sync_window)
                  0001d0ce    00000002     --HOLE-- [fill = 0]
                  0001d0d0    0000008c     Buffer.o (.text.clearRenderBuffer)
                  0001d15c    00000088     ST7735_SDC.o (.text.setAddrWindow)
                  0001d1e4    0000000c     menus.o (.text.Action_SetEnglish)
                  0001d1f0    00000088     libc.a : strcmp-armv6m.S.obj (.text:strcmp)
                  0001d278    00000084     Buffer.o (.text.PrecalculateFloorGradient)
                  0001d2fc    00000084     ST7735_SDC.o (.text.ST7735_DrawString)
                  0001d380    00000084     ST7735_SDC.o (.text.ST7735_OutUDec)
                  0001d404    00000080     Sync.o (.text.sendDirectionPacket)
                  0001d484    00000080     Sync.o (.text.sendPositionPacket)
                  0001d504    0000007c     LaunchPad.o (.text.LaunchPad_Init)
                  0001d580    0000007c     UART1.o (.text.UART1_Init)
                  0001d5fc    0000007c     libc.a : fclose.c.obj (.text.__TI_closefile)
                  0001d678    0000007c     Sync.o (.text.getRandomMapPos)
                  0001d6f4    0000007c     libc.a : copy_decompress_lzss.c.obj (.text:decompress:lzss)
                  0001d770    00000078     Graphics.o (.text.DrawMinimap)
                  0001d7e8    00000078     Graphics.o (.text.RenderHUD)
                  0001d860    00000078     diskio.o (.text.rcvr_datablock)
                  0001d8d8    00000076     diskio.o (.text.xmit_datablock)
                  0001d94e    00000074     Inventory.o (.text.Inventory_removeCurrent)
                  0001d9c2    00000002     --HOLE-- [fill = 0]
                  0001d9c4    00000074     Sync.o (.text.TIMG7_IRQHandler)
                  0001da38    00000074     libclang_rt.builtins.a : comparedf2.c.obj (.text.__gedf2)
                  0001daac    00000070     Graphics.o (.text.Graphics_Init)
                  0001db1c    00000070     ST7735_SDC.o (.text.ST7735_DrawPixel)
                  0001db8c    00000070     SoundSD.o (.text.SoundSD_Play)
                  0001dbfc    00000070     ST7735_SDC.o (.text.TFT_OutCommand)
                  0001dc6c    00000070     diskio.o (.text.disk_timerproc)
                  0001dcdc    0000006c     libsysbm.a : hostlseek.c.obj (.text.HOSTlseek)
                  0001dd48    0000006c                : hostrename.c.obj (.text.HOSTrename)
                  0001ddb4    0000006c     ST7735_SDC.o (.text.TFT_OutData)
                  0001de20    0000006c     UART2.o (.text.UART2_IRQHandler)
                  0001de8c    0000006c     libc.a : getdevice.c.obj (.text.getdevice)
                  0001def8    00000068     libclang_rt.builtins.a : comparedf2.c.obj (.text.__ledf2)
                  0001df60    00000068     ff.o (.text.validate)
                  0001dfc8    00000064     ADC.o (.text.ADC_InDual)
                  0001e02c    00000064     Graphics.o (.text.printAmmo)
                  0001e090    00000064     libc.a : memory.c.obj (.text.split)
                  0001e0f4    00000062     libclang_rt.builtins.a : aeabi_dcmp.S.obj (.text.__aeabi_dcmp)
                  0001e156    00000062     ff.o (.text.move_window)
                  0001e1b8    00000060     libsysbm.a : hostopen.c.obj (.text.HOSTopen)
                  0001e218    00000060     ff.o (.text.dir_register)
                  0001e278    0000005c     Sync.o (.text.TIMG8_IRQHandler)
                  0001e2d4    0000005c     Buffer.o (.text.setPixelBuffer)
                  0001e330    00000058     libsysbm.a : hostread.c.obj (.text.HOSTread)
                  0001e388    00000058                : hostwrite.c.obj (.text.HOSTwrite)
                  0001e3e0    00000056     ST7735_SDC.o (.text.ST7735_ClearScreenBlack)
                  0001e436    00000002     --HOLE-- [fill = 0]
                  0001e438    00000056     libclang_rt.builtins.a : aeabi_idivmod.S.obj (.text.__aeabi_idivmod)
                  0001e48e    00000056     sprites.o (.text.compareSprites)
                  0001e4e4    00000054     ST7735_SDC.o (.text.fillmessage)
                  0001e538    00000054     ff.o (.text.mem_cmp)
                  0001e58c    00000052     libc.a : fflush.c.obj (.text.__TI_doflush)
                  0001e5de    00000002     --HOLE-- [fill = 0]
                  0001e5e0    00000050     libsysbm.a : close.c.obj (.text.close)
                  0001e630    00000050     diskio.o (.text.wait_ready)
                  0001e680    00000050     diskio.o (.text.xmit_spi_multi)
                  0001e6d0    0000004c     FIFO.o (.text.RxFifo_Get)
                  0001e71c    0000004c     FIFO.o (.text.RxFifo_Put)
                  0001e768    0000004c     Inventory.o (.text.inInventory)
                  0001e7b4    0000004a     libclang_rt.builtins.a : fixdfsi.S.obj (.text.__fixdfsi)
                  0001e7fe    00000002     --HOLE-- [fill = 0]
                  0001e800    00000048     menus.o (.text.GetTriggerPressed)
                  0001e848    00000048     libsysbm.a : hostclose.c.obj (.text.HOSTclose)
                  0001e890    00000048                : hostunlink.c.obj (.text.HOSTunlink)
                  0001e8d8    00000048     SoundSD.o (.text.SoundSD_Init)
                  0001e920    00000048     Sounds.o (.text.Sound_Init)
                  0001e968    00000048     Sounds.o (.text.Sound_Start)
                  0001e9b0    00000048     Async_Delay.o (.text.TIMG0_IRQHandler)
                  0001e9f8    00000048     diskio.o (.text.xchg_spi)
                  0001ea40    00000044     ADC.o (.text.ADC0_In)
                  0001ea84    00000044     Input.o (.text.Input_Init)
                  0001eac8    00000044     Graphics.o (.text.RenderScene)
                  0001eb0c    00000044     diskio.o (.text.select)
                  0001eb50    00000040     SPI.o (.text.SPI_Reset)
                  0001eb90    00000040     Sync.o (.text.TIMA0_IRQHandler)
                  0001ebd0    00000040     libclang_rt.builtins.a : aeabi_uidivmod.S.obj (.text.__aeabi_uidivmod)
                  0001ec10    00000040     libc.a : fopen.c.obj (.text._search_fp)
                  0001ec50    00000040     ff.o (.text.chk_chr)
                  0001ec90    00000040     ff.o (.text.f_close)
                  0001ecd0    0000003c     Buffer.o (.text.RenderBuffer)
                  0001ed0c    0000003c     Input.o (.text.fastSin)
                  0001ed48    0000003c     diskio.o (.text.rcvr_spi)
                  0001ed84    0000003c     Sync.o (.text.sendInfoPacket)
                  0001edc0    0000003c     libc.a : autoinit.c.obj (.text:__TI_auto_init_nobinit_nopinit)
                  0001edfc    0000003a     libclang_rt.builtins.a : muldsi3.S.obj (.text.__muldsi3)
                  0001ee36    00000002     --HOLE-- [fill = 0]
                  0001ee38    00000038     LaunchPad.o (.text.ActivatePortA_B)
                  0001ee70    00000038     Sync.o (.text.processHit)
                  0001eea8    00000038     libc.a : rand.c.obj (.text.rand)
                  0001eee0    00000038            : sprintf.c.obj (.text.sprintf)
                  0001ef18    00000038     Async_Delay.o (.text.start_delay)
                  0001ef50    00000036     ff.o (.text.clust2sect)
                  0001ef86    00000036     ff.o (.text.ld_clust)
                  0001efbc    00000034     Clock.o (.text.Clock_Delay1ms)
                  0001eff0    00000034     ST7735_SDC.o (.text.ST7735_SetCursor)
                  0001f024    00000034     ST7735_SDC.o (.text.ST7735_write)
                  0001f058    00000034     main.o (.text.SystemInit)
                  0001f08c    00000034     libc.a : fopen.c.obj (.text.__TI_cleanup)
                  0001f0c0    00000034     libsysbm.a : trgmsg.c.obj (.text.__TI_readmsg)
                  0001f0f4    00000034                : trgmsg.c.obj (.text.__TI_writemsg)
                  0001f128    00000034     libc.a : exit.c.obj (.text.exit)
                  0001f15c    00000034            : getdevice.c.obj (.text.finddevice)
                  0001f190    00000034            : fopen.c.obj (.text.freopen)
                  0001f1c4    00000034     main.o (.text.main)
                  0001f1f8    00000034     ff.o (.text.mem_cpy)
                  0001f22c    00000034     Graphics.o (.text.printItem)
                  0001f260    00000032     ST7735_SDC.o (.text.ST7735_Color565)
                  0001f292    00000002     --HOLE-- [fill = 0]
                  0001f294    00000030     menus.o (.text.TIMA1_IRQHandler)
                  0001f2c4    00000030     diskio.o (.text.disk_status)
                  0001f2f4    00000030     Input.o (.text.fastCos)
                  0001f324    00000030     libc.a : fopen.c.obj (.text.fopen)
                  0001f354    00000030     menus.o (.text.sendMenuState)
                  0001f384    0000002e     SoundSD.o (.text.friendlyDelay)
                  0001f3b2    0000002e     menus.o (.text.typeDialogueLine)
                  0001f3e0    0000002c     menus.o (.text.GetJoystickY)
                  0001f40c    0000002c     menus.o (.text.Menu_Delay)
                  0001f438    0000002c     ST7735_SDC.o (.text.ST7735_FillScreen)
                  0001f464    0000002c     libclang_rt.builtins.a : floatsidf.S.obj (.text.__floatsidf)
                  0001f490    0000002c     ST7735_SDC.o (.text.commonInit)
                  0001f4bc    0000002c     diskio.o (.text.init_spi)
                  0001f4e8    0000002c     diskio.o (.text.rcvr_spi_multi)
                  0001f514    0000002c     libsysbm.a : unlink.c.obj (.text.unlink)
                  0001f540    0000002a     UART2.o (.text.UART2_InChar)
                  0001f56a    0000002a     ff.o (.text.mem_set)
                  0001f594    00000028     libc.a : memory.c.obj (.text.free_list_insert)
                  0001f5bc    00000028     libsysbm.a : write.c.obj (.text.write)
                  0001f5e4    00000028     libc.a : boot_cortex_m.c.obj (.text:_c_int00_noargs)
                  0001f60c    00000026     main.o (.text.initRandom)
                  0001f632    00000026     ff.o (.text.st_clust)
                  0001f658    00000024     diskio.o (.text.CS_Init)
                  0001f67c    00000024     Inventory.o (.text.Inventory_next)
                  0001f6a0    00000024     Joy.o (.text.Joy_Init)
                  0001f6c4    00000024     libclang_rt.builtins.a : floatunsidf.S.obj (.text.__floatunsidf)
                  0001f6e8    00000024     libc.a : rand.c.obj (.text.srand)
                  0001f70c    00000022            : memccpy.c.obj (.text.memccpy)
                  0001f72e    00000020     Inventory.o (.text.Item_isWeapon)
                  0001f74e    00000002     --HOLE-- [fill = 0]
                  0001f750    00000020     menus.o (.text.LinkMenus)
                  0001f770    0000001e     ST7735_SDC.o (.text.pushColor)
                  0001f78e    00000002     --HOLE-- [fill = 0]
                  0001f790    0000001c     menus.o (.text.Action_SelectMap2)
                  0001f7ac    0000001c     menus.o (.text.Action_SelectOGMap)
                  0001f7c8    0000001c     startup_mspm0g3507_ticlang.o (.text.Default_Handler)
                  0001f7e4    0000001c     startup_mspm0g3507_ticlang.o (.text.HardFault_Handler)
                  0001f800    0000001c     Joy.o (.text.Joy_In)
                  0001f81c    0000001c     libc.a : memory.c.obj (.text.free_list_remove)
                  0001f838    00000018     FIFO.o (.text.RxFifo_Size)
                  0001f850    00000018     Sounds.o (.text.SoundEffects_disable)
                  0001f868    00000018     Sounds.o (.text.SoundEffects_enable)
                  0001f880    00000018     SoundSD.o (.text.SoundSD_Mount)
                  0001f898    00000018     diskio.o (.text.TIMG6_IRQHandler)
                  0001f8b0    00000018     UART1.o (.text.UART1_OutChar)
                  0001f8c8    00000018     libc.a : sprintf.c.obj (.text._outs)
                  0001f8e0    00000018     diskio.o (.text.deselect)
                  0001f8f8    00000016     ST7735_SDC.o (.text.ST7735_open)
                  0001f90e    00000016     ST7735_SDC.o (.text.ST7735_read)
                  0001f924    00000016     menus.o (.text.clearDialogueLine)
                  0001f93a    00000002     --HOLE-- [fill = 0]
                  0001f93c    00000014     DAC.o (.text.DAC_Out)
                  0001f950    00000014     FIFO.o (.text.RxFifo_Init)
                  0001f964    00000014     ST7735_SDC.o (.text.ST7735_SetTextColor)
                  0001f978    00000012     Inventory.o (.text.Inventory_currentItem)
                  0001f98a    00000012     Inventory.o (.text.Item_isSpent)
                  0001f99c    00000012     libc.a : memcpy16.S.obj (.text:TI_memcpy_small)
                  0001f9ae    00000012            : copy_decompress_none.c.obj (.text:decompress:none)
                  0001f9c0    00000010     Clock.o (.text.Clock_Delay)
                  0001f9d0    00000010     LaunchPad.o (.text.Delay)
                  0001f9e0    00000010     Joy.o (.text.Joy_InButton)
                  0001f9f0    00000010     Input.o (.text.ReadKeys)
                  0001fa00    00000010     libc.a : copy_zero_init.c.obj (.text:decompress:ZI)
                  0001fa10    0000000e            : memory.c.obj (.text.OUTLINED_FUNCTION_0)
                  0001fa1e    0000000e     ST7735_SDC.o (.text.ST7735_lseek)
                  0001fa2c    0000000e     libclang_rt.builtins.a : aeabi_memset.S.obj (.text.__aeabi_memset)
                  0001fa3a    0000000e     libsysbm.a : hostrename.c.obj (.text.strcpy)
                  0001fa48    0000000e     libc.a : _printfi.c.obj (.text.strlen)
                  0001fa56    0000000e     libsysbm.a : hostrename.c.obj (.text.strlen)
                  0001fa64    0000000e     libc.a : memset16.S.obj (.text:TI_memset_small)
                  0001fa72    00000002     --HOLE-- [fill = 0]
                  0001fa74    0000000c     menus.o (.text.Action_SetGleeb)
                  0001fa80    0000000c     menus.o (.text.Action_SetSpanish)
                  0001fa8c    0000000c     Clock.o (.text.Clock_Freq)
                  0001fa98    0000000c     ST7735_SDC.o (.text.ST7735_rename)
                  0001faa4    0000000c     Sync.o (.text.Sync_Init)
                  0001fab0    0000000c     libclang_rt.builtins.a : aeabi_memset.S.obj (.text.__aeabi_memclr)
                  0001fabc    0000000c     libc.a : memory.c.obj (.text.malloc)
                  0001fac8    0000000a     ST7735_SDC.o (.text.ST7735_close)
                  0001fad2    0000000a     ST7735_SDC.o (.text.ST7735_unlink)
                  0001fadc    0000000a     libc.a : sprintf.c.obj (.text._outc)
                  0001fae6    00000002     --HOLE-- [fill = 0]
                  0001fae8    00000008     libclang_rt.builtins.a : aeabi_memcpy.S.obj (.text.__aeabi_memcpy)
                  0001faf0    00000008     libsysbm.a : remove.c.obj (.text.remove)
                  0001faf8    00000004     startup_mspm0g3507_ticlang.o (.text.Reset_Handler)
                  0001fafc    00000004     libc.a : pre_init.c.obj (.text._system_pre_init)
                  0001fb00    00000004            : exit.c.obj (.text:abort)
                  0001fb04    0000000c     --HOLE-- [fill = 0]

.cinit     0    0001fb10    000003b8     
                  0001fb10    00000393     (.cinit..data.load) [load image, compression = lzss]
                  0001fea3    00000001     --HOLE-- [fill = 0]
                  0001fea4    0000000c     (__TI_handler_table)
                  0001feb0    00000008     (.cinit..bss.load) [load image, compression = zero_init]
                  0001feb8    00000010     (__TI_cinit_table)

.rodata    0    000000c0    00014e38     
                  000000c0    000023c0     Sounds.o (.rodata.reloadSound)
                  00002480    00002000     main.o (.rodata.DrM0Back)
                  00004480    00002000     main.o (.rodata.DrM0Front)
                  00006480    00002000     Graphics.o (.rodata.SCBarkley)
                  00008480    00002000     Graphics.o (.rodata.circuitBoardTex)
                  0000a480    00002000     Graphics.o (.rodata.matrix2)
                  0000c480    00001e78     Sounds.o (.rodata.shotgunSound)
                  0000e2f8    00000b9e     Sounds.o (.rodata.pistolSound)
                  0000ee96    0000095a     Sounds.o (.rodata.weaploadSound)
                  0000f7f0    0000094f     Sounds.o (.rodata.outofammoSound)
                  0001013f    00000001     SoundSD.o (.rodata.str1.13527524778485116141)
                  00010140    00000800     main.o (.rodata.ExplosionImage)
                  00010940    00000800     main.o (.rodata.PistolImage)
                  00011140    00000800     main.o (.rodata.RailgunImage)
                  00011940    00000800     main.o (.rodata.RifleImage)
                  00012140    00000800     main.o (.rodata.ShotgunImage)
                  00012940    000004fb     Buffer.o (.rodata.Font)
                  00012e3b    000004fb     ST7735_SDC.o (.rodata.Font)
                  00013336    00000240     menus.o (.rodata.Map2)
                  00013576    00000240     menus.o (.rodata.OGMap)
                  000137b6    00000200     main.o (.rodata.Ammosprite)
                  000139b6    00000200     main.o (.rodata.Medkitsprite)
                  00013bb6    00000200     main.o (.rodata.Pistolsprite)
                  00013db6    00000200     main.o (.rodata.Railgunsprite)
                  00013fb6    00000200     main.o (.rodata.Riflesprite)
                  000141b6    00000200     main.o (.rodata.Shotgunsprite)
                  000143b6    0000003b     ST7735_SDC.o (.rodata.Rcmd1)
                  000143f1    0000002b     ST7735_SDC.o (.rodata.Rcmd3)
                  0001441c    0000002a     menus.o (.rodata.str1.179569691910569239811)
                  00014446    00000028     menus.o (.rodata.str1.144269742893505892681)
                  0001446e    00000027     menus.o (.rodata.str1.171536697661445010611)
                  00014495    00000026     menus.o (.rodata.str1.139709806712486296131)
                  000144bb    00000026     menus.o (.rodata.str1.65101454262300800101)
                  000144e1    00000025     menus.o (.rodata.str1.164041020247211741451)
                  00014506    00000025     menus.o (.rodata.str1.164168837810866932091)
                  0001452b    00000025     menus.o (.rodata.str1.168804270709906286661)
                  00014550    00000025     menus.o (.rodata.str1.98146970493463322371)
                  00014575    00000024     menus.o (.rodata.str1.104906657326347491321)
                  00014599    00000024     menus.o (.rodata.str1.114298640224064572441)
                  000145bd    00000024     menus.o (.rodata.str1.142835721602906572131)
                  000145e1    00000024     menus.o (.rodata.str1.49336572981300707011)
                  00014605    00000023     menus.o (.rodata.str1.156971648410575654681)
                  00014628    00000023     menus.o (.rodata.str1.173425778896342377441)
                  0001464b    00000023     menus.o (.rodata.str1.25712616704570180601)
                  0001466e    00000023     menus.o (.rodata.str1.95797220485181863321)
                  00014691    00000022     menus.o (.rodata.str1.149973703997145723141)
                  000146b3    00000021     menus.o (.rodata.str1.156978731556101701311)
                  000146d4    00000021     menus.o (.rodata.str1.35453722408450888701)
                  000146f5    00000021     menus.o (.rodata.str1.55326779122960332911)
                  00014716    00000021     menus.o (.rodata.str1.84226594383225847461)
                  00014737    00000020     menus.o (.rodata.str1.123996266479129689641)
                  00014757    00000020     menus.o (.rodata.str1.138850008672340545551)
                  00014777    00000020     menus.o (.rodata.str1.160156652346893135841)
                  00014797    00000020     menus.o (.rodata.str1.2994111456399018321)
                  000147b7    00000020     menus.o (.rodata.str1.72891921298035102951)
                  000147d7    0000001f     menus.o (.rodata.str1.127746781883163928771)
                  000147f6    0000001f     menus.o (.rodata.str1.76193812434508946691)
                  00014815    0000001e     menus.o (.rodata.str1.123781003589582358431)
                  00014833    0000001e     menus.o (.rodata.str1.63894035550135605261)
                  00014851    0000001e     menus.o (.rodata.str1.70583102750037411421)
                  0001486f    0000001d     menus.o (.rodata.str1.121894215555781854721)
                  0001488c    0000001d     menus.o (.rodata.str1.143962844449559802791)
                  000148a9    0000001d     menus.o (.rodata.str1.15971142441765235821)
                  000148c6    0000001d     menus.o (.rodata.str1.160115412195507249741)
                  000148e3    0000001d     menus.o (.rodata.str1.165514800381475140901)
                  00014900    0000001d     menus.o (.rodata.str1.170996034951354877861)
                  0001491d    0000001d     menus.o (.rodata.str1.45072717762419283511)
                  0001493a    0000001d     menus.o (.rodata.str1.76284031905266819931)
                  00014957    0000001d     menus.o (.rodata.str1.98368547301456502061)
                  00014974    0000001c     menus.o (.rodata.str1.159315259275915726441)
                  00014990    0000001c     menus.o (.rodata.str1.182099141163481472991)
                  000149ac    0000001c     menus.o (.rodata.str1.31239778691859755401)
                  000149c8    0000001b     menus.o (.rodata.str1.134456681646435098991)
                  000149e3    0000001b     menus.o (.rodata.str1.151823896263116994851)
                  000149fe    0000001b     menus.o (.rodata.str1.166369451094164865431)
                  00014a19    0000001a     menus.o (.rodata.str1.32972604204622997601)
                  00014a33    0000001a     menus.o (.rodata.str1.67344958428517426261)
                  00014a4d    00000019     menus.o (.rodata.str1.4306366311675199791)
                  00014a66    00000018     menus.o (.rodata.str1.49209655232122593671)
                  00014a7e    00000017     menus.o (.rodata.str1.17806825418392101261)
                  00014a95    00000017     menus.o (.rodata.str1.44513436441731468601)
                  00014aac    00000017     menus.o (.rodata.str1.52873050588701785371)
                  00014ac3    00000017     menus.o (.rodata.str1.7928282895222706721)
                  00014ada    00000017     menus.o (.rodata.str1.95972786851599416241)
                  00014af1    00000016     ST7735_SDC.o (.rodata.str1.28433820059943190321)
                  00014b07    00000015     menus.o (.rodata.str1.20971027457514090791)
                  00014b1c    00000015     menus.o (.rodata.str1.34948758358822006441)
                  00014b31    00000015     menus.o (.rodata.str1.40053628090355857951)
                  00014b46    00000015     menus.o (.rodata.str1.73655613655739932531)
                  00014b5b    00000014     menus.o (.rodata.str1.99723067460874747631)
                  00014b6f    00000013     menus.o (.rodata.str1.44323779711376306551)
                  00014b82    00000011     libc.a : _printfi.c.obj (.rodata.str1.153638888446227384661)
                  00014b93    00000010     menus.o (.rodata.str1.72841784736326705081)
                  00014ba3    0000000f     ff.o (.rodata.str1.113280866994296648041)
                  00014bb2    0000000f     menus.o (.rodata.str1.74614961083098936291)
                  00014bc1    0000000e     Graphics.o (.rodata.str1.101815359073638397881)
                  00014bcf    0000000e     menus.o (.rodata.str1.105613764357858899821)
                  00014bdd    0000000e     menus.o (.rodata.str1.20226054460873807351)
                  00014beb    0000000e     menus.o (.rodata.str1.28534660028422600551)
                  00014bf9    0000000e     menus.o (.rodata.str1.72053916584311919101)
                  00014c07    0000000e     menus.o (.rodata.str1.98699209345328443171)
                  00014c15    0000000d     ST7735_SDC.o (.rodata.Rcmd2green)
                  00014c22    0000000d     ST7735_SDC.o (.rodata.Rcmd2red)
                  00014c2f    0000000d     menus.o (.rodata.str1.99564983211434588061)
                  00014c3c    0000000c     menus.o (.rodata.backText)
                  00014c48    0000000c     menus.o (.rodata.englishText)
                  00014c54    0000000c     menus.o (.rodata.gleebText)
                  00014c60    0000000c     menus.o (.rodata.languageMenuTitle)
                  00014c6c    0000000c     menus.o (.rodata.languageText)
                  00014c78    0000000c     menus.o (.rodata.mainTitleText)
                  00014c84    0000000c     menus.o (.rodata.map2Text)
                  00014c90    0000000c     main.o (.rodata.medkitName)
                  00014c9c    0000000c     menus.o (.rodata.ogMapText)
                  00014ca8    0000000c     main.o (.rodata.pistolName)
                  00014cb4    0000000c     main.o (.rodata.railgunName)
                  00014cc0    0000000c     main.o (.rodata.rifleName)
                  00014ccc    0000000c     menus.o (.rodata.selectMapText)
                  00014cd8    0000000c     main.o (.rodata.shotgunName)
                  00014ce4    0000000c     menus.o (.rodata.spanishText)
                  00014cf0    0000000c     menus.o (.rodata.startGameText)
                  00014cfc    0000000c     menus.o (.rodata.str1.44852280986964266461)
                  00014d08    0000000b     menus.o (.rodata.str1.107618944876940139201)
                  00014d13    0000000b     Graphics.o (.rodata.str1.111845795882479080211)
                  00014d1e    0000000b     menus.o (.rodata.str1.37298010153340831671)
                  00014d29    0000000a     menus.o (.rodata.str1.11748345053224590121)
                  00014d33    0000000a     menus.o (.rodata.str1.124914464180015033831)
                  00014d3d    0000000a     menus.o (.rodata.str1.147465653251047986931)
                  00014d47    0000000a     Graphics.o (.rodata.str1.45937735617970562101)
                  00014d51    0000000a     menus.o (.rodata.str1.6586680656692322771)
                  00014d5b    00000009     ST7735_SDC.o (.rodata.str1.119827176004061594541)
                  00014d64    00000009     main.o (.rodata.str1.121071377670202666191)
                  00014d6d    00000009     menus.o (.rodata.str1.124198988536565629501)
                  00014d76    00000009     menus.o (.rodata.str1.127816206145025086161)
                  00014d7f    00000009     menus.o (.rodata.str1.128989763563720414811)
                  00014d88    00000009     main.o (.rodata.str1.139123098054563454261)
                  00014d91    00000009     menus.o (.rodata.str1.149748156457843606111)
                  00014d9a    00000009     menus.o (.rodata.str1.153972598488747820211)
                  00014da3    00000009     Graphics.o (.rodata.str1.174670005707905455781)
                  00014dac    00000009     main.o (.rodata.str1.30235616187663446621)
                  00014db5    00000009     main.o (.rodata.str1.32363810797562342041)
                  00014dbe    00000009     menus.o (.rodata.str1.59382714011411076131)
                  00014dc7    00000009     menus.o (.rodata.str1.65750054775735849871)
                  00014dd0    00000009     Graphics.o (.rodata.str1.67127546031375070101)
                  00014dd9    00000009     menus.o (.rodata.str1.82245934695475978981)
                  00014de2    00000009     ST7735_SDC.o (.rodata.str1.96930949990895218701)
                  00014deb    00000008     menus.o (.rodata.str1.121123247888127407721)
                  00014df3    00000008     main.o (.rodata.str1.128962870563899395191)
                  00014dfb    00000008     menus.o (.rodata.str1.151812138345797082741)
                  00014e03    00000008     menus.o (.rodata.str1.155228271783013021831)
                  00014e0b    00000008     main.o (.rodata.str1.164552152177587026401)
                  00014e13    00000008     ST7735_SDC.o (.rodata.str1.165812335033060454901)
                  00014e1b    00000008     menus.o (.rodata.str1.27961984965217310221)
                  00014e23    00000008     main.o (.rodata.str1.42835430280232758001)
                  00014e2b    00000008     menus.o (.rodata.str1.63580008137743042971)
                  00014e33    00000008     menus.o (.rodata.str1.71614747585608304151)
                  00014e3b    00000007     menus.o (.rodata.str1.105692775232363439901)
                  00014e42    00000007     ST7735_SDC.o (.rodata.str1.108798170232719549071)
                  00014e49    00000007     menus.o (.rodata.str1.109323214156024499631)
                  00014e50    00000007     main.o (.rodata.str1.115890148426537372251)
                  00014e57    00000007     menus.o (.rodata.str1.1277942910637927151)
                  00014e5e    00000007     menus.o (.rodata.str1.136911105019720578541)
                  00014e65    00000007     main.o (.rodata.str1.181369900268917052751)
                  00014e6c    00000007     main.o (.rodata.str1.4040285661218773341)
                  00014e73    00000007     ST7735_SDC.o (.rodata.str1.48346598350755635861)
                  00014e7a    00000007     menus.o (.rodata.str1.59493562986345245221)
                  00014e81    00000007     ST7735_SDC.o (.rodata.str1.65157548236227532931)
                  00014e88    00000007     menus.o (.rodata.str1.69999045451270665711)
                  00014e8f    00000006     ST7735_SDC.o (.rodata.str1.105453447318699584981)
                  00014e95    00000006     main.o (.rodata.str1.157592557656998809351)
                  00014e9b    00000006     ST7735_SDC.o (.rodata.str1.175182287407566781581)
                  00014ea1    00000006     main.o (.rodata.str1.182731374899196392841)
                  00014ea7    00000006     menus.o (.rodata.str1.18587315262870873111)
                  00014ead    00000006     Graphics.o (.rodata.str1.46143995295070766951)
                  00014eb3    00000006     main.o (.rodata.str1.58265674741439123291)
                  00014eb9    00000006     menus.o (.rodata.str1.6049594314190078561)
                  00014ebf    00000006     menus.o (.rodata.str1.63063412741383656541)
                  00014ec5    00000006     menus.o (.rodata.str1.70705070438164780481)
                  00014ecb    00000006     menus.o (.rodata.str1.74484252914149724171)
                  00014ed1    00000005     main.o (.rodata.str1.102198819253266672751)
                  00014ed6    00000005     main.o (.rodata.str1.140962207062303880201)
                  00014edb    00000005     Graphics.o (.rodata.str1.37161536259113115651)
                  00014ee0    00000005     main.o (.rodata.str1.54842681482495761191)
                  00014ee5    00000005     menus.o (.rodata.str1.80119958098595689001)
                  00014eea    00000003     Graphics.o (.rodata.str1.25158831670344200691)
                  00014eed    00000002     ST7735_SDC.o (.rodata.str1.139922138757215469871)
                  00014eef    00000002     Graphics.o (.rodata.str1.2002389610935928081)
                  00014ef1    00000001     Graphics.o (.rodata.str1.86410570762347020181)
                  00014ef2    00000006     --HOLE-- [fill = 0]

.init_array 
*          0    00000000    00000000     UNINITIALIZED

.binit     0    00000000    00000000     

.bss       0    20200000    0000695a     UNINITIALIZED
                  20200000    00005000     (.common:renderBuffer)
                  20205000    00000500     (.common:ZBuffer)
                  20205500    00000480     (.common:miniMap)
                  20205980    00000240     (.common:worldMap)
                  20205bc0    00000234     SoundSD.o (.bss.fs)
                  20205df4    00000234     Graphics.o (.bss.g_sFatFs)
                  20206028    00000224     SoundSD.o (.bss.fil)
                  2020624c    00000200     SoundSD.o (.bss.buf1)
                  2020644c    00000200     SoundSD.o (.bss.buf2)
                  2020664c    00000120     libsysbm.a : trgmsg.c.obj (.bss:_CIOBUF_)
                  2020676c    000000a0     libc.a : defs.c.obj (.bss.__TI_tmpnams)
                  2020680c    00000080     (.common:floorGradient)
                  2020688c    00000040     FIFO.o (.bss.RxFifo)
                  202068cc    0000000c     (.common:Message)
                  202068d8    00000008     libsysbm.a : hostopen.c.obj (.bss.parmbuf)
                  202068e0    00000008     (.common:otherDirX)
                  202068e8    00000008     (.common:otherDirY)
                  202068f0    00000008     (.common:otherPosX)
                  202068f8    00000008     (.common:otherPosY)
                  20206900    00000004     ff.o (.bss.FatFs)
                  20206904    00000004     diskio.o (.bss.Timer1)
                  20206908    00000004     diskio.o (.bss.Timer2)
                  2020690c    00000004     SoundSD.o (.bss.blockCount)
                  20206910    00000004     SoundSD.o (.bss.bytesRead)
                  20206914    00000004     SoundSD.o (.bss.needRefill)
                  20206918    00000004     libc.a : memory.c.obj (.bss.sys_free)
                  2020691c    00000004     (.common:Joy_x)
                  20206920    00000004     (.common:Joy_y)
                  20206924    00000004     (.common:LCDresetFlag)
                  20206928    00000004     (.common:Length)
                  2020692c    00000004     (.common:LostData)
                  20206930    00000004     (.common:Messageindex)
                  20206934    00000004     (.common:RxGetI)
                  20206938    00000004     (.common:RxPutI)
                  2020693c    00000004     (.common:SoundPt)
                  20206940    00000004     (.common:flag_done)
                  20206944    00000004     (.common:ms_done)
                  20206948    00000004     (.common:ms_passed)
                  2020694c    00000002     ff.o (.bss.Fsid)
                  2020694e    00000002     ST7735_SDC.o (.bss.sdcBuffer)
                  20206950    00000001     diskio.o (.bss.CardType)
                  20206951    00000001     ST7735_SDC.o (.bss.ColStart)
                  20206952    00000001     ST7735_SDC.o (.bss.Rotation)
                  20206953    00000001     ST7735_SDC.o (.bss.RowStart)
                  20206954    00000001     ST7735_SDC.o (.bss.TabColor)
                  20206955    00000001     (.common:InitStatus)
                  20206956    00000001     (.common:MountFresult)
                  20206957    00000001     (.common:isShooting)
                  20206958    00000001     (.common:isSwapping)
                  20206959    00000001     (.common:reloaded)

.data      0    20206960    00000a01     UNINITIALIZED
                  20206960    00000258     main.o (.data.Sprites)
                  20206bb8    000000f0     libc.a : defs.c.obj (.data._ftable)
                  20206ca8    00000078     libsysbm.a : host_device.c.obj (.data._device)
                  20206d20    00000068     main.o (.data.bigammo)
                  20206d88    00000068     main.o (.data.medkit)
                  20206df0    00000068     main.o (.data.pistol)
                  20206e58    00000068     main.o (.data.railgun)
                  20206ec0    00000068     main.o (.data.rifle)
                  20206f28    00000068     main.o (.data.shotgun)
                  20206f90    00000068     main.o (.data.smallammo)
                  20206ff8    00000050     libsysbm.a : host_device.c.obj (.data._stream)
                  20207048    00000048     menus.o (.data.valvanoDialogueEnglish)
                  20207090    00000048     menus.o (.data.valvanoDialogueGleeb)
                  202070d8    00000048     menus.o (.data.valvanoDialogueSpanish)
                  20207120    00000030     menus.o (.data.languageMenuItems)
                  20207150    00000028     Sounds.o (.data.SoundEffects)
                  20207178    00000028     main.o (.data.gunFlash)
                  202071a0    00000024     menus.o (.data.mapMenuItems)
                  202071c4    0000001c     menus.o (.data.deathScreenTextEnglish)
                  202071e0    0000001c     menus.o (.data.deathScreenTextGleeb)
                  202071fc    0000001c     menus.o (.data.deathScreenTextSpanish)
                  20207218    0000001c     main.o (.data.items)
                  20207234    00000018     menus.o (.data.mainMenuItems)
                  2020724c    00000014     main.o (.data.inventory)
                  20207260    00000010     menus.o (.data.languageMenu)
                  20207270    00000010     menus.o (.data.mainMenu)
                  20207280    00000010     menus.o (.data.mapMenu)
                  20207290    00000010     Graphics.o (.data.textures)
                  202072a0    0000000c     Graphics.o (.data.ammoText)
                  202072ac    0000000c     menus.o (.data.deathScreenTexts)
                  202072b8    0000000c     menus.o (.data.valvanoDialogues)
                  202072c4    00000008     libc.a : exit.c.obj (.data..L_MergedGlobals)
                  202072cc    00000004     Clock.o (.data.BusFreq)
                  202072d0    00000008     main.o (.data.dirX)
                  202072d8    00000008     main.o (.data.dirY)
                  202072e0    00000008     main.o (.data.planeX)
                  202072e8    00000008     main.o (.data.planeY)
                  202072f0    00000008     main.o (.data.posX)
                  202072f8    00000008     main.o (.data.posY)
                  20207300    00000004     Graphics.o (.data.RenderScene.side)
                  20207304    00000004     ST7735_SDC.o (.data.StX)
                  20207308    00000004     ST7735_SDC.o (.data.StY)
                  2020730c    00000004     SoundSD.o (.data.SysTick_Handler.idx)
                  20207310    00000004     libc.a : defs.c.obj (.data.__TI_ft_end)
                  20207314    00000004            : _lock.c.obj (.data._lock)
                  20207318    00000004            : _lock.c.obj (.data._unlock)
                  2020731c    00000004     SoundSD.o (.data.back)
                  20207320    00000004     SoundSD.o (.data.front)
                  20207324    00000004     main.o (.data.kills)
                  20207328    00000004     libc.a : rand.c.obj (.data.next)
                  2020732c    00000004     main.o (.data.numsprites)
                  20207330    00000004     main.o (.data.otherHealth)
                  20207334    00000004     main.o (.data.otherKills)
                  20207338    00000004     Sync.o (.data.otherPlayer)
                  2020733c    00000004     main.o (.data.playerHealth)
                  20207340    00000002     ST7735_SDC.o (.data.StTextColor)
                  20207342    00000002     Sync.o (.data.TIMA0_IRQHandler.timeCt)
                  20207344    00000002     ST7735_SDC.o (.data._height)
                  20207346    00000002     ST7735_SDC.o (.data._width)
                  20207348    00000002     Sync.o (.data.hitTimer)
                  2020734a    00000001     menus.o (.data.GetTriggerPressed.last)
                  2020734b    00000001     sprites.o (.data.RenderForegroundSprites.sidesDrawn)
                  2020734c    00000001     Sounds.o (.data.SoundMode)
                  2020734d    00000001     diskio.o (.data.Stat)
                  2020734e    00000001     Sync.o (.data.TIMG7_IRQHandler.packetIndex)
                  2020734f    00000001     Sync.o (.data.TIMG8_IRQHandler.packetIndex)
                  20207350    00000001     libsysbm.a : add_device.c.obj (.data.add_device.device_init)
                  20207351    00000001     sprites.o (.data.canSwapItems)
                  20207352    00000001     Sounds.o (.data.enabled)
                  20207353    00000001     main.o (.data.healthCode)
                  20207354    00000001     Sync.o (.data.hitDir)
                  20207355    00000001     main.o (.data.isOnTarget)
                  20207356    00000001     main.o (.data.isVulnerable)
                  20207357    00000001     Sync.o (.data.itemsStatus)
                  20207358    00000001     menus.o (.data.language)
                  20207359    00000001     Input.o (.data.lastInput)
                  2020735a    00000001     Input.o (.data.rifleCanShoot)
                  2020735b    00000001     menus.o (.data.selection)
                  2020735c    00000001     libc.a : memory.c.obj (.data.memory_is_initialized)
                  2020735d    00000001     menus.o (.data.startGameSelected)
                  2020735e    00000001     menus.o (.data.triggerPressed)
                  2020735f    00000001     menus.o (.data.y)
                  20207360    00000001     libsysbm.a : open.c.obj (.data.open.stream_init)

.sysmem    0    20207368    00000200     UNINITIALIZED
                  20207368    00000010     libc.a : memory.c.obj (.sysmem)
                  20207378    000001f0     --HOLE--

.stack     0    20207e00    00000200     UNINITIALIZED
                  20207e00    00000004     libc.a : boot_cortex_m.c.obj (.stack)
                  20207e04    000001fc     --HOLE--

__llvm_prf_cnts 
*          0    20200000    00000000     UNINITIALIZED

__llvm_prf_bits 
*          0    20200000    00000000     UNINITIALIZED

MODULE SUMMARY

       Module                         code    ro data   rw data
       ------                         ----    -------   -------
    .\
       main.o                         846     29870     1519   
       Graphics.o                     3708    24646     3614   
       Sounds.o                       192     24703     50     
       Buffer.o                       1556    1275      20608  
       ff.o                           8902    15        6      
       ST7735_SDC.o                   4906    1486      36     
       menus.o                        1344    3541      486    
       diskio.o                       3300    0         14     
       SoundSD.o                      550     1         2160   
       sprites.o                      2602    0         2      
       Input.o                        2300    0         5      
       Sync.o                         2212    0         12     
       Timer.o                        1156    0         0      
       Inventory.o                    760     0         0      
       ADC.o                          704     0         0      
       Clock.o                        516     0         4      
       UART2.o                        358     0         4      
       SPI.o                          312     0         0      
       FIFO.o                         196     0         72     
       LaunchPad.o                    196     0         0      
       DAC.o                          188     0         0      
       UART1.o                        148     0         0      
       Async_Delay.o                  128     0         12     
       Joy.o                          80      0         0      
    +--+------------------------------+-------+---------+---------+
       Total:                         37160   85537     28604  
                                                               
    .\ticlang\
       startup_mspm0g3507_ticlang.o   60      192       0      
    +--+------------------------------+-------+---------+---------+
       Total:                         60      192       0      
                                                               
    C:\ti\ccs2000\ccs\tools\compiler\ti-cgt-armllvm_4.0.1.LTS\lib\armv6m-ti-none-eabi/c/libc.a
       memory.c.obj                   702     0         5      
       _printfi.c.obj                 658     17        0      
       fopen.c.obj                    556     0         0      
       defs.c.obj                     0       0         404    
       s_floor.c.obj                  324     0         0      
       qsort.c.obj                    308     0         0      
       setvbuf.c.obj                  224     0         0      
       getdevice.c.obj                160     0         0      
       strcmp-armv6m.S.obj            136     0         0      
       copy_decompress_lzss.c.obj     124     0         0      
       fclose.c.obj                   124     0         0      
       rand.c.obj                     92      0         4      
       sprintf.c.obj                  90      0         0      
       fflush.c.obj                   82      0         0      
       exit.c.obj                     56      0         8      
       autoinit.c.obj                 60      0         0      
       boot_cortex_m.c.obj            40      0         0      
       memccpy.c.obj                  34      0         0      
       copy_decompress_none.c.obj     18      0         0      
       memcpy16.S.obj                 18      0         0      
       copy_zero_init.c.obj           16      0         0      
       memset16.S.obj                 14      0         0      
       _lock.c.obj                    2       0         8      
       pre_init.c.obj                 4       0         0      
    +--+------------------------------+-------+---------+---------+
       Total:                         3842    17        429    
                                                               
    C:\ti\ccs2000\ccs\tools\compiler\ti-cgt-armllvm_4.0.1.LTS\lib\armv6m-ti-none-eabi/c/libsysbm.a
       trgmsg.c.obj                   104     0         288    
       add_device.c.obj               236     0         1      
       host_device.c.obj              0       0         200    
       open.c.obj                     160     0         1      
       hostrename.c.obj               136     0         0      
       hostlseek.c.obj                108     0         0      
       hostopen.c.obj                 96      0         8      
       hostread.c.obj                 88      0         0      
       hostwrite.c.obj                88      0         0      
       close.c.obj                    80      0         0      
       hostclose.c.obj                72      0         0      
       hostunlink.c.obj               72      0         0      
       unlink.c.obj                   44      0         0      
       write.c.obj                    40      0         0      
       remove.c.obj                   8       0         0      
    +--+------------------------------+-------+---------+---------+
       Total:                         1332    0         498    
                                                               
    C:\ti\ccs2000\ccs\tools\compiler\ti-cgt-armllvm_4.0.1.LTS\lib\armv6m-ti-none-eabi/libclang_rt.builtins.a
       adddf3.S.obj                   402     0         0      
       divdf3.S.obj                   268     0         0      
       muldf3.S.obj                   228     0         0      
       comparedf2.c.obj               220     0         0      
       aeabi_dcmp.S.obj               98      0         0      
       aeabi_idivmod.S.obj            86      0         0      
       fixdfsi.S.obj                  74      0         0      
       aeabi_uidivmod.S.obj           64      0         0      
       muldsi3.S.obj                  58      0         0      
       floatsidf.S.obj                44      0         0      
       floatunsidf.S.obj              36      0         0      
       aeabi_memset.S.obj             26      0         0      
       aeabi_memcpy.S.obj             8       0         0      
       aeabi_div0.c.obj               2       0         0      
    +--+------------------------------+-------+---------+---------+
       Total:                         1614    0         0      
                                                               
       Heap:                          0       0         512    
       Stack:                         0       0         512    
       Linker Generated:              0       951       0      
    +--+------------------------------+-------+---------+---------+
       Grand Total:                   44008   86697     30555  


LINKER GENERATED COPY TABLES

__TI_cinit_table @ 0001feb8 records: 2, size/record: 8, table size: 16
	.data: load addr=0001fb10, load size=00000393 bytes, run addr=20206960, run size=00000a01 bytes, compression=lzss
	.bss: load addr=0001feb0, load size=00000008 bytes, run addr=20200000, run size=0000695a bytes, compression=zero_init


LINKER GENERATED HANDLER TABLE

__TI_handler_table @ 0001fea4 records: 3, size/record: 4, table size: 12
	index: 0, handler: __TI_decompress_lzss
	index: 1, handler: __TI_decompress_none
	index: 2, handler: __TI_zero_init


GLOBAL SYMBOLS: SORTED ALPHABETICALLY BY Name 

address   name                          
-------   ----                          
0001f7c9  ADC0_IRQHandler               
0001ea41  ADC0_In                       
0001add9  ADC0_Init                     
0001f7c9  ADC1_IRQHandler               
0001dfc9  ADC_InDual                    
0001a201  ADC_InitDual                  
0001f7c9  AES_IRQHandler                
0001ee39  ActivatePortA_B               
000137b6  Ammosprite                    
202072cc  BusFreq                       
0001fb00  C$$EXIT                       
0001f121  C$$IO$$                       
0001f7c9  CANFD0_IRQHandler             
0001f659  CS_Init                       
0001621d  CastRays                      
0001f9c1  Clock_Delay                   
0001efbd  Clock_Delay1ms                
0001fa8d  Clock_Freq                    
00018c15  Clock_Init80MHz               
0001f7c9  DAC0_IRQHandler               
0001c331  DAC_Init                      
0001f93d  DAC_Out                       
0001f7c9  DMA_IRQHandler                
00019c11  DeathScreen                   
0001f7c9  Default_Handler               
0001f9d1  Delay                         
00002480  DrM0Back                      
00004480  DrM0Front                     
000179f9  DrawCrosshair                 
00018495  DrawHealthBar                 
0001b7f5  DrawHitIndicator              
0001d771  DrawMinimap                   
00010140  ExplosionImage                
0001cf21  FillMap                       
0001f7c9  GROUP0_IRQHandler             
0001f7c9  GROUP1_IRQHandler             
0001ba71  GameLoop                      
0001daad  Graphics_Init                 
0001e849  HOSTclose                     
0001dcdd  HOSTlseek                     
0001e1b9  HOSTopen                      
0001e331  HOSTread                      
0001dd49  HOSTrename                    
0001e891  HOSTunlink                    
0001e389  HOSTwrite                     
0001f7e5  HardFault_Handler             
0001f7c9  I2C0_IRQHandler               
0001f7c9  I2C1_IRQHandler               
20206955  InitStatus                    
0001ea85  Input_Init                    
0001b1a9  Inventory_add                 
0001f979  Inventory_currentItem         
0001f67d  Inventory_next                
0001d94f  Inventory_removeCurrent       
0001b635  Inventory_replace             
0001f98b  Item_isSpent                  
0001f72f  Item_isWeapon                 
0001f801  Joy_In                        
0001f9e1  Joy_InButton                  
0001f6a1  Joy_Init                      
2020691c  Joy_x                         
20206920  Joy_y                         
20206924  LCDresetFlag                  
0001d505  LaunchPad_Init                
20206928  Length                        
2020692c  LostData                      
00013336  Map2                          
000139b6  Medkitsprite                  
00016a59  Menus_Run                     
202068cc  Message                       
20206930  Messageindex                  
20206956  MountFresult                  
00014f01  MovePlayer                    
0001f7c9  NMI_Handler                   
00013576  OGMap                         
0001f7c9  PendSV_Handler                
00010940  PistolImage                   
00013bb6  Pistolsprite                  
0001d279  PrecalculateFloorGradient     
0001f7c9  RTC_IRQHandler                
00011140  RailgunImage                  
00013db6  Railgunsprite                 
0001bb3d  RandomizeSprites              
0001f9f1  ReadKeys                      
0001ecd1  RenderBuffer                  
0001aecd  RenderForegroundSprites       
0001d7e9  RenderHUD                     
0001c3d9  RenderInventory               
0001eac9  RenderScene                   
0001afc1  RenderSky                     
00015679  RenderSprite                  
000192ad  RenderSprites                 
0001faf9  Reset_Handler                 
00011940  RifleImage                    
00013fb6  Riflesprite                   
0001e6d1  RxFifo_Get                    
0001f951  RxFifo_Init                   
0001e71d  RxFifo_Put                    
0001f839  RxFifo_Size                   
20206934  RxGetI                        
20206938  RxPutI                        
00006480  SCBarkley                     
0001f7c9  SPI0_IRQHandler               
0001f7c9  SPI1_IRQHandler               
00019ad1  SPI1_Init                     
0001ace1  SPI_Init                      
0001eb51  SPI_Reset                     
0001e3e1  ST7735_ClearScreenBlack       
0001f261  ST7735_Color565               
00018285  ST7735_DrawBitmap             
0001a799  ST7735_DrawBitmapFromSDC      
00018f79  ST7735_DrawCharS              
0001db1d  ST7735_DrawPixel              
0001d2fd  ST7735_DrawString             
00018689  ST7735_DrawTextBoxS           
00018071  ST7735_DrawTextBoxS_IF        
0001a569  ST7735_FillRect               
0001f439  ST7735_FillScreen             
0001cb99  ST7735_InitPrintf             
0001cc35  ST7735_InitR                  
0001b8d1  ST7735_OutChar                
0001d381  ST7735_OutUDec                
0001eff1  ST7735_SetCursor              
0001b0b5  ST7735_SetRotation            
0001f965  ST7735_SetTextColor           
0001fac9  ST7735_close                  
0001fa1f  ST7735_lseek                  
0001f8f9  ST7735_open                   
0001f90f  ST7735_read                   
0001fa99  ST7735_rename                 
0001fad3  ST7735_unlink                 
0001f025  ST7735_write                  
0001f7c9  SVC_Handler                   
00012140  ShotgunImage                  
000141b6  Shotgunsprite                 
20207150  SoundEffects                  
0001f851  SoundEffects_disable          
0001f869  SoundEffects_enable           
2020734c  SoundMode                     
2020693c  SoundPt                       
0001e8d9  SoundSD_Init                  
0001f881  SoundSD_Mount                 
0001db8d  SoundSD_Play                  
0001cd65  SoundSD_Service               
0001e921  Sound_Init                    
0001e969  Sound_Start                   
20206960  Sprites                       
20207340  StTextColor                   
20207304  StX                           
20207308  StY                           
0001faa5  Sync_Init                     
0001cdf9  SysTick_Handler               
0001f059  SystemInit                    
0001dbfd  TFT_OutCommand                
0001ddb5  TFT_OutData                   
0001eb91  TIMA0_IRQHandler              
0001f295  TIMA1_IRQHandler              
0001e9b1  TIMG0_IRQHandler              
0001bcd1  TIMG12_IRQHandler             
0001f899  TIMG6_IRQHandler              
0001d9c5  TIMG7_IRQHandler              
0001e279  TIMG8_IRQHandler              
0001f99d  TI_memcpy_small               
0001fa65  TI_memset_small               
0001c481  TimerA0_IntArm                
0001c12d  TimerA1_IntArm                
0001c871  TimerG0_IntArm                
0001ce8d  TimerG12_IntArm               
0001c529  TimerG6_IntArm                
0001c5d1  TimerG7_IntArm                
0001c679  TimerG8_IntArm                
0001f7c9  UART0_IRQHandler              
0001f7c9  UART1_IRQHandler              
0001d581  UART1_Init                    
0001f8b1  UART1_OutChar                 
0001de21  UART2_IRQHandler              
0001f541  UART2_InChar                  
0001b9a1  UART2_Init                    
0001f7c9  UART3_IRQHandler              
20205000  ZBuffer                       
2020664c  _CIOBUF_                      
2020664c  __CIOBUF_                     
20208000  __STACK_END                   
00000200  __STACK_SIZE                  
00000200  __SYSMEM_SIZE                 
00000000  __TI_ATRegion0_region_sz      
00000000  __TI_ATRegion0_src_addr       
00000000  __TI_ATRegion0_trg_addr       
00000000  __TI_ATRegion1_region_sz      
00000000  __TI_ATRegion1_src_addr       
00000000  __TI_ATRegion1_trg_addr       
00000000  __TI_ATRegion2_region_sz      
00000000  __TI_ATRegion2_src_addr       
00000000  __TI_ATRegion2_trg_addr       
0001feb8  __TI_CINIT_Base               
0001fec8  __TI_CINIT_Limit              
0001fec8  __TI_CINIT_Warm               
0001fea4  __TI_Handler_Table_Base       
0001feb0  __TI_Handler_Table_Limit      
0001edc1  __TI_auto_init_nobinit_nopinit
0001f08d  __TI_cleanup                  
202072c4  __TI_cleanup_ptr              
0001d5fd  __TI_closefile                
0001d6f5  __TI_decompress_lzss          
0001f9af  __TI_decompress_none          
0001e58d  __TI_doflush                  
202072c8  __TI_dtors_ptr                
20207310  __TI_ft_end                   
ffffffff  __TI_pprof_out_hndl           
00017505  __TI_printfi_minimal          
ffffffff  __TI_prof_data_size           
ffffffff  __TI_prof_data_start          
0001f0c1  __TI_readmsg                  
00000000  __TI_static_base__            
2020676c  __TI_tmpnams                  
0001f0f5  __TI_writemsg                 
0001fa01  __TI_zero_init                
00019123  __adddf3                      
0001e7b5  __aeabi_d2iz                  
00019123  __aeabi_dadd                  
0001e0f5  __aeabi_dcmpeq                
0001e131  __aeabi_dcmpge                
0001e145  __aeabi_dcmpgt                
0001e11d  __aeabi_dcmple                
0001e109  __aeabi_dcmplt                
0001aad5  __aeabi_ddiv                  
0001b46d  __aeabi_dmul                  
00019119  __aeabi_dsub                  
0001f465  __aeabi_i2d                   
0001e439  __aeabi_idiv                  
000192ab  __aeabi_idiv0                 
0001e439  __aeabi_idivmod               
0001fab1  __aeabi_memclr                
0001fab1  __aeabi_memclr4               
0001fab1  __aeabi_memclr8               
0001fae9  __aeabi_memcpy                
0001fae9  __aeabi_memcpy4               
0001fae9  __aeabi_memcpy8               
0001fa2d  __aeabi_memset                
0001fa2d  __aeabi_memset4               
0001fa2d  __aeabi_memset8               
0001f6c5  __aeabi_ui2d                  
0001ebd1  __aeabi_uidiv                 
0001ebd1  __aeabi_uidivmod              
ffffffff  __binit__                     
0001def9  __cmpdf2                      
0001aad5  __divdf3                      
0001def9  __eqdf2                       
0001e7b5  __fixdfsi                     
0001f465  __floatsidf                   
0001f6c5  __floatunsidf                 
0001da39  __gedf2                       
0001da39  __gtdf2                       
0001def9  __ledf2                       
0001def9  __ltdf2                       
UNDEFED   __mpu_init                    
0001b46d  __muldf3                      
0001edfd  __muldsi3                     
0001def9  __nedf2                       
20207e00  __stack                       
20200000  __start___llvm_prf_bits       
20200000  __start___llvm_prf_cnts       
20200000  __stop___llvm_prf_bits        
20200000  __stop___llvm_prf_cnts        
00019119  __subdf3                      
0001f5e5  _c_int00_noargs               
20206ca8  _device                       
20206bb8  _ftable                       
20207314  _lock                         
0001a1ff  _nop                          
20206ff8  _stream                       
20207368  _sys_memory                   
UNDEFED   _system_post_cinit            
0001fafd  _system_pre_init              
20207318  _unlock                       
0001fb01  abort                         
0001b299  add_device                    
0001a8ad  aligned_alloc                 
202072a0  ammoText                      
00014c3c  backText                      
20206d20  bigammo                       
ffffffff  binit                         
0001ca59  blitBufferToRenderBuffer      
20207351  canSwapItems                  
00008480  circuitBoardTex               
0001f925  clearDialogueLine             
0001d0d1  clearRenderBuffer             
0001e5e1  close                         
0001ef51  clust2sect                    
0001e48f  compareSprites                
202071c4  deathScreenTextEnglish        
202071e0  deathScreenTextGleeb          
202071fc  deathScreenTextSpanish        
202072ac  deathScreenTexts              
0001bc09  dialogueScreen                
202072d0  dirX                          
202072d8  dirY                          
0001c285  diskError                     
00017c31  disk_initialize               
00016d11  disk_ioctl                    
0001b551  disk_read                     
0001f2c5  disk_status                   
0001dc6d  disk_timerproc                
0001a681  disk_write                    
0001abe1  drawCharToBuffer              
00017e59  drawForegroundSpriteToBuffer  
20207352  enabled                       
00014c48  englishText                   
0001f129  exit                          
0001ec91  f_close                       
00016fc9  f_lseek                       
0001cccd  f_mount                       
00017789  f_open                        
0001726d  f_read                        
0001a9c1  f_sync                        
0001f2f5  fastCos                       
0001ed0d  fastSin                       
0001e4e5  fillmessage                   
0001f15d  finddevice                    
20206940  flag_done                     
00019849  floor                         
2020680c  floorGradient                 
00019849  floorl                        
0001f325  fopen                         
0001b385  free                          
0001f191  freopen                       
0001f385  friendlyDelay                 
0001c721  generateSprite                
00018dc9  getDirectionPacket            
00019fb1  getInfoPacket                 
0001bd95  getPositionPacket             
0001d679  getRandomMapPos               
0001959d  get_fat                       
0001de8d  getdevice                     
00014c54  gleebText                     
20207178  gunFlash                      
20207353  healthCode                    
20207354  hitDir                        
20207348  hitTimer                      
0001e769  inInventory                   
0001f60d  initRandom                    
00000000  interruptVectors              
2020724c  inventory                     
20207355  isOnTarget                    
20206957  isShooting                    
20206958  isSwapping                    
20207356  isVulnerable                  
20207218  items                         
20207357  itemsStatus                   
20207324  kills                         
20207358  language                      
00014c60  languageMenuTitle             
00014c6c  languageText                  
20207359  lastInput                     
0001f1c5  main                          
00014c78  mainTitleText                 
0001fabd  malloc                        
00014c84  map2Text                      
0000a480  matrix2                       
20206d88  medkit                        
00014c90  medkitName                    
0001a8ad  memalign                      
0001f70d  memccpy                       
20205500  miniMap                       
20206944  ms_done                       
20206948  ms_passed                     
2020732c  numsprites                    
00014c9c  ogMapText                     
0001caf9  open                          
202068e0  otherDirX                     
202068e8  otherDirY                     
20207330  otherHealth                   
20207334  otherKills                    
20207338  otherPlayer                   
202068f0  otherPosX                     
202068f8  otherPosY                     
0000f7f0  outofammoSound                
202068d8  parmbuf                       
20206df0  pistol                        
00014ca8  pistolName                    
0000e2f8  pistolSound                   
202072e0  planeX                        
202072e8  planeY                        
2020733c  playerHealth                  
202072f0  posX                          
202072f8  posY                          
0001e02d  printAmmo                     
0001f22d  printItem                     
0001cfb1  printLeaderboard              
0001bfc9  printToBuffer                 
0001ee71  processHit                    
00018879  put_fat                       
00019e7d  qsort                         
20206e58  railgun                       
00014cb4  railgunName                   
0001eea9  rand                          
000000c0  reloadSound                   
20206959  reloaded                      
0001faf1  remove                        
20200000  renderBuffer                  
0001be55  respawnPlayer                 
20206ec0  rifle                         
2020735a  rifleCanShoot                 
00014cc0  rifleName                     
00014ccc  selectMapText                 
2020735b  selection                     
0001d405  sendDirectionPacket           
0001ed85  sendInfoPacket                
0001f355  sendMenuState                 
0001d485  sendPositionPacket            
0001e2d5  setPixelBuffer                
0001b715  setvbuf                       
20206f28  shotgun                       
00014cd8  shotgunName                   
0000c480  shotgunSound                  
20206f90  smallammo                     
00014ce4  spanishText                   
0001eee1  sprintf                       
0001f6e9  srand                         
00014cf0  startGameText                 
0001ef19  start_delay                   
0001d1f1  strcmp                        
20207290  textures                      
0001f3b3  typeDialogueLine              
0001f515  unlink                        
20207048  valvanoDialogueEnglish        
20207090  valvanoDialogueGleeb          
202070d8  valvanoDialogueSpanish        
202072b8  valvanoDialogues              
0000ee96  weaploadSound                 
20205980  worldMap                      
0001f5bd  write                         


GLOBAL SYMBOLS: SORTED BY Symbol Address 

address   name                          
-------   ----                          
00000000  __TI_ATRegion0_region_sz      
00000000  __TI_ATRegion0_src_addr       
00000000  __TI_ATRegion0_trg_addr       
00000000  __TI_ATRegion1_region_sz      
00000000  __TI_ATRegion1_src_addr       
00000000  __TI_ATRegion1_trg_addr       
00000000  __TI_ATRegion2_region_sz      
00000000  __TI_ATRegion2_src_addr       
00000000  __TI_ATRegion2_trg_addr       
00000000  __TI_static_base__            
00000000  interruptVectors              
000000c0  reloadSound                   
00000200  __STACK_SIZE                  
00000200  __SYSMEM_SIZE                 
00002480  DrM0Back                      
00004480  DrM0Front                     
00006480  SCBarkley                     
00008480  circuitBoardTex               
0000a480  matrix2                       
0000c480  shotgunSound                  
0000e2f8  pistolSound                   
0000ee96  weaploadSound                 
0000f7f0  outofammoSound                
00010140  ExplosionImage                
00010940  PistolImage                   
00011140  RailgunImage                  
00011940  RifleImage                    
00012140  ShotgunImage                  
00013336  Map2                          
00013576  OGMap                         
000137b6  Ammosprite                    
000139b6  Medkitsprite                  
00013bb6  Pistolsprite                  
00013db6  Railgunsprite                 
00013fb6  Riflesprite                   
000141b6  Shotgunsprite                 
00014c3c  backText                      
00014c48  englishText                   
00014c54  gleebText                     
00014c60  languageMenuTitle             
00014c6c  languageText                  
00014c78  mainTitleText                 
00014c84  map2Text                      
00014c90  medkitName                    
00014c9c  ogMapText                     
00014ca8  pistolName                    
00014cb4  railgunName                   
00014cc0  rifleName                     
00014ccc  selectMapText                 
00014cd8  shotgunName                   
00014ce4  spanishText                   
00014cf0  startGameText                 
00014f01  MovePlayer                    
00015679  RenderSprite                  
0001621d  CastRays                      
00016a59  Menus_Run                     
00016d11  disk_ioctl                    
00016fc9  f_lseek                       
0001726d  f_read                        
00017505  __TI_printfi_minimal          
00017789  f_open                        
000179f9  DrawCrosshair                 
00017c31  disk_initialize               
00017e59  drawForegroundSpriteToBuffer  
00018071  ST7735_DrawTextBoxS_IF        
00018285  ST7735_DrawBitmap             
00018495  DrawHealthBar                 
00018689  ST7735_DrawTextBoxS           
00018879  put_fat                       
00018c15  Clock_Init80MHz               
00018dc9  getDirectionPacket            
00018f79  ST7735_DrawCharS              
00019119  __aeabi_dsub                  
00019119  __subdf3                      
00019123  __adddf3                      
00019123  __aeabi_dadd                  
000192ab  __aeabi_idiv0                 
000192ad  RenderSprites                 
0001959d  get_fat                       
00019849  floor                         
00019849  floorl                        
00019ad1  SPI1_Init                     
00019c11  DeathScreen                   
00019e7d  qsort                         
00019fb1  getInfoPacket                 
0001a1ff  _nop                          
0001a201  ADC_InitDual                  
0001a569  ST7735_FillRect               
0001a681  disk_write                    
0001a799  ST7735_DrawBitmapFromSDC      
0001a8ad  aligned_alloc                 
0001a8ad  memalign                      
0001a9c1  f_sync                        
0001aad5  __aeabi_ddiv                  
0001aad5  __divdf3                      
0001abe1  drawCharToBuffer              
0001ace1  SPI_Init                      
0001add9  ADC0_Init                     
0001aecd  RenderForegroundSprites       
0001afc1  RenderSky                     
0001b0b5  ST7735_SetRotation            
0001b1a9  Inventory_add                 
0001b299  add_device                    
0001b385  free                          
0001b46d  __aeabi_dmul                  
0001b46d  __muldf3                      
0001b551  disk_read                     
0001b635  Inventory_replace             
0001b715  setvbuf                       
0001b7f5  DrawHitIndicator              
0001b8d1  ST7735_OutChar                
0001b9a1  UART2_Init                    
0001ba71  GameLoop                      
0001bb3d  RandomizeSprites              
0001bc09  dialogueScreen                
0001bcd1  TIMG12_IRQHandler             
0001bd95  getPositionPacket             
0001be55  respawnPlayer                 
0001bfc9  printToBuffer                 
0001c12d  TimerA1_IntArm                
0001c285  diskError                     
0001c331  DAC_Init                      
0001c3d9  RenderInventory               
0001c481  TimerA0_IntArm                
0001c529  TimerG6_IntArm                
0001c5d1  TimerG7_IntArm                
0001c679  TimerG8_IntArm                
0001c721  generateSprite                
0001c871  TimerG0_IntArm                
0001ca59  blitBufferToRenderBuffer      
0001caf9  open                          
0001cb99  ST7735_InitPrintf             
0001cc35  ST7735_InitR                  
0001cccd  f_mount                       
0001cd65  SoundSD_Service               
0001cdf9  SysTick_Handler               
0001ce8d  TimerG12_IntArm               
0001cf21  FillMap                       
0001cfb1  printLeaderboard              
0001d0d1  clearRenderBuffer             
0001d1f1  strcmp                        
0001d279  PrecalculateFloorGradient     
0001d2fd  ST7735_DrawString             
0001d381  ST7735_OutUDec                
0001d405  sendDirectionPacket           
0001d485  sendPositionPacket            
0001d505  LaunchPad_Init                
0001d581  UART1_Init                    
0001d5fd  __TI_closefile                
0001d679  getRandomMapPos               
0001d6f5  __TI_decompress_lzss          
0001d771  DrawMinimap                   
0001d7e9  RenderHUD                     
0001d94f  Inventory_removeCurrent       
0001d9c5  TIMG7_IRQHandler              
0001da39  __gedf2                       
0001da39  __gtdf2                       
0001daad  Graphics_Init                 
0001db1d  ST7735_DrawPixel              
0001db8d  SoundSD_Play                  
0001dbfd  TFT_OutCommand                
0001dc6d  disk_timerproc                
0001dcdd  HOSTlseek                     
0001dd49  HOSTrename                    
0001ddb5  TFT_OutData                   
0001de21  UART2_IRQHandler              
0001de8d  getdevice                     
0001def9  __cmpdf2                      
0001def9  __eqdf2                       
0001def9  __ledf2                       
0001def9  __ltdf2                       
0001def9  __nedf2                       
0001dfc9  ADC_InDual                    
0001e02d  printAmmo                     
0001e0f5  __aeabi_dcmpeq                
0001e109  __aeabi_dcmplt                
0001e11d  __aeabi_dcmple                
0001e131  __aeabi_dcmpge                
0001e145  __aeabi_dcmpgt                
0001e1b9  HOSTopen                      
0001e279  TIMG8_IRQHandler              
0001e2d5  setPixelBuffer                
0001e331  HOSTread                      
0001e389  HOSTwrite                     
0001e3e1  ST7735_ClearScreenBlack       
0001e439  __aeabi_idiv                  
0001e439  __aeabi_idivmod               
0001e48f  compareSprites                
0001e4e5  fillmessage                   
0001e58d  __TI_doflush                  
0001e5e1  close                         
0001e6d1  RxFifo_Get                    
0001e71d  RxFifo_Put                    
0001e769  inInventory                   
0001e7b5  __aeabi_d2iz                  
0001e7b5  __fixdfsi                     
0001e849  HOSTclose                     
0001e891  HOSTunlink                    
0001e8d9  SoundSD_Init                  
0001e921  Sound_Init                    
0001e969  Sound_Start                   
0001e9b1  TIMG0_IRQHandler              
0001ea41  ADC0_In                       
0001ea85  Input_Init                    
0001eac9  RenderScene                   
0001eb51  SPI_Reset                     
0001eb91  TIMA0_IRQHandler              
0001ebd1  __aeabi_uidiv                 
0001ebd1  __aeabi_uidivmod              
0001ec91  f_close                       
0001ecd1  RenderBuffer                  
0001ed0d  fastSin                       
0001ed85  sendInfoPacket                
0001edc1  __TI_auto_init_nobinit_nopinit
0001edfd  __muldsi3                     
0001ee39  ActivatePortA_B               
0001ee71  processHit                    
0001eea9  rand                          
0001eee1  sprintf                       
0001ef19  start_delay                   
0001ef51  clust2sect                    
0001efbd  Clock_Delay1ms                
0001eff1  ST7735_SetCursor              
0001f025  ST7735_write                  
0001f059  SystemInit                    
0001f08d  __TI_cleanup                  
0001f0c1  __TI_readmsg                  
0001f0f5  __TI_writemsg                 
0001f121  C$$IO$$                       
0001f129  exit                          
0001f15d  finddevice                    
0001f191  freopen                       
0001f1c5  main                          
0001f22d  printItem                     
0001f261  ST7735_Color565               
0001f295  TIMA1_IRQHandler              
0001f2c5  disk_status                   
0001f2f5  fastCos                       
0001f325  fopen                         
0001f355  sendMenuState                 
0001f385  friendlyDelay                 
0001f3b3  typeDialogueLine              
0001f439  ST7735_FillScreen             
0001f465  __aeabi_i2d                   
0001f465  __floatsidf                   
0001f515  unlink                        
0001f541  UART2_InChar                  
0001f5bd  write                         
0001f5e5  _c_int00_noargs               
0001f60d  initRandom                    
0001f659  CS_Init                       
0001f67d  Inventory_next                
0001f6a1  Joy_Init                      
0001f6c5  __aeabi_ui2d                  
0001f6c5  __floatunsidf                 
0001f6e9  srand                         
0001f70d  memccpy                       
0001f72f  Item_isWeapon                 
0001f7c9  ADC0_IRQHandler               
0001f7c9  ADC1_IRQHandler               
0001f7c9  AES_IRQHandler                
0001f7c9  CANFD0_IRQHandler             
0001f7c9  DAC0_IRQHandler               
0001f7c9  DMA_IRQHandler                
0001f7c9  Default_Handler               
0001f7c9  GROUP0_IRQHandler             
0001f7c9  GROUP1_IRQHandler             
0001f7c9  I2C0_IRQHandler               
0001f7c9  I2C1_IRQHandler               
0001f7c9  NMI_Handler                   
0001f7c9  PendSV_Handler                
0001f7c9  RTC_IRQHandler                
0001f7c9  SPI0_IRQHandler               
0001f7c9  SPI1_IRQHandler               
0001f7c9  SVC_Handler                   
0001f7c9  UART0_IRQHandler              
0001f7c9  UART1_IRQHandler              
0001f7c9  UART3_IRQHandler              
0001f7e5  HardFault_Handler             
0001f801  Joy_In                        
0001f839  RxFifo_Size                   
0001f851  SoundEffects_disable          
0001f869  SoundEffects_enable           
0001f881  SoundSD_Mount                 
0001f899  TIMG6_IRQHandler              
0001f8b1  UART1_OutChar                 
0001f8f9  ST7735_open                   
0001f90f  ST7735_read                   
0001f925  clearDialogueLine             
0001f93d  DAC_Out                       
0001f951  RxFifo_Init                   
0001f965  ST7735_SetTextColor           
0001f979  Inventory_currentItem         
0001f98b  Item_isSpent                  
0001f99d  TI_memcpy_small               
0001f9af  __TI_decompress_none          
0001f9c1  Clock_Delay                   
0001f9d1  Delay                         
0001f9e1  Joy_InButton                  
0001f9f1  ReadKeys                      
0001fa01  __TI_zero_init                
0001fa1f  ST7735_lseek                  
0001fa2d  __aeabi_memset                
0001fa2d  __aeabi_memset4               
0001fa2d  __aeabi_memset8               
0001fa65  TI_memset_small               
0001fa8d  Clock_Freq                    
0001fa99  ST7735_rename                 
0001faa5  Sync_Init                     
0001fab1  __aeabi_memclr                
0001fab1  __aeabi_memclr4               
0001fab1  __aeabi_memclr8               
0001fabd  malloc                        
0001fac9  ST7735_close                  
0001fad3  ST7735_unlink                 
0001fae9  __aeabi_memcpy                
0001fae9  __aeabi_memcpy4               
0001fae9  __aeabi_memcpy8               
0001faf1  remove                        
0001faf9  Reset_Handler                 
0001fafd  _system_pre_init              
0001fb00  C$$EXIT                       
0001fb01  abort                         
0001fea4  __TI_Handler_Table_Base       
0001feb0  __TI_Handler_Table_Limit      
0001feb8  __TI_CINIT_Base               
0001fec8  __TI_CINIT_Limit              
0001fec8  __TI_CINIT_Warm               
20200000  __start___llvm_prf_bits       
20200000  __start___llvm_prf_cnts       
20200000  __stop___llvm_prf_bits        
20200000  __stop___llvm_prf_cnts        
20200000  renderBuffer                  
20205000  ZBuffer                       
20205500  miniMap                       
20205980  worldMap                      
2020664c  _CIOBUF_                      
2020664c  __CIOBUF_                     
2020676c  __TI_tmpnams                  
2020680c  floorGradient                 
202068cc  Message                       
202068d8  parmbuf                       
202068e0  otherDirX                     
202068e8  otherDirY                     
202068f0  otherPosX                     
202068f8  otherPosY                     
2020691c  Joy_x                         
20206920  Joy_y                         
20206924  LCDresetFlag                  
20206928  Length                        
2020692c  LostData                      
20206930  Messageindex                  
20206934  RxGetI                        
20206938  RxPutI                        
2020693c  SoundPt                       
20206940  flag_done                     
20206944  ms_done                       
20206948  ms_passed                     
20206955  InitStatus                    
20206956  MountFresult                  
20206957  isShooting                    
20206958  isSwapping                    
20206959  reloaded                      
20206960  Sprites                       
20206bb8  _ftable                       
20206ca8  _device                       
20206d20  bigammo                       
20206d88  medkit                        
20206df0  pistol                        
20206e58  railgun                       
20206ec0  rifle                         
20206f28  shotgun                       
20206f90  smallammo                     
20206ff8  _stream                       
20207048  valvanoDialogueEnglish        
20207090  valvanoDialogueGleeb          
202070d8  valvanoDialogueSpanish        
20207150  SoundEffects                  
20207178  gunFlash                      
202071c4  deathScreenTextEnglish        
202071e0  deathScreenTextGleeb          
202071fc  deathScreenTextSpanish        
20207218  items                         
2020724c  inventory                     
20207290  textures                      
202072a0  ammoText                      
202072ac  deathScreenTexts              
202072b8  valvanoDialogues              
202072c4  __TI_cleanup_ptr              
202072c8  __TI_dtors_ptr                
202072cc  BusFreq                       
202072d0  dirX                          
202072d8  dirY                          
202072e0  planeX                        
202072e8  planeY                        
202072f0  posX                          
202072f8  posY                          
20207304  StX                           
20207308  StY                           
20207310  __TI_ft_end                   
20207314  _lock                         
20207318  _unlock                       
20207324  kills                         
2020732c  numsprites                    
20207330  otherHealth                   
20207334  otherKills                    
20207338  otherPlayer                   
2020733c  playerHealth                  
20207340  StTextColor                   
20207348  hitTimer                      
2020734c  SoundMode                     
20207351  canSwapItems                  
20207352  enabled                       
20207353  healthCode                    
20207354  hitDir                        
20207355  isOnTarget                    
20207356  isVulnerable                  
20207357  itemsStatus                   
20207358  language                      
20207359  lastInput                     
2020735a  rifleCanShoot                 
2020735b  selection                     
20207368  _sys_memory                   
20207e00  __stack                       
20208000  __STACK_END                   
ffffffff  __TI_pprof_out_hndl           
ffffffff  __TI_prof_data_size           
ffffffff  __TI_prof_data_start          
ffffffff  __binit__                     
ffffffff  binit                         
UNDEFED   __mpu_init                    
UNDEFED   _system_post_cinit            

[432 symbols]
