******************************************************************************
            TI ARM Clang Linker PC v4.0.1                      
******************************************************************************
>> Linked Tue Apr  1 09:12:26 2025

OUTPUT FILE NAME:   <TheM0+rix_Segfaulted.out>
ENTRY POINT SYMBOL: "_c_int00_noargs"  address: 0001bd89


MEMORY CONFIGURATION

         name            origin    length      used     unused   attr    fill
----------------------  --------  ---------  --------  --------  ----  --------
  FLASH                 00000000   00020000  0001c1c8  00003e38  R  X
  SRAM                  20200000   00008000  000066f5  0000190b  RW X
  BCR_CONFIG            41c00000   00000080  00000000  00000080  R   
  BSL_CONFIG            41c00100   00000080  00000000  00000080  R   


SEGMENT ALLOCATION MAP

run origin  load origin   length   init length attrs members
----------  ----------- ---------- ----------- ----- -------
00000000    00000000    000169d8   000169d8    r--
  00000000    00000000    000000c0   000000c0    r-- .intvecs
  000000c0    000000c0    00016918   00016918    r-- .rodata
000169e0    000169e0    000057f0   000057f0    r-x
  000169e0    000169e0    000056a0   000056a0    r-x .text
  0001c080    0001c080    00000150   00000150    r-- .cinit
20200000    20200000    000064f8   00000000    rw-
  20200000    20200000    00005e20   00000000    rw- .bss
  20205e20    20205e20    000004d5   00000000    rw- .data
  202062f8    202062f8    00000200   00000000    rw- .sysmem
20207e00    20207e00    00000200   00000000    rw-
  20207e00    20207e00    00000200   00000000    rw- .stack


SECTION ALLOCATION MAP

 output                                  attributes/
section   page    origin      length       input sections
--------  ----  ----------  ----------   ----------------
.intvecs   0    00000000    000000c0     
                  00000000    000000c0     startup_mspm0g3507_ticlang.o (.intvecs)

.text      0    000169e0    000056a0     
                  000169e0    00000a48     libc.a : e_pow.c.obj (.text.pow)
                  00017428    00000524     Graphics.o (.text.CastRays)
                  0001794c    000004e4     Input.o (.text.MovePlayer)
                  00017e30    000004cc     sprites.o (.text.RenderSprite)
                  000182fc    00000284     libc.a : _printfi.c.obj (.text:__TI_printfi_minimal)
                  00018580    00000224     Graphics.o (.text.DrawCrosshair)
                  000187a4    00000210     ST7735.o (.text.ST7735_DrawBitmap)
                  000189b4    0000020c     Buffer.o (.text.drawForegroundSpriteToBuffer)
                  00018bc0    000001b4     Clock.o (.text.Clock_Init80MHz)
                  00018d74    00000192     libclang_rt.builtins.a : adddf3.S.obj (.text.adddf3_subdf3)
                  00018f06    00000002                            : aeabi_div0.c.obj (.text.__aeabi_idiv0)
                  00018f08    0000018c     sprites.o (.text.RenderSprites)
                  00019094    00000170     libc.a : e_sqrt.c.obj (.text.sqrt)
                  00019204    00000144            : s_floor.c.obj (.text.floor)
                  00019348    00000134            : qsort.c.obj (.text.qsort)
                  0001947c    00000124     ADC.o (.text.ADC_InitDual)
                  000195a0    00000118     ST7735.o (.text.ST7735_FillRect)
                  000196b8    00000114     libc.a : memory.c.obj (.text.aligned_alloc)
                  000197cc    0000010c     libclang_rt.builtins.a : divdf3.S.obj (.text.__divdf3)
                  000198d8    00000100     Buffer.o (.text.drawCharToBuffer)
                  000199d8    000000f8     Graphics.o (.text.DrawHealthBar)
                  00019ad0    000000f8     SPI.o (.text.SPI_Init)
                  00019bc8    000000f8     libc.a : fputs.c.obj (.text.fputs)
                  00019cc0    000000f4     Graphics.o (.text.RenderSky)
                  00019db4    000000f4     ST7735.o (.text.ST7735_SetRotation)
                  00019ea8    000000e8     libc.a : memory.c.obj (.text.free)
                  00019f90    000000e4     libclang_rt.builtins.a : muldf3.S.obj (.text.__muldf3)
                  0001a074    000000e0     libc.a : setvbuf.c.obj (.text.setvbuf)
                  0001a154    000000d8            : s_scalbn.c.obj (.text.scalbn)
                  0001a22c    000000cc     Input.o (.text.TIMG12_IRQHandler)
                  0001a2f8    000000b4     Buffer.o (.text.printToBuffer)
                  0001a3ac    000000a8     DAC.o (.text.DAC_Init)
                  0001a454    000000a8     sprites.o (.text.RenderInventory)
                  0001a4fc    000000a2     ST7735.o (.text.commandList)
                  0001a59e    00000002     libc.a : _lock.c.obj (.text._nop)
                  0001a5a0    000000a0     Buffer.o (.text.blitBufferToRenderBuffer)
                  0001a640    0000009c     libc.a : fputc.c.obj (.text.fputc)
                  0001a6dc    00000098     ST7735.o (.text.ST7735_InitR)
                  0001a774    00000094     Timer.o (.text.TimerG12_IntArm)
                  0001a808    00000090     Graphics.o (.text.FillMap)
                  0001a898    00000090     main.o (.text.main)
                  0001a928    0000008c     Buffer.o (.text.clearRenderBuffer)
                  0001a9b4    00000088     ST7735.o (.text.setAddrWindow)
                  0001aa3c    00000004     libc.a : pre_init.c.obj (.text._system_pre_init)
                  0001aa40    00000088            : strcmp-armv6m.S.obj (.text:strcmp)
                  0001aac8    00000084     Buffer.o (.text.PrecalculateFloorGradient)
                  0001ab4c    00000080     Items.o (.text.Inventory_add)
                  0001abcc    0000007c     LaunchPad.o (.text.LaunchPad_Init)
                  0001ac48    0000007c     libc.a : fclose.c.obj (.text.__TI_closefile)
                  0001acc4    0000007c            : copy_decompress_lzss.c.obj (.text:decompress:lzss)
                  0001ad40    00000078     Graphics.o (.text.DrawMinimap)
                  0001adb8    00000074     libclang_rt.builtins.a : comparedf2.c.obj (.text.__gedf2)
                  0001ae2c    0000006c     libsysbm.a : hostlseek.c.obj (.text.HOSTlseek)
                  0001ae98    0000006c                : hostrename.c.obj (.text.HOSTrename)
                  0001af04    0000006c     libc.a : fseek.c.obj (.text.fseeko)
                  0001af70    0000006c            : getdevice.c.obj (.text.getdevice)
                  0001afdc    00000068     libclang_rt.builtins.a : comparedf2.c.obj (.text.__ledf2)
                  0001b044    00000064     ADC.o (.text.ADC_InDual)
                  0001b0a8    00000064     libc.a : _io_perm.c.obj (.text.__TI_wrt_ok)
                  0001b10c    00000064            : memory.c.obj (.text.split)
                  0001b170    00000062     libclang_rt.builtins.a : aeabi_dcmp.S.obj (.text.__aeabi_dcmp)
                  0001b1d2    00000002     --HOLE-- [fill = 0]
                  0001b1d4    00000060     libsysbm.a : hostopen.c.obj (.text.HOSTopen)
                  0001b234    0000005c     sprites.o (.text.RenderForegroundSprites)
                  0001b290    0000005c     libc.a : printf.c.obj (.text.printf)
                  0001b2ec    0000005c     Buffer.o (.text.setPixelBuffer)
                  0001b348    00000058     libsysbm.a : hostread.c.obj (.text.HOSTread)
                  0001b3a0    00000058                : hostwrite.c.obj (.text.HOSTwrite)
                  0001b3f8    00000058     Graphics.o (.text.RenderHUD)
                  0001b450    00000056     libclang_rt.builtins.a : aeabi_idivmod.S.obj (.text.__aeabi_idivmod)
                  0001b4a6    00000056     sprites.o (.text.compareSprites)
                  0001b4fc    00000052     libc.a : fflush.c.obj (.text.__TI_doflush)
                  0001b54e    00000002     --HOLE-- [fill = 0]
                  0001b550    00000050     libsysbm.a : close.c.obj (.text.close)
                  0001b5a0    0000004a     libclang_rt.builtins.a : fixdfsi.S.obj (.text.__fixdfsi)
                  0001b5ea    00000002     --HOLE-- [fill = 0]
                  0001b5ec    00000048     libsysbm.a : hostclose.c.obj (.text.HOSTclose)
                  0001b634    00000048                : hostunlink.c.obj (.text.HOSTunlink)
                  0001b67c    00000048     SPI.o (.text.SPI_OutCommand)
                  0001b6c4    00000048     Sounds.o (.text.Sound_Init)
                  0001b70c    00000044     Input.o (.text.Input_Init)
                  0001b750    00000044     Sounds.o (.text.SysTick_Handler)
                  0001b794    00000040     Graphics.o (.text.RenderScene)
                  0001b7d4    00000040     SPI.o (.text.SPI_Reset)
                  0001b814    00000040     libclang_rt.builtins.a : aeabi_uidivmod.S.obj (.text.__aeabi_uidivmod)
                  0001b854    0000003c     Input.o (.text.fastSin)
                  0001b890    0000003c     Graphics.o (.text.printAmmo)
                  0001b8cc    0000003c     libc.a : autoinit.c.obj (.text:__TI_auto_init_nobinit_nopinit)
                  0001b908    0000003a     libclang_rt.builtins.a : muldsi3.S.obj (.text.__muldsi3)
                  0001b942    00000002     --HOLE-- [fill = 0]
                  0001b944    00000038     LaunchPad.o (.text.ActivatePortA_B)
                  0001b97c    00000038     Buffer.o (.text.RenderBuffer)
                  0001b9b4    00000038     SPI.o (.text.SPI_OutData)
                  0001b9ec    00000038     Sounds.o (.text.Sound_Start)
                  0001ba24    00000038     libc.a : rand.c.obj (.text.rand)
                  0001ba5c    00000038            : sprintf.c.obj (.text.sprintf)
                  0001ba94    00000034     Clock.o (.text.Clock_Delay1ms)
                  0001bac8    00000034     ST7735.o (.text.ST7735_SetCursor)
                  0001bafc    00000034     libc.a : fopen.c.obj (.text.__TI_cleanup)
                  0001bb30    00000034     libsysbm.a : trgmsg.c.obj (.text.__TI_readmsg)
                  0001bb64    00000034                : trgmsg.c.obj (.text.__TI_writemsg)
                  0001bb98    00000034     libc.a : exit.c.obj (.text.exit)
                  0001bbcc    00000034            : getdevice.c.obj (.text.finddevice)
                  0001bc00    00000030     ST7735.o (.text.commonInit)
                  0001bc30    00000030     Input.o (.text.fastCos)
                  0001bc60    0000002c     ST7735.o (.text.ST7735_FillScreen)
                  0001bc8c    0000002c     main.o (.text.SystemInit)
                  0001bcb8    0000002c     libclang_rt.builtins.a : floatsidf.S.obj (.text.__floatsidf)
                  0001bce4    0000002c     libsysbm.a : unlink.c.obj (.text.unlink)
                  0001bd10    00000028     libc.a : memory.c.obj (.text.free_list_insert)
                  0001bd38    00000028     libsysbm.a : lseek.c.obj (.text.lseek)
                  0001bd60    00000028                : write.c.obj (.text.write)
                  0001bd88    00000028     libc.a : boot_cortex_m.c.obj (.text:_c_int00_noargs)
                  0001bdb0    00000024     Graphics.o (.text.Graphics_Init)
                  0001bdd4    00000024     Items.o (.text.Inventory_next)
                  0001bdf8    00000024     Joy.o (.text.Joy_Init)
                  0001be1c    00000022     libc.a : memccpy.c.obj (.text.memccpy)
                  0001be3e    00000002     --HOLE-- [fill = 0]
                  0001be40    0000001c     startup_mspm0g3507_ticlang.o (.text.Default_Handler)
                  0001be5c    0000001c     startup_mspm0g3507_ticlang.o (.text.HardFault_Handler)
                  0001be78    0000001c     Joy.o (.text.Joy_In)
                  0001be94    0000001c     libc.a : memory.c.obj (.text.free_list_remove)
                  0001beb0    00000018            : sprintf.c.obj (.text._outs)
                  0001bec8    00000014     DAC.o (.text.DAC_Out)
                  0001bedc    00000012     libc.a : memcpy16.S.obj (.text:TI_memcpy_small)
                  0001beee    00000012            : copy_decompress_none.c.obj (.text:decompress:none)
                  0001bf00    00000010     Clock.o (.text.Clock_Delay)
                  0001bf10    00000010     LaunchPad.o (.text.Delay)
                  0001bf20    00000010     Input.o (.text.ReadKeys)
                  0001bf30    00000010     libc.a : copy_zero_init.c.obj (.text:decompress:ZI)
                  0001bf40    0000000e            : memory.c.obj (.text.OUTLINED_FUNCTION_0)
                  0001bf4e    00000002     --HOLE-- [fill = 0]
                  0001bf50    0000000e     libclang_rt.builtins.a : aeabi_memset.S.obj (.text.__aeabi_memset)
                  0001bf5e    0000000e     libsysbm.a : hostrename.c.obj (.text.strcpy)
                  0001bf6c    0000000e     libc.a : _printfi.c.obj (.text.strlen)
                  0001bf7a    0000000e     libsysbm.a : hostrename.c.obj (.text.strlen)
                  0001bf88    0000000e     libc.a : memset16.S.obj (.text:TI_memset_small)
                  0001bf96    00000002     --HOLE-- [fill = 0]
                  0001bf98    0000000c     Clock.o (.text.Clock_Freq)
                  0001bfa4    0000000c     libclang_rt.builtins.a : aeabi_memset.S.obj (.text.__aeabi_memclr)
                  0001bfb0    0000000c     libc.a : memory.c.obj (.text.malloc)
                  0001bfbc    0000000a            : e_pow.c.obj (.text.OUTLINED_FUNCTION_0)
                  0001bfc6    00000002     --HOLE-- [fill = 0]
                  0001bfc8    00000010     libclang_rt.builtins.a : muldf3.S.obj (.tramp.__aeabi_dmul.1)
                  0001bfd8    0000000a     libc.a : e_pow.c.obj (.text.OUTLINED_FUNCTION_1)
                  0001bfe2    0000000a            : e_pow.c.obj (.text.OUTLINED_FUNCTION_6)
                  0001bfec    0000000a            : sprintf.c.obj (.text._outc)
                  0001bff6    00000008            : e_pow.c.obj (.text.OUTLINED_FUNCTION_2)
                  0001bffe    00000002     --HOLE-- [fill = 0]
                  0001c000    00000010     libclang_rt.builtins.a : adddf3.S.obj (.tramp.__aeabi_dsub.1)
                  0001c010    00000008     libc.a : aeabi_portable.c.obj (.text.__aeabi_errno_addr)
                  0001c018    00000008     libclang_rt.builtins.a : aeabi_memcpy.S.obj (.text.__aeabi_memcpy)
                  0001c020    00000008     libc.a : printf.c.obj (.text._outc)
                  0001c028    00000008            : printf.c.obj (.text._outs)
                  0001c030    00000008            : fseek.c.obj (.text.fseek)
                  0001c038    00000008     libsysbm.a : remove.c.obj (.text.remove)
                  0001c040    00000006     libc.a : e_pow.c.obj (.text.OUTLINED_FUNCTION_3)
                  0001c046    00000002     --HOLE-- [fill = 0]
                  0001c048    00000010     libclang_rt.builtins.a : adddf3.S.obj (.tramp.__aeabi_dadd.1)
                  0001c058    00000006     libc.a : e_pow.c.obj (.text.OUTLINED_FUNCTION_4)
                  0001c05e    00000006            : e_pow.c.obj (.text.OUTLINED_FUNCTION_5)
                  0001c064    00000004            : e_pow.c.obj (.text.OUTLINED_FUNCTION_10)
                  0001c068    00000004            : e_pow.c.obj (.text.OUTLINED_FUNCTION_7)
                  0001c06c    00000004            : e_pow.c.obj (.text.OUTLINED_FUNCTION_8)
                  0001c070    00000004            : e_pow.c.obj (.text.OUTLINED_FUNCTION_9)
                  0001c074    00000004     startup_mspm0g3507_ticlang.o (.text.Reset_Handler)
                  0001c078    00000004     libc.a : exit.c.obj (.text:abort)
                  0001c07c    00000004     --HOLE-- [fill = 0]

.cinit     0    0001c080    00000150     
                  0001c080    00000129     (.cinit..data.load) [load image, compression = lzss]
                  0001c1a9    00000003     --HOLE-- [fill = 0]
                  0001c1ac    0000000c     (__TI_handler_table)
                  0001c1b8    00000008     (.cinit..bss.load) [load image, compression = zero_init]
                  0001c1c0    00000010     (__TI_cinit_table)

.rodata    0    000000c0    00016918     
                  000000c0    00004900     Sounds.o (.rodata.reloadSound)
                  000049c0    00002ab4     Sounds.o (.rodata.pistolSound)
                  00007474    00002000     Graphics.o (.rodata.SCBarkley)
                  00009474    00002000     Graphics.o (.rodata.circuitBoardTex2)
                  0000b474    00002000     Graphics.o (.rodata.circuitBoardTex)
                  0000d474    00002000     Graphics.o (.rodata.matrix2)
                  0000f474    00002000     Graphics.o (.rodata.matrix)
                  00011474    00001e78     Sounds.o (.rodata.shotgunSound)
                  000132ec    0000095a     Sounds.o (.rodata.weaploadSound)
                  00013c46    0000094f     Sounds.o (.rodata.outofammoSound)
                  00014595    00000001     --HOLE-- [fill = 0]
                  00014596    00000800     main.o (.rodata.PistolImage)
                  00014d96    00000800     main.o (.rodata.ShotgunImage)
                  00015596    00000800     main.o (.rodata.target)
                  00015d96    000004fb     Buffer.o (.rodata.Font)
                  00016291    00000240     Graphics.o (.rodata.OGMap)
                  000164d1    00000001     --HOLE-- [fill = 0]
                  000164d2    00000200     main.o (.rodata.Shotgunsprite)
                  000166d2    00000200     main.o (.rodata.pistolsprite)
                  000168d2    0000003b     ST7735.o (.rodata.Rcmd1)
                  0001690d    00000003     --HOLE-- [fill = 0]
                  00016910    00000030     libc.a : e_pow.c.obj (.rodata.cst16)
                  00016940    0000002b     ST7735.o (.rodata.Rcmd3)
                  0001696b    00000014     main.o (.rodata.str1.58265674741439123291)
                  0001697f    00000011     libc.a : _printfi.c.obj (.rodata.str1.153638888446227384661)
                  00016990    00000010     main.o (.rodata.str1.128962870563899395191)
                  000169a0    0000000d     ST7735.o (.rodata.Rcmd2green)
                  000169ad    0000000d     ST7735.o (.rodata.Rcmd2red)
                  000169ba    0000000c     main.o (.rodata.str1.181369900268917052751)
                  000169c6    0000000c     Graphics.o (.rodata.str1.25158831670344200691)
                  000169d2    00000006     --HOLE-- [fill = 0]

.init_array 
*          0    00000000    00000000     UNINITIALIZED

.binit     0    00000000    00000000     

.bss       0    20200000    00005e20     UNINITIALIZED
                  20200000    00005000     (.common:renderBuffer)
                  20205000    00000500     (.common:ZBuffer)
                  20205500    00000480     (.common:miniMap)
                  20205980    00000240     (.common:worldMap)
                  20205bc0    00000120     libsysbm.a : trgmsg.c.obj (.bss:_CIOBUF_)
                  20205ce0    000000a0     libc.a : defs.c.obj (.bss.__TI_tmpnams)
                  20205d80    00000080     (.common:floorGradient)
                  20205e00    00000008     libsysbm.a : hostopen.c.obj (.bss.parmbuf)
                  20205e08    00000004     libc.a : memory.c.obj (.bss.sys_free)
                  20205e0c    00000004     (.common:Joy_x)
                  20205e10    00000004     (.common:Joy_y)
                  20205e14    00000004     (.common:Length)
                  20205e18    00000004     (.common:SoundPt)
                  20205e1c    00000001     ST7735.o (.bss.ColStart)
                  20205e1d    00000001     ST7735.o (.bss.Rotation)
                  20205e1e    00000001     ST7735.o (.bss.RowStart)
                  20205e1f    00000001     ST7735.o (.bss.TabColor)

.data      0    20205e20    000004d5     UNINITIALIZED
                  20205e20    00000190     main.o (.data.Sprites)
                  20205fb0    000000f0     libc.a : defs.c.obj (.data._ftable)
                  202060a0    00000078     libsysbm.a : host_device.c.obj (.data._device)
                  20206118    00000060     main.o (.data.pistol2)
                  20206178    00000060     main.o (.data.pistol)
                  202061d8    00000050     libsysbm.a : host_device.c.obj (.data._stream)
                  20206228    00000028     Sounds.o (.data.SoundEffects)
                  20206250    00000014     main.o (.data.inventory)
                  20206264    00000014     Graphics.o (.data.textures)
                  20206278    00000008     libc.a : exit.c.obj (.data..L_MergedGlobals)
                  20206280    00000008     main.o (.data.dirX)
                  20206288    00000008     main.o (.data.dirY)
                  20206290    00000008     main.o (.data.items)
                  20206298    00000008     main.o (.data.planeX)
                  202062a0    00000008     main.o (.data.planeY)
                  202062a8    00000008     main.o (.data.posX)
                  202062b0    00000008     main.o (.data.posY)
                  202062b8    00000004     Clock.o (.data.BusFreq)
                  202062bc    00000004     Graphics.o (.data.RenderScene.side)
                  202062c0    00000004     ST7735.o (.data.StX)
                  202062c4    00000004     ST7735.o (.data.StY)
                  202062c8    00000004     libc.a : defs.c.obj (.data.__TI_ft_end)
                  202062cc    00000004            : aeabi_portable.c.obj (.data.__aeabi_errno)
                  202062d0    00000004            : _lock.c.obj (.data._lock)
                  202062d4    00000004            : _lock.c.obj (.data._unlock)
                  202062d8    00000004     Graphics.o (.data.lastHealth)
                  202062dc    00000004     libc.a : rand.c.obj (.data.next)
                  202062e0    00000004     main.o (.data.numsprites)
                  202062e4    00000004     main.o (.data.playerHealth)
                  202062e8    00000002     ST7735.o (.data.StTextColor)
                  202062ea    00000002     ST7735.o (.data._height)
                  202062ec    00000002     ST7735.o (.data._width)
                  202062ee    00000001     main.o (.data.accuracyRad)
                  202062ef    00000001     main.o (.data.ammo)
                  202062f0    00000001     main.o (.data.isOnTarget)
                  202062f1    00000001     Input.o (.data.lastInput)
                  202062f2    00000001     main.o (.data.max_ammo)
                  202062f3    00000001     --HOLE--
                  202062f4    00000001     libc.a : memory.c.obj (.data.memory_is_initialized)

.sysmem    0    202062f8    00000200     UNINITIALIZED
                  202062f8    00000010     libc.a : memory.c.obj (.sysmem)
                  20206308    000001f0     --HOLE--

.stack     0    20207e00    00000200     UNINITIALIZED
                  20207e00    00000004     libc.a : boot_cortex_m.c.obj (.stack)
                  20207e04    000001fc     --HOLE--

__llvm_prf_cnts 
*          0    20200000    00000000     UNINITIALIZED

__llvm_prf_bits 
*          0    20200000    00000000     UNINITIALIZED

MODULE SUMMARY

       Module                         code    ro data   rw data
       ------                         ----    -------   -------
    .\
       Graphics.o                     2868    41548     3044   
       Sounds.o                       196     42197     48     
       Buffer.o                       1540    1275      20608  
       main.o                         188     7216      680    
       sprites.o                      1970    0         0      
       ST7735.o                       1646    128       18     
       Input.o                        1648    0         1      
       Clock.o                        516     0         4      
       SPI.o                          440     0         0      
       ADC.o                          392     0         0      
       LaunchPad.o                    196     0         0      
       DAC.o                          188     0         0      
       Items.o                        164     0         0      
       Timer.o                        148     0         0      
       Joy.o                          64      0         0      
    +--+------------------------------+-------+---------+---------+
       Total:                         12164   92364     24403  
                                                               
    .\ticlang\
       startup_mspm0g3507_ticlang.o   60      192       0      
    +--+------------------------------+-------+---------+---------+
       Total:                         60      192       0      
                                                               
    C:\ti\ccs2000\ccs\tools\compiler\ti-cgt-armllvm_4.0.1.LTS\lib\armv6m-ti-none-eabi/c/libc.a
       e_pow.c.obj                    2704    48        0      
       memory.c.obj                   702     0         5      
       _printfi.c.obj                 658     17        0      
       defs.c.obj                     0       0         404    
       e_sqrt.c.obj                   368     0         0      
       s_floor.c.obj                  324     0         0      
       qsort.c.obj                    308     0         0      
       fputs.c.obj                    248     0         0      
       setvbuf.c.obj                  224     0         0      
       s_scalbn.c.obj                 216     0         0      
       getdevice.c.obj                160     0         0      
       fputc.c.obj                    156     0         0      
       strcmp-armv6m.S.obj            136     0         0      
       copy_decompress_lzss.c.obj     124     0         0      
       fclose.c.obj                   124     0         0      
       fseek.c.obj                    116     0         0      
       printf.c.obj                   108     0         0      
       _io_perm.c.obj                 100     0         0      
       sprintf.c.obj                  90      0         0      
       fflush.c.obj                   82      0         0      
       exit.c.obj                     56      0         8      
       autoinit.c.obj                 60      0         0      
       rand.c.obj                     56      0         4      
       fopen.c.obj                    52      0         0      
       boot_cortex_m.c.obj            40      0         0      
       memccpy.c.obj                  34      0         0      
       copy_decompress_none.c.obj     18      0         0      
       memcpy16.S.obj                 18      0         0      
       copy_zero_init.c.obj           16      0         0      
       memset16.S.obj                 14      0         0      
       aeabi_portable.c.obj           8       0         4      
       _lock.c.obj                    2       0         8      
       pre_init.c.obj                 4       0         0      
    +--+------------------------------+-------+---------+---------+
       Total:                         7326    65        433    
                                                               
    C:\ti\ccs2000\ccs\tools\compiler\ti-cgt-armllvm_4.0.1.LTS\lib\armv6m-ti-none-eabi/c/libsysbm.a
       trgmsg.c.obj                   104     0         288    
       host_device.c.obj              0       0         200    
       hostrename.c.obj               136     0         0      
       hostlseek.c.obj                108     0         0      
       hostopen.c.obj                 96      0         8      
       hostread.c.obj                 88      0         0      
       hostwrite.c.obj                88      0         0      
       close.c.obj                    80      0         0      
       hostclose.c.obj                72      0         0      
       hostunlink.c.obj               72      0         0      
       unlink.c.obj                   44      0         0      
       lseek.c.obj                    40      0         0      
       write.c.obj                    40      0         0      
       remove.c.obj                   8       0         0      
    +--+------------------------------+-------+---------+---------+
       Total:                         976     0         496    
                                                               
    C:\ti\ccs2000\ccs\tools\compiler\ti-cgt-armllvm_4.0.1.LTS\lib\armv6m-ti-none-eabi/libclang_rt.builtins.a
       adddf3.S.obj                   434     0         0      
       divdf3.S.obj                   268     0         0      
       muldf3.S.obj                   244     0         0      
       comparedf2.c.obj               220     0         0      
       aeabi_dcmp.S.obj               98      0         0      
       aeabi_idivmod.S.obj            86      0         0      
       fixdfsi.S.obj                  74      0         0      
       aeabi_uidivmod.S.obj           64      0         0      
       muldsi3.S.obj                  58      0         0      
       floatsidf.S.obj                44      0         0      
       aeabi_memset.S.obj             26      0         0      
       aeabi_memcpy.S.obj             8       0         0      
       aeabi_div0.c.obj               2       0         0      
    +--+------------------------------+-------+---------+---------+
       Total:                         1626    0         0      
                                                               
       Heap:                          0       0         512    
       Stack:                         0       0         512    
       Linker Generated:              0       333       0      
    +--+------------------------------+-------+---------+---------+
       Grand Total:                   22152   92954     26356  


LINKER GENERATED COPY TABLES

__TI_cinit_table @ 0001c1c0 records: 2, size/record: 8, table size: 16
	.data: load addr=0001c080, load size=00000129 bytes, run addr=20205e20, run size=000004d5 bytes, compression=lzss
	.bss: load addr=0001c1b8, load size=00000008 bytes, run addr=20200000, run size=00005e20 bytes, compression=zero_init


LINKER GENERATED HANDLER TABLE

__TI_handler_table @ 0001c1ac records: 3, size/record: 4, table size: 12
	index: 0, handler: __TI_decompress_lzss
	index: 1, handler: __TI_decompress_none
	index: 2, handler: __TI_zero_init


FAR CALL TRAMPOLINES

callee name               trampoline name
   callee addr  tramp addr   call addr  call info
--------------  -----------  ---------  ----------------
__aeabi_dmul              $Tramp$TT$L$PI$$__aeabi_dmul
   00019f91     0001bfc8     0001bfc4   libc.a : e_pow.c.obj (.text.OUTLINED_FUNCTION_0)
                             0001bfe0          : e_pow.c.obj (.text.OUTLINED_FUNCTION_1)
                             0001bfea          : e_pow.c.obj (.text.OUTLINED_FUNCTION_6)
                             0001c05c          : e_pow.c.obj (.text.OUTLINED_FUNCTION_4)
                             0001c062          : e_pow.c.obj (.text.OUTLINED_FUNCTION_5)
                             0001c06e          : e_pow.c.obj (.text.OUTLINED_FUNCTION_8)
__aeabi_dsub              $Tramp$TT$L$PI$$__aeabi_dsub
   00018d75     0001c000     0001bffc   libc.a : e_pow.c.obj (.text.OUTLINED_FUNCTION_2)
__aeabi_dadd              $Tramp$TT$L$PI$$__aeabi_dadd
   00018d7f     0001c048     0001c044   libc.a : e_pow.c.obj (.text.OUTLINED_FUNCTION_3)
                             0001c066          : e_pow.c.obj (.text.OUTLINED_FUNCTION_10)
                             0001c06a          : e_pow.c.obj (.text.OUTLINED_FUNCTION_7)
                             0001c072          : e_pow.c.obj (.text.OUTLINED_FUNCTION_9)

[3 trampolines]
[11 trampoline calls]


GLOBAL SYMBOLS: SORTED ALPHABETICALLY BY Name 

address   name                          
-------   ----                          
0001be41  ADC0_IRQHandler               
0001be41  ADC1_IRQHandler               
0001b045  ADC_InDual                    
0001947d  ADC_InitDual                  
0001be41  AES_IRQHandler                
0001b945  ActivatePortA_B               
202062b8  BusFreq                       
0001c078  C$$EXIT                       
0001bb91  C$$IO$$                       
0001be41  CANFD0_IRQHandler             
00017429  CastRays                      
0001bf01  Clock_Delay                   
0001ba95  Clock_Delay1ms                
0001bf99  Clock_Freq                    
00018bc1  Clock_Init80MHz               
0001be41  DAC0_IRQHandler               
0001a3ad  DAC_Init                      
0001bec9  DAC_Out                       
0001be41  DMA_IRQHandler                
0001be41  Default_Handler               
0001bf11  Delay                         
00018581  DrawCrosshair                 
000199d9  DrawHealthBar                 
0001ad41  DrawMinimap                   
0001a809  FillMap                       
0001be41  GROUP0_IRQHandler             
0001be41  GROUP1_IRQHandler             
0001bdb1  Graphics_Init                 
0001b5ed  HOSTclose                     
0001ae2d  HOSTlseek                     
0001b1d5  HOSTopen                      
0001b349  HOSTread                      
0001ae99  HOSTrename                    
0001b635  HOSTunlink                    
0001b3a1  HOSTwrite                     
0001be5d  HardFault_Handler             
0001be41  I2C0_IRQHandler               
0001be41  I2C1_IRQHandler               
0001b70d  Input_Init                    
0001ab4d  Inventory_add                 
0001bdd5  Inventory_next                
0001be79  Joy_In                        
0001bdf9  Joy_Init                      
20205e0c  Joy_x                         
20205e10  Joy_y                         
0001abcd  LaunchPad_Init                
20205e14  Length                        
0001794d  MovePlayer                    
0001be41  NMI_Handler                   
00016291  OGMap                         
0001be41  PendSV_Handler                
00014596  PistolImage                   
0001aac9  PrecalculateFloorGradient     
0001be41  RTC_IRQHandler                
0001bf21  ReadKeys                      
0001b97d  RenderBuffer                  
0001b235  RenderForegroundSprites       
0001b3f9  RenderHUD                     
0001a455  RenderInventory               
0001b795  RenderScene                   
00019cc1  RenderSky                     
00017e31  RenderSprite                  
00018f09  RenderSprites                 
0001c075  Reset_Handler                 
00007474  SCBarkley                     
0001be41  SPI0_IRQHandler               
0001be41  SPI1_IRQHandler               
00019ad1  SPI_Init                      
0001b67d  SPI_OutCommand                
0001b9b5  SPI_OutData                   
0001b7d5  SPI_Reset                     
000187a5  ST7735_DrawBitmap             
000195a1  ST7735_FillRect               
0001bc61  ST7735_FillScreen             
0001a6dd  ST7735_InitR                  
0001bac9  ST7735_SetCursor              
00019db5  ST7735_SetRotation            
0001be41  SVC_Handler                   
00014d96  ShotgunImage                  
000164d2  Shotgunsprite                 
20206228  SoundEffects                  
20205e18  SoundPt                       
0001b6c5  Sound_Init                    
0001b9ed  Sound_Start                   
20205e20  Sprites                       
202062e8  StTextColor                   
202062c0  StX                           
202062c4  StY                           
0001b751  SysTick_Handler               
0001bc8d  SystemInit                    
0001be41  TIMA0_IRQHandler              
0001be41  TIMA1_IRQHandler              
0001be41  TIMG0_IRQHandler              
0001a22d  TIMG12_IRQHandler             
0001be41  TIMG6_IRQHandler              
0001be41  TIMG7_IRQHandler              
0001be41  TIMG8_IRQHandler              
0001bedd  TI_memcpy_small               
0001bf89  TI_memset_small               
0001a775  TimerG12_IntArm               
0001be41  UART0_IRQHandler              
0001be41  UART1_IRQHandler              
0001be41  UART2_IRQHandler              
0001be41  UART3_IRQHandler              
20205000  ZBuffer                       
20205bc0  _CIOBUF_                      
20205bc0  __CIOBUF_                     
20208000  __STACK_END                   
00000200  __STACK_SIZE                  
00000200  __SYSMEM_SIZE                 
00000000  __TI_ATRegion0_region_sz      
00000000  __TI_ATRegion0_src_addr       
00000000  __TI_ATRegion0_trg_addr       
00000000  __TI_ATRegion1_region_sz      
00000000  __TI_ATRegion1_src_addr       
00000000  __TI_ATRegion1_trg_addr       
00000000  __TI_ATRegion2_region_sz      
00000000  __TI_ATRegion2_src_addr       
00000000  __TI_ATRegion2_trg_addr       
0001c1c0  __TI_CINIT_Base               
0001c1d0  __TI_CINIT_Limit              
0001c1d0  __TI_CINIT_Warm               
0001c1ac  __TI_Handler_Table_Base       
0001c1b8  __TI_Handler_Table_Limit      
0001b8cd  __TI_auto_init_nobinit_nopinit
0001bafd  __TI_cleanup                  
20206278  __TI_cleanup_ptr              
0001ac49  __TI_closefile                
0001acc5  __TI_decompress_lzss          
0001beef  __TI_decompress_none          
0001b4fd  __TI_doflush                  
2020627c  __TI_dtors_ptr                
202062c8  __TI_ft_end                   
ffffffff  __TI_pprof_out_hndl           
000182fd  __TI_printfi_minimal          
ffffffff  __TI_prof_data_size           
ffffffff  __TI_prof_data_start          
0001bb31  __TI_readmsg                  
00000000  __TI_static_base__            
20205ce0  __TI_tmpnams                  
0001bb65  __TI_writemsg                 
0001b0a9  __TI_wrt_ok                   
0001bf31  __TI_zero_init                
00018d7f  __adddf3                      
0001b5a1  __aeabi_d2iz                  
00018d7f  __aeabi_dadd                  
0001b171  __aeabi_dcmpeq                
0001b1ad  __aeabi_dcmpge                
0001b1c1  __aeabi_dcmpgt                
0001b199  __aeabi_dcmple                
0001b185  __aeabi_dcmplt                
000197cd  __aeabi_ddiv                  
00019f91  __aeabi_dmul                  
00018d75  __aeabi_dsub                  
202062cc  __aeabi_errno                 
0001c011  __aeabi_errno_addr            
0001bcb9  __aeabi_i2d                   
0001b451  __aeabi_idiv                  
00018f07  __aeabi_idiv0                 
0001b451  __aeabi_idivmod               
0001bfa5  __aeabi_memclr                
0001bfa5  __aeabi_memclr4               
0001bfa5  __aeabi_memclr8               
0001c019  __aeabi_memcpy                
0001c019  __aeabi_memcpy4               
0001c019  __aeabi_memcpy8               
0001bf51  __aeabi_memset                
0001bf51  __aeabi_memset4               
0001bf51  __aeabi_memset8               
0001b815  __aeabi_uidiv                 
0001b815  __aeabi_uidivmod              
ffffffff  __binit__                     
0001afdd  __cmpdf2                      
000197cd  __divdf3                      
0001afdd  __eqdf2                       
0001b5a1  __fixdfsi                     
0001bcb9  __floatsidf                   
0001adb9  __gedf2                       
0001adb9  __gtdf2                       
0001afdd  __ledf2                       
0001afdd  __ltdf2                       
UNDEFED   __mpu_init                    
00019f91  __muldf3                      
0001b909  __muldsi3                     
0001afdd  __nedf2                       
20207e00  __stack                       
20200000  __start___llvm_prf_bits       
20200000  __start___llvm_prf_cnts       
20200000  __stop___llvm_prf_bits        
20200000  __stop___llvm_prf_cnts        
00018d75  __subdf3                      
0001bd89  _c_int00_noargs               
202060a0  _device                       
20205fb0  _ftable                       
202062d0  _lock                         
0001a59f  _nop                          
202061d8  _stream                       
202062f8  _sys_memory                   
UNDEFED   _system_post_cinit            
0001aa3d  _system_pre_init              
202062d4  _unlock                       
0001c079  abort                         
202062ee  accuracyRad                   
000196b9  aligned_alloc                 
202062ef  ammo                          
ffffffff  binit                         
0001a5a1  blitBufferToRenderBuffer      
0000b474  circuitBoardTex               
00009474  circuitBoardTex2              
0001a929  clearRenderBuffer             
0001b551  close                         
0001b4a7  compareSprites                
20206280  dirX                          
20206288  dirY                          
000198d9  drawCharToBuffer              
000189b5  drawForegroundSpriteToBuffer  
0001bb99  exit                          
0001bc31  fastCos                       
0001b855  fastSin                       
0001bbcd  finddevice                    
00019205  floor                         
20205d80  floorGradient                 
00019205  floorl                        
0001a641  fputc                         
00019bc9  fputs                         
00019ea9  free                          
0001c031  fseek                         
0001af05  fseeko                        
0001af71  getdevice                     
00000000  interruptVectors              
20206250  inventory                     
202062f0  isOnTarget                    
20206290  items                         
202062d8  lastHealth                    
202062f1  lastInput                     
0001a155  ldexp                         
0001a155  ldexpl                        
0001bd39  lseek                         
0001a899  main                          
0001bfb1  malloc                        
0000f474  matrix                        
0000d474  matrix2                       
202062f2  max_ammo                      
000196b9  memalign                      
0001be1d  memccpy                       
20205500  miniMap                       
202062e0  numsprites                    
00013c46  outofammoSound                
20205e00  parmbuf                       
20206178  pistol                        
20206118  pistol2                       
000049c0  pistolSound                   
000166d2  pistolsprite                  
20206298  planeX                        
202062a0  planeY                        
202062e4  playerHealth                  
202062a8  posX                          
202062b0  posY                          
000169e1  pow                           
000169e1  powl                          
0001b891  printAmmo                     
0001a2f9  printToBuffer                 
0001b291  printf                        
00019349  qsort                         
0001ba25  rand                          
000000c0  reloadSound                   
0001c039  remove                        
20200000  renderBuffer                  
0001a155  scalbn                        
0001a155  scalbnl                       
0001b2ed  setPixelBuffer                
0001a075  setvbuf                       
00011474  shotgunSound                  
0001ba5d  sprintf                       
00019095  sqrt                          
00019095  sqrtl                         
0001aa41  strcmp                        
00015596  target                        
20206264  textures                      
0001bce5  unlink                        
000132ec  weaploadSound                 
20205980  worldMap                      
0001bd61  write                         


GLOBAL SYMBOLS: SORTED BY Symbol Address 

address   name                          
-------   ----                          
00000000  __TI_ATRegion0_region_sz      
00000000  __TI_ATRegion0_src_addr       
00000000  __TI_ATRegion0_trg_addr       
00000000  __TI_ATRegion1_region_sz      
00000000  __TI_ATRegion1_src_addr       
00000000  __TI_ATRegion1_trg_addr       
00000000  __TI_ATRegion2_region_sz      
00000000  __TI_ATRegion2_src_addr       
00000000  __TI_ATRegion2_trg_addr       
00000000  __TI_static_base__            
00000000  interruptVectors              
000000c0  reloadSound                   
00000200  __STACK_SIZE                  
00000200  __SYSMEM_SIZE                 
000049c0  pistolSound                   
00007474  SCBarkley                     
00009474  circuitBoardTex2              
0000b474  circuitBoardTex               
0000d474  matrix2                       
0000f474  matrix                        
00011474  shotgunSound                  
000132ec  weaploadSound                 
00013c46  outofammoSound                
00014596  PistolImage                   
00014d96  ShotgunImage                  
00015596  target                        
00016291  OGMap                         
000164d2  Shotgunsprite                 
000166d2  pistolsprite                  
000169e1  pow                           
000169e1  powl                          
00017429  CastRays                      
0001794d  MovePlayer                    
00017e31  RenderSprite                  
000182fd  __TI_printfi_minimal          
00018581  DrawCrosshair                 
000187a5  ST7735_DrawBitmap             
000189b5  drawForegroundSpriteToBuffer  
00018bc1  Clock_Init80MHz               
00018d75  __aeabi_dsub                  
00018d75  __subdf3                      
00018d7f  __adddf3                      
00018d7f  __aeabi_dadd                  
00018f07  __aeabi_idiv0                 
00018f09  RenderSprites                 
00019095  sqrt                          
00019095  sqrtl                         
00019205  floor                         
00019205  floorl                        
00019349  qsort                         
0001947d  ADC_InitDual                  
000195a1  ST7735_FillRect               
000196b9  aligned_alloc                 
000196b9  memalign                      
000197cd  __aeabi_ddiv                  
000197cd  __divdf3                      
000198d9  drawCharToBuffer              
000199d9  DrawHealthBar                 
00019ad1  SPI_Init                      
00019bc9  fputs                         
00019cc1  RenderSky                     
00019db5  ST7735_SetRotation            
00019ea9  free                          
00019f91  __aeabi_dmul                  
00019f91  __muldf3                      
0001a075  setvbuf                       
0001a155  ldexp                         
0001a155  ldexpl                        
0001a155  scalbn                        
0001a155  scalbnl                       
0001a22d  TIMG12_IRQHandler             
0001a2f9  printToBuffer                 
0001a3ad  DAC_Init                      
0001a455  RenderInventory               
0001a59f  _nop                          
0001a5a1  blitBufferToRenderBuffer      
0001a641  fputc                         
0001a6dd  ST7735_InitR                  
0001a775  TimerG12_IntArm               
0001a809  FillMap                       
0001a899  main                          
0001a929  clearRenderBuffer             
0001aa3d  _system_pre_init              
0001aa41  strcmp                        
0001aac9  PrecalculateFloorGradient     
0001ab4d  Inventory_add                 
0001abcd  LaunchPad_Init                
0001ac49  __TI_closefile                
0001acc5  __TI_decompress_lzss          
0001ad41  DrawMinimap                   
0001adb9  __gedf2                       
0001adb9  __gtdf2                       
0001ae2d  HOSTlseek                     
0001ae99  HOSTrename                    
0001af05  fseeko                        
0001af71  getdevice                     
0001afdd  __cmpdf2                      
0001afdd  __eqdf2                       
0001afdd  __ledf2                       
0001afdd  __ltdf2                       
0001afdd  __nedf2                       
0001b045  ADC_InDual                    
0001b0a9  __TI_wrt_ok                   
0001b171  __aeabi_dcmpeq                
0001b185  __aeabi_dcmplt                
0001b199  __aeabi_dcmple                
0001b1ad  __aeabi_dcmpge                
0001b1c1  __aeabi_dcmpgt                
0001b1d5  HOSTopen                      
0001b235  RenderForegroundSprites       
0001b291  printf                        
0001b2ed  setPixelBuffer                
0001b349  HOSTread                      
0001b3a1  HOSTwrite                     
0001b3f9  RenderHUD                     
0001b451  __aeabi_idiv                  
0001b451  __aeabi_idivmod               
0001b4a7  compareSprites                
0001b4fd  __TI_doflush                  
0001b551  close                         
0001b5a1  __aeabi_d2iz                  
0001b5a1  __fixdfsi                     
0001b5ed  HOSTclose                     
0001b635  HOSTunlink                    
0001b67d  SPI_OutCommand                
0001b6c5  Sound_Init                    
0001b70d  Input_Init                    
0001b751  SysTick_Handler               
0001b795  RenderScene                   
0001b7d5  SPI_Reset                     
0001b815  __aeabi_uidiv                 
0001b815  __aeabi_uidivmod              
0001b855  fastSin                       
0001b891  printAmmo                     
0001b8cd  __TI_auto_init_nobinit_nopinit
0001b909  __muldsi3                     
0001b945  ActivatePortA_B               
0001b97d  RenderBuffer                  
0001b9b5  SPI_OutData                   
0001b9ed  Sound_Start                   
0001ba25  rand                          
0001ba5d  sprintf                       
0001ba95  Clock_Delay1ms                
0001bac9  ST7735_SetCursor              
0001bafd  __TI_cleanup                  
0001bb31  __TI_readmsg                  
0001bb65  __TI_writemsg                 
0001bb91  C$$IO$$                       
0001bb99  exit                          
0001bbcd  finddevice                    
0001bc31  fastCos                       
0001bc61  ST7735_FillScreen             
0001bc8d  SystemInit                    
0001bcb9  __aeabi_i2d                   
0001bcb9  __floatsidf                   
0001bce5  unlink                        
0001bd39  lseek                         
0001bd61  write                         
0001bd89  _c_int00_noargs               
0001bdb1  Graphics_Init                 
0001bdd5  Inventory_next                
0001bdf9  Joy_Init                      
0001be1d  memccpy                       
0001be41  ADC0_IRQHandler               
0001be41  ADC1_IRQHandler               
0001be41  AES_IRQHandler                
0001be41  CANFD0_IRQHandler             
0001be41  DAC0_IRQHandler               
0001be41  DMA_IRQHandler                
0001be41  Default_Handler               
0001be41  GROUP0_IRQHandler             
0001be41  GROUP1_IRQHandler             
0001be41  I2C0_IRQHandler               
0001be41  I2C1_IRQHandler               
0001be41  NMI_Handler                   
0001be41  PendSV_Handler                
0001be41  RTC_IRQHandler                
0001be41  SPI0_IRQHandler               
0001be41  SPI1_IRQHandler               
0001be41  SVC_Handler                   
0001be41  TIMA0_IRQHandler              
0001be41  TIMA1_IRQHandler              
0001be41  TIMG0_IRQHandler              
0001be41  TIMG6_IRQHandler              
0001be41  TIMG7_IRQHandler              
0001be41  TIMG8_IRQHandler              
0001be41  UART0_IRQHandler              
0001be41  UART1_IRQHandler              
0001be41  UART2_IRQHandler              
0001be41  UART3_IRQHandler              
0001be5d  HardFault_Handler             
0001be79  Joy_In                        
0001bec9  DAC_Out                       
0001bedd  TI_memcpy_small               
0001beef  __TI_decompress_none          
0001bf01  Clock_Delay                   
0001bf11  Delay                         
0001bf21  ReadKeys                      
0001bf31  __TI_zero_init                
0001bf51  __aeabi_memset                
0001bf51  __aeabi_memset4               
0001bf51  __aeabi_memset8               
0001bf89  TI_memset_small               
0001bf99  Clock_Freq                    
0001bfa5  __aeabi_memclr                
0001bfa5  __aeabi_memclr4               
0001bfa5  __aeabi_memclr8               
0001bfb1  malloc                        
0001c011  __aeabi_errno_addr            
0001c019  __aeabi_memcpy                
0001c019  __aeabi_memcpy4               
0001c019  __aeabi_memcpy8               
0001c031  fseek                         
0001c039  remove                        
0001c075  Reset_Handler                 
0001c078  C$$EXIT                       
0001c079  abort                         
0001c1ac  __TI_Handler_Table_Base       
0001c1b8  __TI_Handler_Table_Limit      
0001c1c0  __TI_CINIT_Base               
0001c1d0  __TI_CINIT_Limit              
0001c1d0  __TI_CINIT_Warm               
20200000  __start___llvm_prf_bits       
20200000  __start___llvm_prf_cnts       
20200000  __stop___llvm_prf_bits        
20200000  __stop___llvm_prf_cnts        
20200000  renderBuffer                  
20205000  ZBuffer                       
20205500  miniMap                       
20205980  worldMap                      
20205bc0  _CIOBUF_                      
20205bc0  __CIOBUF_                     
20205ce0  __TI_tmpnams                  
20205d80  floorGradient                 
20205e00  parmbuf                       
20205e0c  Joy_x                         
20205e10  Joy_y                         
20205e14  Length                        
20205e18  SoundPt                       
20205e20  Sprites                       
20205fb0  _ftable                       
202060a0  _device                       
20206118  pistol2                       
20206178  pistol                        
202061d8  _stream                       
20206228  SoundEffects                  
20206250  inventory                     
20206264  textures                      
20206278  __TI_cleanup_ptr              
2020627c  __TI_dtors_ptr                
20206280  dirX                          
20206288  dirY                          
20206290  items                         
20206298  planeX                        
202062a0  planeY                        
202062a8  posX                          
202062b0  posY                          
202062b8  BusFreq                       
202062c0  StX                           
202062c4  StY                           
202062c8  __TI_ft_end                   
202062cc  __aeabi_errno                 
202062d0  _lock                         
202062d4  _unlock                       
202062d8  lastHealth                    
202062e0  numsprites                    
202062e4  playerHealth                  
202062e8  StTextColor                   
202062ee  accuracyRad                   
202062ef  ammo                          
202062f0  isOnTarget                    
202062f1  lastInput                     
202062f2  max_ammo                      
202062f8  _sys_memory                   
20207e00  __stack                       
20208000  __STACK_END                   
ffffffff  __TI_pprof_out_hndl           
ffffffff  __TI_prof_data_size           
ffffffff  __TI_prof_data_start          
ffffffff  __binit__                     
ffffffff  binit                         
UNDEFED   __mpu_init                    
UNDEFED   _system_post_cinit            

[283 symbols]
