******************************************************************************
            TI ARM Clang Linker PC v4.0.1                      
******************************************************************************
>> Linked Mon Apr 14 21:58:24 2025

OUTPUT FILE NAME:   <TheM0+rix_Segfaulted.out>
ENTRY POINT SYMBOL: "_c_int00_noargs"  address: 0001dc0d


MEMORY CONFIGURATION

         name            origin    length      used     unused   attr    fill
----------------------  --------  ---------  --------  --------  ----  --------
  FLASH                 00000000   00020000  0001e2b8  00001d48  R  X
  SRAM                  20200000   00008000  00006a27  000015d9  RW X
  BCR_CONFIG            41c00000   00000080  00000000  00000080  R   
  BSL_CONFIG            41c00100   00000080  00000000  00000080  R   


SEGMENT ALLOCATION MAP

run origin  load origin   length   init length attrs members
----------  ----------- ---------- ----------- ----- -------
00000000    00000000    0001e2b8   0001e2b8    r-x
  00000000    00000000    000000c0   000000c0    r-- .intvecs
  000000c0    000000c0    00016c60   00016c60    r-- .rodata
  00016d20    00016d20    00007370   00007370    r-x .text
  0001e090    0001e090    00000228   00000228    r-- .cinit
20200000    20200000    00006830   00000000    rw-
  20200000    20200000    00005e9a   00000000    rw- .bss
  20205ea0    20205ea0    0000078d   00000000    rw- .data
  20206630    20206630    00000200   00000000    rw- .sysmem
20207e00    20207e00    00000200   00000000    rw-
  20207e00    20207e00    00000200   00000000    rw- .stack


SECTION ALLOCATION MAP

 output                                  attributes/
section   page    origin      length       input sections
--------  ----  ----------  ----------   ----------------
.intvecs   0    00000000    000000c0     
                  00000000    000000c0     startup_mspm0g3507_ticlang.o (.intvecs)

.text      0    00016d20    00007370     
                  00016d20    00000a48     libc.a : e_pow.c.obj (.text.pow)
                  00017768    000006cc     Input.o (.text.MovePlayer)
                  00017e34    00000590     sprites.o (.text.RenderSprite)
                  000183c4    00000524     Graphics.o (.text.CastRays)
                  000188e8    00000284     libc.a : _printfi.c.obj (.text:__TI_printfi_minimal)
                  00018b6c    00000238     Graphics.o (.text.DrawCrosshair)
                  00018da4    00000218     Buffer.o (.text.drawForegroundSpriteToBuffer)
                  00018fbc    00000210     ST7735.o (.text.ST7735_DrawBitmap)
                  000191cc    000001f4     Graphics.o (.text.DrawHealthBar)
                  000193c0    000001b4     Clock.o (.text.Clock_Init80MHz)
                  00019574    000001a8     ST7735.o (.text.ST7735_DrawChar)
                  0001971c    00000192     libclang_rt.builtins.a : adddf3.S.obj (.text.adddf3_subdf3)
                  000198ae    00000002                            : aeabi_div0.c.obj (.text.__aeabi_idiv0)
                  000198b0    0000018c     sprites.o (.text.RenderSprites)
                  00019a3c    00000170     libc.a : e_sqrt.c.obj (.text.sqrt)
                  00019bac    00000154            : fopen.c.obj (.text._openfile)
                  00019d00    00000154     Sync.o (.text.getDirectionPacket)
                  00019e54    00000144     libc.a : s_floor.c.obj (.text.floor)
                  00019f98    00000134            : qsort.c.obj (.text.qsort)
                  0001a0cc    00000124     ADC.o (.text.ADC_InitDual)
                  0001a1f0    00000118     ST7735.o (.text.ST7735_FillRect)
                  0001a308    00000118     main.o (.text.main)
                  0001a420    00000114     libc.a : memory.c.obj (.text.aligned_alloc)
                  0001a534    0000010c     libclang_rt.builtins.a : divdf3.S.obj (.text.__divdf3)
                  0001a640    0000010c     Sync.o (.text.getInfoPacket)
                  0001a74c    00000100     Buffer.o (.text.drawCharToBuffer)
                  0001a84c    000000f8     SPI.o (.text.SPI_Init)
                  0001a944    000000f8     libc.a : fputs.c.obj (.text.fputs)
                  0001aa3c    000000f4     ADC.o (.text.ADC0_Init)
                  0001ab30    000000f4     sprites.o (.text.RenderForegroundSprites)
                  0001ac24    000000f4     Graphics.o (.text.RenderSky)
                  0001ad18    000000f4     ST7735.o (.text.ST7735_SetRotation)
                  0001ae0c    000000ec     libsysbm.a : add_device.c.obj (.text.add_device)
                  0001aef8    000000e8     libc.a : memory.c.obj (.text.free)
                  0001afe0    000000e4     libclang_rt.builtins.a : muldf3.S.obj (.text.__muldf3)
                  0001b0c4    000000e0     libc.a : setvbuf.c.obj (.text.setvbuf)
                  0001b1a4    000000d8            : s_scalbn.c.obj (.text.scalbn)
                  0001b27c    000000d0     Inventory.o (.text.Inventory_add)
                  0001b34c    000000d0     ST7735.o (.text.ST7735_OutChar)
                  0001b41c    000000d0     UART2.o (.text.UART2_Init)
                  0001b4ec    000000c4     Input.o (.text.TIMG12_IRQHandler)
                  0001b5b0    000000c0     Sync.o (.text.getPositionPacket)
                  0001b670    000000b4     Buffer.o (.text.printToBuffer)
                  0001b724    000000a8     DAC.o (.text.DAC_Init)
                  0001b7cc    000000a8     sprites.o (.text.RenderInventory)
                  0001b874    000000a8     Timer.o (.text.TimerG6_IntArm)
                  0001b91c    000000a8     Timer.o (.text.TimerG7_IntArm)
                  0001b9c4    000000a8     Timer.o (.text.TimerG8_IntArm)
                  0001ba6c    000000a4     Timer.o (.text.TimerG0_IntArm)
                  0001bb10    000000a2     ST7735.o (.text.commandList)
                  0001bbb2    00000002     libc.a : _lock.c.obj (.text._nop)
                  0001bbb4    000000a0     Sync.o (.text.RandomizeSprites)
                  0001bc54    000000a0     Buffer.o (.text.blitBufferToRenderBuffer)
                  0001bcf4    000000a0     libsysbm.a : open.c.obj (.text.open)
                  0001bd94    0000009c     ST7735.o (.text.ST7735_InitPrintf)
                  0001be30    0000009c     libc.a : fputc.c.obj (.text.fputc)
                  0001becc    00000098     ST7735.o (.text.ST7735_InitR)
                  0001bf64    00000094     Timer.o (.text.TimerG12_IntArm)
                  0001bff8    00000090     Graphics.o (.text.FillMap)
                  0001c088    0000008c     Buffer.o (.text.clearRenderBuffer)
                  0001c114    00000088     ST7735.o (.text.setAddrWindow)
                  0001c19c    00000004     libc.a : pre_init.c.obj (.text._system_pre_init)
                  0001c1a0    00000088            : strcmp-armv6m.S.obj (.text:strcmp)
                  0001c228    00000084     Buffer.o (.text.PrecalculateFloorGradient)
                  0001c2ac    00000084     ST7735.o (.text.ST7735_DrawString)
                  0001c330    00000080     Sync.o (.text.sendDirectionPacket)
                  0001c3b0    00000080     Sync.o (.text.sendPositionPacket)
                  0001c430    0000007c     LaunchPad.o (.text.LaunchPad_Init)
                  0001c4ac    0000007c     UART1.o (.text.UART1_Init)
                  0001c528    0000007c     libc.a : fclose.c.obj (.text.__TI_closefile)
                  0001c5a4    0000007c     Sync.o (.text.getRandomMapPos)
                  0001c620    0000007c     libc.a : copy_decompress_lzss.c.obj (.text:decompress:lzss)
                  0001c69c    00000078     Graphics.o (.text.DrawMinimap)
                  0001c714    00000074     Inventory.o (.text.Inventory_removeCurrent)
                  0001c788    00000074     Sync.o (.text.TIMG7_IRQHandler)
                  0001c7fc    00000074     libclang_rt.builtins.a : comparedf2.c.obj (.text.__gedf2)
                  0001c870    00000070     Graphics.o (.text.RenderHUD)
                  0001c8e0    0000006c     libsysbm.a : hostlseek.c.obj (.text.HOSTlseek)
                  0001c94c    0000006c                : hostrename.c.obj (.text.HOSTrename)
                  0001c9b8    0000006c     UART2.o (.text.UART2_IRQHandler)
                  0001ca24    0000006c     libc.a : fseek.c.obj (.text.fseeko)
                  0001ca90    0000006c            : getdevice.c.obj (.text.getdevice)
                  0001cafc    00000068     libclang_rt.builtins.a : comparedf2.c.obj (.text.__ledf2)
                  0001cb64    00000064     ADC.o (.text.ADC_InDual)
                  0001cbc8    00000064     libc.a : _io_perm.c.obj (.text.__TI_wrt_ok)
                  0001cc2c    00000064            : memory.c.obj (.text.split)
                  0001cc90    00000062     libclang_rt.builtins.a : aeabi_dcmp.S.obj (.text.__aeabi_dcmp)
                  0001ccf2    00000002     --HOLE-- [fill = 0]
                  0001ccf4    00000060     libsysbm.a : hostopen.c.obj (.text.HOSTopen)
                  0001cd54    0000005c     Sync.o (.text.TIMG8_IRQHandler)
                  0001cdb0    0000005c     libc.a : printf.c.obj (.text.printf)
                  0001ce0c    0000005c     Buffer.o (.text.setPixelBuffer)
                  0001ce68    00000058     libsysbm.a : hostread.c.obj (.text.HOSTread)
                  0001cec0    00000058                : hostwrite.c.obj (.text.HOSTwrite)
                  0001cf18    00000056     libclang_rt.builtins.a : aeabi_idivmod.S.obj (.text.__aeabi_idivmod)
                  0001cf6e    00000056     sprites.o (.text.compareSprites)
                  0001cfc4    00000052     libc.a : fflush.c.obj (.text.__TI_doflush)
                  0001d016    00000002     --HOLE-- [fill = 0]
                  0001d018    00000050     libsysbm.a : close.c.obj (.text.close)
                  0001d068    0000004c     FIFO.o (.text.RxFifo_Get)
                  0001d0b4    0000004c     FIFO.o (.text.RxFifo_Put)
                  0001d100    0000004c     Inventory.o (.text.inInventory)
                  0001d14c    0000004c     Graphics.o (.text.printAmmo)
                  0001d198    0000004a     libclang_rt.builtins.a : fixdfsi.S.obj (.text.__fixdfsi)
                  0001d1e2    00000002     --HOLE-- [fill = 0]
                  0001d1e4    00000048     libsysbm.a : hostclose.c.obj (.text.HOSTclose)
                  0001d22c    00000048                : hostunlink.c.obj (.text.HOSTunlink)
                  0001d274    00000048     SPI.o (.text.SPI_OutCommand)
                  0001d2bc    00000048     Sounds.o (.text.Sound_Init)
                  0001d304    00000048     Async_Delay.o (.text.TIMG0_IRQHandler)
                  0001d34c    00000044     ADC.o (.text.ADC0_In)
                  0001d390    00000044     Input.o (.text.Input_Init)
                  0001d3d4    00000044     Sounds.o (.text.SysTick_Handler)
                  0001d418    00000044     sprites.o (.text.generateSprite)
                  0001d45c    00000040     Graphics.o (.text.RenderScene)
                  0001d49c    00000040     SPI.o (.text.SPI_Reset)
                  0001d4dc    00000040     Sync.o (.text.TIMG6_IRQHandler)
                  0001d51c    00000040     libclang_rt.builtins.a : aeabi_uidivmod.S.obj (.text.__aeabi_uidivmod)
                  0001d55c    00000040     libc.a : fopen.c.obj (.text._search_fp)
                  0001d59c    0000003c     Input.o (.text.fastSin)
                  0001d5d8    0000003c     Sync.o (.text.sendInfoPacket)
                  0001d614    0000003c     Async_Delay.o (.text.start_delay)
                  0001d650    0000003c     libc.a : autoinit.c.obj (.text:__TI_auto_init_nobinit_nopinit)
                  0001d68c    0000003a     libclang_rt.builtins.a : muldsi3.S.obj (.text.__muldsi3)
                  0001d6c6    00000002     --HOLE-- [fill = 0]
                  0001d6c8    00000038     LaunchPad.o (.text.ActivatePortA_B)
                  0001d700    00000038     Buffer.o (.text.RenderBuffer)
                  0001d738    00000038     SPI.o (.text.SPI_OutData)
                  0001d770    00000038     Sounds.o (.text.Sound_Start)
                  0001d7a8    00000038     libc.a : rand.c.obj (.text.rand)
                  0001d7e0    00000038            : sprintf.c.obj (.text.sprintf)
                  0001d818    00000034     Clock.o (.text.Clock_Delay1ms)
                  0001d84c    00000034     ST7735.o (.text.ST7735_SetCursor)
                  0001d880    00000034     ST7735.o (.text.ST7735_write)
                  0001d8b4    00000034     main.o (.text.SystemInit)
                  0001d8e8    00000034     libc.a : fopen.c.obj (.text.__TI_cleanup)
                  0001d91c    00000034     libsysbm.a : trgmsg.c.obj (.text.__TI_readmsg)
                  0001d950    00000034                : trgmsg.c.obj (.text.__TI_writemsg)
                  0001d984    00000034     libc.a : exit.c.obj (.text.exit)
                  0001d9b8    00000034            : getdevice.c.obj (.text.finddevice)
                  0001d9ec    00000034            : fopen.c.obj (.text.freopen)
                  0001da20    00000034     Graphics.o (.text.printItem)
                  0001da54    00000030     ST7735.o (.text.commonInit)
                  0001da84    00000030     Input.o (.text.fastCos)
                  0001dab4    00000030     libc.a : fopen.c.obj (.text.fopen)
                  0001dae4    0000002c     ST7735.o (.text.ST7735_FillScreen)
                  0001db10    0000002c     libclang_rt.builtins.a : floatsidf.S.obj (.text.__floatsidf)
                  0001db3c    0000002c     libsysbm.a : unlink.c.obj (.text.unlink)
                  0001db68    0000002a     UART2.o (.text.UART2_InChar)
                  0001db92    00000002     --HOLE-- [fill = 0]
                  0001db94    00000028     libc.a : memory.c.obj (.text.free_list_insert)
                  0001dbbc    00000028     libsysbm.a : lseek.c.obj (.text.lseek)
                  0001dbe4    00000028                : write.c.obj (.text.write)
                  0001dc0c    00000028     libc.a : boot_cortex_m.c.obj (.text:_c_int00_noargs)
                  0001dc34    00000026     main.o (.text.initRandom)
                  0001dc5a    00000024     Inventory.o (.text.Inventory_next)
                  0001dc7e    00000002     --HOLE-- [fill = 0]
                  0001dc80    00000024     Joy.o (.text.Joy_Init)
                  0001dca4    00000024     libclang_rt.builtins.a : floatunsidf.S.obj (.text.__floatunsidf)
                  0001dcc8    00000024     libc.a : rand.c.obj (.text.srand)
                  0001dcec    00000022            : memccpy.c.obj (.text.memccpy)
                  0001dd0e    00000002     --HOLE-- [fill = 0]
                  0001dd10    00000020     Graphics.o (.text.Graphics_Init)
                  0001dd30    00000020     Inventory.o (.text.Item_isWeapon)
                  0001dd50    0000001e     ST7735.o (.text.pushColor)
                  0001dd6e    00000002     --HOLE-- [fill = 0]
                  0001dd70    0000001c     startup_mspm0g3507_ticlang.o (.text.Default_Handler)
                  0001dd8c    0000001c     startup_mspm0g3507_ticlang.o (.text.HardFault_Handler)
                  0001dda8    0000001c     Joy.o (.text.Joy_In)
                  0001ddc4    0000001c     libc.a : memory.c.obj (.text.free_list_remove)
                  0001dde0    00000018     FIFO.o (.text.RxFifo_Size)
                  0001ddf8    00000018     UART1.o (.text.UART1_OutChar)
                  0001de10    00000018     libc.a : sprintf.c.obj (.text._outs)
                  0001de28    00000016     ST7735.o (.text.ST7735_open)
                  0001de3e    00000016     ST7735.o (.text.ST7735_read)
                  0001de54    00000014     DAC.o (.text.DAC_Out)
                  0001de68    00000014     FIFO.o (.text.RxFifo_Init)
                  0001de7c    00000012     Inventory.o (.text.Inventory_currentItem)
                  0001de8e    00000012     Inventory.o (.text.Item_isSpent)
                  0001dea0    00000012     libc.a : memcpy16.S.obj (.text:TI_memcpy_small)
                  0001deb2    00000012            : copy_decompress_none.c.obj (.text:decompress:none)
                  0001dec4    00000010     Clock.o (.text.Clock_Delay)
                  0001ded4    00000010     LaunchPad.o (.text.Delay)
                  0001dee4    00000010     Joy.o (.text.Joy_InButton)
                  0001def4    00000010     Input.o (.text.ReadKeys)
                  0001df04    00000010     libc.a : copy_zero_init.c.obj (.text:decompress:ZI)
                  0001df14    0000000e            : memory.c.obj (.text.OUTLINED_FUNCTION_0)
                  0001df22    0000000e     ST7735.o (.text.ST7735_lseek)
                  0001df30    0000000e     libclang_rt.builtins.a : aeabi_memset.S.obj (.text.__aeabi_memset)
                  0001df3e    0000000e     libsysbm.a : hostrename.c.obj (.text.strcpy)
                  0001df4c    0000000e     libc.a : _printfi.c.obj (.text.strlen)
                  0001df5a    0000000e     libsysbm.a : hostrename.c.obj (.text.strlen)
                  0001df68    0000000e     libc.a : memset16.S.obj (.text:TI_memset_small)
                  0001df76    00000002     --HOLE-- [fill = 0]
                  0001df78    0000000c     Clock.o (.text.Clock_Freq)
                  0001df84    0000000c     ST7735.o (.text.ST7735_rename)
                  0001df90    0000000c     Sync.o (.text.Sync_Init)
                  0001df9c    0000000c     libclang_rt.builtins.a : aeabi_memset.S.obj (.text.__aeabi_memclr)
                  0001dfa8    0000000c     libc.a : memory.c.obj (.text.malloc)
                  0001dfb4    0000000a            : e_pow.c.obj (.text.OUTLINED_FUNCTION_0)
                  0001dfbe    00000002     --HOLE-- [fill = 0]
                  0001dfc0    00000010     libclang_rt.builtins.a : muldf3.S.obj (.tramp.__aeabi_dmul.1)
                  0001dfd0    0000000a     libc.a : e_pow.c.obj (.text.OUTLINED_FUNCTION_1)
                  0001dfda    0000000a            : e_pow.c.obj (.text.OUTLINED_FUNCTION_6)
                  0001dfe4    0000000a     ST7735.o (.text.ST7735_close)
                  0001dfee    0000000a     ST7735.o (.text.ST7735_unlink)
                  0001dff8    0000000a     libc.a : sprintf.c.obj (.text._outc)
                  0001e002    00000008            : e_pow.c.obj (.text.OUTLINED_FUNCTION_2)
                  0001e00a    00000002     --HOLE-- [fill = 0]
                  0001e00c    00000010     libclang_rt.builtins.a : adddf3.S.obj (.tramp.__aeabi_dsub.1)
                  0001e01c    00000008     libc.a : aeabi_portable.c.obj (.text.__aeabi_errno_addr)
                  0001e024    00000008     libclang_rt.builtins.a : aeabi_memcpy.S.obj (.text.__aeabi_memcpy)
                  0001e02c    00000008     libc.a : printf.c.obj (.text._outc)
                  0001e034    00000008            : printf.c.obj (.text._outs)
                  0001e03c    00000008            : fseek.c.obj (.text.fseek)
                  0001e044    00000008     libsysbm.a : remove.c.obj (.text.remove)
                  0001e04c    00000006     libc.a : e_pow.c.obj (.text.OUTLINED_FUNCTION_3)
                  0001e052    00000002     --HOLE-- [fill = 0]
                  0001e054    00000010     libclang_rt.builtins.a : adddf3.S.obj (.tramp.__aeabi_dadd.1)
                  0001e064    00000006     libc.a : e_pow.c.obj (.text.OUTLINED_FUNCTION_4)
                  0001e06a    00000006            : e_pow.c.obj (.text.OUTLINED_FUNCTION_5)
                  0001e070    00000004            : e_pow.c.obj (.text.OUTLINED_FUNCTION_10)
                  0001e074    00000004            : e_pow.c.obj (.text.OUTLINED_FUNCTION_7)
                  0001e078    00000004            : e_pow.c.obj (.text.OUTLINED_FUNCTION_8)
                  0001e07c    00000004            : e_pow.c.obj (.text.OUTLINED_FUNCTION_9)
                  0001e080    00000004     startup_mspm0g3507_ticlang.o (.text.Reset_Handler)
                  0001e084    00000004     libc.a : exit.c.obj (.text:abort)
                  0001e088    00000008     --HOLE-- [fill = 0]

.cinit     0    0001e090    00000228     
                  0001e090    00000201     (.cinit..data.load) [load image, compression = lzss]
                  0001e291    00000003     --HOLE-- [fill = 0]
                  0001e294    0000000c     (__TI_handler_table)
                  0001e2a0    00000008     (.cinit..bss.load) [load image, compression = zero_init]
                  0001e2a8    00000010     (__TI_cinit_table)

.rodata    0    000000c0    00016c60     
                  000000c0    00004900     Sounds.o (.rodata.reloadSound)
                  000049c0    00002ab4     Sounds.o (.rodata.pistolSound)
                  00007474    00002000     Graphics.o (.rodata.SCBarkley)
                  00009474    00002000     Graphics.o (.rodata.circuitBoardTex2)
                  0000b474    00002000     Graphics.o (.rodata.circuitBoardTex)
                  0000d474    00002000     Graphics.o (.rodata.matrix2)
                  0000f474    00001e78     Sounds.o (.rodata.shotgunSound)
                  000112ec    0000095a     Sounds.o (.rodata.weaploadSound)
                  00011c46    0000094f     Sounds.o (.rodata.outofammoSound)
                  00012595    00000001     main.o (.rodata.str1.30235616187663446621)
                  00012596    00000800     main.o (.rodata.AgentPixelBack)
                  00012d96    00000800     main.o (.rodata.AgentPixelFront)
                  00013596    00000800     main.o (.rodata.ExplosionImage)
                  00013d96    00000800     main.o (.rodata.PistolImage)
                  00014596    00000800     main.o (.rodata.RifleImage)
                  00014d96    00000800     main.o (.rodata.ShotgunImage)
                  00015596    000004fb     Buffer.o (.rodata.Font)
                  00015a91    000004fb     ST7735.o (.rodata.Font)
                  00015f8c    00000240     Graphics.o (.rodata.OGMap)
                  000161cc    00000200     main.o (.rodata.Ammosprite)
                  000163cc    00000200     main.o (.rodata.Medkitsprite)
                  000165cc    00000200     main.o (.rodata.Pistolsprite)
                  000167cc    00000200     main.o (.rodata.Riflesprite)
                  000169cc    00000200     main.o (.rodata.Shotgunsprite)
                  00016bcc    0000003b     ST7735.o (.rodata.Rcmd1)
                  00016c07    00000001     --HOLE-- [fill = 0]
                  00016c08    00000030     libc.a : e_pow.c.obj (.rodata.cst16)
                  00016c38    0000002f     main.o (.rodata.str1.182731374899196392841)
                  00016c67    0000002b     ST7735.o (.rodata.Rcmd3)
                  00016c92    00000016     ST7735.o (.rodata.str1.180840905664508391481)
                  00016ca8    00000011     libc.a : _printfi.c.obj (.rodata.str1.153638888446227384661)
                  00016cb9    0000000d     ST7735.o (.rodata.Rcmd2green)
                  00016cc6    0000000d     ST7735.o (.rodata.Rcmd2red)
                  00016cd3    0000000c     Graphics.o (.rodata.str1.37161536259113115651)
                  00016cdf    00000008     main.o (.rodata.str1.128962870563899395191)
                  00016ce7    00000008     ST7735.o (.rodata.str1.42106280550816602831)
                  00016cef    00000007     ST7735.o (.rodata.str1.124659516132232304751)
                  00016cf6    00000007     main.o (.rodata.str1.164552152177587026401)
                  00016cfd    00000007     main.o (.rodata.str1.181369900268917052751)
                  00016d04    00000007     ST7735.o (.rodata.str1.97082724960320730491)
                  00016d0b    00000006     Graphics.o (.rodata.str1.2002389610935928081)
                  00016d11    00000006     main.o (.rodata.str1.58265674741439123291)
                  00016d17    00000004     Graphics.o (.rodata.str1.25158831670344200691)
                  00016d1b    00000002     ST7735.o (.rodata.str1.147171064836689809571)
                  00016d1d    00000003     --HOLE-- [fill = 0]

.init_array 
*          0    00000000    00000000     UNINITIALIZED

.binit     0    00000000    00000000     

.bss       0    20200000    00005e9a     UNINITIALIZED
                  20200000    00005000     (.common:renderBuffer)
                  20205000    00000500     (.common:ZBuffer)
                  20205500    00000480     (.common:miniMap)
                  20205980    00000240     (.common:worldMap)
                  20205bc0    00000120     libsysbm.a : trgmsg.c.obj (.bss:_CIOBUF_)
                  20205ce0    000000a0     libc.a : defs.c.obj (.bss.__TI_tmpnams)
                  20205d80    00000080     (.common:floorGradient)
                  20205e00    00000040     FIFO.o (.bss.RxFifo)
                  20205e40    00000008     libsysbm.a : hostopen.c.obj (.bss.parmbuf)
                  20205e48    00000008     (.common:otherDirX)
                  20205e50    00000008     (.common:otherDirY)
                  20205e58    00000008     (.common:otherPosX)
                  20205e60    00000008     (.common:otherPosY)
                  20205e68    00000004     libc.a : memory.c.obj (.bss.sys_free)
                  20205e6c    00000004     (.common:Joy_x)
                  20205e70    00000004     (.common:Joy_y)
                  20205e74    00000004     (.common:Length)
                  20205e78    00000004     (.common:LostData)
                  20205e7c    00000004     (.common:RxGetI)
                  20205e80    00000004     (.common:RxPutI)
                  20205e84    00000004     (.common:SoundPt)
                  20205e88    00000004     (.common:flag_done)
                  20205e8c    00000004     (.common:ms_done)
                  20205e90    00000004     (.common:ms_passed)
                  20205e94    00000001     ST7735.o (.bss.ColStart)
                  20205e95    00000001     ST7735.o (.bss.Rotation)
                  20205e96    00000001     ST7735.o (.bss.RowStart)
                  20205e97    00000001     ST7735.o (.bss.TabColor)
                  20205e98    00000001     (.common:isShooting)
                  20205e99    00000001     (.common:reloaded)

.data      0    20205ea0    0000078d     UNINITIALIZED
                  20205ea0    00000258     main.o (.data.Sprites)
                  202060f8    000000f0     libc.a : defs.c.obj (.data._ftable)
                  202061e8    00000078     libsysbm.a : host_device.c.obj (.data._device)
                  20206260    00000068     main.o (.data.ammo_big)
                  202062c8    00000068     main.o (.data.ammo_small)
                  20206330    00000068     main.o (.data.medkit)
                  20206398    00000068     main.o (.data.pistol)
                  20206400    00000068     main.o (.data.rifle)
                  20206468    00000068     main.o (.data.shotgun)
                  202064d0    00000050     libsysbm.a : host_device.c.obj (.data._stream)
                  20206520    00000028     Sounds.o (.data.SoundEffects)
                  20206548    00000028     main.o (.data.gunFlash)
                  20206570    00000018     main.o (.data.items)
                  20206588    00000014     main.o (.data.inventory)
                  2020659c    00000010     Graphics.o (.data.textures)
                  202065ac    00000008     libc.a : exit.c.obj (.data..L_MergedGlobals)
                  202065b4    00000004     Clock.o (.data.BusFreq)
                  202065b8    00000008     main.o (.data.dirX)
                  202065c0    00000008     main.o (.data.dirY)
                  202065c8    00000008     main.o (.data.planeX)
                  202065d0    00000008     main.o (.data.planeY)
                  202065d8    00000008     main.o (.data.posX)
                  202065e0    00000008     main.o (.data.posY)
                  202065e8    00000004     Graphics.o (.data.RenderScene.side)
                  202065ec    00000004     ST7735.o (.data.StX)
                  202065f0    00000004     ST7735.o (.data.StY)
                  202065f4    00000004     libc.a : defs.c.obj (.data.__TI_ft_end)
                  202065f8    00000004            : aeabi_portable.c.obj (.data.__aeabi_errno)
                  202065fc    00000004            : _lock.c.obj (.data._lock)
                  20206600    00000004            : _lock.c.obj (.data._unlock)
                  20206604    00000004            : rand.c.obj (.data.next)
                  20206608    00000004     main.o (.data.numsprites)
                  2020660c    00000004     main.o (.data.otherHealth)
                  20206610    00000004     Sync.o (.data.otherPlayer)
                  20206614    00000004     main.o (.data.playerHealth)
                  20206618    00000002     ST7735.o (.data.StTextColor)
                  2020661a    00000002     Sync.o (.data.TIMG6_IRQHandler.timeCt)
                  2020661c    00000002     ST7735.o (.data._height)
                  2020661e    00000002     ST7735.o (.data._width)
                  20206620    00000001     sprites.o (.data.RenderForegroundSprites.sidesDrawn)
                  20206621    00000001     Sync.o (.data.TIMG7_IRQHandler.packetIndex)
                  20206622    00000001     Sync.o (.data.TIMG8_IRQHandler.packetIndex)
                  20206623    00000001     main.o (.data.healthCode)
                  20206624    00000001     libsysbm.a : add_device.c.obj (.data.add_device.device_init)
                  20206625    00000001     main.o (.data.isOnTarget)
                  20206626    00000001     Sync.o (.data.itemsStatus)
                  20206627    00000001     Input.o (.data.lastInput)
                  20206628    00000001     libc.a : memory.c.obj (.data.memory_is_initialized)
                  20206629    00000003     --HOLE--
                  2020662c    00000001     libsysbm.a : open.c.obj (.data.open.stream_init)

.sysmem    0    20206630    00000200     UNINITIALIZED
                  20206630    00000010     libc.a : memory.c.obj (.sysmem)
                  20206640    000001f0     --HOLE--

.stack     0    20207e00    00000200     UNINITIALIZED
                  20207e00    00000004     libc.a : boot_cortex_m.c.obj (.stack)
                  20207e04    000001fc     --HOLE--

__llvm_prf_cnts 
*          0    20200000    00000000     UNINITIALIZED

__llvm_prf_bits 
*          0    20200000    00000000     UNINITIALIZED

MODULE SUMMARY

       Module                         code    ro data   rw data
       ------                         ----    -------   -------
    .\
       Sounds.o                       196     42197     48     
       Graphics.o                     3228    33366     3036   
       Buffer.o                       1552    1275      20608  
       main.o                         370     14924     1402   
       ST7735.o                       2738    1449      18     
       sprites.o                      2386    0         1      
       Input.o                        2128    0         3      
       Sync.o                         1684    0         9      
       Timer.o                        816     0         0      
       ADC.o                          704     0         0      
       Clock.o                        516     0         4      
       Inventory.o                    504     0         0      
       SPI.o                          440     0         0      
       UART2.o                        358     0         4      
       FIFO.o                         196     0         72     
       LaunchPad.o                    196     0         0      
       DAC.o                          188     0         0      
       UART1.o                        148     0         0      
       Async_Delay.o                  132     0         12     
       Joy.o                          80      0         0      
    +--+------------------------------+-------+---------+---------+
       Total:                         18560   93211     25217  
                                                               
    .\ticlang\
       startup_mspm0g3507_ticlang.o   60      192       0      
    +--+------------------------------+-------+---------+---------+
       Total:                         60      192       0      
                                                               
    C:\ti\ccs2000\ccs\tools\compiler\ti-cgt-armllvm_4.0.1.LTS\lib\armv6m-ti-none-eabi/c/libc.a
       e_pow.c.obj                    2704    48        0      
       memory.c.obj                   702     0         5      
       _printfi.c.obj                 658     17        0      
       fopen.c.obj                    556     0         0      
       defs.c.obj                     0       0         404    
       e_sqrt.c.obj                   368     0         0      
       s_floor.c.obj                  324     0         0      
       qsort.c.obj                    308     0         0      
       fputs.c.obj                    248     0         0      
       setvbuf.c.obj                  224     0         0      
       s_scalbn.c.obj                 216     0         0      
       getdevice.c.obj                160     0         0      
       fputc.c.obj                    156     0         0      
       strcmp-armv6m.S.obj            136     0         0      
       copy_decompress_lzss.c.obj     124     0         0      
       fclose.c.obj                   124     0         0      
       fseek.c.obj                    116     0         0      
       printf.c.obj                   108     0         0      
       _io_perm.c.obj                 100     0         0      
       rand.c.obj                     92      0         4      
       sprintf.c.obj                  90      0         0      
       fflush.c.obj                   82      0         0      
       exit.c.obj                     56      0         8      
       autoinit.c.obj                 60      0         0      
       boot_cortex_m.c.obj            40      0         0      
       memccpy.c.obj                  34      0         0      
       copy_decompress_none.c.obj     18      0         0      
       memcpy16.S.obj                 18      0         0      
       copy_zero_init.c.obj           16      0         0      
       memset16.S.obj                 14      0         0      
       aeabi_portable.c.obj           8       0         4      
       _lock.c.obj                    2       0         8      
       pre_init.c.obj                 4       0         0      
    +--+------------------------------+-------+---------+---------+
       Total:                         7866    65        433    
                                                               
    C:\ti\ccs2000\ccs\tools\compiler\ti-cgt-armllvm_4.0.1.LTS\lib\armv6m-ti-none-eabi/c/libsysbm.a
       trgmsg.c.obj                   104     0         288    
       add_device.c.obj               236     0         1      
       host_device.c.obj              0       0         200    
       open.c.obj                     160     0         1      
       hostrename.c.obj               136     0         0      
       hostlseek.c.obj                108     0         0      
       hostopen.c.obj                 96      0         8      
       hostread.c.obj                 88      0         0      
       hostwrite.c.obj                88      0         0      
       close.c.obj                    80      0         0      
       hostclose.c.obj                72      0         0      
       hostunlink.c.obj               72      0         0      
       unlink.c.obj                   44      0         0      
       lseek.c.obj                    40      0         0      
       write.c.obj                    40      0         0      
       remove.c.obj                   8       0         0      
    +--+------------------------------+-------+---------+---------+
       Total:                         1372    0         498    
                                                               
    C:\ti\ccs2000\ccs\tools\compiler\ti-cgt-armllvm_4.0.1.LTS\lib\armv6m-ti-none-eabi/libclang_rt.builtins.a
       adddf3.S.obj                   434     0         0      
       divdf3.S.obj                   268     0         0      
       muldf3.S.obj                   244     0         0      
       comparedf2.c.obj               220     0         0      
       aeabi_dcmp.S.obj               98      0         0      
       aeabi_idivmod.S.obj            86      0         0      
       fixdfsi.S.obj                  74      0         0      
       aeabi_uidivmod.S.obj           64      0         0      
       muldsi3.S.obj                  58      0         0      
       floatsidf.S.obj                44      0         0      
       floatunsidf.S.obj              36      0         0      
       aeabi_memset.S.obj             26      0         0      
       aeabi_memcpy.S.obj             8       0         0      
       aeabi_div0.c.obj               2       0         0      
    +--+------------------------------+-------+---------+---------+
       Total:                         1662    0         0      
                                                               
       Heap:                          0       0         512    
       Stack:                         0       0         512    
       Linker Generated:              0       549       0      
    +--+------------------------------+-------+---------+---------+
       Grand Total:                   29520   94017     27172  


LINKER GENERATED COPY TABLES

__TI_cinit_table @ 0001e2a8 records: 2, size/record: 8, table size: 16
	.data: load addr=0001e090, load size=00000201 bytes, run addr=20205ea0, run size=0000078d bytes, compression=lzss
	.bss: load addr=0001e2a0, load size=00000008 bytes, run addr=20200000, run size=00005e9a bytes, compression=zero_init


LINKER GENERATED HANDLER TABLE

__TI_handler_table @ 0001e294 records: 3, size/record: 4, table size: 12
	index: 0, handler: __TI_decompress_lzss
	index: 1, handler: __TI_decompress_none
	index: 2, handler: __TI_zero_init


FAR CALL TRAMPOLINES

callee name               trampoline name
   callee addr  tramp addr   call addr  call info
--------------  -----------  ---------  ----------------
__aeabi_dmul              $Tramp$TT$L$PI$$__aeabi_dmul
   0001afe1     0001dfc0     0001dfbc   libc.a : e_pow.c.obj (.text.OUTLINED_FUNCTION_0)
                             0001dfd8          : e_pow.c.obj (.text.OUTLINED_FUNCTION_1)
                             0001dfe2          : e_pow.c.obj (.text.OUTLINED_FUNCTION_6)
                             0001e068          : e_pow.c.obj (.text.OUTLINED_FUNCTION_4)
                             0001e06e          : e_pow.c.obj (.text.OUTLINED_FUNCTION_5)
                             0001e07a          : e_pow.c.obj (.text.OUTLINED_FUNCTION_8)
__aeabi_dsub              $Tramp$TT$L$PI$$__aeabi_dsub
   0001971d     0001e00c     0001e008   libc.a : e_pow.c.obj (.text.OUTLINED_FUNCTION_2)
__aeabi_dadd              $Tramp$TT$L$PI$$__aeabi_dadd
   00019727     0001e054     0001e050   libc.a : e_pow.c.obj (.text.OUTLINED_FUNCTION_3)
                             0001e072          : e_pow.c.obj (.text.OUTLINED_FUNCTION_10)
                             0001e076          : e_pow.c.obj (.text.OUTLINED_FUNCTION_7)
                             0001e07e          : e_pow.c.obj (.text.OUTLINED_FUNCTION_9)

[3 trampolines]
[11 trampoline calls]


GLOBAL SYMBOLS: SORTED ALPHABETICALLY BY Name 

address   name                          
-------   ----                          
0001dd71  ADC0_IRQHandler               
0001d34d  ADC0_In                       
0001aa3d  ADC0_Init                     
0001dd71  ADC1_IRQHandler               
0001cb65  ADC_InDual                    
0001a0cd  ADC_InitDual                  
0001dd71  AES_IRQHandler                
0001d6c9  ActivatePortA_B               
00012596  AgentPixelBack                
00012d96  AgentPixelFront               
000161cc  Ammosprite                    
202065b4  BusFreq                       
0001e084  C$$EXIT                       
0001d97d  C$$IO$$                       
0001dd71  CANFD0_IRQHandler             
000183c5  CastRays                      
0001dec5  Clock_Delay                   
0001d819  Clock_Delay1ms                
0001df79  Clock_Freq                    
000193c1  Clock_Init80MHz               
0001dd71  DAC0_IRQHandler               
0001b725  DAC_Init                      
0001de55  DAC_Out                       
0001dd71  DMA_IRQHandler                
0001dd71  Default_Handler               
0001ded5  Delay                         
00018b6d  DrawCrosshair                 
000191cd  DrawHealthBar                 
0001c69d  DrawMinimap                   
00013596  ExplosionImage                
0001bff9  FillMap                       
0001dd71  GROUP0_IRQHandler             
0001dd71  GROUP1_IRQHandler             
0001dd11  Graphics_Init                 
0001d1e5  HOSTclose                     
0001c8e1  HOSTlseek                     
0001ccf5  HOSTopen                      
0001ce69  HOSTread                      
0001c94d  HOSTrename                    
0001d22d  HOSTunlink                    
0001cec1  HOSTwrite                     
0001dd8d  HardFault_Handler             
0001dd71  I2C0_IRQHandler               
0001dd71  I2C1_IRQHandler               
0001d391  Input_Init                    
0001b27d  Inventory_add                 
0001de7d  Inventory_currentItem         
0001dc5b  Inventory_next                
0001c715  Inventory_removeCurrent       
0001de8f  Item_isSpent                  
0001dd31  Item_isWeapon                 
0001dda9  Joy_In                        
0001dee5  Joy_InButton                  
0001dc81  Joy_Init                      
20205e6c  Joy_x                         
20205e70  Joy_y                         
0001c431  LaunchPad_Init                
20205e74  Length                        
20205e78  LostData                      
000163cc  Medkitsprite                  
00017769  MovePlayer                    
0001dd71  NMI_Handler                   
00015f8c  OGMap                         
0001dd71  PendSV_Handler                
00013d96  PistolImage                   
000165cc  Pistolsprite                  
0001c229  PrecalculateFloorGradient     
0001dd71  RTC_IRQHandler                
0001bbb5  RandomizeSprites              
0001def5  ReadKeys                      
0001d701  RenderBuffer                  
0001ab31  RenderForegroundSprites       
0001c871  RenderHUD                     
0001b7cd  RenderInventory               
0001d45d  RenderScene                   
0001ac25  RenderSky                     
00017e35  RenderSprite                  
000198b1  RenderSprites                 
0001e081  Reset_Handler                 
00014596  RifleImage                    
000167cc  Riflesprite                   
0001d069  RxFifo_Get                    
0001de69  RxFifo_Init                   
0001d0b5  RxFifo_Put                    
0001dde1  RxFifo_Size                   
20205e7c  RxGetI                        
20205e80  RxPutI                        
00007474  SCBarkley                     
0001dd71  SPI0_IRQHandler               
0001dd71  SPI1_IRQHandler               
0001a84d  SPI_Init                      
0001d275  SPI_OutCommand                
0001d739  SPI_OutData                   
0001d49d  SPI_Reset                     
00018fbd  ST7735_DrawBitmap             
00019575  ST7735_DrawChar               
0001c2ad  ST7735_DrawString             
0001a1f1  ST7735_FillRect               
0001dae5  ST7735_FillScreen             
0001bd95  ST7735_InitPrintf             
0001becd  ST7735_InitR                  
0001b34d  ST7735_OutChar                
0001d84d  ST7735_SetCursor              
0001ad19  ST7735_SetRotation            
0001dfe5  ST7735_close                  
0001df23  ST7735_lseek                  
0001de29  ST7735_open                   
0001de3f  ST7735_read                   
0001df85  ST7735_rename                 
0001dfef  ST7735_unlink                 
0001d881  ST7735_write                  
0001dd71  SVC_Handler                   
00014d96  ShotgunImage                  
000169cc  Shotgunsprite                 
20206520  SoundEffects                  
20205e84  SoundPt                       
0001d2bd  Sound_Init                    
0001d771  Sound_Start                   
20205ea0  Sprites                       
20206618  StTextColor                   
202065ec  StX                           
202065f0  StY                           
0001df91  Sync_Init                     
0001d3d5  SysTick_Handler               
0001d8b5  SystemInit                    
0001dd71  TIMA0_IRQHandler              
0001dd71  TIMA1_IRQHandler              
0001d305  TIMG0_IRQHandler              
0001b4ed  TIMG12_IRQHandler             
0001d4dd  TIMG6_IRQHandler              
0001c789  TIMG7_IRQHandler              
0001cd55  TIMG8_IRQHandler              
0001dea1  TI_memcpy_small               
0001df69  TI_memset_small               
0001ba6d  TimerG0_IntArm                
0001bf65  TimerG12_IntArm               
0001b875  TimerG6_IntArm                
0001b91d  TimerG7_IntArm                
0001b9c5  TimerG8_IntArm                
0001dd71  UART0_IRQHandler              
0001dd71  UART1_IRQHandler              
0001c4ad  UART1_Init                    
0001ddf9  UART1_OutChar                 
0001c9b9  UART2_IRQHandler              
0001db69  UART2_InChar                  
0001b41d  UART2_Init                    
0001dd71  UART3_IRQHandler              
20205000  ZBuffer                       
20205bc0  _CIOBUF_                      
20205bc0  __CIOBUF_                     
20208000  __STACK_END                   
00000200  __STACK_SIZE                  
00000200  __SYSMEM_SIZE                 
00000000  __TI_ATRegion0_region_sz      
00000000  __TI_ATRegion0_src_addr       
00000000  __TI_ATRegion0_trg_addr       
00000000  __TI_ATRegion1_region_sz      
00000000  __TI_ATRegion1_src_addr       
00000000  __TI_ATRegion1_trg_addr       
00000000  __TI_ATRegion2_region_sz      
00000000  __TI_ATRegion2_src_addr       
00000000  __TI_ATRegion2_trg_addr       
0001e2a8  __TI_CINIT_Base               
0001e2b8  __TI_CINIT_Limit              
0001e2b8  __TI_CINIT_Warm               
0001e294  __TI_Handler_Table_Base       
0001e2a0  __TI_Handler_Table_Limit      
0001d651  __TI_auto_init_nobinit_nopinit
0001d8e9  __TI_cleanup                  
202065ac  __TI_cleanup_ptr              
0001c529  __TI_closefile                
0001c621  __TI_decompress_lzss          
0001deb3  __TI_decompress_none          
0001cfc5  __TI_doflush                  
202065b0  __TI_dtors_ptr                
202065f4  __TI_ft_end                   
ffffffff  __TI_pprof_out_hndl           
000188e9  __TI_printfi_minimal          
ffffffff  __TI_prof_data_size           
ffffffff  __TI_prof_data_start          
0001d91d  __TI_readmsg                  
00000000  __TI_static_base__            
20205ce0  __TI_tmpnams                  
0001d951  __TI_writemsg                 
0001cbc9  __TI_wrt_ok                   
0001df05  __TI_zero_init                
00019727  __adddf3                      
0001d199  __aeabi_d2iz                  
00019727  __aeabi_dadd                  
0001cc91  __aeabi_dcmpeq                
0001cccd  __aeabi_dcmpge                
0001cce1  __aeabi_dcmpgt                
0001ccb9  __aeabi_dcmple                
0001cca5  __aeabi_dcmplt                
0001a535  __aeabi_ddiv                  
0001afe1  __aeabi_dmul                  
0001971d  __aeabi_dsub                  
202065f8  __aeabi_errno                 
0001e01d  __aeabi_errno_addr            
0001db11  __aeabi_i2d                   
0001cf19  __aeabi_idiv                  
000198af  __aeabi_idiv0                 
0001cf19  __aeabi_idivmod               
0001df9d  __aeabi_memclr                
0001df9d  __aeabi_memclr4               
0001df9d  __aeabi_memclr8               
0001e025  __aeabi_memcpy                
0001e025  __aeabi_memcpy4               
0001e025  __aeabi_memcpy8               
0001df31  __aeabi_memset                
0001df31  __aeabi_memset4               
0001df31  __aeabi_memset8               
0001dca5  __aeabi_ui2d                  
0001d51d  __aeabi_uidiv                 
0001d51d  __aeabi_uidivmod              
ffffffff  __binit__                     
0001cafd  __cmpdf2                      
0001a535  __divdf3                      
0001cafd  __eqdf2                       
0001d199  __fixdfsi                     
0001db11  __floatsidf                   
0001dca5  __floatunsidf                 
0001c7fd  __gedf2                       
0001c7fd  __gtdf2                       
0001cafd  __ledf2                       
0001cafd  __ltdf2                       
UNDEFED   __mpu_init                    
0001afe1  __muldf3                      
0001d68d  __muldsi3                     
0001cafd  __nedf2                       
20207e00  __stack                       
20200000  __start___llvm_prf_bits       
20200000  __start___llvm_prf_cnts       
20200000  __stop___llvm_prf_bits        
20200000  __stop___llvm_prf_cnts        
0001971d  __subdf3                      
0001dc0d  _c_int00_noargs               
202061e8  _device                       
202060f8  _ftable                       
202065fc  _lock                         
0001bbb3  _nop                          
202064d0  _stream                       
20206630  _sys_memory                   
UNDEFED   _system_post_cinit            
0001c19d  _system_pre_init              
20206600  _unlock                       
0001e085  abort                         
0001ae0d  add_device                    
0001a421  aligned_alloc                 
20206260  ammo_big                      
202062c8  ammo_small                    
ffffffff  binit                         
0001bc55  blitBufferToRenderBuffer      
0000b474  circuitBoardTex               
00009474  circuitBoardTex2              
0001c089  clearRenderBuffer             
0001d019  close                         
0001cf6f  compareSprites                
202065b8  dirX                          
202065c0  dirY                          
0001a74d  drawCharToBuffer              
00018da5  drawForegroundSpriteToBuffer  
0001d985  exit                          
0001da85  fastCos                       
0001d59d  fastSin                       
0001d9b9  finddevice                    
20205e88  flag_done                     
00019e55  floor                         
20205d80  floorGradient                 
00019e55  floorl                        
0001dab5  fopen                         
0001be31  fputc                         
0001a945  fputs                         
0001aef9  free                          
0001d9ed  freopen                       
0001e03d  fseek                         
0001ca25  fseeko                        
0001d419  generateSprite                
00019d01  getDirectionPacket            
0001a641  getInfoPacket                 
0001b5b1  getPositionPacket             
0001c5a5  getRandomMapPos               
0001ca91  getdevice                     
20206548  gunFlash                      
20206623  healthCode                    
0001d101  inInventory                   
0001dc35  initRandom                    
00000000  interruptVectors              
20206588  inventory                     
20206625  isOnTarget                    
20205e98  isShooting                    
20206570  items                         
20206626  itemsStatus                   
20206627  lastInput                     
0001b1a5  ldexp                         
0001b1a5  ldexpl                        
0001dbbd  lseek                         
0001a309  main                          
0001dfa9  malloc                        
0000d474  matrix2                       
20206330  medkit                        
0001a421  memalign                      
0001dced  memccpy                       
20205500  miniMap                       
20205e8c  ms_done                       
20205e90  ms_passed                     
20206608  numsprites                    
0001bcf5  open                          
20205e48  otherDirX                     
20205e50  otherDirY                     
2020660c  otherHealth                   
20206610  otherPlayer                   
20205e58  otherPosX                     
20205e60  otherPosY                     
00011c46  outofammoSound                
20205e40  parmbuf                       
20206398  pistol                        
000049c0  pistolSound                   
202065c8  planeX                        
202065d0  planeY                        
20206614  playerHealth                  
202065d8  posX                          
202065e0  posY                          
00016d21  pow                           
00016d21  powl                          
0001d14d  printAmmo                     
0001da21  printItem                     
0001b671  printToBuffer                 
0001cdb1  printf                        
00019f99  qsort                         
0001d7a9  rand                          
000000c0  reloadSound                   
20205e99  reloaded                      
0001e045  remove                        
20200000  renderBuffer                  
20206400  rifle                         
0001b1a5  scalbn                        
0001b1a5  scalbnl                       
0001c331  sendDirectionPacket           
0001d5d9  sendInfoPacket                
0001c3b1  sendPositionPacket            
0001ce0d  setPixelBuffer                
0001b0c5  setvbuf                       
20206468  shotgun                       
0000f474  shotgunSound                  
0001d7e1  sprintf                       
00019a3d  sqrt                          
00019a3d  sqrtl                         
0001dcc9  srand                         
0001d615  start_delay                   
0001c1a1  strcmp                        
2020659c  textures                      
0001db3d  unlink                        
000112ec  weaploadSound                 
20205980  worldMap                      
0001dbe5  write                         


GLOBAL SYMBOLS: SORTED BY Symbol Address 

address   name                          
-------   ----                          
00000000  __TI_ATRegion0_region_sz      
00000000  __TI_ATRegion0_src_addr       
00000000  __TI_ATRegion0_trg_addr       
00000000  __TI_ATRegion1_region_sz      
00000000  __TI_ATRegion1_src_addr       
00000000  __TI_ATRegion1_trg_addr       
00000000  __TI_ATRegion2_region_sz      
00000000  __TI_ATRegion2_src_addr       
00000000  __TI_ATRegion2_trg_addr       
00000000  __TI_static_base__            
00000000  interruptVectors              
000000c0  reloadSound                   
00000200  __STACK_SIZE                  
00000200  __SYSMEM_SIZE                 
000049c0  pistolSound                   
00007474  SCBarkley                     
00009474  circuitBoardTex2              
0000b474  circuitBoardTex               
0000d474  matrix2                       
0000f474  shotgunSound                  
000112ec  weaploadSound                 
00011c46  outofammoSound                
00012596  AgentPixelBack                
00012d96  AgentPixelFront               
00013596  ExplosionImage                
00013d96  PistolImage                   
00014596  RifleImage                    
00014d96  ShotgunImage                  
00015f8c  OGMap                         
000161cc  Ammosprite                    
000163cc  Medkitsprite                  
000165cc  Pistolsprite                  
000167cc  Riflesprite                   
000169cc  Shotgunsprite                 
00016d21  pow                           
00016d21  powl                          
00017769  MovePlayer                    
00017e35  RenderSprite                  
000183c5  CastRays                      
000188e9  __TI_printfi_minimal          
00018b6d  DrawCrosshair                 
00018da5  drawForegroundSpriteToBuffer  
00018fbd  ST7735_DrawBitmap             
000191cd  DrawHealthBar                 
000193c1  Clock_Init80MHz               
00019575  ST7735_DrawChar               
0001971d  __aeabi_dsub                  
0001971d  __subdf3                      
00019727  __adddf3                      
00019727  __aeabi_dadd                  
000198af  __aeabi_idiv0                 
000198b1  RenderSprites                 
00019a3d  sqrt                          
00019a3d  sqrtl                         
00019d01  getDirectionPacket            
00019e55  floor                         
00019e55  floorl                        
00019f99  qsort                         
0001a0cd  ADC_InitDual                  
0001a1f1  ST7735_FillRect               
0001a309  main                          
0001a421  aligned_alloc                 
0001a421  memalign                      
0001a535  __aeabi_ddiv                  
0001a535  __divdf3                      
0001a641  getInfoPacket                 
0001a74d  drawCharToBuffer              
0001a84d  SPI_Init                      
0001a945  fputs                         
0001aa3d  ADC0_Init                     
0001ab31  RenderForegroundSprites       
0001ac25  RenderSky                     
0001ad19  ST7735_SetRotation            
0001ae0d  add_device                    
0001aef9  free                          
0001afe1  __aeabi_dmul                  
0001afe1  __muldf3                      
0001b0c5  setvbuf                       
0001b1a5  ldexp                         
0001b1a5  ldexpl                        
0001b1a5  scalbn                        
0001b1a5  scalbnl                       
0001b27d  Inventory_add                 
0001b34d  ST7735_OutChar                
0001b41d  UART2_Init                    
0001b4ed  TIMG12_IRQHandler             
0001b5b1  getPositionPacket             
0001b671  printToBuffer                 
0001b725  DAC_Init                      
0001b7cd  RenderInventory               
0001b875  TimerG6_IntArm                
0001b91d  TimerG7_IntArm                
0001b9c5  TimerG8_IntArm                
0001ba6d  TimerG0_IntArm                
0001bbb3  _nop                          
0001bbb5  RandomizeSprites              
0001bc55  blitBufferToRenderBuffer      
0001bcf5  open                          
0001bd95  ST7735_InitPrintf             
0001be31  fputc                         
0001becd  ST7735_InitR                  
0001bf65  TimerG12_IntArm               
0001bff9  FillMap                       
0001c089  clearRenderBuffer             
0001c19d  _system_pre_init              
0001c1a1  strcmp                        
0001c229  PrecalculateFloorGradient     
0001c2ad  ST7735_DrawString             
0001c331  sendDirectionPacket           
0001c3b1  sendPositionPacket            
0001c431  LaunchPad_Init                
0001c4ad  UART1_Init                    
0001c529  __TI_closefile                
0001c5a5  getRandomMapPos               
0001c621  __TI_decompress_lzss          
0001c69d  DrawMinimap                   
0001c715  Inventory_removeCurrent       
0001c789  TIMG7_IRQHandler              
0001c7fd  __gedf2                       
0001c7fd  __gtdf2                       
0001c871  RenderHUD                     
0001c8e1  HOSTlseek                     
0001c94d  HOSTrename                    
0001c9b9  UART2_IRQHandler              
0001ca25  fseeko                        
0001ca91  getdevice                     
0001cafd  __cmpdf2                      
0001cafd  __eqdf2                       
0001cafd  __ledf2                       
0001cafd  __ltdf2                       
0001cafd  __nedf2                       
0001cb65  ADC_InDual                    
0001cbc9  __TI_wrt_ok                   
0001cc91  __aeabi_dcmpeq                
0001cca5  __aeabi_dcmplt                
0001ccb9  __aeabi_dcmple                
0001cccd  __aeabi_dcmpge                
0001cce1  __aeabi_dcmpgt                
0001ccf5  HOSTopen                      
0001cd55  TIMG8_IRQHandler              
0001cdb1  printf                        
0001ce0d  setPixelBuffer                
0001ce69  HOSTread                      
0001cec1  HOSTwrite                     
0001cf19  __aeabi_idiv                  
0001cf19  __aeabi_idivmod               
0001cf6f  compareSprites                
0001cfc5  __TI_doflush                  
0001d019  close                         
0001d069  RxFifo_Get                    
0001d0b5  RxFifo_Put                    
0001d101  inInventory                   
0001d14d  printAmmo                     
0001d199  __aeabi_d2iz                  
0001d199  __fixdfsi                     
0001d1e5  HOSTclose                     
0001d22d  HOSTunlink                    
0001d275  SPI_OutCommand                
0001d2bd  Sound_Init                    
0001d305  TIMG0_IRQHandler              
0001d34d  ADC0_In                       
0001d391  Input_Init                    
0001d3d5  SysTick_Handler               
0001d419  generateSprite                
0001d45d  RenderScene                   
0001d49d  SPI_Reset                     
0001d4dd  TIMG6_IRQHandler              
0001d51d  __aeabi_uidiv                 
0001d51d  __aeabi_uidivmod              
0001d59d  fastSin                       
0001d5d9  sendInfoPacket                
0001d615  start_delay                   
0001d651  __TI_auto_init_nobinit_nopinit
0001d68d  __muldsi3                     
0001d6c9  ActivatePortA_B               
0001d701  RenderBuffer                  
0001d739  SPI_OutData                   
0001d771  Sound_Start                   
0001d7a9  rand                          
0001d7e1  sprintf                       
0001d819  Clock_Delay1ms                
0001d84d  ST7735_SetCursor              
0001d881  ST7735_write                  
0001d8b5  SystemInit                    
0001d8e9  __TI_cleanup                  
0001d91d  __TI_readmsg                  
0001d951  __TI_writemsg                 
0001d97d  C$$IO$$                       
0001d985  exit                          
0001d9b9  finddevice                    
0001d9ed  freopen                       
0001da21  printItem                     
0001da85  fastCos                       
0001dab5  fopen                         
0001dae5  ST7735_FillScreen             
0001db11  __aeabi_i2d                   
0001db11  __floatsidf                   
0001db3d  unlink                        
0001db69  UART2_InChar                  
0001dbbd  lseek                         
0001dbe5  write                         
0001dc0d  _c_int00_noargs               
0001dc35  initRandom                    
0001dc5b  Inventory_next                
0001dc81  Joy_Init                      
0001dca5  __aeabi_ui2d                  
0001dca5  __floatunsidf                 
0001dcc9  srand                         
0001dced  memccpy                       
0001dd11  Graphics_Init                 
0001dd31  Item_isWeapon                 
0001dd71  ADC0_IRQHandler               
0001dd71  ADC1_IRQHandler               
0001dd71  AES_IRQHandler                
0001dd71  CANFD0_IRQHandler             
0001dd71  DAC0_IRQHandler               
0001dd71  DMA_IRQHandler                
0001dd71  Default_Handler               
0001dd71  GROUP0_IRQHandler             
0001dd71  GROUP1_IRQHandler             
0001dd71  I2C0_IRQHandler               
0001dd71  I2C1_IRQHandler               
0001dd71  NMI_Handler                   
0001dd71  PendSV_Handler                
0001dd71  RTC_IRQHandler                
0001dd71  SPI0_IRQHandler               
0001dd71  SPI1_IRQHandler               
0001dd71  SVC_Handler                   
0001dd71  TIMA0_IRQHandler              
0001dd71  TIMA1_IRQHandler              
0001dd71  UART0_IRQHandler              
0001dd71  UART1_IRQHandler              
0001dd71  UART3_IRQHandler              
0001dd8d  HardFault_Handler             
0001dda9  Joy_In                        
0001dde1  RxFifo_Size                   
0001ddf9  UART1_OutChar                 
0001de29  ST7735_open                   
0001de3f  ST7735_read                   
0001de55  DAC_Out                       
0001de69  RxFifo_Init                   
0001de7d  Inventory_currentItem         
0001de8f  Item_isSpent                  
0001dea1  TI_memcpy_small               
0001deb3  __TI_decompress_none          
0001dec5  Clock_Delay                   
0001ded5  Delay                         
0001dee5  Joy_InButton                  
0001def5  ReadKeys                      
0001df05  __TI_zero_init                
0001df23  ST7735_lseek                  
0001df31  __aeabi_memset                
0001df31  __aeabi_memset4               
0001df31  __aeabi_memset8               
0001df69  TI_memset_small               
0001df79  Clock_Freq                    
0001df85  ST7735_rename                 
0001df91  Sync_Init                     
0001df9d  __aeabi_memclr                
0001df9d  __aeabi_memclr4               
0001df9d  __aeabi_memclr8               
0001dfa9  malloc                        
0001dfe5  ST7735_close                  
0001dfef  ST7735_unlink                 
0001e01d  __aeabi_errno_addr            
0001e025  __aeabi_memcpy                
0001e025  __aeabi_memcpy4               
0001e025  __aeabi_memcpy8               
0001e03d  fseek                         
0001e045  remove                        
0001e081  Reset_Handler                 
0001e084  C$$EXIT                       
0001e085  abort                         
0001e294  __TI_Handler_Table_Base       
0001e2a0  __TI_Handler_Table_Limit      
0001e2a8  __TI_CINIT_Base               
0001e2b8  __TI_CINIT_Limit              
0001e2b8  __TI_CINIT_Warm               
20200000  __start___llvm_prf_bits       
20200000  __start___llvm_prf_cnts       
20200000  __stop___llvm_prf_bits        
20200000  __stop___llvm_prf_cnts        
20200000  renderBuffer                  
20205000  ZBuffer                       
20205500  miniMap                       
20205980  worldMap                      
20205bc0  _CIOBUF_                      
20205bc0  __CIOBUF_                     
20205ce0  __TI_tmpnams                  
20205d80  floorGradient                 
20205e40  parmbuf                       
20205e48  otherDirX                     
20205e50  otherDirY                     
20205e58  otherPosX                     
20205e60  otherPosY                     
20205e6c  Joy_x                         
20205e70  Joy_y                         
20205e74  Length                        
20205e78  LostData                      
20205e7c  RxGetI                        
20205e80  RxPutI                        
20205e84  SoundPt                       
20205e88  flag_done                     
20205e8c  ms_done                       
20205e90  ms_passed                     
20205e98  isShooting                    
20205e99  reloaded                      
20205ea0  Sprites                       
202060f8  _ftable                       
202061e8  _device                       
20206260  ammo_big                      
202062c8  ammo_small                    
20206330  medkit                        
20206398  pistol                        
20206400  rifle                         
20206468  shotgun                       
202064d0  _stream                       
20206520  SoundEffects                  
20206548  gunFlash                      
20206570  items                         
20206588  inventory                     
2020659c  textures                      
202065ac  __TI_cleanup_ptr              
202065b0  __TI_dtors_ptr                
202065b4  BusFreq                       
202065b8  dirX                          
202065c0  dirY                          
202065c8  planeX                        
202065d0  planeY                        
202065d8  posX                          
202065e0  posY                          
202065ec  StX                           
202065f0  StY                           
202065f4  __TI_ft_end                   
202065f8  __aeabi_errno                 
202065fc  _lock                         
20206600  _unlock                       
20206608  numsprites                    
2020660c  otherHealth                   
20206610  otherPlayer                   
20206614  playerHealth                  
20206618  StTextColor                   
20206623  healthCode                    
20206625  isOnTarget                    
20206626  itemsStatus                   
20206627  lastInput                     
20206630  _sys_memory                   
20207e00  __stack                       
20208000  __STACK_END                   
ffffffff  __TI_pprof_out_hndl           
ffffffff  __TI_prof_data_size           
ffffffff  __TI_prof_data_start          
ffffffff  __binit__                     
ffffffff  binit                         
UNDEFED   __mpu_init                    
UNDEFED   _system_post_cinit            

[356 symbols]
